
> recreopago@0.0.0 test
> node set-env.js --development && ng test --watch=false --browsers=ChromeHeadless

◇ injected env (15) from .env // tip: ⌘ suppress logs { quiet: true }
Generando archivos de entorno (DEV) en C:\Users\Intel\Desktop\recred-frontend\src\environments: environment.ts, environment.development.ts
✅ Archivo environment.ts generado correctamente.
✅ Archivo environment.development.ts generado correctamente.
[33m>[39m Building...
[32m√[39m Building...
[1mInitial chunk files[22m                                     [2m | [22m[1mNames[22m                                                [2m | [22m [1mRaw size[22m
[32mchunk-CD2P4LWV.js[39m                                       [2m | [22m[2m-[22m                                                    [2m | [22m  [36m2.31 MB[39m[2m | [22m
[32mchunk-EVN32C22.js[39m                                       [2m | [22m[2m-[22m                                                    [2m | [22m  [36m1.23 MB[39m[2m | [22m
[32mpolyfills.js[39m                                            [2m | [22m[2mpolyfills[22m                                            [2m | [22m  [36m1.04 MB[39m[2m | [22m
[32mchunk-4LFKW3I2.js[39m                                       [2m | [22m[2m-[22m                                                    [2m | [22m[36m487.43 kB[39m[2m | [22m
[32mchunk-KG6YJ2JQ.js[39m                                       [2m | [22m[2m-[22m                                                    [2m | [22m[36m242.90 kB[39m[2m | [22m
[32mchunk-IJVJCZCN.js[39m                                       [2m | [22m[2m-[22m                                                    [2m | [22m[36m232.13 kB[39m[2m | [22m
[32mchunk-IETWE2IG.js[39m                                       [2m | [22m[2m-[22m                                                    [2m | [22m[36m222.86 kB[39m[2m | [22m
[32mchunk-NJCWTHWB.js[39m                                       [2m | [22m[2m-[22m                                                    [2m | [22m[36m215.02 kB[39m[2m | [22m
[32mchunk-3PBWYXGT.js[39m                                       [2m | [22m[2m-[22m                                                    [2m | [22m[36m198.77 kB[39m[2m | [22m
[32mchunk-CHTFSMM7.js[39m                                       [2m | [22m[2m-[22m                                                    [2m | [22m[36m165.45 kB[39m[2m | [22m
[32mchunk-NJBMSKND.js[39m                                       [2m | [22m[2m-[22m                                                    [2m | [22m[36m151.15 kB[39m[2m | [22m
[32mchunk-Z3JTT724.js[39m                                       [2m | [22m[2m-[22m                                                    [2m | [22m[36m120.31 kB[39m[2m | [22m
[32mspec-perfil-usuario.page.spec.js[39m                        [2m | [22m[2mspec-perfil-usuario.page.spec[22m                        [2m | [22m[36m107.58 kB[39m[2m | [22m
[32mchunk-U2ZU7CNN.js[39m                                       [2m | [22m[2m-[22m                                                    [2m | [22m[36m104.48 kB[39m[2m | [22m
[32mchunk-ANUBYK54.js[39m                                       [2m | [22m[2m-[22m                                                    [2m | [22m [36m96.95 kB[39m[2m | [22m
[32mchunk-PHDSBEQO.js[39m                                       [2m | [22m[2m-[22m                                                    [2m | [22m [36m89.65 kB[39m[2m | [22m
[32mchunk-U5THHLMF.js[39m                                       [2m | [22m[2m-[22m                                                    [2m | [22m [36m86.25 kB[39m[2m | [22m
[32mchunk-WW6KSFZT.js[39m                                       [2m | [22m[2m-[22m                                                    [2m | [22m [36m85.11 kB[39m[2m | [22m
[32mspec-home-kiosquero.page.spec.js[39m                        [2m | [22m[2mspec-home-kiosquero.page.spec[22m                        [2m | [22m [36m82.95 kB[39m[2m | [22m
[32mspec-purchase-recommendations.page.spec.js[39m              [2m | [22m[2mspec-purchase-recommendations.page.spec[22m              [2m | [22m [36m78.93 kB[39m[2m | [22m
[32mjasmine-cleanup-1.js[39m                                    [2m | [22m[2mjasmine-cleanup-1[22m                                    [2m | [22m [36m67.20 kB[39m[2m | [22m
[32mchunk-IBS5ROS4.js[39m                                       [2m | [22m[2m-[22m                                                    [2m | [22m [36m57.84 kB[39m[2m | [22m
[32mspec-movimientos-pendientes.page.spec.js[39m                [2m | [22m[2mspec-movimientos-pendientes.page.spec[22m                [2m | [22m [36m56.98 kB[39m[2m | [22m
[32mchunk-J37NMRZF.js[39m                                       [2m | [22m[2m-[22m                                                    [2m | [22m [36m53.73 kB[39m[2m | [22m
[32mspec-supplier-detail.page.spec.js[39m                       [2m | [22m[2mspec-supplier-detail.page.spec[22m                       [2m | [22m [36m49.54 kB[39m[2m | [22m
[32mchunk-PT6NQF5F.js[39m                                       [2m | [22m[2m-[22m                                                    [2m | [22m [36m47.76 kB[39m[2m | [22m
[32mchunk-5DABCD4W.js[39m                                       [2m | [22m[2m-[22m                                                    [2m | [22m [36m44.68 kB[39m[2m | [22m
[32mchunk-HFFHDKPJ.js[39m                                       [2m | [22m[2m-[22m                                                    [2m | [22m [36m43.45 kB[39m[2m | [22m
[32mspec-buffet.presenter.spec.js[39m                           [2m | [22m[2mspec-buffet.presenter.spec[22m                           [2m | [22m [36m41.88 kB[39m[2m | [22m
[32mspec-home-kiosquero.presenter.spec.js[39m                   [2m | [22m[2mspec-home-kiosquero.presenter.spec[22m                   [2m | [22m [36m41.36 kB[39m[2m | [22m
[32mspec-tutor-welcome.spec.js[39m                              [2m | [22m[2mspec-tutor-welcome.spec[22m                              [2m | [22m [36m40.92 kB[39m[2m | [22m
[32mspec-promociones.page.spec.js[39m                           [2m | [22m[2mspec-promociones.page.spec[22m                           [2m | [22m [36m39.87 kB[39m[2m | [22m
[32mspec-tutor-dashboard.component.spec.js[39m                  [2m | [22m[2mspec-tutor-dashboard.component.spec[22m                  [2m | [22m [36m39.56 kB[39m[2m | [22m
[32mchunk-UM63EEL5.js[39m                                       [2m | [22m[2m-[22m                                                    [2m | [22m [36m38.63 kB[39m[2m | [22m
[32mchunk-MV5MBOQK.js[39m                                       [2m | [22m[2m-[22m                                                    [2m | [22m [36m38.39 kB[39m[2m | [22m
[32mspec-buffet.page.spec.js[39m                                [2m | [22m[2mspec-buffet.page.spec[22m                                [2m | [22m [36m38.11 kB[39m[2m | [22m
[32mspec-cierre-diario.page.spec.js[39m                         [2m | [22m[2mspec-cierre-diario.page.spec[22m                         [2m | [22m [36m37.85 kB[39m[2m | [22m
[32mchunk-UHCF3OV6.js[39m                                       [2m | [22m[2m-[22m                                                    [2m | [22m [36m37.18 kB[39m[2m | [22m
[32mspec-inventario-page.component.spec.js[39m                  [2m | [22m[2mspec-inventario-page.component.spec[22m                  [2m | [22m [36m36.94 kB[39m[2m | [22m
[32mchunk-UREZLCGA.js[39m                                       [2m | [22m[2m-[22m                                                    [2m | [22m [36m36.63 kB[39m[2m | [22m
[32mspec-price-list-mapping.page.spec.js[39m                    [2m | [22m[2mspec-price-list-mapping.page.spec[22m                    [2m | [22m [36m34.53 kB[39m[2m | [22m
[32mchunk-B27CYAE2.js[39m                                       [2m | [22m[2m-[22m                                                    [2m | [22m [36m31.73 kB[39m[2m | [22m
[32mspec-navbar.component.spec.js[39m                           [2m | [22m[2mspec-navbar.component.spec[22m                           [2m | [22m [36m29.62 kB[39m[2m | [22m
[32mchunk-3U37V7TU.js[39m                                       [2m | [22m[2m-[22m                                                    [2m | [22m [36m28.50 kB[39m[2m | [22m
[32mspec-inteligencia-comercial.integration.spec.js[39m         [2m | [22m[2mspec-inteligencia-comercial.integration.spec[22m         [2m | [22m [36m28.44 kB[39m[2m | [22m
[32mchunk-KP67S4IJ.js[39m                                       [2m | [22m[2m-[22m                                                    [2m | [22m [36m28.42 kB[39m[2m | [22m
[32mchunk-TEMZ2ARD.js[39m                                       [2m | [22m[2m-[22m                                                    [2m | [22m [36m28.25 kB[39m[2m | [22m
[32mchunk-AF3GCQD5.js[39m                                       [2m | [22m[2m-[22m                                                    [2m | [22m [36m28.16 kB[39m[2m | [22m
[32mspec-carrito.presenter.spec.js[39m                          [2m | [22m[2mspec-carrito.presenter.spec[22m                          [2m | [22m [36m28.16 kB[39m[2m | [22m
[32mspec-movimientos.page.spec.js[39m                           [2m | [22m[2mspec-movimientos.page.spec[22m                           [2m | [22m [36m28.13 kB[39m[2m | [22m
[32mchunk-GGDWFCOD.js[39m                                       [2m | [22m[2m-[22m                                                    [2m | [22m [36m27.23 kB[39m[2m | [22m
[32mchunk-LIIIFWZO.js[39m                                       [2m | [22m[2m-[22m                                                    [2m | [22m [36m26.97 kB[39m[2m | [22m
[32mspec-carrito.page.spec.js[39m                               [2m | [22m[2mspec-carrito.page.spec[22m                               [2m | [22m [36m26.72 kB[39m[2m | [22m
[32mspec-tracking-pedidos.page.spec.js[39m                      [2m | [22m[2mspec-tracking-pedidos.page.spec[22m                      [2m | [22m [36m26.55 kB[39m[2m | [22m
[32mchunk-2I22BUOP.js[39m                                       [2m | [22m[2m-[22m                                                    [2m | [22m [36m26.46 kB[39m[2m | [22m
[32mspec-transferir-saldo.page.spec.js[39m                      [2m | [22m[2mspec-transferir-saldo.page.spec[22m                      [2m | [22m [36m26.20 kB[39m[2m | [22m
[32mchunk-AALTAG3G.js[39m                                       [2m | [22m[2m-[22m                                                    [2m | [22m [36m25.95 kB[39m[2m | [22m
[32mchunk-WBVW6T3C.js[39m                                       [2m | [22m[2m-[22m                                                    [2m | [22m [36m24.49 kB[39m[2m | [22m
[32mchunk-W2OQ6BK6.js[39m                                       [2m | [22m[2m-[22m                                                    [2m | [22m [36m24.30 kB[39m[2m | [22m
[32mchunk-WJAAARCF.js[39m                                       [2m | [22m[2m-[22m                                                    [2m | [22m [36m24.20 kB[39m[2m | [22m
[32mchunk-HZXZANDZ.js[39m                                       [2m | [22m[2m-[22m                                                    [2m | [22m [36m24.14 kB[39m[2m | [22m
[32mchunk-FSYPDMXU.js[39m                                       [2m | [22m[2m-[22m                                                    [2m | [22m [36m23.64 kB[39m[2m | [22m
[32mchunk-BQC6KRSU.js[39m                                       [2m | [22m[2m-[22m                                                    [2m | [22m [36m23.18 kB[39m[2m | [22m
[32mchunk-M6QEQKHT.js[39m                                       [2m | [22m[2m-[22m                                                    [2m | [22m [36m22.90 kB[39m[2m | [22m
[32mspec-asistente-virtual.presenter.spec.js[39m                [2m | [22m[2mspec-asistente-virtual.presenter.spec[22m                [2m | [22m [36m21.76 kB[39m[2m | [22m
[32mchunk-6WHHL64S.js[39m                                       [2m | [22m[2m-[22m                                                    [2m | [22m [36m21.28 kB[39m[2m | [22m
[32mchunk-RDBPONGI.js[39m                                       [2m | [22m[2m-[22m                                                    [2m | [22m [36m21.10 kB[39m[2m | [22m
[32mchunk-G74BLC7D.js[39m                                       [2m | [22m[2m-[22m                                                    [2m | [22m [36m20.81 kB[39m[2m | [22m
[32mchunk-JWKEPM74.js[39m                                       [2m | [22m[2m-[22m                                                    [2m | [22m [36m20.62 kB[39m[2m | [22m
[32mspec-favoritos-alumno.page.spec.js[39m                      [2m | [22m[2mspec-favoritos-alumno.page.spec[22m                      [2m | [22m [36m20.54 kB[39m[2m | [22m
[32mchunk-UB4PVWLW.js[39m                                       [2m | [22m[2m-[22m                                                    [2m | [22m [36m20.46 kB[39m[2m | [22m
[32mchunk-DRYVSNBT.js[39m                                       [2m | [22m[2m-[22m                                                    [2m | [22m [36m20.24 kB[39m[2m | [22m
[32mspec-inteligencia-comercial.presenter.spec.js[39m           [2m | [22m[2mspec-inteligencia-comercial.presenter.spec[22m           [2m | [22m [36m20.21 kB[39m[2m | [22m
[32mchunk-IAPVB5G2.js[39m                                       [2m | [22m[2m-[22m                                                    [2m | [22m [36m19.64 kB[39m[2m | [22m
[32mchunk-ONQE2HWS.js[39m                                       [2m | [22m[2m-[22m                                                    [2m | [22m [36m19.42 kB[39m[2m | [22m
[32mchunk-TXAVDMRC.js[39m                                       [2m | [22m[2m-[22m                                                    [2m | [22m [36m18.63 kB[39m[2m | [22m
[32mspec-producto-card.component.spec.js[39m                    [2m | [22m[2mspec-producto-card.component.spec[22m                    [2m | [22m [36m18.63 kB[39m[2m | [22m
[32mspec-movimiento-detalle-modal.component.spec.js[39m         [2m | [22m[2mspec-movimiento-detalle-modal.component.spec[22m         [2m | [22m [36m18.60 kB[39m[2m | [22m
[32mspec-pricing-plans.component.spec.js[39m                    [2m | [22m[2mspec-pricing-plans.component.spec[22m                    [2m | [22m [36m18.58 kB[39m[2m | [22m
[32mspec-alumno-card.component.spec.js[39m                      [2m | [22m[2mspec-alumno-card.component.spec[22m                      [2m | [22m [36m18.57 kB[39m[2m | [22m
[32mspec-formulario-producto.component.spec.js[39m              [2m | [22m[2mspec-formulario-producto.component.spec[22m              [2m | [22m [36m18.43 kB[39m[2m | [22m
[32mchunk-ADFKIEBZ.js[39m                                       [2m | [22m[2m-[22m                                                    [2m | [22m [36m18.39 kB[39m[2m | [22m
[32mspec-order-details-modal.component.spec.js[39m              [2m | [22m[2mspec-order-details-modal.component.spec[22m              [2m | [22m [36m18.18 kB[39m[2m | [22m
[32mspec-promociones.presenter.spec.js[39m                      [2m | [22m[2mspec-promociones.presenter.spec[22m                      [2m | [22m [36m17.94 kB[39m[2m | [22m
[32mchunk-IQGUMSEK.js[39m                                       [2m | [22m[2m-[22m                                                    [2m | [22m [36m17.69 kB[39m[2m | [22m
[32mspec-home-alumno.presenter.spec.js[39m                      [2m | [22m[2mspec-home-alumno.presenter.spec[22m                      [2m | [22m [36m17.65 kB[39m[2m | [22m
[32mchunk-TEJUCTCK.js[39m                                       [2m | [22m[2m-[22m                                                    [2m | [22m [36m17.03 kB[39m[2m | [22m
[32mspec-billetera.presenter.spec.js[39m                        [2m | [22m[2mspec-billetera.presenter.spec[22m                        [2m | [22m [36m16.80 kB[39m[2m | [22m
[32mspec-buffet.service.spec.js[39m                             [2m | [22m[2mspec-buffet.service.spec[22m                             [2m | [22m [36m16.54 kB[39m[2m | [22m
[32mspec-smart-chart-widget.spec.js[39m                         [2m | [22m[2mspec-smart-chart-widget.spec[22m                         [2m | [22m [36m16.15 kB[39m[2m | [22m
[32mspec-app.spec.js[39m                                        [2m | [22m[2mspec-app.spec[22m                                        [2m | [22m [36m16.09 kB[39m[2m | [22m
[32mchunk-HZ2LQMNV.js[39m                                       [2m | [22m[2m-[22m                                                    [2m | [22m [36m16.07 kB[39m[2m | [22m
[32mchunk-MX3QRP2M.js[39m                                       [2m | [22m[2m-[22m                                                    [2m | [22m [36m16.01 kB[39m[2m | [22m
[32mchunk-JTDYSOZO.js[39m                                       [2m | [22m[2m-[22m                                                    [2m | [22m [36m16.01 kB[39m[2m | [22m
[32mspec-buffet.integration.spec.js[39m                         [2m | [22m[2mspec-buffet.integration.spec[22m                         [2m | [22m [36m15.90 kB[39m[2m | [22m
[32mchunk-BVRXRLA7.js[39m                                       [2m | [22m[2m-[22m                                                    [2m | [22m [36m15.89 kB[39m[2m | [22m
[32mstyles.css[39m                                              [2m | [22m[2mstyles[22m                                               [2m | [22m [36m15.73 kB[39m[2m | [22m
[32mchunk-X2Y7OKF6.js[39m                                       [2m | [22m[2m-[22m                                                    [2m | [22m [36m15.71 kB[39m[2m | [22m
[32mchunk-ZWK2XSVE.js[39m                                       [2m | [22m[2m-[22m                                                    [2m | [22m [36m15.38 kB[39m[2m | [22m
[32mspec-carrito.service.spec.js[39m                            [2m | [22m[2mspec-carrito.service.spec[22m                            [2m | [22m [36m15.33 kB[39m[2m | [22m
[32mspec-carritos-favoritos.page.spec.js[39m                    [2m | [22m[2mspec-carritos-favoritos.page.spec[22m                    [2m | [22m [36m15.13 kB[39m[2m | [22m
[32mspec-perfil.service.spec.js[39m                             [2m | [22m[2mspec-perfil.service.spec[22m                             [2m | [22m [36m15.13 kB[39m[2m | [22m
[32mspec-venta-espontanea-page.component.spec.js[39m            [2m | [22m[2mspec-venta-espontanea-page.component.spec[22m            [2m | [22m [36m14.96 kB[39m[2m | [22m
[32mspec-perfil-kiosquero-header.component.spec.js[39m          [2m | [22m[2mspec-perfil-kiosquero-header.component.spec[22m          [2m | [22m [36m14.78 kB[39m[2m | [22m
[32mspec-restricciones-nutricionales.presenter.spec.js[39m      [2m | [22m[2mspec-restricciones-nutricionales.presenter.spec[22m      [2m | [22m [36m14.71 kB[39m[2m | [22m
[32mspec-suppliers-list.page.spec.js[39m                        [2m | [22m[2mspec-suppliers-list.page.spec[22m                        [2m | [22m [36m14.64 kB[39m[2m | [22m
[32mchunk-S4PMUBFM.js[39m                                       [2m | [22m[2m-[22m                                                    [2m | [22m [36m14.42 kB[39m[2m | [22m
[32mchunk-6F2YQFKY.js[39m                                       [2m | [22m[2m-[22m                                                    [2m | [22m [36m14.36 kB[39m[2m | [22m
[32mspec-alumnos.service.spec.js[39m                            [2m | [22m[2mspec-alumnos.service.spec[22m                            [2m | [22m [36m14.25 kB[39m[2m | [22m
[32mchunk-PXA73Q4N.js[39m                                       [2m | [22m[2m-[22m                                                    [2m | [22m [36m14.12 kB[39m[2m | [22m
[32mspec-directivo.integration.spec.js[39m                      [2m | [22m[2mspec-directivo.integration.spec[22m                      [2m | [22m [36m14.09 kB[39m[2m | [22m
[32mspec-landing.page.spec.js[39m                               [2m | [22m[2mspec-landing.page.spec[22m                               [2m | [22m [36m14.08 kB[39m[2m | [22m
[32mchunk-LNPAJOAY.js[39m                                       [2m | [22m[2m-[22m                                                    [2m | [22m [36m14.01 kB[39m[2m | [22m
[32mspec-gestion-escolar.service.spec.js[39m                    [2m | [22m[2mspec-gestion-escolar.service.spec[22m                    [2m | [22m [36m13.90 kB[39m[2m | [22m
[32mspec-presupuesto.presenter.spec.js[39m                      [2m | [22m[2mspec-presupuesto.presenter.spec[22m                      [2m | [22m [36m13.89 kB[39m[2m | [22m
[32mspec-inventario-realtime.service.spec.js[39m                [2m | [22m[2mspec-inventario-realtime.service.spec[22m                [2m | [22m [36m13.74 kB[39m[2m | [22m
[32mchunk-FT2VKVLI.js[39m                                       [2m | [22m[2m-[22m                                                    [2m | [22m [36m13.70 kB[39m[2m | [22m
[32mspec-restricciones-horarias.presenter.spec.js[39m           [2m | [22m[2mspec-restricciones-horarias.presenter.spec[22m           [2m | [22m [36m13.67 kB[39m[2m | [22m
[32mspec-favoritos.service.spec.js[39m                          [2m | [22m[2mspec-favoritos.service.spec[22m                          [2m | [22m [36m13.62 kB[39m[2m | [22m
[32mchunk-PX56VBSH.js[39m                                       [2m | [22m[2m-[22m                                                    [2m | [22m [36m13.52 kB[39m[2m | [22m
[32mspec-exito.page.spec.js[39m                                 [2m | [22m[2mspec-exito.page.spec[22m                                 [2m | [22m [36m13.26 kB[39m[2m | [22m
[32mspec-presupuesto.service.spec.js[39m                        [2m | [22m[2mspec-presupuesto.service.spec[22m                        [2m | [22m [36m13.04 kB[39m[2m | [22m
[32mchunk-7GMANPY7.js[39m                                       [2m | [22m[2m-[22m                                                    [2m | [22m [36m12.94 kB[39m[2m | [22m
[32mchunk-AHQLQPQ7.js[39m                                       [2m | [22m[2m-[22m                                                    [2m | [22m [36m12.32 kB[39m[2m | [22m
[32mchunk-NIMACCVW.js[39m                                       [2m | [22m[2m-[22m                                                    [2m | [22m [36m12.25 kB[39m[2m | [22m
[32mchunk-37BDKXSE.js[39m                                       [2m | [22m[2m-[22m                                                    [2m | [22m [36m12.24 kB[39m[2m | [22m
[32mchunk-44IPUI7P.js[39m                                       [2m | [22m[2m-[22m                                                    [2m | [22m [36m12.14 kB[39m[2m | [22m
[32mchunk-EK6I2556.js[39m                                       [2m | [22m[2m-[22m                                                    [2m | [22m [36m12.11 kB[39m[2m | [22m
[32mspec-acreditar-mercado-pago.presenter.spec.js[39m           [2m | [22m[2mspec-acreditar-mercado-pago.presenter.spec[22m           [2m | [22m [36m12.07 kB[39m[2m | [22m
[32mspec-home-alumno.integration.spec.js[39m                    [2m | [22m[2mspec-home-alumno.integration.spec[22m                    [2m | [22m [36m11.98 kB[39m[2m | [22m
[32mspec-tutor-header.component.spec.js[39m                     [2m | [22m[2mspec-tutor-header.component.spec[22m                     [2m | [22m [36m11.91 kB[39m[2m | [22m
[32mchunk-P755FY74.js[39m                                       [2m | [22m[2m-[22m                                                    [2m | [22m [36m11.88 kB[39m[2m | [22m
[32mchunk-KSTJUXLU.js[39m                                       [2m | [22m[2m-[22m                                                    [2m | [22m [36m11.50 kB[39m[2m | [22m
[32mchunk-YZFNM3PC.js[39m                                       [2m | [22m[2m-[22m                                                    [2m | [22m [36m11.23 kB[39m[2m | [22m
[32mspec-explicacion-puntos.page.spec.js[39m                    [2m | [22m[2mspec-explicacion-puntos.page.spec[22m                    [2m | [22m [36m11.18 kB[39m[2m | [22m
[32mchunk-CIO32DK3.js[39m                                       [2m | [22m[2m-[22m                                                    [2m | [22m [36m10.84 kB[39m[2m | [22m
[32mspec-home-tutor.page.spec.js[39m                            [2m | [22m[2mspec-home-tutor.page.spec[22m                            [2m | [22m [36m10.81 kB[39m[2m | [22m
[32mchunk-HE6TZLYM.js[39m                                       [2m | [22m[2m-[22m                                                    [2m | [22m [36m10.76 kB[39m[2m | [22m
[32mspec-recomendaciones-page.presenter.spec.js[39m             [2m | [22m[2mspec-recomendaciones-page.presenter.spec[22m             [2m | [22m [36m10.71 kB[39m[2m | [22m
[32mchunk-34QAIRE5.js[39m                                       [2m | [22m[2m-[22m                                                    [2m | [22m [36m10.61 kB[39m[2m | [22m
[32mspec-orden-alumno-card.component.spec.js[39m                [2m | [22m[2mspec-orden-alumno-card.component.spec[22m                [2m | [22m [36m10.59 kB[39m[2m | [22m
[32mspec-premium-plans.page.spec.js[39m                         [2m | [22m[2mspec-premium-plans.page.spec[22m                         [2m | [22m [36m10.45 kB[39m[2m | [22m
[32mspec-editar-promocion-modal.component.spec.js[39m           [2m | [22m[2mspec-editar-promocion-modal.component.spec[22m           [2m | [22m [36m10.37 kB[39m[2m | [22m
[32mchunk-JR77KW3S.js[39m                                       [2m | [22m[2m-[22m                                                    [2m | [22m [36m10.34 kB[39m[2m | [22m
[32mchunk-LWKGDCXW.js[39m                                       [2m | [22m[2m-[22m                                                    [2m | [22m [36m10.30 kB[39m[2m | [22m
[32mchunk-Z7PD4UCJ.js[39m                                       [2m | [22m[2m-[22m                                                    [2m | [22m [36m10.24 kB[39m[2m | [22m
[32mchunk-NFK3MJZO.js[39m                                       [2m | [22m[2m-[22m                                                    [2m | [22m [36m10.20 kB[39m[2m | [22m
[32mspec-crear-hijo.presenter.spec.js[39m                       [2m | [22m[2mspec-crear-hijo.presenter.spec[22m                       [2m | [22m [36m10.19 kB[39m[2m | [22m
[32mspec-compra.service.spec.js[39m                             [2m | [22m[2mspec-compra.service.spec[22m                             [2m | [22m [36m10.16 kB[39m[2m | [22m
[32mspec-mensaje-burbuja.component.spec.js[39m                  [2m | [22m[2mspec-mensaje-burbuja.component.spec[22m                  [2m | [22m [36m10.16 kB[39m[2m | [22m
[32mspec-carritos-favoritos.integration.spec.js[39m             [2m | [22m[2mspec-carritos-favoritos.integration.spec[22m             [2m | [22m [36m10.15 kB[39m[2m | [22m
[32mspec-home-alumno.service.spec.js[39m                        [2m | [22m[2mspec-home-alumno.service.spec[22m                        [2m | [22m [36m10.01 kB[39m[2m | [22m
[32mchunk-OQV4EGI3.js[39m                                       [2m | [22m[2m-[22m                                                    [2m | [22m  [36m9.98 kB[39m[2m | [22m
[32mchunk-A4RESZT2.js[39m                                       [2m | [22m[2m-[22m                                                    [2m | [22m  [36m9.93 kB[39m[2m | [22m
[32mspec-producto.service.spec.js[39m                           [2m | [22m[2mspec-producto.service.spec[22m                           [2m | [22m  [36m9.86 kB[39m[2m | [22m
[32mspec-cargar-producto-ia.integration.spec.js[39m             [2m | [22m[2mspec-cargar-producto-ia.integration.spec[22m             [2m | [22m  [36m9.82 kB[39m[2m | [22m
[32mspec-guardar-favorito-modal.component.spec.js[39m           [2m | [22m[2mspec-guardar-favorito-modal.component.spec[22m           [2m | [22m  [36m9.75 kB[39m[2m | [22m
[32mspec-asistente-panel.component.spec.js[39m                  [2m | [22m[2mspec-asistente-panel.component.spec[22m                  [2m | [22m  [36m9.73 kB[39m[2m | [22m
[32mchunk-Y6AO62AO.js[39m                                       [2m | [22m[2m-[22m                                                    [2m | [22m  [36m9.73 kB[39m[2m | [22m
[32mchunk-MOTYBWJ2.js[39m                                       [2m | [22m[2m-[22m                                                    [2m | [22m  [36m9.72 kB[39m[2m | [22m
[32mchunk-2B4SZCMZ.js[39m                                       [2m | [22m[2m-[22m                                                    [2m | [22m  [36m9.70 kB[39m[2m | [22m
[32mspec-auth-session.service.spec.js[39m                       [2m | [22m[2mspec-auth-session.service.spec[22m                       [2m | [22m  [36m9.66 kB[39m[2m | [22m
[32mspec-auth.interceptor.spec.js[39m                           [2m | [22m[2mspec-auth.interceptor.spec[22m                           [2m | [22m  [36m9.66 kB[39m[2m | [22m
[32mspec-inventario.integration.spec.js[39m                     [2m | [22m[2mspec-inventario.integration.spec[22m                     [2m | [22m  [36m9.60 kB[39m[2m | [22m
[32mspec-transferir-saldo.presenter.spec.js[39m                 [2m | [22m[2mspec-transferir-saldo.presenter.spec[22m                 [2m | [22m  [36m9.59 kB[39m[2m | [22m
[32mchunk-5TWUGTAT.js[39m                                       [2m | [22m[2m-[22m                                                    [2m | [22m  [36m9.58 kB[39m[2m | [22m
[32mchunk-W753BMP3.js[39m                                       [2m | [22m[2m-[22m                                                    [2m | [22m  [36m9.52 kB[39m[2m | [22m
[32mchunk-EWEAOFNZ.js[39m                                       [2m | [22m[2m-[22m                                                    [2m | [22m  [36m9.51 kB[39m[2m | [22m
[32mspec-crear-hijo.page.spec.js[39m                            [2m | [22m[2mspec-crear-hijo.page.spec[22m                            [2m | [22m  [36m9.46 kB[39m[2m | [22m
[32mspec-sugerencia-card.component.spec.js[39m                  [2m | [22m[2mspec-sugerencia-card.component.spec[22m                  [2m | [22m  [36m9.42 kB[39m[2m | [22m
[32mspec-cargar-producto-ia-page.component.spec.js[39m          [2m | [22m[2mspec-cargar-producto-ia-page.component.spec[22m          [2m | [22m  [36m9.31 kB[39m[2m | [22m
[32mspec-favoritos.page.spec.js[39m                             [2m | [22m[2mspec-favoritos.page.spec[22m                             [2m | [22m  [36m9.26 kB[39m[2m | [22m
[32mspec-preferencia-card.component.spec.js[39m                 [2m | [22m[2mspec-preferencia-card.component.spec[22m                 [2m | [22m  [36m9.25 kB[39m[2m | [22m
[32mchunk-DLUUKAYA.js[39m                                       [2m | [22m[2m-[22m                                                    [2m | [22m  [36m9.15 kB[39m[2m | [22m
[32mchunk-XGC37SLP.js[39m                                       [2m | [22m[2m-[22m                                                    [2m | [22m  [36m9.14 kB[39m[2m | [22m
[32mspec-crear-hijo.integration.spec.js[39m                     [2m | [22m[2mspec-crear-hijo.integration.spec[22m                     [2m | [22m  [36m9.10 kB[39m[2m | [22m
[32mspec-billetera.page.spec.js[39m                             [2m | [22m[2mspec-billetera.page.spec[22m                             [2m | [22m  [36m9.09 kB[39m[2m | [22m
[32mspec-tabla-producto.component.spec.js[39m                   [2m | [22m[2mspec-tabla-producto.component.spec[22m                   [2m | [22m  [36m9.07 kB[39m[2m | [22m
[32mchunk-UQKZACLJ.js[39m                                       [2m | [22m[2m-[22m                                                    [2m | [22m  [36m9.02 kB[39m[2m | [22m
[32mspec-sugerencias.presenter.spec.js[39m                      [2m | [22m[2mspec-sugerencias.presenter.spec[22m                      [2m | [22m  [36m9.01 kB[39m[2m | [22m
[32mspec-modal-tabla-carga-masiva.component.spec.js[39m         [2m | [22m[2mspec-modal-tabla-carga-masiva.component.spec[22m         [2m | [22m  [36m8.98 kB[39m[2m | [22m
[32mspec-cierre-diario.integration.spec.js[39m                  [2m | [22m[2mspec-cierre-diario.integration.spec[22m                  [2m | [22m  [36m8.97 kB[39m[2m | [22m
[32mspec-promotion.service.spec.js[39m                          [2m | [22m[2mspec-promotion.service.spec[22m                          [2m | [22m  [36m8.91 kB[39m[2m | [22m
[32mspec-supplier.service.spec.js[39m                           [2m | [22m[2mspec-supplier.service.spec[22m                           [2m | [22m  [36m8.90 kB[39m[2m | [22m
[32mchunk-RIEM64PF.js[39m                                       [2m | [22m[2m-[22m                                                    [2m | [22m  [36m8.87 kB[39m[2m | [22m
[32mchunk-QCHRJKIT.js[39m                                       [2m | [22m[2m-[22m                                                    [2m | [22m  [36m8.87 kB[39m[2m | [22m
[32mspec-seleccionar-alumno-modal.component.spec.js[39m         [2m | [22m[2mspec-seleccionar-alumno-modal.component.spec[22m         [2m | [22m  [36m8.79 kB[39m[2m | [22m
[32mspec-recomendaciones-page.component.spec.js[39m             [2m | [22m[2mspec-recomendaciones-page.component.spec[22m             [2m | [22m  [36m8.74 kB[39m[2m | [22m
[32mchunk-QMS3UNWB.js[39m                                       [2m | [22m[2m-[22m                                                    [2m | [22m  [36m8.69 kB[39m[2m | [22m
[32mspec-home-alumno.page.spec.js[39m                           [2m | [22m[2mspec-home-alumno.page.spec[22m                           [2m | [22m  [36m8.67 kB[39m[2m | [22m
[32mspec-asistente-virtual.service.spec.js[39m                  [2m | [22m[2mspec-asistente-virtual.service.spec[22m                  [2m | [22m  [36m8.64 kB[39m[2m | [22m
[32mspec-asistente-virtual.integration.spec.js[39m              [2m | [22m[2mspec-asistente-virtual.integration.spec[22m              [2m | [22m  [36m8.63 kB[39m[2m | [22m
[32mspec-presupuesto.page.spec.js[39m                           [2m | [22m[2mspec-presupuesto.page.spec[22m                           [2m | [22m  [36m8.62 kB[39m[2m | [22m
[32mchunk-66H7D3UW.js[39m                                       [2m | [22m[2m-[22m                                                    [2m | [22m  [36m8.53 kB[39m[2m | [22m
[32mchunk-5PYDREKP.js[39m                                       [2m | [22m[2m-[22m                                                    [2m | [22m  [36m8.44 kB[39m[2m | [22m
[32mspec-movimientos.integration.spec.js[39m                    [2m | [22m[2mspec-movimientos.integration.spec[22m                    [2m | [22m  [36m8.37 kB[39m[2m | [22m
[32mchunk-TCW5HAE7.js[39m                                       [2m | [22m[2m-[22m                                                    [2m | [22m  [36m8.34 kB[39m[2m | [22m
[32mchunk-5HNO6AY3.js[39m                                       [2m | [22m[2m-[22m                                                    [2m | [22m  [36m8.27 kB[39m[2m | [22m
[32mspec-acreditar-mercado-pago.page.spec.js[39m                [2m | [22m[2mspec-acreditar-mercado-pago.page.spec[22m                [2m | [22m  [36m8.24 kB[39m[2m | [22m
[32mspec-home-tutor.integration.spec.js[39m                     [2m | [22m[2mspec-home-tutor.integration.spec[22m                     [2m | [22m  [36m8.23 kB[39m[2m | [22m
[32mchunk-C7CWPWCI.js[39m                                       [2m | [22m[2m-[22m                                                    [2m | [22m  [36m8.17 kB[39m[2m | [22m
[32mspec-modal-verificacion-codigo.component.spec.js[39m        [2m | [22m[2mspec-modal-verificacion-codigo.component.spec[22m        [2m | [22m  [36m8.17 kB[39m[2m | [22m
[32mspec-restricciones-horarias.page.spec.js[39m                [2m | [22m[2mspec-restricciones-horarias.page.spec[22m                [2m | [22m  [36m8.11 kB[39m[2m | [22m
[32mspec-billetera.integration.spec.js[39m                      [2m | [22m[2mspec-billetera.integration.spec[22m                      [2m | [22m  [36m8.02 kB[39m[2m | [22m
[32mspec-confirmar.presenter.spec.js[39m                        [2m | [22m[2mspec-confirmar.presenter.spec[22m                        [2m | [22m  [36m8.00 kB[39m[2m | [22m
[32mspec-compra.integration.spec.js[39m                         [2m | [22m[2mspec-compra.integration.spec[22m                         [2m | [22m  [36m7.95 kB[39m[2m | [22m
[32mspec-cierre-diario.service.spec.js[39m                      [2m | [22m[2mspec-cierre-diario.service.spec[22m                      [2m | [22m  [36m7.92 kB[39m[2m | [22m
[32mspec-estadistica.page.spec.js[39m                           [2m | [22m[2mspec-estadistica.page.spec[22m                           [2m | [22m  [36m7.83 kB[39m[2m | [22m
[32mchunk-2DJCXQZS.js[39m                                       [2m | [22m[2m-[22m                                                    [2m | [22m  [36m7.73 kB[39m[2m | [22m
[32mspec-notificacion-sugerencia-saludable.component.spec.js[39m[2m | [22m[2mspec-notificacion-sugerencia-saludable.component.spec[22m[2m | [22m  [36m7.72 kB[39m[2m | [22m
[32mspec-acreditar-mercado-pago.integration.spec.js[39m         [2m | [22m[2mspec-acreditar-mercado-pago.integration.spec[22m         [2m | [22m  [36m7.67 kB[39m[2m | [22m
[32mspec-producto-ia-form.spec.js[39m                           [2m | [22m[2mspec-producto-ia-form.spec[22m                           [2m | [22m  [36m7.65 kB[39m[2m | [22m
[32mspec-sugerencias.page.spec.js[39m                           [2m | [22m[2mspec-sugerencias.page.spec[22m                           [2m | [22m  [36m7.61 kB[39m[2m | [22m
[32mchunk-CC6VJR4X.js[39m                                       [2m | [22m[2m-[22m                                                    [2m | [22m  [36m7.61 kB[39m[2m | [22m
[32mspec-prediccion-gasto-page.component.spec.js[39m            [2m | [22m[2mspec-prediccion-gasto-page.component.spec[22m            [2m | [22m  [36m7.61 kB[39m[2m | [22m
[32mspec-acciones-grid.component-2.spec.js[39m                  [2m | [22m[2mspec-acciones-grid.component-2.spec[22m                  [2m | [22m  [36m7.60 kB[39m[2m | [22m
[32mchunk-X7NSNOKL.js[39m                                       [2m | [22m[2m-[22m                                                    [2m | [22m  [36m7.55 kB[39m[2m | [22m
[32mchunk-QBJXYTVE.js[39m                                       [2m | [22m[2m-[22m                                                    [2m | [22m  [36m7.50 kB[39m[2m | [22m
[32mspec-landing.integration.spec.js[39m                        [2m | [22m[2mspec-landing.integration.spec[22m                        [2m | [22m  [36m7.48 kB[39m[2m | [22m
[32mchunk-EGM723C2.js[39m                                       [2m | [22m[2m-[22m                                                    [2m | [22m  [36m7.40 kB[39m[2m | [22m
[32mchunk-X2AXNCFV.js[39m                                       [2m | [22m[2m-[22m                                                    [2m | [22m  [36m7.31 kB[39m[2m | [22m
[32mchunk-X2YIFP6O.js[39m                                       [2m | [22m[2m-[22m                                                    [2m | [22m  [36m7.30 kB[39m[2m | [22m
[32mchunk-ZAGYRQV5.js[39m                                       [2m | [22m[2m-[22m                                                    [2m | [22m  [36m7.29 kB[39m[2m | [22m
[32mchunk-QGNH3SZ6.js[39m                                       [2m | [22m[2m-[22m                                                    [2m | [22m  [36m7.29 kB[39m[2m | [22m
[32mchunk-5KYGON22.js[39m                                       [2m | [22m[2m-[22m                                                    [2m | [22m  [36m7.26 kB[39m[2m | [22m
[32mchunk-5COEW2LZ.js[39m                                       [2m | [22m[2m-[22m                                                    [2m | [22m  [36m7.25 kB[39m[2m | [22m
[32mchunk-KZ27I4X7.js[39m                                       [2m | [22m[2m-[22m                                                    [2m | [22m  [36m7.18 kB[39m[2m | [22m
[32mspec-restricciones-horarias.integration.spec.js[39m         [2m | [22m[2mspec-restricciones-horarias.integration.spec[22m         [2m | [22m  [36m7.11 kB[39m[2m | [22m
[32mspec-sugerencias.integration.spec.js[39m                    [2m | [22m[2mspec-sugerencias.integration.spec[22m                    [2m | [22m  [36m7.09 kB[39m[2m | [22m
[32mspec-recomendaciones-estacionales.integration.spec.js[39m   [2m | [22m[2mspec-recomendaciones-estacionales.integration.spec[22m   [2m | [22m  [36m7.00 kB[39m[2m | [22m
[32mchunk-FKEUWJIK.js[39m                                       [2m | [22m[2m-[22m                                                    [2m | [22m  [36m6.99 kB[39m[2m | [22m
[32mspec-estado-visual-inventario.spec.js[39m                   [2m | [22m[2mspec-estado-visual-inventario.spec[22m                   [2m | [22m  [36m6.92 kB[39m[2m | [22m
[32mspec-estadistica.presenter.spec.js[39m                      [2m | [22m[2mspec-estadistica.presenter.spec[22m                      [2m | [22m  [36m6.91 kB[39m[2m | [22m
[32mspec-preferencias.page.spec.js[39m                          [2m | [22m[2mspec-preferencias.page.spec[22m                          [2m | [22m  [36m6.80 kB[39m[2m | [22m
[32mspec-asistente-virtual.component.spec.js[39m                [2m | [22m[2mspec-asistente-virtual.component.spec[22m                [2m | [22m  [36m6.68 kB[39m[2m | [22m
[32mspec-confirmar.page.spec.js[39m                             [2m | [22m[2mspec-confirmar.page.spec[22m                             [2m | [22m  [36m6.64 kB[39m[2m | [22m
[32mspec-home-kiosquero.integration.spec.js[39m                 [2m | [22m[2mspec-home-kiosquero.integration.spec[22m                 [2m | [22m  [36m6.63 kB[39m[2m | [22m
[32mspec-aceptar-invitacion-tutor.presenter.spec.js[39m         [2m | [22m[2mspec-aceptar-invitacion-tutor.presenter.spec[22m         [2m | [22m  [36m6.60 kB[39m[2m | [22m
[32mspec-sugerencias-chips.component.spec.js[39m                [2m | [22m[2mspec-sugerencias-chips.component.spec[22m                [2m | [22m  [36m6.55 kB[39m[2m | [22m
[32mspec-invitar-tutor.page.spec.js[39m                         [2m | [22m[2mspec-invitar-tutor.page.spec[22m                         [2m | [22m  [36m6.50 kB[39m[2m | [22m
[32mspec-notificaciones-precio.page.spec.js[39m                 [2m | [22m[2mspec-notificaciones-precio.page.spec[22m                 [2m | [22m  [36m6.48 kB[39m[2m | [22m
[32mspec-invitar-tutor.presenter.spec.js[39m                    [2m | [22m[2mspec-invitar-tutor.presenter.spec[22m                    [2m | [22m  [36m6.45 kB[39m[2m | [22m
[32mchunk-IKQ5RYRE.js[39m                                       [2m | [22m[2m-[22m                                                    [2m | [22m  [36m6.45 kB[39m[2m | [22m
[32mspec-recred-admin.integration.spec.js[39m                   [2m | [22m[2mspec-recred-admin.integration.spec[22m                   [2m | [22m  [36m6.45 kB[39m[2m | [22m
[32mspec-favoritos.integration.spec.js[39m                      [2m | [22m[2mspec-favoritos.integration.spec[22m                      [2m | [22m  [36m6.44 kB[39m[2m | [22m
[32mspec-resumen-prediccion.component.spec.js[39m               [2m | [22m[2mspec-resumen-prediccion.component.spec[22m               [2m | [22m  [36m6.43 kB[39m[2m | [22m
[32mspec-notification.service.spec.js[39m                       [2m | [22m[2mspec-notification.service.spec[22m                       [2m | [22m  [36m6.42 kB[39m[2m | [22m
[32mspec-kiosquero-reportes.page.spec.js[39m                    [2m | [22m[2mspec-kiosquero-reportes.page.spec[22m                    [2m | [22m  [36m6.40 kB[39m[2m | [22m
[32mspec-asignar-vendedor.page.spec.js[39m                      [2m | [22m[2mspec-asignar-vendedor.page.spec[22m                      [2m | [22m  [36m6.39 kB[39m[2m | [22m
[32mchunk-2VRPRBEJ.js[39m                                       [2m | [22m[2m-[22m                                                    [2m | [22m  [36m6.37 kB[39m[2m | [22m
[32mspec-presupuesto.integration.spec.js[39m                    [2m | [22m[2mspec-presupuesto.integration.spec[22m                    [2m | [22m  [36m6.35 kB[39m[2m | [22m
[32mspec-seleccion-tipo-cuenta.page.spec.js[39m                 [2m | [22m[2mspec-seleccion-tipo-cuenta.page.spec[22m                 [2m | [22m  [36m6.29 kB[39m[2m | [22m
[32mspec-importar-tutores.page.spec.js[39m                      [2m | [22m[2mspec-importar-tutores.page.spec[22m                      [2m | [22m  [36m6.28 kB[39m[2m | [22m
[32mspec-asignar-vendedor.presenter.spec.js[39m                 [2m | [22m[2mspec-asignar-vendedor.presenter.spec[22m                 [2m | [22m  [36m6.25 kB[39m[2m | [22m
[32mspec-estadistica.integration.spec.js[39m                    [2m | [22m[2mspec-estadistica.integration.spec[22m                    [2m | [22m  [36m6.24 kB[39m[2m | [22m
[32mchunk-LQVC76UX.js[39m                                       [2m | [22m[2m-[22m                                                    [2m | [22m  [36m6.21 kB[39m[2m | [22m
[32mspec-tendencia-card.component.spec.js[39m                   [2m | [22m[2mspec-tendencia-card.component.spec[22m                   [2m | [22m  [36m6.21 kB[39m[2m | [22m
[32mspec-preferencias.service.spec.js[39m                       [2m | [22m[2mspec-preferencias.service.spec[22m                       [2m | [22m  [36m6.21 kB[39m[2m | [22m
[32mchunk-AC35WOI6.js[39m                                       [2m | [22m[2m-[22m                                                    [2m | [22m  [36m6.19 kB[39m[2m | [22m
[32mchunk-NL4WZA6K.js[39m                                       [2m | [22m[2m-[22m                                                    [2m | [22m  [36m6.05 kB[39m[2m | [22m
[32mspec-notificacion-saldo-bajo.component.spec.js[39m          [2m | [22m[2mspec-notificacion-saldo-bajo.component.spec[22m          [2m | [22m  [36m6.01 kB[39m[2m | [22m
[32mspec-invitaciones-tutor.service.spec.js[39m                 [2m | [22m[2mspec-invitaciones-tutor.service.spec[22m                 [2m | [22m  [36m5.98 kB[39m[2m | [22m
[32mchunk-LA3LYD25.js[39m                                       [2m | [22m[2m-[22m                                                    [2m | [22m  [36m5.98 kB[39m[2m | [22m
[32mspec-importar-tutores.presenter.spec.js[39m                 [2m | [22m[2mspec-importar-tutores.presenter.spec[22m                 [2m | [22m  [36m5.94 kB[39m[2m | [22m
[32mspec-directivo-dashboard.component.spec.js[39m              [2m | [22m[2mspec-directivo-dashboard.component.spec[22m              [2m | [22m  [36m5.92 kB[39m[2m | [22m
[32mspec-notificaciones-precio.integration.spec.js[39m          [2m | [22m[2mspec-notificaciones-precio.integration.spec[22m          [2m | [22m  [36m5.92 kB[39m[2m | [22m
[32mchunk-RC2DV3LX.js[39m                                       [2m | [22m[2m-[22m                                                    [2m | [22m  [36m5.87 kB[39m[2m | [22m
[32mspec-restricciones-nutricionales.integration.spec.js[39m    [2m | [22m[2mspec-restricciones-nutricionales.integration.spec[22m    [2m | [22m  [36m5.87 kB[39m[2m | [22m
[32mspec-budget-helpers.spec.js[39m                             [2m | [22m[2mspec-budget-helpers.spec[22m                             [2m | [22m  [36m5.86 kB[39m[2m | [22m
[32mspec-resumen-orden-card.component.spec.js[39m               [2m | [22m[2mspec-resumen-orden-card.component.spec[22m               [2m | [22m  [36m5.84 kB[39m[2m | [22m
[32mspec-familia-plan.guard.spec.js[39m                         [2m | [22m[2mspec-familia-plan.guard.spec[22m                         [2m | [22m  [36m5.83 kB[39m[2m | [22m
[32mspec-tracking-pedidos.integration.spec.js[39m               [2m | [22m[2mspec-tracking-pedidos.integration.spec[22m               [2m | [22m  [36m5.82 kB[39m[2m | [22m
[32mspec-tutor-dashboard.integration.spec.js[39m                [2m | [22m[2mspec-tutor-dashboard.integration.spec[22m                [2m | [22m  [36m5.81 kB[39m[2m | [22m
[32mspec-sugerencias-agregar.presenter.spec.js[39m              [2m | [22m[2mspec-sugerencias-agregar.presenter.spec[22m              [2m | [22m  [36m5.79 kB[39m[2m | [22m
[32mchunk-PLW6LOFL.js[39m                                       [2m | [22m[2m-[22m                                                    [2m | [22m  [36m5.77 kB[39m[2m | [22m
[32mspec-restricciones-horarias.service.spec.js[39m             [2m | [22m[2mspec-restricciones-horarias.service.spec[22m             [2m | [22m  [36m5.76 kB[39m[2m | [22m
[32mspec-asignar-vendedor.integration.spec.js[39m               [2m | [22m[2mspec-asignar-vendedor.integration.spec[22m               [2m | [22m  [36m5.73 kB[39m[2m | [22m
[32mspec-prediccion-card.component.spec.js[39m                  [2m | [22m[2mspec-prediccion-card.component.spec[22m                  [2m | [22m  [36m5.72 kB[39m[2m | [22m
[32mspec-sugerencias-agregar.integration.spec.js[39m            [2m | [22m[2mspec-sugerencias-agregar.integration.spec[22m            [2m | [22m  [36m5.71 kB[39m[2m | [22m
[32mspec-preferencias-detectadas.integration.spec.js[39m        [2m | [22m[2mspec-preferencias-detectadas.integration.spec[22m        [2m | [22m  [36m5.71 kB[39m[2m | [22m
[32mspec-crop-modal.component.spec.js[39m                       [2m | [22m[2mspec-crop-modal.component.spec[22m                       [2m | [22m  [36m5.70 kB[39m[2m | [22m
[32mspec-carrito-item.component.spec.js[39m                     [2m | [22m[2mspec-carrito-item.component.spec[22m                     [2m | [22m  [36m5.65 kB[39m[2m | [22m
[32mspec-suppliers-list.integration.spec.js[39m                 [2m | [22m[2mspec-suppliers-list.integration.spec[22m                 [2m | [22m  [36m5.60 kB[39m[2m | [22m
[32mspec-crear-buffet.page.spec.js[39m                          [2m | [22m[2mspec-crear-buffet.page.spec[22m                          [2m | [22m  [36m5.58 kB[39m[2m | [22m
[32mchunk-GYEO4PJ3.js[39m                                       [2m | [22m[2m-[22m                                                    [2m | [22m  [36m5.54 kB[39m[2m | [22m
[32mspec-resumen-semanal.page.spec.js[39m                       [2m | [22m[2mspec-resumen-semanal.page.spec[22m                       [2m | [22m  [36m5.54 kB[39m[2m | [22m
[32mspec-vendedor-plan.guard.spec.js[39m                        [2m | [22m[2mspec-vendedor-plan.guard.spec[22m                        [2m | [22m  [36m5.53 kB[39m[2m | [22m
[32mspec-invitar-tutor.integration.spec.js[39m                  [2m | [22m[2mspec-invitar-tutor.integration.spec[22m                  [2m | [22m  [36m5.42 kB[39m[2m | [22m
[32mchunk-3QERQRTW.js[39m                                       [2m | [22m[2m-[22m                                                    [2m | [22m  [36m5.41 kB[39m[2m | [22m
[32mspec-venta-espontanea.integration.spec.js[39m               [2m | [22m[2mspec-venta-espontanea.integration.spec[22m               [2m | [22m  [36m5.41 kB[39m[2m | [22m
[32mspec-preferencias-detectadas.page.spec.js[39m               [2m | [22m[2mspec-preferencias-detectadas.page.spec[22m               [2m | [22m  [36m5.39 kB[39m[2m | [22m
[32mchunk-UNIZ4SDX.js[39m                                       [2m | [22m[2m-[22m                                                    [2m | [22m  [36m5.38 kB[39m[2m | [22m
[32mspec-notificaciones.service.spec.js[39m                     [2m | [22m[2mspec-notificaciones.service.spec[22m                     [2m | [22m  [36m5.37 kB[39m[2m | [22m
[32mspec-regla-categoria-item.component.spec.js[39m             [2m | [22m[2mspec-regla-categoria-item.component.spec[22m             [2m | [22m  [36m5.37 kB[39m[2m | [22m
[32mchunk-HPGGOXLN.js[39m                                       [2m | [22m[2m-[22m                                                    [2m | [22m  [36m5.36 kB[39m[2m | [22m
[32mspec-recred-admin.presenter.spec.js[39m                     [2m | [22m[2mspec-recred-admin.presenter.spec[22m                     [2m | [22m  [36m5.35 kB[39m[2m | [22m
[32mspec-sugerencias.service.spec.js[39m                        [2m | [22m[2mspec-sugerencias.service.spec[22m                        [2m | [22m  [36m5.32 kB[39m[2m | [22m
[32mspec-restricciones-nutricionales.service.spec.js[39m        [2m | [22m[2mspec-restricciones-nutricionales.service.spec[22m        [2m | [22m  [36m5.32 kB[39m[2m | [22m
[32mspec-movimientos.service.spec.js[39m                        [2m | [22m[2mspec-movimientos.service.spec[22m                        [2m | [22m  [36m5.29 kB[39m[2m | [22m
[32mspec-puntos-recompensa-bar.component.spec.js[39m            [2m | [22m[2mspec-puntos-recompensa-bar.component.spec[22m            [2m | [22m  [36m5.25 kB[39m[2m | [22m
[32mspec-registro-colegio.integration.spec.js[39m               [2m | [22m[2mspec-registro-colegio.integration.spec[22m               [2m | [22m  [36m5.25 kB[39m[2m | [22m
[32mspec-analisis-prediccion.component.spec.js[39m              [2m | [22m[2mspec-analisis-prediccion.component.spec[22m              [2m | [22m  [36m5.24 kB[39m[2m | [22m
[32mspec-aceptar-invitacion-tutor.page.spec.js[39m              [2m | [22m[2mspec-aceptar-invitacion-tutor.page.spec[22m              [2m | [22m  [36m5.22 kB[39m[2m | [22m
[32mspec-modal-aprobar-promocion-ia.component.spec.js[39m       [2m | [22m[2mspec-modal-aprobar-promocion-ia.component.spec[22m       [2m | [22m  [36m5.20 kB[39m[2m | [22m
[32mspec-venta-espontanea.spec.js[39m                           [2m | [22m[2mspec-venta-espontanea.spec[22m                           [2m | [22m  [36m5.17 kB[39m[2m | [22m
[32mchunk-3CA65UHK.js[39m                                       [2m | [22m[2m-[22m                                                    [2m | [22m  [36m5.17 kB[39m[2m | [22m
[32mspec-directivo.presenter.spec.js[39m                        [2m | [22m[2mspec-directivo.presenter.spec[22m                        [2m | [22m  [36m5.15 kB[39m[2m | [22m
[32mspec-feriados.service.spec.js[39m                           [2m | [22m[2mspec-feriados.service.spec[22m                           [2m | [22m  [36m5.13 kB[39m[2m | [22m
[32mspec-consumo.page.spec.js[39m                               [2m | [22m[2mspec-consumo.page.spec[22m                               [2m | [22m  [36m5.13 kB[39m[2m | [22m
[32mspec-button-component.spec.js[39m                           [2m | [22m[2mspec-button-component.spec[22m                           [2m | [22m  [36m5.10 kB[39m[2m | [22m
[32mspec-crear-buffet.presenter.spec.js[39m                     [2m | [22m[2mspec-crear-buffet.presenter.spec[22m                     [2m | [22m  [36m5.07 kB[39m[2m | [22m
[32mspec-combo-promotion-modal.component.spec.js[39m            [2m | [22m[2mspec-combo-promotion-modal.component.spec[22m            [2m | [22m  [36m5.07 kB[39m[2m | [22m
[32mspec-cloudinary-collage.helper.spec.js[39m                  [2m | [22m[2mspec-cloudinary-collage.helper.spec[22m                  [2m | [22m  [36m5.05 kB[39m[2m | [22m
[32mspec-habitos.page.spec.js[39m                               [2m | [22m[2mspec-habitos.page.spec[22m                               [2m | [22m  [36m4.96 kB[39m[2m | [22m
[32mspec-sugerencias-agregar.page.spec.js[39m                   [2m | [22m[2mspec-sugerencias-agregar.page.spec[22m                   [2m | [22m  [36m4.94 kB[39m[2m | [22m
[32mspec-tracking-pedidos.service.spec.js[39m                   [2m | [22m[2mspec-tracking-pedidos.service.spec[22m                   [2m | [22m  [36m4.93 kB[39m[2m | [22m
[32mchunk-4GVW3I4A.js[39m                                       [2m | [22m[2m-[22m                                                    [2m | [22m  [36m4.88 kB[39m[2m | [22m
[32mchunk-O55SSZLN.js[39m                                       [2m | [22m[2m-[22m                                                    [2m | [22m  [36m4.87 kB[39m[2m | [22m
[32mspec-colegio-section.component.spec.js[39m                  [2m | [22m[2mspec-colegio-section.component.spec[22m                  [2m | [22m  [36m4.85 kB[39m[2m | [22m
[32mspec-codigo-retiro-card.component.spec.js[39m               [2m | [22m[2mspec-codigo-retiro-card.component.spec[22m               [2m | [22m  [36m4.80 kB[39m[2m | [22m
[32mspec-auth.service.spec.js[39m                               [2m | [22m[2mspec-auth.service.spec[22m                               [2m | [22m  [36m4.79 kB[39m[2m | [22m
[32mspec-aceptar-invitacion-tutor.integration.spec.js[39m       [2m | [22m[2mspec-aceptar-invitacion-tutor.integration.spec[22m       [2m | [22m  [36m4.79 kB[39m[2m | [22m
[32mspec-importar-tutores.integration.spec.js[39m               [2m | [22m[2mspec-importar-tutores.integration.spec[22m               [2m | [22m  [36m4.78 kB[39m[2m | [22m
[32mchunk-74X5OQJD.js[39m                                       [2m | [22m[2m-[22m                                                    [2m | [22m  [36m4.78 kB[39m[2m | [22m
[32mchunk-OBT5HU54.js[39m                                       [2m | [22m[2m-[22m                                                    [2m | [22m  [36m4.71 kB[39m[2m | [22m
[32mspec-perfil-usuario.service.spec.js[39m                     [2m | [22m[2mspec-perfil-usuario.service.spec[22m                     [2m | [22m  [36m4.68 kB[39m[2m | [22m
[32mchunk-SXR5ZB5B.js[39m                                       [2m | [22m[2m-[22m                                                    [2m | [22m  [36m4.67 kB[39m[2m | [22m
[32mspec-microcreditos.service.spec.js[39m                      [2m | [22m[2mspec-microcreditos.service.spec[22m                      [2m | [22m  [36m4.67 kB[39m[2m | [22m
[32mchunk-PXY7T46F.js[39m                                       [2m | [22m[2m-[22m                                                    [2m | [22m  [36m4.63 kB[39m[2m | [22m
[32mspec-usuario.service.spec.js[39m                            [2m | [22m[2mspec-usuario.service.spec[22m                            [2m | [22m  [36m4.55 kB[39m[2m | [22m
[32mspec-home-kiosquero.service.spec.js[39m                     [2m | [22m[2mspec-home-kiosquero.service.spec[22m                     [2m | [22m  [36m4.54 kB[39m[2m | [22m
[32mspec-dialog.service.spec.js[39m                             [2m | [22m[2mspec-dialog.service.spec[22m                             [2m | [22m  [36m4.52 kB[39m[2m | [22m
[32mspec-tutor-dashboard.service.spec.js[39m                    [2m | [22m[2mspec-tutor-dashboard.service.spec[22m                    [2m | [22m  [36m4.51 kB[39m[2m | [22m
[32mspec-colegios.service.spec.js[39m                           [2m | [22m[2mspec-colegios.service.spec[22m                           [2m | [22m  [36m4.51 kB[39m[2m | [22m
[32mchunk-TFVCB6F6.js[39m                                       [2m | [22m[2m-[22m                                                    [2m | [22m  [36m4.51 kB[39m[2m | [22m
[32mspec-perfil-header.component.spec.js[39m                    [2m | [22m[2mspec-perfil-header.component.spec[22m                    [2m | [22m  [36m4.50 kB[39m[2m | [22m
[32mspec-carritos-favoritos.service.spec.js[39m                 [2m | [22m[2mspec-carritos-favoritos.service.spec[22m                 [2m | [22m  [36m4.50 kB[39m[2m | [22m
[32mspec-prediccion-gasto.integration.spec.js[39m               [2m | [22m[2mspec-prediccion-gasto.integration.spec[22m               [2m | [22m  [36m4.44 kB[39m[2m | [22m
[32mtest_main.js[39m                                            [2m | [22m[2mtest_main[22m                                            [2m | [22m  [36m4.42 kB[39m[2m | [22m
[32mspec-restricciones-nutricionales.page.spec.js[39m           [2m | [22m[2mspec-restricciones-nutricionales.page.spec[22m           [2m | [22m  [36m4.39 kB[39m[2m | [22m
[32mchunk-RQLC7BKC.js[39m                                       [2m | [22m[2m-[22m                                                    [2m | [22m  [36m4.38 kB[39m[2m | [22m
[32mspec-subscription-payment.service.spec.js[39m               [2m | [22m[2mspec-subscription-payment.service.spec[22m               [2m | [22m  [36m4.34 kB[39m[2m | [22m
[32mchunk-ELRJPLMM.js[39m                                       [2m | [22m[2m-[22m                                                    [2m | [22m  [36m4.31 kB[39m[2m | [22m
[32mspec-preferencias.integration.spec.js[39m                   [2m | [22m[2mspec-preferencias.integration.spec[22m                   [2m | [22m  [36m4.29 kB[39m[2m | [22m
[32mspec-input-mensaje.component.spec.js[39m                    [2m | [22m[2mspec-input-mensaje.component.spec[22m                    [2m | [22m  [36m4.26 kB[39m[2m | [22m
[32mchunk-PVQNTGAY.js[39m                                       [2m | [22m[2m-[22m                                                    [2m | [22m  [36m4.22 kB[39m[2m | [22m
[32mspec-registro-colegio.page.spec.js[39m                      [2m | [22m[2mspec-registro-colegio.page.spec[22m                      [2m | [22m  [36m4.17 kB[39m[2m | [22m
[32mspec-preferencia-detectada-card.component.spec.js[39m       [2m | [22m[2mspec-preferencia-detectada-card.component.spec[22m       [2m | [22m  [36m4.14 kB[39m[2m | [22m
[32mspec-sugerencias-carrito.component.spec.js[39m              [2m | [22m[2mspec-sugerencias-carrito.component.spec[22m              [2m | [22m  [36m4.09 kB[39m[2m | [22m
[32mspec-ia-vision-service.spec.js[39m                          [2m | [22m[2mspec-ia-vision-service.spec[22m                          [2m | [22m  [36m4.05 kB[39m[2m | [22m
[32mchunk-VKNSSSBC.js[39m                                       [2m | [22m[2m-[22m                                                    [2m | [22m  [36m4.05 kB[39m[2m | [22m
[32mchunk-XYX7M2Z3.js[39m                                       [2m | [22m[2m-[22m                                                    [2m | [22m  [36m4.04 kB[39m[2m | [22m
[32mspec-consumo.integration.spec.js[39m                        [2m | [22m[2mspec-consumo.integration.spec[22m                        [2m | [22m  [36m4.00 kB[39m[2m | [22m
[32mspec-habitos.integration.spec.js[39m                        [2m | [22m[2mspec-habitos.integration.spec[22m                        [2m | [22m  [36m3.96 kB[39m[2m | [22m
[32mchunk-TCF3XX5I.js[39m                                       [2m | [22m[2m-[22m                                                    [2m | [22m  [36m3.94 kB[39m[2m | [22m
[32mspec-landing-cta-button.component.spec.js[39m               [2m | [22m[2mspec-landing-cta-button.component.spec[22m               [2m | [22m  [36m3.94 kB[39m[2m | [22m
[32mspec-recred-admin.service.spec.js[39m                       [2m | [22m[2mspec-recred-admin.service.spec[22m                       [2m | [22m  [36m3.92 kB[39m[2m | [22m
[32mspec-billetera.service.spec.js[39m                          [2m | [22m[2mspec-billetera.service.spec[22m                          [2m | [22m  [36m3.92 kB[39m[2m | [22m
[32mspec-pedido-recreo-card.component.spec.js[39m               [2m | [22m[2mspec-pedido-recreo-card.component.spec[22m               [2m | [22m  [36m3.91 kB[39m[2m | [22m
[32mspec-directivo.page.spec.js[39m                             [2m | [22m[2mspec-directivo.page.spec[22m                             [2m | [22m  [36m3.86 kB[39m[2m | [22m
[32mchunk-W57NBKJF.js[39m                                       [2m | [22m[2m-[22m                                                    [2m | [22m  [36m3.85 kB[39m[2m | [22m
[32mchunk-P76OWOIM.js[39m                                       [2m | [22m[2m-[22m                                                    [2m | [22m  [36m3.84 kB[39m[2m | [22m
[32mspec-payout-config.service.spec.js[39m                      [2m | [22m[2mspec-payout-config.service.spec[22m                      [2m | [22m  [36m3.82 kB[39m[2m | [22m
[32mchunk-5QLQCRTE.js[39m                                       [2m | [22m[2m-[22m                                                    [2m | [22m  [36m3.79 kB[39m[2m | [22m
[32mspec-landing.presenter.spec.js[39m                          [2m | [22m[2mspec-landing.presenter.spec[22m                          [2m | [22m  [36m3.63 kB[39m[2m | [22m
[32mspec-crear-buffet.integration.spec.js[39m                   [2m | [22m[2mspec-crear-buffet.integration.spec[22m                   [2m | [22m  [36m3.61 kB[39m[2m | [22m
[32mspec-exito.presenter.spec.js[39m                            [2m | [22m[2mspec-exito.presenter.spec[22m                            [2m | [22m  [36m3.58 kB[39m[2m | [22m
[32mspec-registro-colegio.presenter.spec.js[39m                 [2m | [22m[2mspec-registro-colegio.presenter.spec[22m                 [2m | [22m  [36m3.57 kB[39m[2m | [22m
[32mchunk-RYFTHGXN.js[39m                                       [2m | [22m[2m-[22m                                                    [2m | [22m  [36m3.56 kB[39m[2m | [22m
[32mchunk-4SIFSXKI.js[39m                                       [2m | [22m[2m-[22m                                                    [2m | [22m  [36m3.56 kB[39m[2m | [22m
[32mspec-resumen-semanal.integration.spec.js[39m                [2m | [22m[2mspec-resumen-semanal.integration.spec[22m                [2m | [22m  [36m3.54 kB[39m[2m | [22m
[32mchunk-R2EX2OQV.js[39m                                       [2m | [22m[2m-[22m                                                    [2m | [22m  [36m3.51 kB[39m[2m | [22m
[32mspec-directivo.service.spec.js[39m                          [2m | [22m[2mspec-directivo.service.spec[22m                          [2m | [22m  [36m3.51 kB[39m[2m | [22m
[32mspec-habito-alert-card.component.spec.js[39m                [2m | [22m[2mspec-habito-alert-card.component.spec[22m                [2m | [22m  [36m3.49 kB[39m[2m | [22m
[32mchunk-7EZL4RID.js[39m                                       [2m | [22m[2m-[22m                                                    [2m | [22m  [36m3.47 kB[39m[2m | [22m
[32mchunk-WKOXTN74.js[39m                                       [2m | [22m[2m-[22m                                                    [2m | [22m  [36m3.46 kB[39m[2m | [22m
[32mspec-restriccion-producto.service.spec.js[39m               [2m | [22m[2mspec-restriccion-producto.service.spec[22m               [2m | [22m  [36m3.44 kB[39m[2m | [22m
[32mchunk-RMOM4IQY.js[39m                                       [2m | [22m[2m-[22m                                                    [2m | [22m  [36m3.44 kB[39m[2m | [22m
[32mspec-acciones-grid.component.spec.js[39m                    [2m | [22m[2mspec-acciones-grid.component.spec[22m                    [2m | [22m  [36m3.42 kB[39m[2m | [22m
[32mspec-captura-camara.spec.js[39m                             [2m | [22m[2mspec-captura-camara.spec[22m                             [2m | [22m  [36m3.42 kB[39m[2m | [22m
[32mspec-accion-card.component.spec.js[39m                      [2m | [22m[2mspec-accion-card.component.spec[22m                      [2m | [22m  [36m3.41 kB[39m[2m | [22m
[32mchunk-M2ZQAUOP.js[39m                                       [2m | [22m[2m-[22m                                                    [2m | [22m  [36m3.40 kB[39m[2m | [22m
[32mchunk-VOUV2ECS.js[39m                                       [2m | [22m[2m-[22m                                                    [2m | [22m  [36m3.40 kB[39m[2m | [22m
[32mspec-recomendaciones.service.spec.js[39m                    [2m | [22m[2mspec-recomendaciones.service.spec[22m                    [2m | [22m  [36m3.38 kB[39m[2m | [22m
[32mspec-notificacion-precio-card.spec.js[39m                   [2m | [22m[2mspec-notificacion-precio-card.spec[22m                   [2m | [22m  [36m3.35 kB[39m[2m | [22m
[32mspec-modal-seleccion-carga.component.spec.js[39m            [2m | [22m[2mspec-modal-seleccion-carga.component.spec[22m            [2m | [22m  [36m3.34 kB[39m[2m | [22m
[32mspec-sugerencias-carrito.service.spec.js[39m                [2m | [22m[2mspec-sugerencias-carrito.service.spec[22m                [2m | [22m  [36m3.33 kB[39m[2m | [22m
[32mchunk-ZIATKNZY.js[39m                                       [2m | [22m[2m-[22m                                                    [2m | [22m  [36m3.29 kB[39m[2m | [22m
[32mspec-recred-admin.page.spec.js[39m                          [2m | [22m[2mspec-recred-admin.page.spec[22m                          [2m | [22m  [36m3.26 kB[39m[2m | [22m
[32mchunk-LQPYDUET.js[39m                                       [2m | [22m[2m-[22m                                                    [2m | [22m  [36m3.24 kB[39m[2m | [22m
[32mspec-carga-masiva.service.spec.js[39m                       [2m | [22m[2mspec-carga-masiva.service.spec[22m                       [2m | [22m  [36m3.23 kB[39m[2m | [22m
[32mspec-lista-estacional.component.spec.js[39m                 [2m | [22m[2mspec-lista-estacional.component.spec[22m                 [2m | [22m  [36m3.19 kB[39m[2m | [22m
[32mchunk-QNE365GA.js[39m                                       [2m | [22m[2m-[22m                                                    [2m | [22m  [36m3.19 kB[39m[2m | [22m
[32mchunk-HQEQXA3C.js[39m                                       [2m | [22m[2m-[22m                                                    [2m | [22m  [36m3.17 kB[39m[2m | [22m
[32mchunk-FHXQVJHB.js[39m                                       [2m | [22m[2m-[22m                                                    [2m | [22m  [36m3.16 kB[39m[2m | [22m
[32mspec-acreditar-mercado-pago.service.spec.js[39m             [2m | [22m[2mspec-acreditar-mercado-pago.service.spec[22m             [2m | [22m  [36m3.13 kB[39m[2m | [22m
[32mspec-modal-confirmar-eliminar.component.spec.js[39m         [2m | [22m[2mspec-modal-confirmar-eliminar.component.spec[22m         [2m | [22m  [36m3.13 kB[39m[2m | [22m
[32mspec-notificaciones-precio.service.spec.js[39m              [2m | [22m[2mspec-notificaciones-precio.service.spec[22m              [2m | [22m  [36m3.11 kB[39m[2m | [22m
[32mchunk-VASTIMVU.js[39m                                       [2m | [22m[2m-[22m                                                    [2m | [22m  [36m3.11 kB[39m[2m | [22m
[32mspec-preferencias-detectadas.service.spec.js[39m            [2m | [22m[2mspec-preferencias-detectadas.service.spec[22m            [2m | [22m  [36m3.11 kB[39m[2m | [22m
[32mchunk-D6YBHSZ6.js[39m                                       [2m | [22m[2m-[22m                                                    [2m | [22m  [36m3.08 kB[39m[2m | [22m
[32mchunk-WKMBEWYV.js[39m                                       [2m | [22m[2m-[22m                                                    [2m | [22m  [36m3.07 kB[39m[2m | [22m
[32mchunk-RELELBGR.js[39m                                       [2m | [22m[2m-[22m                                                    [2m | [22m  [36m3.05 kB[39m[2m | [22m
[32mchunk-5I45HP5E.js[39m                                       [2m | [22m[2m-[22m                                                    [2m | [22m  [36m3.04 kB[39m[2m | [22m
[32mspec-accion-tile.component.spec.js[39m                      [2m | [22m[2mspec-accion-tile.component.spec[22m                      [2m | [22m  [36m3.02 kB[39m[2m | [22m
[32mchunk-HBW54YOI.js[39m                                       [2m | [22m[2m-[22m                                                    [2m | [22m  [36m3.02 kB[39m[2m | [22m
[32mspec-registro-colegio.service.spec.js[39m                   [2m | [22m[2mspec-registro-colegio.service.spec[22m                   [2m | [22m  [36m3.02 kB[39m[2m | [22m
[32mchunk-IHYDCZSU.js[39m                                       [2m | [22m[2m-[22m                                                    [2m | [22m  [36m2.98 kB[39m[2m | [22m
[32mchunk-FDX35KC6.js[39m                                       [2m | [22m[2m-[22m                                                    [2m | [22m  [36m2.96 kB[39m[2m | [22m
[32mchunk-T4C7PNQC.js[39m                                       [2m | [22m[2m-[22m                                                    [2m | [22m  [36m2.96 kB[39m[2m | [22m
[32mspec-sugerencias-agregar.service.spec.js[39m                [2m | [22m[2mspec-sugerencias-agregar.service.spec[22m                [2m | [22m  [36m2.95 kB[39m[2m | [22m
[32mspec-theme.service.spec.js[39m                              [2m | [22m[2mspec-theme.service.spec[22m                              [2m | [22m  [36m2.95 kB[39m[2m | [22m
[32mchunk-72UCXOGR.js[39m                                       [2m | [22m[2m-[22m                                                    [2m | [22m  [36m2.94 kB[39m[2m | [22m
[32mspec-recrea-mapper.service.spec.js[39m                      [2m | [22m[2mspec-recrea-mapper.service.spec[22m                      [2m | [22m  [36m2.92 kB[39m[2m | [22m
[32mspec-franjas-horarias.service.spec.js[39m                   [2m | [22m[2mspec-franjas-horarias.service.spec[22m                   [2m | [22m  [36m2.92 kB[39m[2m | [22m
[32mspec-venta-espontanea-page.spec.js[39m                      [2m | [22m[2mspec-venta-espontanea-page.spec[22m                      [2m | [22m  [36m2.91 kB[39m[2m | [22m
[32mspec-consumo-card.component.spec.js[39m                     [2m | [22m[2mspec-consumo-card.component.spec[22m                     [2m | [22m  [36m2.91 kB[39m[2m | [22m
[32mchunk-6UXPMP3R.js[39m                                       [2m | [22m[2m-[22m                                                    [2m | [22m  [36m2.90 kB[39m[2m | [22m
[32mspec-asistente-fab.component.spec.js[39m                    [2m | [22m[2mspec-asistente-fab.component.spec[22m                    [2m | [22m  [36m2.79 kB[39m[2m | [22m
[32mspec-prediccion-gasto.service.spec.js[39m                   [2m | [22m[2mspec-prediccion-gasto.service.spec[22m                   [2m | [22m  [36m2.78 kB[39m[2m | [22m
[32mspec-tarjeta-tip.component.spec.js[39m                      [2m | [22m[2mspec-tarjeta-tip.component.spec[22m                      [2m | [22m  [36m2.73 kB[39m[2m | [22m
[32mspec-alumno-selector.spec.js[39m                            [2m | [22m[2mspec-alumno-selector.spec[22m                            [2m | [22m  [36m2.70 kB[39m[2m | [22m
[32mspec-resumen-semanal.service.spec.js[39m                    [2m | [22m[2mspec-resumen-semanal.service.spec[22m                    [2m | [22m  [36m2.67 kB[39m[2m | [22m
[32mspec-toast.service.spec.js[39m                              [2m | [22m[2mspec-toast.service.spec[22m                              [2m | [22m  [36m2.66 kB[39m[2m | [22m
[32mspec-carrito-venta.spec.js[39m                              [2m | [22m[2mspec-carrito-venta.spec[22m                              [2m | [22m  [36m2.61 kB[39m[2m | [22m
[32mspec-alumno-contexto.service.spec.js[39m                    [2m | [22m[2mspec-alumno-contexto.service.spec[22m                    [2m | [22m  [36m2.60 kB[39m[2m | [22m
[32mchunk-JGGD4OIE.js[39m                                       [2m | [22m[2m-[22m                                                    [2m | [22m  [36m2.59 kB[39m[2m | [22m
[32mchunk-XHSFYI4F.js[39m                                       [2m | [22m[2m-[22m                                                    [2m | [22m  [36m2.57 kB[39m[2m | [22m
[32mchunk-WKOXDJV7.js[39m                                       [2m | [22m[2m-[22m                                                    [2m | [22m  [36m2.52 kB[39m[2m | [22m
[32mspec-tarjeta-recomendacion.component.spec.js[39m            [2m | [22m[2mspec-tarjeta-recomendacion.component.spec[22m            [2m | [22m  [36m2.51 kB[39m[2m | [22m
[32mchunk-BGP6BOBY.js[39m                                       [2m | [22m[2m-[22m                                                    [2m | [22m  [36m2.50 kB[39m[2m | [22m
[32mchunk-RFQI3FA5.js[39m                                       [2m | [22m[2m-[22m                                                    [2m | [22m  [36m2.47 kB[39m[2m | [22m
[32mspec-producto.model.spec.js[39m                             [2m | [22m[2mspec-producto.model.spec[22m                             [2m | [22m  [36m2.47 kB[39m[2m | [22m
[32mchunk-QNXLW72L.js[39m                                       [2m | [22m[2m-[22m                                                    [2m | [22m  [36m2.47 kB[39m[2m | [22m
[32mchunk-EYZ7SCBJ.js[39m                                       [2m | [22m[2m-[22m                                                    [2m | [22m  [36m2.44 kB[39m[2m | [22m
[32mchunk-7QLY54Y2.js[39m                                       [2m | [22m[2m-[22m                                                    [2m | [22m  [36m2.35 kB[39m[2m | [22m
[32mchunk-7NOJ7JTI.js[39m                                       [2m | [22m[2m-[22m                                                    [2m | [22m  [36m2.34 kB[39m[2m | [22m
[32mchunk-RZY4O2U7.js[39m                                       [2m | [22m[2m-[22m                                                    [2m | [22m  [36m2.30 kB[39m[2m | [22m
[32mchunk-QGVVIUPU.js[39m                                       [2m | [22m[2m-[22m                                                    [2m | [22m  [36m2.28 kB[39m[2m | [22m
[32mspec-notificacion-sugerencia-saludable.service.spec.js[39m  [2m | [22m[2mspec-notificacion-sugerencia-saludable.service.spec[22m  [2m | [22m  [36m2.26 kB[39m[2m | [22m
[32mchunk-T3Z4RCIW.js[39m                                       [2m | [22m[2m-[22m                                                    [2m | [22m  [36m2.22 kB[39m[2m | [22m
[32mchunk-I3F75HOE.js[39m                                       [2m | [22m[2m-[22m                                                    [2m | [22m  [36m2.21 kB[39m[2m | [22m
[32mchunk-VGMJBGS6.js[39m                                       [2m | [22m[2m-[22m                                                    [2m | [22m  [36m2.20 kB[39m[2m | [22m
[32mchunk-BRJZ5QRE.js[39m                                       [2m | [22m[2m-[22m                                                    [2m | [22m  [36m2.15 kB[39m[2m | [22m
[32mchunk-4RSSTTBA.js[39m                                       [2m | [22m[2m-[22m                                                    [2m | [22m  [36m2.13 kB[39m[2m | [22m
[32mchunk-N34PBGZK.js[39m                                       [2m | [22m[2m-[22m                                                    [2m | [22m  [36m2.13 kB[39m[2m | [22m
[32mchunk-W45DVMMX.js[39m                                       [2m | [22m[2m-[22m                                                    [2m | [22m  [36m2.12 kB[39m[2m | [22m
[32mspec-invitacion-token-storage.service.spec.js[39m           [2m | [22m[2mspec-invitacion-token-storage.service.spec[22m           [2m | [22m  [36m2.12 kB[39m[2m | [22m
[32mchunk-IIAZ5NES.js[39m                                       [2m | [22m[2m-[22m                                                    [2m | [22m  [36m2.08 kB[39m[2m | [22m
[32mchunk-FINJKJYI.js[39m                                       [2m | [22m[2m-[22m                                                    [2m | [22m  [36m2.07 kB[39m[2m | [22m
[32mchunk-BG4QDFLJ.js[39m                                       [2m | [22m[2m-[22m                                                    [2m | [22m  [36m2.06 kB[39m[2m | [22m
[32mchunk-YIJ3VZCX.js[39m                                       [2m | [22m[2m-[22m                                                    [2m | [22m  [36m2.01 kB[39m[2m | [22m
[32mspec-escaner-loader.spec.js[39m                             [2m | [22m[2mspec-escaner-loader.spec[22m                             [2m | [22m  [36m2.00 kB[39m[2m | [22m
[32mchunk-BK7E5NBB.js[39m                                       [2m | [22m[2m-[22m                                                    [2m | [22m  [36m1.95 kB[39m[2m | [22m
[32mchunk-EPSD6CSP.js[39m                                       [2m | [22m[2m-[22m                                                    [2m | [22m  [36m1.85 kB[39m[2m | [22m
[32mchunk-G5SNQMR7.js[39m                                       [2m | [22m[2m-[22m                                                    [2m | [22m  [36m1.84 kB[39m[2m | [22m
[32mchunk-XVJSBTXQ.js[39m                                       [2m | [22m[2m-[22m                                                    [2m | [22m  [36m1.80 kB[39m[2m | [22m
[32mchunk-W2YPTA4Z.js[39m                                       [2m | [22m[2m-[22m                                                    [2m | [22m  [36m1.78 kB[39m[2m | [22m
[32mchunk-IBI5RTGI.js[39m                                       [2m | [22m[2m-[22m                                                    [2m | [22m  [36m1.75 kB[39m[2m | [22m
[32mchunk-N2DXLXQP.js[39m                                       [2m | [22m[2m-[22m                                                    [2m | [22m  [36m1.74 kB[39m[2m | [22m
[32mchunk-A2XT5OBT.js[39m                                       [2m | [22m[2m-[22m                                                    [2m | [22m  [36m1.74 kB[39m[2m | [22m
[32mchunk-UMCLDTYU.js[39m                                       [2m | [22m[2m-[22m                                                    [2m | [22m  [36m1.73 kB[39m[2m | [22m
[32mspec-notificacion-saldo-bajo.service.spec.js[39m            [2m | [22m[2mspec-notificacion-saldo-bajo.service.spec[22m            [2m | [22m  [36m1.70 kB[39m[2m | [22m
[32mchunk-WXN342EY.js[39m                                       [2m | [22m[2m-[22m                                                    [2m | [22m  [36m1.68 kB[39m[2m | [22m
[32mchunk-T4Z4SY77.js[39m                                       [2m | [22m[2m-[22m                                                    [2m | [22m  [36m1.68 kB[39m[2m | [22m
[32mchunk-LCPDG33N.js[39m                                       [2m | [22m[2m-[22m                                                    [2m | [22m  [36m1.67 kB[39m[2m | [22m
[32mspec-consumo.service.spec.js[39m                            [2m | [22m[2mspec-consumo.service.spec[22m                            [2m | [22m  [36m1.62 kB[39m[2m | [22m
[32mspec-habitos.service.spec.js[39m                            [2m | [22m[2mspec-habitos.service.spec[22m                            [2m | [22m  [36m1.62 kB[39m[2m | [22m
[32mchunk-2EZF7AFI.js[39m                                       [2m | [22m[2m-[22m                                                    [2m | [22m  [36m1.58 kB[39m[2m | [22m
[32mchunk-NN2BDTS7.js[39m                                       [2m | [22m[2m-[22m                                                    [2m | [22m  [36m1.58 kB[39m[2m | [22m
[32mchunk-JITGMQPC.js[39m                                       [2m | [22m[2m-[22m                                                    [2m | [22m  [36m1.54 kB[39m[2m | [22m
[32mchunk-6G5GETG7.js[39m                                       [2m | [22m[2m-[22m                                                    [2m | [22m  [36m1.50 kB[39m[2m | [22m
[32mchunk-7MJUFGJX.js[39m                                       [2m | [22m[2m-[22m                                                    [2m | [22m  [36m1.49 kB[39m[2m | [22m
[32mchunk-5MZ6RUM5.js[39m                                       [2m | [22m[2m-[22m                                                    [2m | [22m  [36m1.45 kB[39m[2m | [22m
[32mchunk-OJXTAMXL.js[39m                                       [2m | [22m[2m-[22m                                                    [2m | [22m  [36m1.45 kB[39m[2m | [22m
[32mchunk-OEA3OKK7.js[39m                                       [2m | [22m[2m-[22m                                                    [2m | [22m  [36m1.39 kB[39m[2m | [22m
[32mchunk-CXGAPCDT.js[39m                                       [2m | [22m[2m-[22m                                                    [2m | [22m  [36m1.36 kB[39m[2m | [22m
[32mchunk-RB2BSOBB.js[39m                                       [2m | [22m[2m-[22m                                                    [2m | [22m  [36m1.36 kB[39m[2m | [22m
[32mchunk-4QHGM2AZ.js[39m                                       [2m | [22m[2m-[22m                                                    [2m | [22m  [36m1.35 kB[39m[2m | [22m
[32mchunk-G34WMIL5.js[39m                                       [2m | [22m[2m-[22m                                                    [2m | [22m  [36m1.32 kB[39m[2m | [22m
[32mchunk-YXGSMI26.js[39m                                       [2m | [22m[2m-[22m                                                    [2m | [22m  [36m1.32 kB[39m[2m | [22m
[32mchunk-DU765HNE.js[39m                                       [2m | [22m[2m-[22m                                                    [2m | [22m  [36m1.31 kB[39m[2m | [22m
[32mchunk-75ZX6LVU.js[39m                                       [2m | [22m[2m-[22m                                                    [2m | [22m  [36m1.30 kB[39m[2m | [22m
[32mchunk-JBJCSR5D.js[39m                                       [2m | [22m[2m-[22m                                                    [2m | [22m  [36m1.30 kB[39m[2m | [22m
[32mchunk-O45D2FRQ.js[39m                                       [2m | [22m[2m-[22m                                                    [2m | [22m  [36m1.28 kB[39m[2m | [22m
[32mchunk-2V6JJOHR.js[39m                                       [2m | [22m[2m-[22m                                                    [2m | [22m  [36m1.28 kB[39m[2m | [22m
[32mchunk-LBMLOGPU.js[39m                                       [2m | [22m[2m-[22m                                                    [2m | [22m  [36m1.26 kB[39m[2m | [22m
[32mchunk-4NUEVOYT.js[39m                                       [2m | [22m[2m-[22m                                                    [2m | [22m  [36m1.23 kB[39m[2m | [22m
[32mchunk-I5AB3NQG.js[39m                                       [2m | [22m[2m-[22m                                                    [2m | [22m  [36m1.23 kB[39m[2m | [22m
[32mchunk-LOYPIR44.js[39m                                       [2m | [22m[2m-[22m                                                    [2m | [22m  [36m1.22 kB[39m[2m | [22m
[32mchunk-BPUOJWUC.js[39m                                       [2m | [22m[2m-[22m                                                    [2m | [22m  [36m1.21 kB[39m[2m | [22m
[32mchunk-ERTA54Z3.js[39m                                       [2m | [22m[2m-[22m                                                    [2m | [22m  [36m1.20 kB[39m[2m | [22m
[32mchunk-UIGJXP53.js[39m                                       [2m | [22m[2m-[22m                                                    [2m | [22m  [36m1.20 kB[39m[2m | [22m
[32mchunk-WFKOWIN5.js[39m                                       [2m | [22m[2m-[22m                                                    [2m | [22m  [36m1.17 kB[39m[2m | [22m
[32mchunk-RPIWMOYX.js[39m                                       [2m | [22m[2m-[22m                                                    [2m | [22m  [36m1.15 kB[39m[2m | [22m
[32mspec-modal-component.spec.js[39m                            [2m | [22m[2mspec-modal-component.spec[22m                            [2m | [22m  [36m1.13 kB[39m[2m | [22m
[32mchunk-DOFLQE37.js[39m                                       [2m | [22m[2m-[22m                                                    [2m | [22m  [36m1.12 kB[39m[2m | [22m
[32mchunk-YY7ZVT36.js[39m                                       [2m | [22m[2m-[22m                                                    [2m | [22m  [36m1.11 kB[39m[2m | [22m
[32mchunk-G5MCHETT.js[39m                                       [2m | [22m[2m-[22m                                                    [2m | [22m  [36m1.11 kB[39m[2m | [22m
[32mchunk-FGABZSIH.js[39m                                       [2m | [22m[2m-[22m                                                    [2m | [22m  [36m1.11 kB[39m[2m | [22m
[32mchunk-VXHHLBT7.js[39m                                       [2m | [22m[2m-[22m                                                    [2m | [22m  [36m1.10 kB[39m[2m | [22m
[32mchunk-PBUD4M3R.js[39m                                       [2m | [22m[2m-[22m                                                    [2m | [22m  [36m1.09 kB[39m[2m | [22m
[32mchunk-TC73RQYX.js[39m                                       [2m | [22m[2m-[22m                                                    [2m | [22m  [36m1.09 kB[39m[2m | [22m
[32mchunk-3SR6VF7S.js[39m                                       [2m | [22m[2m-[22m                                                    [2m | [22m  [36m1.07 kB[39m[2m | [22m
[32mchunk-UB2LU5KZ.js[39m                                       [2m | [22m[2m-[22m                                                    [2m | [22m  [36m1.02 kB[39m[2m | [22m
[32mchunk-ACUT3JT5.js[39m                                       [2m | [22m[2m-[22m                                                    [2m | [22m[36m990 bytes[39m[2m | [22m
[32mchunk-7APTR5SI.js[39m                                       [2m | [22m[2m-[22m                                                    [2m | [22m[36m951 bytes[39m[2m | [22m
[32mchunk-GYF4BXK6.js[39m                                       [2m | [22m[2m-[22m                                                    [2m | [22m[36m936 bytes[39m[2m | [22m
[32mchunk-XJSRI2RX.js[39m                                       [2m | [22m[2m-[22m                                                    [2m | [22m[36m766 bytes[39m[2m | [22m
[32mchunk-H2U4NJUT.js[39m                                       [2m | [22m[2m-[22m                                                    [2m | [22m[36m666 bytes[39m[2m | [22m
[32mchunk-C5UP6ACX.js[39m                                       [2m | [22m[2m-[22m                                                    [2m | [22m[36m613 bytes[39m[2m | [22m
[32mjasmine-cleanup-0.js[39m                                    [2m | [22m[2mjasmine-cleanup-0[22m                                    [2m | [22m[36m519 bytes[39m[2m | [22m
[32mchunk-BVO5CRTG.js[39m                                       [2m | [22m[2m-[22m                                                    [2m | [22m[36m512 bytes[39m[2m | [22m

[1m [22m                                                       [2m | [22m[1mInitial total[22m                                        [2m | [22m [1m11.89 MB[22m

Application bundle generation complete. [18.097 seconds] - 2026-07-09T18:53:41.402Z

[32m09 07 2026 15:53:43.269:INFO [karma-server]: [39mKarma v6.4.4 server started at http://localhost:9876/
[32m09 07 2026 15:53:43.271:INFO [launcher]: [39mLaunching browsers ChromeHeadless with concurrency unlimited
[32m09 07 2026 15:53:43.292:INFO [launcher]: [39mStarting browser ChromeHeadless
[32m09 07 2026 15:53:45.004:INFO [Chrome Headless 150.0.0.0 (Windows 10)]: [39mConnected on socket 3EPgxs6JV_aB8zgwAAAB with id 62696930
Chrome Headless 150.0.0.0 (Windows 10): Executed 0 of 3092[32m SUCCESS[39m (0 secs / 0 secs)
[1A[2KChrome Headless 150.0.0.0 (Windows 10): Executed 1 of 3092[32m SUCCESS[39m (0 secs / 0.072 secs)
[1A[2KChrome Headless 150.0.0.0 (Windows 10): Executed 2 of 3092[32m SUCCESS[39m (0 secs / 0.075 secs)
[1A[2KChrome Headless 150.0.0.0 (Windows 10): Executed 3 of 3092[32m SUCCESS[39m (0 secs / 0.077 secs)
[1A[2KChrome Headless 150.0.0.0 (Windows 10): Executed 4 of 3092[32m SUCCESS[39m (0 secs / 0.078 secs)
[1A[2KChrome Headless 150.0.0.0 (Windows 10): Executed 5 of 3092[32m SUCCESS[39m (0 secs / 0.081 secs)
[1A[2KChrome Headless 150.0.0.0 (Windows 10): Executed 6 of 3092[32m SUCCESS[39m (0 secs / 0.083 secs)
[1A[2KChrome Headless 150.0.0.0 (Windows 10): Executed 7 of 3092[32m SUCCESS[39m (0 secs / 0.084 secs)
[1A[2KChrome Headless 150.0.0.0 (Windows 10): Executed 8 of 3092[32m SUCCESS[39m (0 secs / 0.085 secs)
[1A[2KChrome Headless 150.0.0.0 (Windows 10): Executed 9 of 3092[32m SUCCESS[39m (0 secs / 0.086 secs)
[1A[2KChrome Headless 150.0.0.0 (Windows 10): Executed 10 of 3092[32m SUCCESS[39m (0 secs / 0.089 secs)
[1A[2KChrome Headless 150.0.0.0 (Windows 10): Executed 11 of 3092[32m SUCCESS[39m (0 secs / 0.091 secs)
[1A[2KChrome Headless 150.0.0.0 (Windows 10): Executed 12 of 3092[32m SUCCESS[39m (0 secs / 0.094 secs)
[1A[2KChrome Headless 150.0.0.0 (Windows 10): Executed 13 of 3092[32m SUCCESS[39m (0 secs / 0.096 secs)
[1A[2KChrome Headless 150.0.0.0 (Windows 10): Executed 14 of 3092[32m SUCCESS[39m (0 secs / 0.097 secs)
[1A[2KChrome Headless 150.0.0.0 (Windows 10): Executed 15 of 3092[32m SUCCESS[39m (0 secs / 0.101 secs)
[1A[2KChrome Headless 150.0.0.0 (Windows 10): Executed 16 of 3092[32m SUCCESS[39m (0 secs / 0.103 secs)
[1A[2KChrome Headless 150.0.0.0 (Windows 10): Executed 17 of 3092[32m SUCCESS[39m (0 secs / 0.105 secs)
[1A[2KChrome Headless 150.0.0.0 (Windows 10): Executed 18 of 3092[32m SUCCESS[39m (0 secs / 0.107 secs)
[1A[2KChrome Headless 150.0.0.0 (Windows 10): Executed 19 of 3092[32m SUCCESS[39m (0 secs / 0.108 secs)
[1A[2KChrome Headless 150.0.0.0 (Windows 10): Executed 20 of 3092[32m SUCCESS[39m (0 secs / 0.109 secs)
[1A[2KChrome Headless 150.0.0.0 (Windows 10): Executed 21 of 3092[32m SUCCESS[39m (0 secs / 0.11 secs)
[1A[2KChrome Headless 150.0.0.0 (Windows 10): Executed 22 of 3092[32m SUCCESS[39m (0 secs / 0.112 secs)
[1A[2KChrome Headless 150.0.0.0 (Windows 10): Executed 23 of 3092[32m SUCCESS[39m (0 secs / 0.114 secs)
[1A[2KChrome Headless 150.0.0.0 (Windows 10): Executed 24 of 3092[32m SUCCESS[39m (0 secs / 0.116 secs)
[1A[2KChrome Headless 150.0.0.0 (Windows 10): Executed 25 of 3092[32m SUCCESS[39m (0 secs / 0.118 secs)
[1A[2KChrome Headless 150.0.0.0 (Windows 10): Executed 26 of 3092[32m SUCCESS[39m (0 secs / 0.12 secs)
[1A[2KChrome Headless 150.0.0.0 (Windows 10): Executed 27 of 3092[32m SUCCESS[39m (0 secs / 0.123 secs)
[1A[2KChrome Headless 150.0.0.0 (Windows 10): Executed 28 of 3092[32m SUCCESS[39m (0 secs / 0.124 secs)
[1A[2KChrome Headless 150.0.0.0 (Windows 10): Executed 29 of 3092[32m SUCCESS[39m (0 secs / 0.125 secs)
[1A[2KChrome Headless 150.0.0.0 (Windows 10): Executed 30 of 3092[32m SUCCESS[39m (0 secs / 0.127 secs)
[1A[2KChrome Headless 150.0.0.0 (Windows 10): Executed 31 of 3092[32m SUCCESS[39m (0 secs / 0.128 secs)
[1A[2KChrome Headless 150.0.0.0 (Windows 10): Executed 32 of 3092[32m SUCCESS[39m (0 secs / 0.13 secs)
[1A[2KChrome Headless 150.0.0.0 (Windows 10): Executed 33 of 3092[32m SUCCESS[39m (0 secs / 0.132 secs)
[1A[2KChrome Headless 150.0.0.0 (Windows 10): Executed 34 of 3092[32m SUCCESS[39m (0 secs / 0.308 secs)
[1A[2KChrome Headless 150.0.0.0 (Windows 10): Executed 35 of 3092[32m SUCCESS[39m (0 secs / 0.335 secs)
[1A[2KChrome Headless 150.0.0.0 (Windows 10): Executed 36 of 3092[32m SUCCESS[39m (0 secs / 0.356 secs)
[1A[2KChrome Headless 150.0.0.0 (Windows 10): Executed 37 of 3092[32m SUCCESS[39m (0 secs / 0.376 secs)
[1A[2KChrome Headless 150.0.0.0 (Windows 10): Executed 38 of 3092[32m SUCCESS[39m (0 secs / 0.396 secs)
[1A[2KChrome Headless 150.0.0.0 (Windows 10): Executed 39 of 3092[32m SUCCESS[39m (0 secs / 0.417 secs)
[1A[2KChrome Headless 150.0.0.0 (Windows 10): Executed 40 of 3092[32m SUCCESS[39m (0 secs / 0.434 secs)
[1A[2KChrome Headless 150.0.0.0 (Windows 10): Executed 41 of 3092[32m SUCCESS[39m (0 secs / 0.45 secs)
[1A[2KChrome Headless 150.0.0.0 (Windows 10): Executed 42 of 3092[32m SUCCESS[39m (0 secs / 0.467 secs)
[1A[2KChrome Headless 150.0.0.0 (Windows 10): Executed 43 of 3092[32m SUCCESS[39m (0 secs / 0.484 secs)
[1A[2KChrome Headless 150.0.0.0 (Windows 10): Executed 44 of 3092[32m SUCCESS[39m (0 secs / 0.503 secs)
[1A[2KChrome Headless 150.0.0.0 (Windows 10): Executed 45 of 3092[32m SUCCESS[39m (0 secs / 0.518 secs)
[1A[2KChrome Headless 150.0.0.0 (Windows 10): Executed 46 of 3092[32m SUCCESS[39m (0 secs / 0.533 secs)
[1A[2KChrome Headless 150.0.0.0 (Windows 10): Executed 47 of 3092[32m SUCCESS[39m (0 secs / 0.548 secs)
[1A[2KChrome Headless 150.0.0.0 (Windows 10): Executed 48 of 3092[32m SUCCESS[39m (0 secs / 0.567 secs)
[1A[2KChrome Headless 150.0.0.0 (Windows 10): Executed 49 of 3092[32m SUCCESS[39m (0 secs / 0.583 secs)
[1A[2KChrome Headless 150.0.0.0 (Windows 10): Executed 50 of 3092[32m SUCCESS[39m (0 secs / 0.598 secs)
[1A[2KChrome Headless 150.0.0.0 (Windows 10): Executed 51 of 3092[32m SUCCESS[39m (0 secs / 0.613 secs)
[1A[2KChrome Headless 150.0.0.0 (Windows 10): Executed 52 of 3092[32m SUCCESS[39m (0 secs / 0.717 secs)
[1A[2KChrome Headless 150.0.0.0 (Windows 10): Executed 53 of 3092[32m SUCCESS[39m (0 secs / 0.755 secs)
[1A[2KChrome Headless 150.0.0.0 (Windows 10): Executed 54 of 3092[32m SUCCESS[39m (0 secs / 0.795 secs)
[1A[2KChrome Headless 150.0.0.0 (Windows 10): Executed 55 of 3092[32m SUCCESS[39m (0 secs / 0.835 secs)
[1A[2KChrome Headless 150.0.0.0 (Windows 10): Executed 56 of 3092[32m SUCCESS[39m (0 secs / 0.874 secs)
[1A[2KChrome Headless 150.0.0.0 (Windows 10): Executed 57 of 3092[32m SUCCESS[39m (0 secs / 0.885 secs)
[1A[2KChrome Headless 150.0.0.0 (Windows 10): Executed 58 of 3092[32m SUCCESS[39m (0 secs / 0.887 secs)
[1A[2KChrome Headless 150.0.0.0 (Windows 10): Executed 59 of 3092[32m SUCCESS[39m (0 secs / 0.889 secs)
[1A[2KChrome Headless 150.0.0.0 (Windows 10): Executed 60 of 3092[32m SUCCESS[39m (0 secs / 0.905 secs)
[1A[2KChrome Headless 150.0.0.0 (Windows 10): Executed 61 of 3092[32m SUCCESS[39m (0 secs / 0.907 secs)
[1A[2KChrome Headless 150.0.0.0 (Windows 10): Executed 62 of 3092[32m SUCCESS[39m (0 secs / 0.909 secs)
[1A[2KChrome Headless 150.0.0.0 (Windows 10): Executed 63 of 3092[32m SUCCESS[39m (0 secs / 0.91 secs)
[1A[2KChrome Headless 150.0.0.0 (Windows 10): Executed 64 of 3092[32m SUCCESS[39m (0 secs / 0.911 secs)
[1A[2KChrome Headless 150.0.0.0 (Windows 10): Executed 65 of 3092[32m SUCCESS[39m (0 secs / 0.913 secs)
[1A[2KChrome Headless 150.0.0.0 (Windows 10): Executed 66 of 3092[32m SUCCESS[39m (0 secs / 0.968 secs)
[1A[2KChrome Headless 150.0.0.0 (Windows 10): Executed 67 of 3092[32m SUCCESS[39m (0 secs / 0.985 secs)
[1A[2KChrome Headless 150.0.0.0 (Windows 10): Executed 68 of 3092[32m SUCCESS[39m (0 secs / 1.005 secs)
[1A[2KChrome Headless 150.0.0.0 (Windows 10): Executed 69 of 3092[32m SUCCESS[39m (0 secs / 1.023 secs)
[1A[2KChrome Headless 150.0.0.0 (Windows 10): Executed 70 of 3092[32m SUCCESS[39m (0 secs / 1.04 secs)
[1A[2KChrome Headless 150.0.0.0 (Windows 10): Executed 71 of 3092[32m SUCCESS[39m (0 secs / 1.06 secs)
[1A[2KChrome Headless 150.0.0.0 (Windows 10): Executed 72 of 3092[32m SUCCESS[39m (0 secs / 1.077 secs)
[1A[2KChrome Headless 150.0.0.0 (Windows 10): Executed 73 of 3092[32m SUCCESS[39m (0 secs / 1.091 secs)
[1A[2KChrome Headless 150.0.0.0 (Windows 10): Executed 74 of 3092[32m SUCCESS[39m (0 secs / 1.142 secs)
[1A[2KChrome Headless 150.0.0.0 (Windows 10): Executed 75 of 3092[32m SUCCESS[39m (0 secs / 1.146 secs)
[1A[2KChrome Headless 150.0.0.0 (Windows 10): Executed 76 of 3092[32m SUCCESS[39m (0 secs / 1.15 secs)
[1A[2KChrome Headless 150.0.0.0 (Windows 10): Executed 77 of 3092[32m SUCCESS[39m (0 secs / 1.155 secs)
[1A[2KChrome Headless 150.0.0.0 (Windows 10): Executed 78 of 3092[32m SUCCESS[39m (0 secs / 1.156 secs)
[1A[2KChrome Headless 150.0.0.0 (Windows 10): Executed 79 of 3092[32m SUCCESS[39m (0 secs / 1.157 secs)
[1A[2KChrome Headless 150.0.0.0 (Windows 10): Executed 80 of 3092[32m SUCCESS[39m (0 secs / 1.159 secs)
[1A[2KChrome Headless 150.0.0.0 (Windows 10): Executed 81 of 3092[32m SUCCESS[39m (0 secs / 1.161 secs)
[1A[2KChrome Headless 150.0.0.0 (Windows 10): Executed 82 of 3092[32m SUCCESS[39m (0 secs / 1.162 secs)
[1A[2KChrome Headless 150.0.0.0 (Windows 10): Executed 83 of 3092[32m SUCCESS[39m (0 secs / 1.162 secs)
[1A[2KChrome Headless 150.0.0.0 (Windows 10): Executed 84 of 3092[32m SUCCESS[39m (0 secs / 1.163 secs)
[1A[2KChrome Headless 150.0.0.0 (Windows 10): Executed 85 of 3092[32m SUCCESS[39m (0 secs / 1.163 secs)
[1A[2KChrome Headless 150.0.0.0 (Windows 10): Executed 86 of 3092[32m SUCCESS[39m (0 secs / 1.163 secs)
[1A[2KChrome Headless 150.0.0.0 (Windows 10): Executed 87 of 3092[32m SUCCESS[39m (0 secs / 1.163 secs)
[1A[2KChrome Headless 150.0.0.0 (Windows 10): Executed 88 of 3092[32m SUCCESS[39m (0 secs / 1.163 secs)
[1A[2KChrome Headless 150.0.0.0 (Windows 10): Executed 89 of 3092[32m SUCCESS[39m (0 secs / 1.177 secs)
[1A[2KChrome Headless 150.0.0.0 (Windows 10): Executed 90 of 3092[32m SUCCESS[39m (0 secs / 1.179 secs)
[1A[2KChrome Headless 150.0.0.0 (Windows 10): Executed 91 of 3092[32m SUCCESS[39m (0 secs / 1.181 secs)
[1A[2KChrome Headless 150.0.0.0 (Windows 10): Executed 92 of 3092[32m SUCCESS[39m (0 secs / 1.183 secs)
[1A[2KChrome Headless 150.0.0.0 (Windows 10): Executed 93 of 3092[32m SUCCESS[39m (0 secs / 1.294 secs)
[1A[2KChrome Headless 150.0.0.0 (Windows 10): Executed 94 of 3092[32m SUCCESS[39m (0 secs / 1.298 secs)
[1A[2KChrome Headless 150.0.0.0 (Windows 10): Executed 95 of 3092[32m SUCCESS[39m (0 secs / 1.302 secs)
[1A[2KChrome Headless 150.0.0.0 (Windows 10): Executed 96 of 3092[32m SUCCESS[39m (0 secs / 1.306 secs)
[1A[2KChrome Headless 150.0.0.0 (Windows 10): Executed 97 of 3092[32m SUCCESS[39m (0 secs / 1.331 secs)
[1A[2KChrome Headless 150.0.0.0 (Windows 10): Executed 98 of 3092[32m SUCCESS[39m (0 secs / 1.337 secs)
[1A[2KChrome Headless 150.0.0.0 (Windows 10): Executed 99 of 3092[32m SUCCESS[39m (0 secs / 1.343 secs)
[1A[2KChrome Headless 150.0.0.0 (Windows 10): Executed 100 of 3092[32m SUCCESS[39m (0 secs / 1.349 secs)
[1A[2KChrome Headless 150.0.0.0 (Windows 10): Executed 101 of 3092[32m SUCCESS[39m (0 secs / 1.355 secs)
[1A[2KChrome Headless 150.0.0.0 (Windows 10): Executed 102 of 3092[32m SUCCESS[39m (0 secs / 1.361 secs)
[1A[2KChrome Headless 150.0.0.0 (Windows 10): Executed 103 of 3092[32m SUCCESS[39m (0 secs / 1.367 secs)
[1A[2KChrome Headless 150.0.0.0 (Windows 10): Executed 104 of 3092[32m SUCCESS[39m (0 secs / 1.374 secs)
[1A[2KChrome Headless 150.0.0.0 (Windows 10): Executed 105 of 3092[32m SUCCESS[39m (0 secs / 1.379 secs)
[1A[2KChrome Headless 150.0.0.0 (Windows 10): Executed 106 of 3092[32m SUCCESS[39m (0 secs / 1.386 secs)
[1A[2KChrome Headless 150.0.0.0 (Windows 10): Executed 107 of 3092[32m SUCCESS[39m (0 secs / 1.392 secs)
[1A[2KChrome Headless 150.0.0.0 (Windows 10): Executed 108 of 3092[32m SUCCESS[39m (0 secs / 1.397 secs)
[1A[2KChrome Headless 150.0.0.0 (Windows 10): Executed 109 of 3092[32m SUCCESS[39m (0 secs / 1.402 secs)
[1A[2KChrome Headless 150.0.0.0 (Windows 10): Executed 110 of 3092[32m SUCCESS[39m (0 secs / 1.407 secs)
[1A[2KChrome Headless 150.0.0.0 (Windows 10): Executed 111 of 3092[32m SUCCESS[39m (0 secs / 1.408 secs)
[1A[2KChrome Headless 150.0.0.0 (Windows 10): Executed 112 of 3092[32m SUCCESS[39m (0 secs / 1.41 secs)
[1A[2KChrome Headless 150.0.0.0 (Windows 10): Executed 113 of 3092[32m SUCCESS[39m (0 secs / 1.411 secs)
[1A[2KChrome Headless 150.0.0.0 (Windows 10): Executed 114 of 3092[32m SUCCESS[39m (0 secs / 1.412 secs)
[1A[2KChrome Headless 150.0.0.0 (Windows 10): Executed 115 of 3092[32m SUCCESS[39m (0 secs / 1.413 secs)
[1A[2KChrome Headless 150.0.0.0 (Windows 10): Executed 116 of 3092[32m SUCCESS[39m (0 secs / 1.414 secs)
[1A[2KChrome Headless 150.0.0.0 (Windows 10): Executed 117 of 3092[32m SUCCESS[39m (0 secs / 1.415 secs)
[1A[2KChrome Headless 150.0.0.0 (Windows 10): Executed 118 of 3092[32m SUCCESS[39m (0 secs / 1.459 secs)
[1A[2KChrome Headless 150.0.0.0 (Windows 10): Executed 119 of 3092[32m SUCCESS[39m (0 secs / 1.474 secs)
[1A[2KChrome Headless 150.0.0.0 (Windows 10): Executed 120 of 3092[32m SUCCESS[39m (0 secs / 1.49 secs)
[1A[2KChrome Headless 150.0.0.0 (Windows 10): Executed 121 of 3092[32m SUCCESS[39m (0 secs / 1.505 secs)
[1A[2KChrome Headless 150.0.0.0 (Windows 10): Executed 122 of 3092[32m SUCCESS[39m (0 secs / 1.524 secs)
[1A[2KChrome Headless 150.0.0.0 (Windows 10): Executed 123 of 3092[32m SUCCESS[39m (0 secs / 1.529 secs)
[1A[2KChrome Headless 150.0.0.0 (Windows 10): Executed 124 of 3092[32m SUCCESS[39m (0 secs / 1.531 secs)
[1A[2KChrome Headless 150.0.0.0 (Windows 10): Executed 125 of 3092[32m SUCCESS[39m (0 secs / 1.537 secs)
[1A[2KChrome Headless 150.0.0.0 (Windows 10): Executed 126 of 3092[32m SUCCESS[39m (0 secs / 1.538 secs)
[1A[2KChrome Headless 150.0.0.0 (Windows 10): Executed 127 of 3092[32m SUCCESS[39m (0 secs / 1.539 secs)
[1A[2KChrome Headless 150.0.0.0 (Windows 10): Executed 128 of 3092[32m SUCCESS[39m (0 secs / 1.541 secs)
[1A[2KChrome Headless 150.0.0.0 (Windows 10): Executed 129 of 3092[32m SUCCESS[39m (0 secs / 1.543 secs)
[1A[2KChrome Headless 150.0.0.0 (Windows 10): Executed 130 of 3092[32m SUCCESS[39m (0 secs / 1.545 secs)
[1A[2KChrome Headless 150.0.0.0 (Windows 10): Executed 131 of 3092[32m SUCCESS[39m (0 secs / 1.547 secs)
[1A[2KChrome Headless 150.0.0.0 (Windows 10): Executed 132 of 3092[32m SUCCESS[39m (0 secs / 1.582 secs)
[1A[2KChrome Headless 150.0.0.0 (Windows 10): Executed 133 of 3092[32m SUCCESS[39m (0 secs / 1.592 secs)
[1A[2KChrome Headless 150.0.0.0 (Windows 10): Executed 134 of 3092[32m SUCCESS[39m (0 secs / 1.606 secs)
[1A[2KChrome Headless 150.0.0.0 (Windows 10): Executed 135 of 3092[32m SUCCESS[39m (0 secs / 1.617 secs)
[1A[2KChrome Headless 150.0.0.0 (Windows 10): Executed 136 of 3092[32m SUCCESS[39m (0 secs / 1.618 secs)
[1A[2KChrome Headless 150.0.0.0 (Windows 10): Executed 137 of 3092[32m SUCCESS[39m (0 secs / 1.62 secs)
[1A[2KChrome Headless 150.0.0.0 (Windows 10): Executed 138 of 3092[32m SUCCESS[39m (0 secs / 1.622 secs)
[1A[2KChrome Headless 150.0.0.0 (Windows 10): Executed 139 of 3092[32m SUCCESS[39m (0 secs / 1.624 secs)
[1A[2KChrome Headless 150.0.0.0 (Windows 10): Executed 140 of 3092[32m SUCCESS[39m (0 secs / 1.686 secs)
[1A[2KChrome Headless 150.0.0.0 (Windows 10): Executed 141 of 3092[32m SUCCESS[39m (0 secs / 1.698 secs)
[1A[2KChrome Headless 150.0.0.0 (Windows 10): Executed 142 of 3092[32m SUCCESS[39m (0 secs / 1.709 secs)
[1A[2KChrome Headless 150.0.0.0 (Windows 10): Executed 143 of 3092[32m SUCCESS[39m (0 secs / 1.719 secs)
[1A[2KChrome Headless 150.0.0.0 (Windows 10): Executed 144 of 3092[32m SUCCESS[39m (0 secs / 1.728 secs)
[1A[2KChrome Headless 150.0.0.0 (Windows 10): Executed 145 of 3092[32m SUCCESS[39m (0 secs / 1.742 secs)
[1A[2KChrome Headless 150.0.0.0 (Windows 10): Executed 146 of 3092[32m SUCCESS[39m (0 secs / 1.751 secs)
[1A[2KChrome Headless 150.0.0.0 (Windows 10): Executed 147 of 3092[32m SUCCESS[39m (0 secs / 1.761 secs)
[1A[2KChrome Headless 150.0.0.0 (Windows 10): Executed 148 of 3092[32m SUCCESS[39m (0 secs / 1.771 secs)
[1A[2KChrome Headless 150.0.0.0 (Windows 10): Executed 149 of 3092[32m SUCCESS[39m (0 secs / 1.781 secs)
[1A[2KChrome Headless 150.0.0.0 (Windows 10): Executed 150 of 3092[32m SUCCESS[39m (0 secs / 1.791 secs)
[1A[2KChrome Headless 150.0.0.0 (Windows 10): Executed 151 of 3092[32m SUCCESS[39m (0 secs / 1.801 secs)
[1A[2KChrome Headless 150.0.0.0 (Windows 10): Executed 152 of 3092[32m SUCCESS[39m (0 secs / 1.81 secs)
[1A[2KChrome Headless 150.0.0.0 (Windows 10): Executed 153 of 3092[32m SUCCESS[39m (0 secs / 1.819 secs)
[1A[2KChrome Headless 150.0.0.0 (Windows 10): Executed 154 of 3092[32m SUCCESS[39m (0 secs / 1.828 secs)
[1A[2KChrome Headless 150.0.0.0 (Windows 10): Executed 155 of 3092[32m SUCCESS[39m (0 secs / 1.837 secs)
[1A[2KChrome Headless 150.0.0.0 (Windows 10): Executed 156 of 3092[32m SUCCESS[39m (0 secs / 1.846 secs)
[1A[2KChrome Headless 150.0.0.0 (Windows 10): Executed 157 of 3092[32m SUCCESS[39m (0 secs / 1.855 secs)
[1A[2KChrome Headless 150.0.0.0 (Windows 10): Executed 158 of 3092[32m SUCCESS[39m (0 secs / 1.864 secs)
[1A[2KChrome Headless 150.0.0.0 (Windows 10): Executed 159 of 3092[32m SUCCESS[39m (0 secs / 1.873 secs)
[1A[2KChrome Headless 150.0.0.0 (Windows 10): Executed 160 of 3092[32m SUCCESS[39m (0 secs / 1.882 secs)
[1A[2KChrome Headless 150.0.0.0 (Windows 10): Executed 161 of 3092[32m SUCCESS[39m (0 secs / 1.89 secs)
[1A[2KChrome Headless 150.0.0.0 (Windows 10): Executed 162 of 3092[32m SUCCESS[39m (0 secs / 1.899 secs)
[1A[2KChrome Headless 150.0.0.0 (Windows 10): Executed 163 of 3092[32m SUCCESS[39m (0 secs / 1.907 secs)
[1A[2KChrome Headless 150.0.0.0 (Windows 10): Executed 164 of 3092[32m SUCCESS[39m (0 secs / 1.915 secs)
[1A[2KChrome Headless 150.0.0.0 (Windows 10): Executed 165 of 3092[32m SUCCESS[39m (0 secs / 1.924 secs)
[1A[2KChrome Headless 150.0.0.0 (Windows 10): Executed 166 of 3092[32m SUCCESS[39m (0 secs / 1.933 secs)
[1A[2KChrome Headless 150.0.0.0 (Windows 10): Executed 167 of 3092[32m SUCCESS[39m (0 secs / 1.942 secs)
[1A[2KChrome Headless 150.0.0.0 (Windows 10): Executed 168 of 3092[32m SUCCESS[39m (0 secs / 1.95 secs)
[1A[2KChrome Headless 150.0.0.0 (Windows 10): Executed 169 of 3092[32m SUCCESS[39m (0 secs / 1.964 secs)
[1A[2KChrome Headless 150.0.0.0 (Windows 10): Executed 170 of 3092[32m SUCCESS[39m (0 secs / 1.97 secs)
[1A[2KChrome Headless 150.0.0.0 (Windows 10): Executed 171 of 3092[32m SUCCESS[39m (0 secs / 1.975 secs)
[1A[2KChrome Headless 150.0.0.0 (Windows 10): Executed 172 of 3092[32m SUCCESS[39m (0 secs / 1.981 secs)
[1A[2KChrome Headless 150.0.0.0 (Windows 10): Executed 173 of 3092[32m SUCCESS[39m (0 secs / 2.023 secs)
[1A[2KChrome Headless 150.0.0.0 (Windows 10): Executed 174 of 3092[32m SUCCESS[39m (0 secs / 2.025 secs)
[1A[2KChrome Headless 150.0.0.0 (Windows 10): Executed 175 of 3092[32m SUCCESS[39m (0 secs / 2.027 secs)
[1A[2KChrome Headless 150.0.0.0 (Windows 10): Executed 176 of 3092[32m SUCCESS[39m (0 secs / 2.029 secs)
[1A[2KChrome Headless 150.0.0.0 (Windows 10): Executed 177 of 3092[32m SUCCESS[39m (0 secs / 2.031 secs)
[1A[2KChrome Headless 150.0.0.0 (Windows 10): Executed 178 of 3092[32m SUCCESS[39m (0 secs / 2.045 secs)
[1A[2KChrome Headless 150.0.0.0 (Windows 10): Executed 179 of 3092[32m SUCCESS[39m (0 secs / 2.049 secs)
[1A[2KChrome Headless 150.0.0.0 (Windows 10): Executed 180 of 3092[32m SUCCESS[39m (0 secs / 2.052 secs)
[1A[2KChrome Headless 150.0.0.0 (Windows 10): Executed 181 of 3092[32m SUCCESS[39m (0 secs / 2.054 secs)
[1A[2KChrome Headless 150.0.0.0 (Windows 10): Executed 182 of 3092[32m SUCCESS[39m (0 secs / 2.056 secs)
[1A[2KChrome Headless 150.0.0.0 (Windows 10): Executed 183 of 3092[32m SUCCESS[39m (0 secs / 2.058 secs)
[1A[2KChrome Headless 150.0.0.0 (Windows 10): Executed 184 of 3092[32m SUCCESS[39m (0 secs / 2.061 secs)
[1A[2KChrome Headless 150.0.0.0 (Windows 10): Executed 185 of 3092[32m SUCCESS[39m (0 secs / 2.063 secs)
[1A[2KChrome Headless 150.0.0.0 (Windows 10): Executed 186 of 3092[32m SUCCESS[39m (0 secs / 2.065 secs)
[1A[2KChrome Headless 150.0.0.0 (Windows 10): Executed 187 of 3092[32m SUCCESS[39m (0 secs / 2.068 secs)
[1A[2KChrome Headless 150.0.0.0 (Windows 10): Executed 188 of 3092[32m SUCCESS[39m (0 secs / 2.07 secs)
[1A[2KChrome Headless 150.0.0.0 (Windows 10): Executed 189 of 3092[32m SUCCESS[39m (0 secs / 2.072 secs)
[1A[2KChrome Headless 150.0.0.0 (Windows 10): Executed 190 of 3092[32m SUCCESS[39m (0 secs / 2.074 secs)
[1A[2KChrome Headless 150.0.0.0 (Windows 10): Executed 191 of 3092[32m SUCCESS[39m (0 secs / 2.076 secs)
[1A[2KChrome Headless 150.0.0.0 (Windows 10): Executed 192 of 3092[32m SUCCESS[39m (0 secs / 2.078 secs)
[1A[2KChrome Headless 150.0.0.0 (Windows 10): Executed 193 of 3092[32m SUCCESS[39m (0 secs / 2.083 secs)
[1A[2KChrome Headless 150.0.0.0 (Windows 10): Executed 194 of 3092[32m SUCCESS[39m (0 secs / 2.085 secs)
[1A[2KChrome Headless 150.0.0.0 (Windows 10): Executed 195 of 3092[32m SUCCESS[39m (0 secs / 2.088 secs)
[1A[2KChrome Headless 150.0.0.0 (Windows 10): Executed 196 of 3092[32m SUCCESS[39m (0 secs / 2.091 secs)
[1A[2KChrome Headless 150.0.0.0 (Windows 10): Executed 197 of 3092[32m SUCCESS[39m (0 secs / 2.094 secs)
[1A[2KChrome Headless 150.0.0.0 (Windows 10): Executed 198 of 3092[32m SUCCESS[39m (0 secs / 2.097 secs)
[1A[2KChrome Headless 150.0.0.0 (Windows 10): Executed 199 of 3092[32m SUCCESS[39m (0 secs / 2.099 secs)
[1A[2KChrome Headless 150.0.0.0 (Windows 10): Executed 200 of 3092[32m SUCCESS[39m (0 secs / 2.102 secs)
[1A[2KChrome Headless 150.0.0.0 (Windows 10): Executed 201 of 3092[32m SUCCESS[39m (0 secs / 2.105 secs)
[1A[2KChrome Headless 150.0.0.0 (Windows 10): Executed 202 of 3092[32m SUCCESS[39m (0 secs / 2.107 secs)
[1A[2KChrome Headless 150.0.0.0 (Windows 10): Executed 203 of 3092[32m SUCCESS[39m (0 secs / 2.109 secs)
[1A[2KChrome Headless 150.0.0.0 (Windows 10): Executed 204 of 3092[32m SUCCESS[39m (0 secs / 2.111 secs)
[1A[2KChrome Headless 150.0.0.0 (Windows 10): Executed 205 of 3092[32m SUCCESS[39m (0 secs / 2.113 secs)
[1A[2KChrome Headless 150.0.0.0 (Windows 10): Executed 206 of 3092[32m SUCCESS[39m (0 secs / 2.116 secs)
[1A[2KChrome Headless 150.0.0.0 (Windows 10): Executed 207 of 3092[32m SUCCESS[39m (0 secs / 2.118 secs)
[1A[2KChrome Headless 150.0.0.0 (Windows 10): Executed 208 of 3092[32m SUCCESS[39m (0 secs / 2.121 secs)
[1A[2KChrome Headless 150.0.0.0 (Windows 10): Executed 209 of 3092[32m SUCCESS[39m (0 secs / 2.124 secs)
[1A[2KChrome Headless 150.0.0.0 (Windows 10): Executed 210 of 3092[32m SUCCESS[39m (0 secs / 2.127 secs)
[1A[2KChrome Headless 150.0.0.0 (Windows 10): Executed 211 of 3092[32m SUCCESS[39m (0 secs / 2.129 secs)
[1A[2KChrome Headless 150.0.0.0 (Windows 10): Executed 212 of 3092[32m SUCCESS[39m (0 secs / 2.133 secs)
[1A[2KChrome Headless 150.0.0.0 (Windows 10): Executed 213 of 3092[32m SUCCESS[39m (0 secs / 2.136 secs)
[1A[2KChrome Headless 150.0.0.0 (Windows 10): Executed 214 of 3092[32m SUCCESS[39m (0 secs / 2.139 secs)
[1A[2KChrome Headless 150.0.0.0 (Windows 10): Executed 215 of 3092[32m SUCCESS[39m (0 secs / 2.142 secs)
[1A[2KChrome Headless 150.0.0.0 (Windows 10): Executed 216 of 3092[32m SUCCESS[39m (0 secs / 2.145 secs)
[1A[2KChrome Headless 150.0.0.0 (Windows 10): Executed 217 of 3092[32m SUCCESS[39m (0 secs / 2.147 secs)
[1A[2KChrome Headless 150.0.0.0 (Windows 10): Executed 218 of 3092[32m SUCCESS[39m (0 secs / 2.149 secs)
[1A[2KChrome Headless 150.0.0.0 (Windows 10): Executed 219 of 3092[32m SUCCESS[39m (0 secs / 2.151 secs)
[1A[2KChrome Headless 150.0.0.0 (Windows 10): Executed 220 of 3092[32m SUCCESS[39m (0 secs / 2.154 secs)
[1A[2KChrome Headless 150.0.0.0 (Windows 10): Executed 221 of 3092[32m SUCCESS[39m (0 secs / 2.156 secs)
[1A[2KChrome Headless 150.0.0.0 (Windows 10): Executed 222 of 3092[32m SUCCESS[39m (0 secs / 2.159 secs)
[1A[2KChrome Headless 150.0.0.0 (Windows 10): Executed 223 of 3092[32m SUCCESS[39m (0 secs / 2.161 secs)
[1A[2KChrome Headless 150.0.0.0 (Windows 10): Executed 224 of 3092[32m SUCCESS[39m (0 secs / 2.163 secs)
[1A[2KChrome Headless 150.0.0.0 (Windows 10): Executed 225 of 3092[32m SUCCESS[39m (0 secs / 2.166 secs)
[1A[2KChrome Headless 150.0.0.0 (Windows 10): Executed 226 of 3092[32m SUCCESS[39m (0 secs / 2.168 secs)
[1A[2KChrome Headless 150.0.0.0 (Windows 10): Executed 227 of 3092[32m SUCCESS[39m (0 secs / 2.17 secs)
[1A[2KChrome Headless 150.0.0.0 (Windows 10): Executed 228 of 3092[32m SUCCESS[39m (0 secs / 2.172 secs)
[1A[2KChrome Headless 150.0.0.0 (Windows 10): Executed 229 of 3092[32m SUCCESS[39m (0 secs / 2.175 secs)
[1A[2KChrome Headless 150.0.0.0 (Windows 10): Executed 230 of 3092[32m SUCCESS[39m (0 secs / 2.177 secs)
[1A[2KChrome Headless 150.0.0.0 (Windows 10): Executed 231 of 3092[32m SUCCESS[39m (0 secs / 2.179 secs)
[1A[2KChrome Headless 150.0.0.0 (Windows 10): Executed 232 of 3092[32m SUCCESS[39m (0 secs / 2.182 secs)
[1A[2KChrome Headless 150.0.0.0 (Windows 10): Executed 233 of 3092[32m SUCCESS[39m (0 secs / 2.186 secs)
[1A[2KChrome Headless 150.0.0.0 (Windows 10): Executed 234 of 3092[32m SUCCESS[39m (0 secs / 2.187 secs)
[1A[2KChrome Headless 150.0.0.0 (Windows 10): Executed 235 of 3092[32m SUCCESS[39m (0 secs / 2.188 secs)
[1A[2KChrome Headless 150.0.0.0 (Windows 10): Executed 236 of 3092[32m SUCCESS[39m (0 secs / 2.189 secs)
[1A[2KChrome Headless 150.0.0.0 (Windows 10): Executed 237 of 3092[32m SUCCESS[39m (0 secs / 2.191 secs)
[1A[2KChrome Headless 150.0.0.0 (Windows 10): Executed 238 of 3092[32m SUCCESS[39m (0 secs / 2.192 secs)
[1A[2KChrome Headless 150.0.0.0 (Windows 10): Executed 239 of 3092[32m SUCCESS[39m (0 secs / 2.193 secs)
[1A[2KChrome Headless 150.0.0.0 (Windows 10): Executed 240 of 3092[32m SUCCESS[39m (0 secs / 2.194 secs)
[1A[2KChrome Headless 150.0.0.0 (Windows 10): Executed 241 of 3092[32m SUCCESS[39m (0 secs / 2.195 secs)
[1A[2KChrome Headless 150.0.0.0 (Windows 10): Executed 242 of 3092[32m SUCCESS[39m (0 secs / 2.197 secs)
[1A[2KChrome Headless 150.0.0.0 (Windows 10): Executed 243 of 3092[32m SUCCESS[39m (0 secs / 2.199 secs)
[1A[2KChrome Headless 150.0.0.0 (Windows 10): Executed 244 of 3092[32m SUCCESS[39m (0 secs / 2.2 secs)
[1A[2KChrome Headless 150.0.0.0 (Windows 10): Executed 245 of 3092[32m SUCCESS[39m (0 secs / 2.201 secs)
[1A[2KChrome Headless 150.0.0.0 (Windows 10): Executed 246 of 3092[32m SUCCESS[39m (0 secs / 2.202 secs)
[1A[2KChrome Headless 150.0.0.0 (Windows 10): Executed 247 of 3092[32m SUCCESS[39m (0 secs / 2.203 secs)
[1A[2KChrome Headless 150.0.0.0 (Windows 10): Executed 248 of 3092[32m SUCCESS[39m (0 secs / 2.205 secs)
[1A[2KChrome Headless 150.0.0.0 (Windows 10): Executed 249 of 3092[32m SUCCESS[39m (0 secs / 2.206 secs)
[1A[2KChrome Headless 150.0.0.0 (Windows 10): Executed 250 of 3092[32m SUCCESS[39m (0 secs / 2.38 secs)
[1A[2KChrome Headless 150.0.0.0 (Windows 10): Executed 251 of 3092[32m SUCCESS[39m (0 secs / 2.407 secs)
[1A[2KChrome Headless 150.0.0.0 (Windows 10): Executed 252 of 3092[32m SUCCESS[39m (0 secs / 2.434 secs)
[1A[2KChrome Headless 150.0.0.0 (Windows 10): Executed 253 of 3092[32m SUCCESS[39m (0 secs / 2.461 secs)
[1A[2KChrome Headless 150.0.0.0 (Windows 10): Executed 254 of 3092[32m SUCCESS[39m (0 secs / 2.487 secs)
[1A[2KChrome Headless 150.0.0.0 (Windows 10): Executed 255 of 3092[32m SUCCESS[39m (0 secs / 2.518 secs)
[1A[2KChrome Headless 150.0.0.0 (Windows 10): Executed 256 of 3092[32m SUCCESS[39m (0 secs / 2.543 secs)
[1A[2KChrome Headless 150.0.0.0 (Windows 10): Executed 257 of 3092[32m SUCCESS[39m (0 secs / 2.576 secs)
[1A[2KChrome Headless 150.0.0.0 (Windows 10): Executed 258 of 3092[32m SUCCESS[39m (0 secs / 2.602 secs)
[1A[2KChrome Headless 150.0.0.0 (Windows 10): Executed 259 of 3092[32m SUCCESS[39m (0 secs / 2.633 secs)
[1A[2KChrome Headless 150.0.0.0 (Windows 10): Executed 260 of 3092[32m SUCCESS[39m (0 secs / 2.658 secs)
[1A[2KChrome Headless 150.0.0.0 (Windows 10): Executed 261 of 3092[32m SUCCESS[39m (0 secs / 2.685 secs)
[1A[2KChrome Headless 150.0.0.0 (Windows 10): Executed 262 of 3092[32m SUCCESS[39m (0 secs / 2.712 secs)
[1A[2KChrome Headless 150.0.0.0 (Windows 10): Executed 263 of 3092[32m SUCCESS[39m (0 secs / 2.747 secs)
[1A[2KChrome Headless 150.0.0.0 (Windows 10): Executed 264 of 3092[32m SUCCESS[39m (0 secs / 2.778 secs)
[1A[2KChrome Headless 150.0.0.0 (Windows 10): Executed 265 of 3092[32m SUCCESS[39m (0 secs / 2.803 secs)
[1A[2KChrome Headless 150.0.0.0 (Windows 10): Executed 266 of 3092[32m SUCCESS[39m (0 secs / 2.83 secs)
[1A[2KChrome Headless 150.0.0.0 (Windows 10): Executed 267 of 3092[32m SUCCESS[39m (0 secs / 2.855 secs)
[1A[2KChrome Headless 150.0.0.0 (Windows 10): Executed 268 of 3092[32m SUCCESS[39m (0 secs / 2.883 secs)
[1A[2KChrome Headless 150.0.0.0 (Windows 10): Executed 269 of 3092[32m SUCCESS[39m (0 secs / 2.91 secs)
[1A[2KChrome Headless 150.0.0.0 (Windows 10): Executed 270 of 3092[32m SUCCESS[39m (0 secs / 2.936 secs)
[1A[2KChrome Headless 150.0.0.0 (Windows 10): Executed 271 of 3092[32m SUCCESS[39m (0 secs / 2.966 secs)
[1A[2KChrome Headless 150.0.0.0 (Windows 10): Executed 272 of 3092[32m SUCCESS[39m (0 secs / 2.992 secs)
[1A[2KChrome Headless 150.0.0.0 (Windows 10): Executed 273 of 3092[32m SUCCESS[39m (0 secs / 3.018 secs)
[1A[2KChrome Headless 150.0.0.0 (Windows 10): Executed 274 of 3092[32m SUCCESS[39m (0 secs / 3.043 secs)
[1A[2KChrome Headless 150.0.0.0 (Windows 10): Executed 275 of 3092[32m SUCCESS[39m (0 secs / 3.069 secs)
[1A[2KERROR: [36m'Error al enviar la solicitud de registro:', Error: Error 500
Error: Error 500
    at http://localhost:9876/base/src/app/features/registro-colegio/registro-colegio.integration.spec.ts:77:66
    at _Observable.init [as _subscribe] (http://localhost:9876/base/node_modules/rxjs/dist/esm/internal/observable/throwError.js:5:51)
    at _Observable._trySubscribe (http://localhost:9876/base/node_modules/rxjs/dist/esm/internal/Observable.js:37:25)
    at http://localhost:9876/base/node_modules/rxjs/dist/esm/internal/Observable.js:31:30
    at errorContext (http://localhost:9876/base/node_modules/rxjs/dist/esm/internal/util/errorContext.js:19:9)
    at _Observable.subscribe (http://localhost:9876/base/node_modules/rxjs/dist/esm/internal/Observable.js:22:9)
    at RegistroColegioPresenter2.enviarSolicitud (http://localhost:9876/base/src/app/features/registro-colegio/presenter/registro-colegio.presenter.ts:25:54)
    at RegistroColegioPage2.enviar (http://localhost:9876/base/src/app/features/registro-colegio/registro-colegio.page.ts:58:20)
    at RegistroColegioPage2_Conditional_12_Template_form_ngSubmit_0_listener (ng:///RegistroColegioPage2.js:121:40)
    at executeListenerWithErrorHandling (http://localhost:9876/base/node_modules/@angular/core/fesm2022/debug_node.mjs:14359:16)[39m
Chrome Headless 150.0.0.0 (Windows 10): Executed 275 of 3092[32m SUCCESS[39m (0 secs / 3.069 secs)
ERROR: 'Error al enviar la solicitud de registro:', Error: Error 500
Error: Error 500
    at http://localhost:9876/base/src/app/features/registro-colegio/registro-colegio.integration.spec.ts:77:66
    at _Observable.init [as _subscribe] (http://localhost:9876/base/node_modules/rxjs/dist/esm/internal/observable/throwError.js:5:51)
    at _Observable._trySubscribe (http://localhost:9876/base/node_modules/rxjs/dist/esm/internal/Observable.js:37:25)
    at http://localhost:9876/base/node_modules/rxjs/dist/esm/internal/Observable.js:31:30
    at errorContext (http://localhost:9876/base/node_modules/rxjs/dist/esm/internal/util/errorContext.js:19:9)
    at _Observable.subscribe (http://localhost:9876/base/node_modules/rxjs/dist/esm/internal/Observable.js:22:9)
    at RegistroColegioPresenter2.enviarSolicitud (http://localhost:9876/base/src/app/features/registro-colegio/presenter/registro-colegio.presenter.ts:25:54)
    at RegistroColegioPage2.enviar (http://localhost:9876/base/src/app/features/registro-colegio/registro-colegio.page.ts:58:20)
    at RegistroColegioPage2_Conditional_12_Template_form_ngSubmit_0_listener (ng:///RegistroColegioPage2.js:121:40)
    at executeListenerWithErrorHandling (http://localhost:9876/base/node_modules/@angular/core/fesm2022/debug_node.mjs:14359:16)
[1A[2KChrome Headless 150.0.0.0 (Windows 10): Executed 276 of 3092[32m SUCCESS[39m (0 secs / 3.474 secs)
[1A[2KChrome Headless 150.0.0.0 (Windows 10): Executed 277 of 3092[32m SUCCESS[39m (0 secs / 3.482 secs)
[1A[2KChrome Headless 150.0.0.0 (Windows 10): Executed 278 of 3092[32m SUCCESS[39m (0 secs / 3.487 secs)
[1A[2KChrome Headless 150.0.0.0 (Windows 10): Executed 279 of 3092[32m SUCCESS[39m (0 secs / 3.499 secs)
[1A[2KChrome Headless 150.0.0.0 (Windows 10): Executed 280 of 3092[32m SUCCESS[39m (0 secs / 3.5 secs)
[1A[2KChrome Headless 150.0.0.0 (Windows 10): Executed 281 of 3092[32m SUCCESS[39m (0 secs / 3.502 secs)
[1A[2KChrome Headless 150.0.0.0 (Windows 10): Executed 282 of 3092[32m SUCCESS[39m (0 secs / 3.503 secs)
[1A[2KChrome Headless 150.0.0.0 (Windows 10): Executed 283 of 3092[32m SUCCESS[39m (0 secs / 3.505 secs)
[1A[2KChrome Headless 150.0.0.0 (Windows 10): Executed 284 of 3092[32m SUCCESS[39m (0 secs / 3.506 secs)
[1A[2KChrome Headless 150.0.0.0 (Windows 10): Executed 285 of 3092[32m SUCCESS[39m (0 secs / 3.507 secs)
[1A[2KChrome Headless 150.0.0.0 (Windows 10): Executed 286 of 3092[32m SUCCESS[39m (0 secs / 3.508 secs)
[1A[2KChrome Headless 150.0.0.0 (Windows 10): Executed 287 of 3092[32m SUCCESS[39m (0 secs / 3.509 secs)
[1A[2KChrome Headless 150.0.0.0 (Windows 10): Executed 288 of 3092[32m SUCCESS[39m (0 secs / 3.62 secs)
[1A[2KChrome Headless 150.0.0.0 (Windows 10): Executed 289 of 3092[32m SUCCESS[39m (0 secs / 3.631 secs)
[1A[2KChrome Headless 150.0.0.0 (Windows 10): Executed 290 of 3092[32m SUCCESS[39m (0 secs / 3.642 secs)
[1A[2KChrome Headless 150.0.0.0 (Windows 10): Executed 291 of 3092[32m SUCCESS[39m (0 secs / 3.652 secs)
[1A[2KChrome Headless 150.0.0.0 (Windows 10): Executed 292 of 3092[32m SUCCESS[39m (0 secs / 3.662 secs)
[33m09 07 2026 15:53:53.889:WARN [web-server]: [39m404: /foto.jpg
[1A[2KChrome Headless 150.0.0.0 (Windows 10): Executed 293 of 3092[32m SUCCESS[39m (0 secs / 3.68 secs)
[1A[2KChrome Headless 150.0.0.0 (Windows 10): Executed 294 of 3092[32m SUCCESS[39m (0 secs / 3.691 secs)
[1A[2KChrome Headless 150.0.0.0 (Windows 10): Executed 295 of 3092[32m SUCCESS[39m (0 secs / 3.701 secs)
[1A[2KChrome Headless 150.0.0.0 (Windows 10): Executed 296 of 3092[32m SUCCESS[39m (0 secs / 3.714 secs)
[1A[2KChrome Headless 150.0.0.0 (Windows 10): Executed 297 of 3092[32m SUCCESS[39m (0 secs / 3.723 secs)
[1A[2KChrome Headless 150.0.0.0 (Windows 10): Executed 298 of 3092[32m SUCCESS[39m (0 secs / 3.732 secs)
[1A[2KChrome Headless 150.0.0.0 (Windows 10): Executed 299 of 3092[32m SUCCESS[39m (0 secs / 3.742 secs)
[1A[2KChrome Headless 150.0.0.0 (Windows 10): Executed 300 of 3092[32m SUCCESS[39m (0 secs / 3.755 secs)
[1A[2KChrome Headless 150.0.0.0 (Windows 10): Executed 301 of 3092[32m SUCCESS[39m (0 secs / 3.765 secs)
[1A[2KChrome Headless 150.0.0.0 (Windows 10): Executed 302 of 3092[32m SUCCESS[39m (0 secs / 3.775 secs)
[1A[2KChrome Headless 150.0.0.0 (Windows 10): Executed 303 of 3092[32m SUCCESS[39m (0 secs / 3.784 secs)
[1A[2KChrome Headless 150.0.0.0 (Windows 10): Executed 304 of 3092[32m SUCCESS[39m (0 secs / 3.794 secs)
[1A[2KChrome Headless 150.0.0.0 (Windows 10): Executed 305 of 3092[32m SUCCESS[39m (0 secs / 3.805 secs)
[1A[2KChrome Headless 150.0.0.0 (Windows 10): Executed 306 of 3092[32m SUCCESS[39m (0 secs / 3.814 secs)
[1A[2KChrome Headless 150.0.0.0 (Windows 10): Executed 307 of 3092[32m SUCCESS[39m (0 secs / 3.827 secs)
[1A[2KChrome Headless 150.0.0.0 (Windows 10): Executed 308 of 3092[32m SUCCESS[39m (0 secs / 3.836 secs)
[1A[2KChrome Headless 150.0.0.0 (Windows 10): Executed 309 of 3092[32m SUCCESS[39m (0 secs / 3.902 secs)
[1A[2KChrome Headless 150.0.0.0 (Windows 10): Executed 310 of 3092[32m SUCCESS[39m (0 secs / 3.906 secs)
[1A[2KChrome Headless 150.0.0.0 (Windows 10): Executed 311 of 3092[32m SUCCESS[39m (0 secs / 3.909 secs)
[1A[2KChrome Headless 150.0.0.0 (Windows 10): Executed 312 of 3092[32m SUCCESS[39m (0 secs / 3.979 secs)
[1A[2KChrome Headless 150.0.0.0 (Windows 10): Executed 313 of 3092[32m SUCCESS[39m (0 secs / 3.981 secs)
[1A[2KChrome Headless 150.0.0.0 (Windows 10): Executed 314 of 3092[32m SUCCESS[39m (0 secs / 4.054 secs)
[1A[2KChrome Headless 150.0.0.0 (Windows 10): Executed 315 of 3092[32m SUCCESS[39m (0 secs / 4.057 secs)
[1A[2KChrome Headless 150.0.0.0 (Windows 10): Executed 316 of 3092[32m SUCCESS[39m (0 secs / 4.06 secs)
[1A[2KChrome Headless 150.0.0.0 (Windows 10): Executed 317 of 3092[32m SUCCESS[39m (0 secs / 4.093 secs)
[1A[2KChrome Headless 150.0.0.0 (Windows 10): Executed 318 of 3092[32m SUCCESS[39m (0 secs / 4.106 secs)
[1A[2KChrome Headless 150.0.0.0 (Windows 10): Executed 319 of 3092[32m SUCCESS[39m (0 secs / 4.121 secs)
[1A[2KChrome Headless 150.0.0.0 (Windows 10): Executed 320 of 3092[32m SUCCESS[39m (0 secs / 4.131 secs)
[1A[2KChrome Headless 150.0.0.0 (Windows 10): Executed 321 of 3092[32m SUCCESS[39m (0 secs / 4.142 secs)
[1A[2KChrome Headless 150.0.0.0 (Windows 10): Executed 322 of 3092[32m SUCCESS[39m (0 secs / 4.153 secs)
[1A[2KChrome Headless 150.0.0.0 (Windows 10): Executed 323 of 3092[32m SUCCESS[39m (0 secs / 4.164 secs)
[1A[2KChrome Headless 150.0.0.0 (Windows 10): Executed 324 of 3092[32m SUCCESS[39m (0 secs / 4.178 secs)
[1A[2KChrome Headless 150.0.0.0 (Windows 10): Executed 325 of 3092[32m SUCCESS[39m (0 secs / 4.19 secs)
[1A[2KChrome Headless 150.0.0.0 (Windows 10): Executed 326 of 3092[32m SUCCESS[39m (0 secs / 4.202 secs)
[1A[2KChrome Headless 150.0.0.0 (Windows 10): Executed 327 of 3092[32m SUCCESS[39m (0 secs / 4.214 secs)
[1A[2KChrome Headless 150.0.0.0 (Windows 10): Executed 328 of 3092[32m SUCCESS[39m (0 secs / 4.226 secs)
[1A[2KChrome Headless 150.0.0.0 (Windows 10): Executed 329 of 3092[32m SUCCESS[39m (0 secs / 4.252 secs)
[1A[2KChrome Headless 150.0.0.0 (Windows 10): Executed 330 of 3092[32m SUCCESS[39m (0 secs / 4.263 secs)
[1A[2KChrome Headless 150.0.0.0 (Windows 10): Executed 331 of 3092[32m SUCCESS[39m (0 secs / 4.278 secs)
[1A[2KChrome Headless 150.0.0.0 (Windows 10): Executed 332 of 3092[32m SUCCESS[39m (0 secs / 4.279 secs)
[1A[2KChrome Headless 150.0.0.0 (Windows 10): Executed 333 of 3092[32m SUCCESS[39m (0 secs / 4.28 secs)
[1A[2KChrome Headless 150.0.0.0 (Windows 10): Executed 334 of 3092[32m SUCCESS[39m (0 secs / 4.281 secs)
[1A[2KChrome Headless 150.0.0.0 (Windows 10): Executed 335 of 3092[32m SUCCESS[39m (0 secs / 7.376 secs)
[1A[2KChrome Headless 150.0.0.0 (Windows 10): Executed 336 of 3092[32m SUCCESS[39m (0 secs / 7.378 secs)
[1A[2KChrome Headless 150.0.0.0 (Windows 10): Executed 337 of 3092[32m SUCCESS[39m (0 secs / 7.38 secs)
[1A[2KChrome Headless 150.0.0.0 (Windows 10): Executed 338 of 3092[32m SUCCESS[39m (0 secs / 7.382 secs)
[1A[2KChrome Headless 150.0.0.0 (Windows 10): Executed 339 of 3092[32m SUCCESS[39m (0 secs / 7.383 secs)
[1A[2KChrome Headless 150.0.0.0 (Windows 10): Executed 340 of 3092[32m SUCCESS[39m (0 secs / 7.384 secs)
[1A[2KChrome Headless 150.0.0.0 (Windows 10): Executed 341 of 3092[32m SUCCESS[39m (0 secs / 7.386 secs)
[1A[2KChrome Headless 150.0.0.0 (Windows 10): Executed 342 of 3092[32m SUCCESS[39m (0 secs / 7.387 secs)
[1A[2KChrome Headless 150.0.0.0 (Windows 10): Executed 343 of 3092[32m SUCCESS[39m (0 secs / 7.388 secs)
[1A[2KChrome Headless 150.0.0.0 (Windows 10): Executed 344 of 3092[32m SUCCESS[39m (0 secs / 7.389 secs)
[1A[2KChrome Headless 150.0.0.0 (Windows 10): Executed 345 of 3092[32m SUCCESS[39m (0 secs / 7.392 secs)
[1A[2KChrome Headless 150.0.0.0 (Windows 10): Executed 346 of 3092[32m SUCCESS[39m (0 secs / 7.393 secs)
[1A[2KChrome Headless 150.0.0.0 (Windows 10): Executed 347 of 3092[32m SUCCESS[39m (0 secs / 7.395 secs)
[1A[2KChrome Headless 150.0.0.0 (Windows 10): Executed 348 of 3092[32m SUCCESS[39m (0 secs / 7.397 secs)
[1A[2KChrome Headless 150.0.0.0 (Windows 10): Executed 349 of 3092[32m SUCCESS[39m (0 secs / 7.518 secs)
[1A[2KChrome Headless 150.0.0.0 (Windows 10): Executed 350 of 3092[32m SUCCESS[39m (0 secs / 7.539 secs)
[1A[2KChrome Headless 150.0.0.0 (Windows 10): Executed 351 of 3092[32m SUCCESS[39m (0 secs / 7.558 secs)
[1A[2KChrome Headless 150.0.0.0 (Windows 10): Executed 352 of 3092[32m SUCCESS[39m (0 secs / 7.583 secs)
[1A[2KChrome Headless 150.0.0.0 (Windows 10): Executed 353 of 3092[32m SUCCESS[39m (0 secs / 7.605 secs)
[1A[2KChrome Headless 150.0.0.0 (Windows 10): Executed 354 of 3092[32m SUCCESS[39m (0 secs / 7.625 secs)
[1A[2KChrome Headless 150.0.0.0 (Windows 10): Executed 355 of 3092[32m SUCCESS[39m (0 secs / 7.651 secs)
[1A[2KChrome Headless 150.0.0.0 (Windows 10): Executed 356 of 3092[32m SUCCESS[39m (0 secs / 7.672 secs)
[1A[2KChrome Headless 150.0.0.0 (Windows 10): Executed 357 of 3092[32m SUCCESS[39m (0 secs / 7.694 secs)
[1A[2KChrome Headless 150.0.0.0 (Windows 10): Executed 358 of 3092[32m SUCCESS[39m (0 secs / 7.711 secs)
[1A[2KChrome Headless 150.0.0.0 (Windows 10): Executed 359 of 3092[32m SUCCESS[39m (0 secs / 7.732 secs)
[1A[2KChrome Headless 150.0.0.0 (Windows 10): Executed 360 of 3092[32m SUCCESS[39m (0 secs / 7.756 secs)
[1A[2KChrome Headless 150.0.0.0 (Windows 10): Executed 361 of 3092[32m SUCCESS[39m (0 secs / 7.778 secs)
[1A[2KChrome Headless 150.0.0.0 (Windows 10): Executed 362 of 3092[32m SUCCESS[39m (0 secs / 7.798 secs)
[1A[2KChrome Headless 150.0.0.0 (Windows 10): Executed 363 of 3092[32m SUCCESS[39m (0 secs / 7.819 secs)
[1A[2KChrome Headless 150.0.0.0 (Windows 10): Executed 364 of 3092[32m SUCCESS[39m (0 secs / 8.436 secs)
[1A[2KChrome Headless 150.0.0.0 (Windows 10): Executed 365 of 3092[32m SUCCESS[39m (0 secs / 8.44 secs)
[1A[2KChrome Headless 150.0.0.0 (Windows 10): Executed 366 of 3092[32m SUCCESS[39m (0 secs / 8.443 secs)
[1A[2KChrome Headless 150.0.0.0 (Windows 10): Executed 367 of 3092[32m SUCCESS[39m (0 secs / 8.445 secs)
[1A[2KChrome Headless 150.0.0.0 (Windows 10): Executed 368 of 3092[32m SUCCESS[39m (0 secs / 8.447 secs)
[1A[2KChrome Headless 150.0.0.0 (Windows 10): Executed 369 of 3092[32m SUCCESS[39m (0 secs / 8.449 secs)
[1A[2KChrome Headless 150.0.0.0 (Windows 10): Executed 370 of 3092[32m SUCCESS[39m (0 secs / 8.452 secs)
[1A[2KChrome Headless 150.0.0.0 (Windows 10): Executed 371 of 3092[32m SUCCESS[39m (0 secs / 8.455 secs)
[1A[2KChrome Headless 150.0.0.0 (Windows 10): Executed 372 of 3092[32m SUCCESS[39m (0 secs / 8.457 secs)
[1A[2KChrome Headless 150.0.0.0 (Windows 10): Executed 373 of 3092[32m SUCCESS[39m (0 secs / 8.506 secs)
[1A[2KChrome Headless 150.0.0.0 (Windows 10): Executed 374 of 3092[32m SUCCESS[39m (0 secs / 8.51 secs)
[1A[2KChrome Headless 150.0.0.0 (Windows 10): Executed 375 of 3092[32m SUCCESS[39m (0 secs / 8.514 secs)
[1A[2KChrome Headless 150.0.0.0 (Windows 10): Executed 376 of 3092[32m SUCCESS[39m (0 secs / 8.518 secs)
[1A[2KChrome Headless 150.0.0.0 (Windows 10): Executed 377 of 3092[32m SUCCESS[39m (0 secs / 8.522 secs)
[1A[2KChrome Headless 150.0.0.0 (Windows 10): Executed 378 of 3092[32m SUCCESS[39m (0 secs / 8.527 secs)
[1A[2KChrome Headless 150.0.0.0 (Windows 10): Executed 379 of 3092[32m SUCCESS[39m (0 secs / 8.539 secs)
[1A[2KChrome Headless 150.0.0.0 (Windows 10): Executed 380 of 3092[32m SUCCESS[39m (0 secs / 8.54 secs)
[1A[2KChrome Headless 150.0.0.0 (Windows 10): Executed 381 of 3092[32m SUCCESS[39m (0 secs / 8.541 secs)
[1A[2KChrome Headless 150.0.0.0 (Windows 10): Executed 382 of 3092[32m SUCCESS[39m (0 secs / 8.543 secs)
[1A[2KChrome Headless 150.0.0.0 (Windows 10): Executed 383 of 3092[32m SUCCESS[39m (0 secs / 8.544 secs)
[1A[2KChrome Headless 150.0.0.0 (Windows 10): Executed 384 of 3092[32m SUCCESS[39m (0 secs / 8.731 secs)
[1A[2KChrome Headless 150.0.0.0 (Windows 10): Executed 385 of 3092[32m SUCCESS[39m (0 secs / 8.742 secs)
[1A[2KChrome Headless 150.0.0.0 (Windows 10): Executed 386 of 3092[32m SUCCESS[39m (0 secs / 8.752 secs)
[1A[2KChrome Headless 150.0.0.0 (Windows 10): Executed 387 of 3092[32m SUCCESS[39m (0 secs / 8.763 secs)
[1A[2KChrome Headless 150.0.0.0 (Windows 10): Executed 388 of 3092[32m SUCCESS[39m (0 secs / 8.774 secs)
[1A[2KChrome Headless 150.0.0.0 (Windows 10): Executed 389 of 3092[32m SUCCESS[39m (0 secs / 8.784 secs)
[1A[2KChrome Headless 150.0.0.0 (Windows 10): Executed 390 of 3092[32m SUCCESS[39m (0 secs / 8.799 secs)
[1A[2KChrome Headless 150.0.0.0 (Windows 10): Executed 391 of 3092[32m SUCCESS[39m (0 secs / 8.923 secs)
[1A[2KChrome Headless 150.0.0.0 (Windows 10): Executed 392 of 3092[32m SUCCESS[39m (0 secs / 8.926 secs)
[1A[2KChrome Headless 150.0.0.0 (Windows 10): Executed 393 of 3092[32m SUCCESS[39m (0 secs / 8.93 secs)
[1A[2KChrome Headless 150.0.0.0 (Windows 10): Executed 394 of 3092[32m SUCCESS[39m (0 secs / 8.934 secs)
[1A[2KChrome Headless 150.0.0.0 (Windows 10): Executed 395 of 3092[32m SUCCESS[39m (0 secs / 9.143 secs)
[1A[2KChrome Headless 150.0.0.0 (Windows 10): Executed 396 of 3092[32m SUCCESS[39m (0 secs / 9.154 secs)
[1A[2KChrome Headless 150.0.0.0 (Windows 10): Executed 397 of 3092[32m SUCCESS[39m (0 secs / 9.168 secs)
[1A[2KChrome Headless 150.0.0.0 (Windows 10): Executed 398 of 3092[32m SUCCESS[39m (0 secs / 9.178 secs)
[1A[2KChrome Headless 150.0.0.0 (Windows 10): Executed 399 of 3092[32m SUCCESS[39m (0 secs / 9.189 secs)
[1A[2KChrome Headless 150.0.0.0 (Windows 10): Executed 400 of 3092[32m SUCCESS[39m (0 secs / 9.2 secs)
[1A[2KChrome Headless 150.0.0.0 (Windows 10): Executed 401 of 3092[32m SUCCESS[39m (0 secs / 9.211 secs)
[1A[2KChrome Headless 150.0.0.0 (Windows 10): Executed 402 of 3092[32m SUCCESS[39m (0 secs / 9.222 secs)
[1A[2KChrome Headless 150.0.0.0 (Windows 10): Executed 403 of 3092[32m SUCCESS[39m (0 secs / 9.24 secs)
[1A[2KChrome Headless 150.0.0.0 (Windows 10): Executed 404 of 3092[32m SUCCESS[39m (0 secs / 9.252 secs)
[1A[2KChrome Headless 150.0.0.0 (Windows 10): Executed 405 of 3092[32m SUCCESS[39m (0 secs / 9.263 secs)
[1A[2KChrome Headless 150.0.0.0 (Windows 10): Executed 406 of 3092[32m SUCCESS[39m (0 secs / 9.274 secs)
[1A[2KChrome Headless 150.0.0.0 (Windows 10): Executed 407 of 3092[32m SUCCESS[39m (0 secs / 9.285 secs)
[1A[2KChrome Headless 150.0.0.0 (Windows 10): Executed 408 of 3092[32m SUCCESS[39m (0 secs / 9.295 secs)
[1A[2KChrome Headless 150.0.0.0 (Windows 10): Executed 409 of 3092[32m SUCCESS[39m (0 secs / 9.31 secs)
[1A[2KChrome Headless 150.0.0.0 (Windows 10): Executed 410 of 3092[32m SUCCESS[39m (0 secs / 9.321 secs)
[1A[2KChrome Headless 150.0.0.0 (Windows 10): Executed 411 of 3092[32m SUCCESS[39m (0 secs / 9.332 secs)
[1A[2KChrome Headless 150.0.0.0 (Windows 10): Executed 412 of 3092[32m SUCCESS[39m (0 secs / 9.344 secs)
[1A[2KChrome Headless 150.0.0.0 (Windows 10): Executed 413 of 3092[32m SUCCESS[39m (0 secs / 9.354 secs)
[1A[2KChrome Headless 150.0.0.0 (Windows 10): Executed 414 of 3092[32m SUCCESS[39m (0 secs / 9.434 secs)
[1A[2KChrome Headless 150.0.0.0 (Windows 10): Executed 415 of 3092[32m SUCCESS[39m (0 secs / 9.436 secs)
[1A[2KChrome Headless 150.0.0.0 (Windows 10): Executed 416 of 3092[32m SUCCESS[39m (0 secs / 9.438 secs)
[1A[2KChrome Headless 150.0.0.0 (Windows 10): Executed 417 of 3092[32m SUCCESS[39m (0 secs / 9.441 secs)
[1A[2KChrome Headless 150.0.0.0 (Windows 10): Executed 418 of 3092[32m SUCCESS[39m (0 secs / 9.443 secs)
[1A[2KChrome Headless 150.0.0.0 (Windows 10): Executed 419 of 3092[32m SUCCESS[39m (0 secs / 9.445 secs)
[1A[2KChrome Headless 150.0.0.0 (Windows 10): Executed 420 of 3092[32m SUCCESS[39m (0 secs / 9.483 secs)
[1A[2KChrome Headless 150.0.0.0 (Windows 10): Executed 421 of 3092[32m SUCCESS[39m (0 secs / 9.485 secs)
[1A[2KChrome Headless 150.0.0.0 (Windows 10): Executed 422 of 3092[32m SUCCESS[39m (0 secs / 9.487 secs)
[1A[2KChrome Headless 150.0.0.0 (Windows 10): Executed 423 of 3092[32m SUCCESS[39m (0 secs / 9.49 secs)
[1A[2KChrome Headless 150.0.0.0 (Windows 10): Executed 424 of 3092[32m SUCCESS[39m (0 secs / 9.492 secs)
[1A[2KChrome Headless 150.0.0.0 (Windows 10): Executed 425 of 3092[32m SUCCESS[39m (0 secs / 9.494 secs)
[1A[2KChrome Headless 150.0.0.0 (Windows 10): Executed 426 of 3092[32m SUCCESS[39m (0 secs / 9.496 secs)
[1A[2KChrome Headless 150.0.0.0 (Windows 10): Executed 427 of 3092[32m SUCCESS[39m (0 secs / 9.498 secs)
[1A[2KChrome Headless 150.0.0.0 (Windows 10): Executed 428 of 3092[32m SUCCESS[39m (0 secs / 9.5 secs)
[1A[2KChrome Headless 150.0.0.0 (Windows 10): Executed 429 of 3092[32m SUCCESS[39m (0 secs / 9.502 secs)
[1A[2KChrome Headless 150.0.0.0 (Windows 10): Executed 430 of 3092[32m SUCCESS[39m (0 secs / 9.504 secs)
[1A[2KChrome Headless 150.0.0.0 (Windows 10): Executed 431 of 3092[32m SUCCESS[39m (0 secs / 9.506 secs)
[1A[2KChrome Headless 150.0.0.0 (Windows 10): Executed 432 of 3092[32m SUCCESS[39m (0 secs / 9.508 secs)
[1A[2KChrome Headless 150.0.0.0 (Windows 10): Executed 433 of 3092[32m SUCCESS[39m (0 secs / 9.51 secs)
[1A[2KChrome Headless 150.0.0.0 (Windows 10): Executed 434 of 3092[32m SUCCESS[39m (0 secs / 9.512 secs)
[1A[2KChrome Headless 150.0.0.0 (Windows 10): Executed 435 of 3092[32m SUCCESS[39m (0 secs / 9.515 secs)
[1A[2KChrome Headless 150.0.0.0 (Windows 10): Executed 436 of 3092[32m SUCCESS[39m (0 secs / 9.517 secs)
[1A[2KChrome Headless 150.0.0.0 (Windows 10): Executed 437 of 3092[32m SUCCESS[39m (0 secs / 9.519 secs)
[1A[2KChrome Headless 150.0.0.0 (Windows 10): Executed 438 of 3092[32m SUCCESS[39m (0 secs / 9.521 secs)
[1A[2KChrome Headless 150.0.0.0 (Windows 10): Executed 439 of 3092[32m SUCCESS[39m (0 secs / 9.523 secs)
[1A[2KChrome Headless 150.0.0.0 (Windows 10): Executed 440 of 3092[32m SUCCESS[39m (0 secs / 9.525 secs)
[1A[2KChrome Headless 150.0.0.0 (Windows 10): Executed 441 of 3092[32m SUCCESS[39m (0 secs / 9.527 secs)
[1A[2KChrome Headless 150.0.0.0 (Windows 10): Executed 442 of 3092[32m SUCCESS[39m (0 secs / 9.53 secs)
[1A[2KChrome Headless 150.0.0.0 (Windows 10): Executed 443 of 3092[32m SUCCESS[39m (0 secs / 9.532 secs)
[1A[2KChrome Headless 150.0.0.0 (Windows 10): Executed 444 of 3092[32m SUCCESS[39m (0 secs / 9.534 secs)
[1A[2KChrome Headless 150.0.0.0 (Windows 10): Executed 445 of 3092[32m SUCCESS[39m (0 secs / 9.536 secs)
[1A[2KChrome Headless 150.0.0.0 (Windows 10): Executed 446 of 3092[32m SUCCESS[39m (0 secs / 9.539 secs)
[1A[2KChrome Headless 150.0.0.0 (Windows 10): Executed 447 of 3092[32m SUCCESS[39m (0 secs / 9.542 secs)
[1A[2KChrome Headless 150.0.0.0 (Windows 10): Executed 448 of 3092[32m SUCCESS[39m (0 secs / 9.544 secs)
[1A[2KChrome Headless 150.0.0.0 (Windows 10): Executed 449 of 3092[32m SUCCESS[39m (0 secs / 9.546 secs)
[1A[2KChrome Headless 150.0.0.0 (Windows 10): Executed 450 of 3092[32m SUCCESS[39m (0 secs / 9.549 secs)
[1A[2KChrome Headless 150.0.0.0 (Windows 10): Executed 451 of 3092[32m SUCCESS[39m (0 secs / 9.552 secs)
[1A[2KChrome Headless 150.0.0.0 (Windows 10): Executed 452 of 3092[32m SUCCESS[39m (0 secs / 9.555 secs)
[1A[2KChrome Headless 150.0.0.0 (Windows 10): Executed 453 of 3092[32m SUCCESS[39m (0 secs / 9.557 secs)
[1A[2KChrome Headless 150.0.0.0 (Windows 10): Executed 454 of 3092[32m SUCCESS[39m (0 secs / 9.561 secs)
[1A[2KChrome Headless 150.0.0.0 (Windows 10): Executed 455 of 3092[32m SUCCESS[39m (0 secs / 9.563 secs)
[1A[2KChrome Headless 150.0.0.0 (Windows 10): Executed 456 of 3092[32m SUCCESS[39m (0 secs / 9.566 secs)
[1A[2KChrome Headless 150.0.0.0 (Windows 10): Executed 457 of 3092[32m SUCCESS[39m (0 secs / 9.568 secs)
[1A[2KChrome Headless 150.0.0.0 (Windows 10): Executed 458 of 3092[32m SUCCESS[39m (0 secs / 9.571 secs)
[1A[2KChrome Headless 150.0.0.0 (Windows 10): Executed 459 of 3092[32m SUCCESS[39m (0 secs / 9.738 secs)
[1A[2KChrome Headless 150.0.0.0 (Windows 10): Executed 460 of 3092[32m SUCCESS[39m (0 secs / 9.759 secs)
[1A[2KChrome Headless 150.0.0.0 (Windows 10): Executed 461 of 3092[32m SUCCESS[39m (0 secs / 9.775 secs)
[1A[2KChrome Headless 150.0.0.0 (Windows 10): Executed 462 of 3092[32m SUCCESS[39m (0 secs / 9.791 secs)
[1A[2KChrome Headless 150.0.0.0 (Windows 10): Executed 463 of 3092[32m SUCCESS[39m (0 secs / 9.808 secs)
[1A[2KChrome Headless 150.0.0.0 (Windows 10): Executed 464 of 3092[32m SUCCESS[39m (0 secs / 9.827 secs)
[1A[2KChrome Headless 150.0.0.0 (Windows 10): Executed 465 of 3092[32m SUCCESS[39m (0 secs / 9.844 secs)
[1A[2KChrome Headless 150.0.0.0 (Windows 10): Executed 466 of 3092[32m SUCCESS[39m (0 secs / 9.86 secs)
[1A[2KChrome Headless 150.0.0.0 (Windows 10): Executed 467 of 3092[32m SUCCESS[39m (0 secs / 9.881 secs)
[1A[2KChrome Headless 150.0.0.0 (Windows 10): Executed 468 of 3092[32m SUCCESS[39m (0 secs / 9.897 secs)
[1A[2KChrome Headless 150.0.0.0 (Windows 10): Executed 469 of 3092[32m SUCCESS[39m (0 secs / 9.922 secs)
[1A[2KChrome Headless 150.0.0.0 (Windows 10): Executed 470 of 3092[32m SUCCESS[39m (0 secs / 9.94 secs)
[1A[2KChrome Headless 150.0.0.0 (Windows 10): Executed 471 of 3092[32m SUCCESS[39m (0 secs / 9.959 secs)
[1A[2KChrome Headless 150.0.0.0 (Windows 10): Executed 472 of 3092[32m SUCCESS[39m (0 secs / 9.976 secs)
[1A[2KChrome Headless 150.0.0.0 (Windows 10): Executed 473 of 3092[32m SUCCESS[39m (0 secs / 9.992 secs)
[1A[2KChrome Headless 150.0.0.0 (Windows 10): Executed 474 of 3092[32m SUCCESS[39m (0 secs / 10.01 secs)
[1A[2KChrome Headless 150.0.0.0 (Windows 10): Executed 475 of 3092[32m SUCCESS[39m (0 secs / 10.028 secs)
[1A[2KChrome Headless 150.0.0.0 (Windows 10): Executed 476 of 3092[32m SUCCESS[39m (0 secs / 10.044 secs)
[1A[2KChrome Headless 150.0.0.0 (Windows 10): Executed 477 of 3092[32m SUCCESS[39m (0 secs / 10.061 secs)
[1A[2KChrome Headless 150.0.0.0 (Windows 10): Executed 478 of 3092[32m SUCCESS[39m (0 secs / 10.079 secs)
[1A[2KChrome Headless 150.0.0.0 (Windows 10): Executed 479 of 3092[32m SUCCESS[39m (0 secs / 10.094 secs)
[1A[2KChrome Headless 150.0.0.0 (Windows 10): Executed 480 of 3092[32m SUCCESS[39m (0 secs / 10.111 secs)
[1A[2KChrome Headless 150.0.0.0 (Windows 10): Executed 481 of 3092[32m SUCCESS[39m (0 secs / 10.127 secs)
[1A[2KChrome Headless 150.0.0.0 (Windows 10): Executed 482 of 3092[32m SUCCESS[39m (0 secs / 10.145 secs)
[1A[2KChrome Headless 150.0.0.0 (Windows 10): Executed 483 of 3092[32m SUCCESS[39m (0 secs / 10.161 secs)
[1A[2KChrome Headless 150.0.0.0 (Windows 10): Executed 484 of 3092[32m SUCCESS[39m (0 secs / 10.177 secs)
[1A[2KChrome Headless 150.0.0.0 (Windows 10): Executed 485 of 3092[32m SUCCESS[39m (0 secs / 10.338 secs)
[1A[2KChrome Headless 150.0.0.0 (Windows 10): Executed 486 of 3092[32m SUCCESS[39m (0 secs / 10.367 secs)
[1A[2KChrome Headless 150.0.0.0 (Windows 10): Executed 487 of 3092[32m SUCCESS[39m (0 secs / 10.377 secs)
[1A[2KChrome Headless 150.0.0.0 (Windows 10): Executed 488 of 3092[32m SUCCESS[39m (0 secs / 10.418 secs)
[1A[2KChrome Headless 150.0.0.0 (Windows 10): Executed 489 of 3092[32m SUCCESS[39m (0 secs / 10.42 secs)
[1A[2KChrome Headless 150.0.0.0 (Windows 10): Executed 490 of 3092[32m SUCCESS[39m (0 secs / 10.422 secs)
[1A[2KChrome Headless 150.0.0.0 (Windows 10): Executed 491 of 3092[32m SUCCESS[39m (0 secs / 10.425 secs)
[1A[2KChrome Headless 150.0.0.0 (Windows 10): Executed 492 of 3092[32m SUCCESS[39m (0 secs / 10.427 secs)
[1A[2KChrome Headless 150.0.0.0 (Windows 10): Executed 493 of 3092[32m SUCCESS[39m (0 secs / 10.428 secs)
[1A[2KChrome Headless 150.0.0.0 (Windows 10): Executed 494 of 3092[32m SUCCESS[39m (0 secs / 10.433 secs)
[1A[2KChrome Headless 150.0.0.0 (Windows 10): Executed 495 of 3092[32m SUCCESS[39m (0 secs / 10.436 secs)
[1A[2KChrome Headless 150.0.0.0 (Windows 10): Executed 496 of 3092[32m SUCCESS[39m (0 secs / 10.451 secs)
[1A[2KChrome Headless 150.0.0.0 (Windows 10): Executed 497 of 3092[32m SUCCESS[39m (0 secs / 10.453 secs)
[1A[2KChrome Headless 150.0.0.0 (Windows 10): Executed 498 of 3092[32m SUCCESS[39m (0 secs / 10.454 secs)
[1A[2KChrome Headless 150.0.0.0 (Windows 10): Executed 499 of 3092[32m SUCCESS[39m (0 secs / 10.456 secs)
[1A[2KChrome Headless 150.0.0.0 (Windows 10): Executed 500 of 3092[32m SUCCESS[39m (0 secs / 10.458 secs)
[1A[2KChrome Headless 150.0.0.0 (Windows 10): Executed 501 of 3092[32m SUCCESS[39m (0 secs / 10.459 secs)
[1A[2KChrome Headless 150.0.0.0 (Windows 10): Executed 502 of 3092[32m SUCCESS[39m (0 secs / 10.461 secs)
[1A[2KChrome Headless 150.0.0.0 (Windows 10): Executed 503 of 3092[32m SUCCESS[39m (0 secs / 10.462 secs)
[1A[2KChrome Headless 150.0.0.0 (Windows 10): Executed 504 of 3092[32m SUCCESS[39m (0 secs / 10.463 secs)
[1A[2KChrome Headless 150.0.0.0 (Windows 10): Executed 505 of 3092[32m SUCCESS[39m (0 secs / 10.465 secs)
[1A[2KChrome Headless 150.0.0.0 (Windows 10): Executed 506 of 3092[32m SUCCESS[39m (0 secs / 10.466 secs)
[1A[2KChrome Headless 150.0.0.0 (Windows 10): Executed 507 of 3092[32m SUCCESS[39m (0 secs / 10.467 secs)
[1A[2KChrome Headless 150.0.0.0 (Windows 10): Executed 508 of 3092[32m SUCCESS[39m (0 secs / 10.468 secs)
[1A[2KChrome Headless 150.0.0.0 (Windows 10): Executed 509 of 3092[32m SUCCESS[39m (0 secs / 10.469 secs)
[1A[2KChrome Headless 150.0.0.0 (Windows 10): Executed 510 of 3092[32m SUCCESS[39m (0 secs / 10.502 secs)
[1A[2KChrome Headless 150.0.0.0 (Windows 10): Executed 511 of 3092[32m SUCCESS[39m (0 secs / 10.504 secs)
[1A[2KChrome Headless 150.0.0.0 (Windows 10): Executed 512 of 3092[32m SUCCESS[39m (0 secs / 10.505 secs)
[1A[2KChrome Headless 150.0.0.0 (Windows 10): Executed 513 of 3092[32m SUCCESS[39m (0 secs / 10.506 secs)
[1A[2KChrome Headless 150.0.0.0 (Windows 10): Executed 514 of 3092[32m SUCCESS[39m (0 secs / 10.506 secs)
[1A[2KChrome Headless 150.0.0.0 (Windows 10): Executed 515 of 3092[32m SUCCESS[39m (0 secs / 10.507 secs)
[1A[2KChrome Headless 150.0.0.0 (Windows 10): Executed 516 of 3092[32m SUCCESS[39m (0 secs / 10.537 secs)
[1A[2KChrome Headless 150.0.0.0 (Windows 10): Executed 517 of 3092[32m SUCCESS[39m (0 secs / 10.539 secs)
[1A[2KChrome Headless 150.0.0.0 (Windows 10): Executed 518 of 3092[32m SUCCESS[39m (0 secs / 10.541 secs)
[1A[2KChrome Headless 150.0.0.0 (Windows 10): Executed 519 of 3092[32m SUCCESS[39m (0 secs / 10.542 secs)
[1A[2KChrome Headless 150.0.0.0 (Windows 10): Executed 520 of 3092[32m SUCCESS[39m (0 secs / 10.543 secs)
[1A[2KChrome Headless 150.0.0.0 (Windows 10): Executed 521 of 3092[32m SUCCESS[39m (0 secs / 10.545 secs)
[1A[2KChrome Headless 150.0.0.0 (Windows 10): Executed 522 of 3092[32m SUCCESS[39m (0 secs / 10.547 secs)
[1A[2KChrome Headless 150.0.0.0 (Windows 10): Executed 523 of 3092[32m SUCCESS[39m (0 secs / 10.548 secs)
[1A[2KChrome Headless 150.0.0.0 (Windows 10): Executed 524 of 3092[32m SUCCESS[39m (0 secs / 10.55 secs)
[1A[2KChrome Headless 150.0.0.0 (Windows 10): Executed 525 of 3092[32m SUCCESS[39m (0 secs / 10.551 secs)
[1A[2KChrome Headless 150.0.0.0 (Windows 10): Executed 526 of 3092[32m SUCCESS[39m (0 secs / 10.553 secs)
[1A[2KChrome Headless 150.0.0.0 (Windows 10): Executed 527 of 3092[32m SUCCESS[39m (0 secs / 10.557 secs)
[1A[2KChrome Headless 150.0.0.0 (Windows 10): Executed 528 of 3092[32m SUCCESS[39m (0 secs / 10.558 secs)
[1A[2KChrome Headless 150.0.0.0 (Windows 10): Executed 529 of 3092[32m SUCCESS[39m (0 secs / 10.559 secs)
[1A[2KChrome Headless 150.0.0.0 (Windows 10): Executed 530 of 3092[32m SUCCESS[39m (0 secs / 10.56 secs)
[1A[2KChrome Headless 150.0.0.0 (Windows 10): Executed 531 of 3092[32m SUCCESS[39m (0 secs / 10.561 secs)
[1A[2KChrome Headless 150.0.0.0 (Windows 10): Executed 532 of 3092[32m SUCCESS[39m (0 secs / 10.562 secs)
[1A[2KChrome Headless 150.0.0.0 (Windows 10): Executed 533 of 3092[32m SUCCESS[39m (0 secs / 10.563 secs)
[1A[2KChrome Headless 150.0.0.0 (Windows 10): Executed 534 of 3092[32m SUCCESS[39m (0 secs / 10.565 secs)
[1A[2KChrome Headless 150.0.0.0 (Windows 10): Executed 535 of 3092[32m SUCCESS[39m (0 secs / 10.567 secs)
[1A[2KChrome Headless 150.0.0.0 (Windows 10): Executed 536 of 3092[32m SUCCESS[39m (0 secs / 10.568 secs)
[1A[2KChrome Headless 150.0.0.0 (Windows 10): Executed 537 of 3092[32m SUCCESS[39m (0 secs / 10.569 secs)
[1A[2KChrome Headless 150.0.0.0 (Windows 10): Executed 538 of 3092[32m SUCCESS[39m (0 secs / 10.57 secs)
[1A[2KChrome Headless 150.0.0.0 (Windows 10): Executed 539 of 3092[32m SUCCESS[39m (0 secs / 10.571 secs)
[1A[2KChrome Headless 150.0.0.0 (Windows 10): Executed 540 of 3092[32m SUCCESS[39m (0 secs / 10.572 secs)
[1A[2KChrome Headless 150.0.0.0 (Windows 10): Executed 541 of 3092[32m SUCCESS[39m (0 secs / 10.587 secs)
[1A[2KChrome Headless 150.0.0.0 (Windows 10): Executed 542 of 3092[32m SUCCESS[39m (0 secs / 10.589 secs)
[1A[2KChrome Headless 150.0.0.0 (Windows 10): Executed 543 of 3092[32m SUCCESS[39m (0 secs / 10.59 secs)
[1A[2KChrome Headless 150.0.0.0 (Windows 10): Executed 544 of 3092[32m SUCCESS[39m (0 secs / 10.591 secs)
[1A[2KChrome Headless 150.0.0.0 (Windows 10): Executed 545 of 3092[32m SUCCESS[39m (0 secs / 10.592 secs)
[1A[2KChrome Headless 150.0.0.0 (Windows 10): Executed 546 of 3092[32m SUCCESS[39m (0 secs / 10.594 secs)
[1A[2KChrome Headless 150.0.0.0 (Windows 10): Executed 547 of 3092[32m SUCCESS[39m (0 secs / 10.595 secs)
[1A[2KChrome Headless 150.0.0.0 (Windows 10): Executed 548 of 3092[32m SUCCESS[39m (0 secs / 10.601 secs)
[1A[2KChrome Headless 150.0.0.0 (Windows 10): Executed 549 of 3092[32m SUCCESS[39m (0 secs / 10.603 secs)
[1A[2KChrome Headless 150.0.0.0 (Windows 10): Executed 550 of 3092[32m SUCCESS[39m (0 secs / 10.606 secs)
[1A[2KChrome Headless 150.0.0.0 (Windows 10): Executed 551 of 3092[32m SUCCESS[39m (0 secs / 10.609 secs)
[1A[2KChrome Headless 150.0.0.0 (Windows 10): Executed 552 of 3092[32m SUCCESS[39m (0 secs / 10.611 secs)
[1A[2KChrome Headless 150.0.0.0 (Windows 10): Executed 553 of 3092[32m SUCCESS[39m (0 secs / 10.613 secs)
[1A[2KChrome Headless 150.0.0.0 (Windows 10): Executed 554 of 3092[32m SUCCESS[39m (0 secs / 10.615 secs)
[1A[2KChrome Headless 150.0.0.0 (Windows 10): Executed 555 of 3092[32m SUCCESS[39m (0 secs / 10.618 secs)
[1A[2KChrome Headless 150.0.0.0 (Windows 10): Executed 556 of 3092[32m SUCCESS[39m (0 secs / 10.628 secs)
[1A[2KChrome Headless 150.0.0.0 (Windows 10): Executed 557 of 3092[32m SUCCESS[39m (0 secs / 10.629 secs)
[1A[2KChrome Headless 150.0.0.0 (Windows 10): Executed 558 of 3092[32m SUCCESS[39m (0 secs / 10.63 secs)
[1A[2KChrome Headless 150.0.0.0 (Windows 10): Executed 559 of 3092[32m SUCCESS[39m (0 secs / 10.637 secs)
[1A[2KChrome Headless 150.0.0.0 (Windows 10): Executed 560 of 3092[32m SUCCESS[39m (0 secs / 10.638 secs)
[1A[2KChrome Headless 150.0.0.0 (Windows 10): Executed 561 of 3092[32m SUCCESS[39m (0 secs / 10.639 secs)
[1A[2KChrome Headless 150.0.0.0 (Windows 10): Executed 562 of 3092[32m SUCCESS[39m (0 secs / 10.64 secs)
[1A[2KChrome Headless 150.0.0.0 (Windows 10): Executed 563 of 3092[32m SUCCESS[39m (0 secs / 10.641 secs)
[1A[2KChrome Headless 150.0.0.0 (Windows 10): Executed 564 of 3092[32m SUCCESS[39m (0 secs / 10.642 secs)
[1A[2KChrome Headless 150.0.0.0 (Windows 10): Executed 565 of 3092[32m SUCCESS[39m (0 secs / 10.644 secs)
[1A[2KChrome Headless 150.0.0.0 (Windows 10): Executed 566 of 3092[32m SUCCESS[39m (0 secs / 10.646 secs)
[1A[2KChrome Headless 150.0.0.0 (Windows 10): Executed 567 of 3092[32m SUCCESS[39m (0 secs / 10.647 secs)
[1A[2KChrome Headless 150.0.0.0 (Windows 10): Executed 568 of 3092[32m SUCCESS[39m (0 secs / 10.648 secs)
[1A[2KChrome Headless 150.0.0.0 (Windows 10): Executed 569 of 3092[32m SUCCESS[39m (0 secs / 10.649 secs)
[1A[2KChrome Headless 150.0.0.0 (Windows 10): Executed 570 of 3092[32m SUCCESS[39m (0 secs / 10.65 secs)
[1A[2KChrome Headless 150.0.0.0 (Windows 10): Executed 571 of 3092[32m SUCCESS[39m (0 secs / 10.651 secs)
[1A[2KChrome Headless 150.0.0.0 (Windows 10): Executed 572 of 3092[32m SUCCESS[39m (0 secs / 10.652 secs)
[1A[2KChrome Headless 150.0.0.0 (Windows 10): Executed 573 of 3092[32m SUCCESS[39m (0 secs / 10.653 secs)
[1A[2KChrome Headless 150.0.0.0 (Windows 10): Executed 574 of 3092[32m SUCCESS[39m (0 secs / 10.654 secs)
[1A[2KChrome Headless 150.0.0.0 (Windows 10): Executed 575 of 3092[32m SUCCESS[39m (0 secs / 10.655 secs)
[1A[2KChrome Headless 150.0.0.0 (Windows 10): Executed 576 of 3092[32m SUCCESS[39m (0 secs / 10.656 secs)
[1A[2KChrome Headless 150.0.0.0 (Windows 10): Executed 577 of 3092[32m SUCCESS[39m (0 secs / 10.658 secs)
[1A[2KChrome Headless 150.0.0.0 (Windows 10): Executed 578 of 3092[32m SUCCESS[39m (0 secs / 10.659 secs)
[1A[2KChrome Headless 150.0.0.0 (Windows 10): Executed 579 of 3092[32m SUCCESS[39m (0 secs / 10.66 secs)
[1A[2KChrome Headless 150.0.0.0 (Windows 10): Executed 580 of 3092[32m SUCCESS[39m (0 secs / 10.661 secs)
[1A[2KChrome Headless 150.0.0.0 (Windows 10): Executed 581 of 3092[32m SUCCESS[39m (0 secs / 10.665 secs)
[1A[2KChrome Headless 150.0.0.0 (Windows 10): Executed 582 of 3092[32m SUCCESS[39m (0 secs / 10.667 secs)
[1A[2KChrome Headless 150.0.0.0 (Windows 10): Executed 583 of 3092[32m SUCCESS[39m (0 secs / 10.669 secs)
[1A[2KChrome Headless 150.0.0.0 (Windows 10): Executed 584 of 3092[32m SUCCESS[39m (0 secs / 10.67 secs)
[1A[2KChrome Headless 150.0.0.0 (Windows 10): Executed 585 of 3092[32m SUCCESS[39m (0 secs / 10.672 secs)
[1A[2KChrome Headless 150.0.0.0 (Windows 10): Executed 586 of 3092[32m SUCCESS[39m (0 secs / 10.673 secs)
[1A[2KChrome Headless 150.0.0.0 (Windows 10): Executed 587 of 3092[32m SUCCESS[39m (0 secs / 10.674 secs)
[1A[2KChrome Headless 150.0.0.0 (Windows 10): Executed 588 of 3092[32m SUCCESS[39m (0 secs / 10.676 secs)
[1A[2KChrome Headless 150.0.0.0 (Windows 10): Executed 589 of 3092[32m SUCCESS[39m (0 secs / 10.677 secs)
[1A[2KChrome Headless 150.0.0.0 (Windows 10): Executed 590 of 3092[32m SUCCESS[39m (0 secs / 10.678 secs)
[1A[2KChrome Headless 150.0.0.0 (Windows 10): Executed 591 of 3092[32m SUCCESS[39m (0 secs / 10.68 secs)
[1A[2KChrome Headless 150.0.0.0 (Windows 10): Executed 592 of 3092[32m SUCCESS[39m (0 secs / 10.681 secs)
[1A[2KChrome Headless 150.0.0.0 (Windows 10): Executed 593 of 3092[32m SUCCESS[39m (0 secs / 10.682 secs)
[1A[2KChrome Headless 150.0.0.0 (Windows 10): Executed 594 of 3092[32m SUCCESS[39m (0 secs / 10.683 secs)
[1A[2KChrome Headless 150.0.0.0 (Windows 10): Executed 595 of 3092[32m SUCCESS[39m (0 secs / 10.684 secs)
[1A[2KChrome Headless 150.0.0.0 (Windows 10): Executed 596 of 3092[32m SUCCESS[39m (0 secs / 10.685 secs)
[1A[2KChrome Headless 150.0.0.0 (Windows 10): Executed 597 of 3092[32m SUCCESS[39m (0 secs / 10.686 secs)
[1A[2KChrome Headless 150.0.0.0 (Windows 10): Executed 598 of 3092[32m SUCCESS[39m (0 secs / 10.687 secs)
[1A[2KChrome Headless 150.0.0.0 (Windows 10): Executed 599 of 3092[32m SUCCESS[39m (0 secs / 10.689 secs)
[1A[2KChrome Headless 150.0.0.0 (Windows 10): Executed 600 of 3092[32m SUCCESS[39m (0 secs / 10.69 secs)
[1A[2KChrome Headless 150.0.0.0 (Windows 10): Executed 601 of 3092[32m SUCCESS[39m (0 secs / 10.691 secs)
[1A[2KChrome Headless 150.0.0.0 (Windows 10): Executed 602 of 3092[32m SUCCESS[39m (0 secs / 10.692 secs)
[1A[2KChrome Headless 150.0.0.0 (Windows 10): Executed 603 of 3092[32m SUCCESS[39m (0 secs / 10.693 secs)
[1A[2KChrome Headless 150.0.0.0 (Windows 10): Executed 604 of 3092[32m SUCCESS[39m (0 secs / 10.695 secs)
[1A[2KChrome Headless 150.0.0.0 (Windows 10): Executed 605 of 3092[32m SUCCESS[39m (0 secs / 10.696 secs)
[1A[2KChrome Headless 150.0.0.0 (Windows 10): Executed 606 of 3092[32m SUCCESS[39m (0 secs / 10.697 secs)
[1A[2KChrome Headless 150.0.0.0 (Windows 10): Executed 607 of 3092[32m SUCCESS[39m (0 secs / 10.699 secs)
[1A[2KChrome Headless 150.0.0.0 (Windows 10): Executed 608 of 3092[32m SUCCESS[39m (0 secs / 10.7 secs)
[1A[2KChrome Headless 150.0.0.0 (Windows 10): Executed 609 of 3092[32m SUCCESS[39m (0 secs / 10.701 secs)
[1A[2KChrome Headless 150.0.0.0 (Windows 10): Executed 610 of 3092[32m SUCCESS[39m (0 secs / 10.705 secs)
[1A[2KChrome Headless 150.0.0.0 (Windows 10): Executed 611 of 3092[32m SUCCESS[39m (0 secs / 10.706 secs)
[1A[2KChrome Headless 150.0.0.0 (Windows 10): Executed 612 of 3092[32m SUCCESS[39m (0 secs / 10.707 secs)
[1A[2KChrome Headless 150.0.0.0 (Windows 10): Executed 613 of 3092[32m SUCCESS[39m (0 secs / 10.708 secs)
[1A[2KChrome Headless 150.0.0.0 (Windows 10): Executed 614 of 3092[32m SUCCESS[39m (0 secs / 10.709 secs)
[1A[2KChrome Headless 150.0.0.0 (Windows 10): Executed 615 of 3092[32m SUCCESS[39m (0 secs / 10.71 secs)
[1A[2KChrome Headless 150.0.0.0 (Windows 10): Executed 616 of 3092[32m SUCCESS[39m (0 secs / 10.711 secs)
[1A[2KChrome Headless 150.0.0.0 (Windows 10): Executed 617 of 3092[32m SUCCESS[39m (0 secs / 10.712 secs)
[1A[2KChrome Headless 150.0.0.0 (Windows 10): Executed 618 of 3092[32m SUCCESS[39m (0 secs / 10.713 secs)
[1A[2KChrome Headless 150.0.0.0 (Windows 10): Executed 619 of 3092[32m SUCCESS[39m (0 secs / 10.715 secs)
[1A[2KChrome Headless 150.0.0.0 (Windows 10): Executed 620 of 3092[32m SUCCESS[39m (0 secs / 10.717 secs)
[1A[2KChrome Headless 150.0.0.0 (Windows 10): Executed 621 of 3092[32m SUCCESS[39m (0 secs / 10.718 secs)
[1A[2KChrome Headless 150.0.0.0 (Windows 10): Executed 622 of 3092[32m SUCCESS[39m (0 secs / 10.719 secs)
[1A[2KChrome Headless 150.0.0.0 (Windows 10): Executed 623 of 3092[32m SUCCESS[39m (0 secs / 10.72 secs)
[1A[2KChrome Headless 150.0.0.0 (Windows 10): Executed 624 of 3092[32m SUCCESS[39m (0 secs / 10.721 secs)
[1A[2KChrome Headless 150.0.0.0 (Windows 10): Executed 625 of 3092[32m SUCCESS[39m (0 secs / 10.723 secs)
[1A[2KChrome Headless 150.0.0.0 (Windows 10): Executed 626 of 3092[32m SUCCESS[39m (0 secs / 10.724 secs)
[1A[2KChrome Headless 150.0.0.0 (Windows 10): Executed 627 of 3092[32m SUCCESS[39m (0 secs / 10.726 secs)
[1A[2KChrome Headless 150.0.0.0 (Windows 10): Executed 628 of 3092[32m SUCCESS[39m (0 secs / 10.727 secs)
[1A[2KChrome Headless 150.0.0.0 (Windows 10): Executed 629 of 3092[32m SUCCESS[39m (0 secs / 10.728 secs)
[1A[2KChrome Headless 150.0.0.0 (Windows 10): Executed 630 of 3092[32m SUCCESS[39m (0 secs / 10.729 secs)
[1A[2KChrome Headless 150.0.0.0 (Windows 10): Executed 631 of 3092[32m SUCCESS[39m (0 secs / 10.73 secs)
[1A[2KChrome Headless 150.0.0.0 (Windows 10): Executed 632 of 3092[32m SUCCESS[39m (0 secs / 10.731 secs)
[1A[2KChrome Headless 150.0.0.0 (Windows 10): Executed 633 of 3092[32m SUCCESS[39m (0 secs / 10.732 secs)
[1A[2KChrome Headless 150.0.0.0 (Windows 10): Executed 634 of 3092[32m SUCCESS[39m (0 secs / 10.733 secs)
[1A[2KChrome Headless 150.0.0.0 (Windows 10): Executed 635 of 3092[32m SUCCESS[39m (0 secs / 10.735 secs)
[1A[2KChrome Headless 150.0.0.0 (Windows 10): Executed 636 of 3092[32m SUCCESS[39m (0 secs / 10.736 secs)
[1A[2KChrome Headless 150.0.0.0 (Windows 10): Executed 637 of 3092[32m SUCCESS[39m (0 secs / 10.737 secs)
[1A[2KChrome Headless 150.0.0.0 (Windows 10): Executed 638 of 3092[32m SUCCESS[39m (0 secs / 10.739 secs)
[1A[2KChrome Headless 150.0.0.0 (Windows 10): Executed 639 of 3092[32m SUCCESS[39m (0 secs / 10.74 secs)
[1A[2KChrome Headless 150.0.0.0 (Windows 10): Executed 640 of 3092[32m SUCCESS[39m (0 secs / 10.741 secs)
[1A[2KChrome Headless 150.0.0.0 (Windows 10): Executed 641 of 3092[32m SUCCESS[39m (0 secs / 10.743 secs)
[1A[2KChrome Headless 150.0.0.0 (Windows 10): Executed 642 of 3092[32m SUCCESS[39m (0 secs / 10.744 secs)
[1A[2KChrome Headless 150.0.0.0 (Windows 10): Executed 643 of 3092[32m SUCCESS[39m (0 secs / 10.762 secs)
[1A[2KChrome Headless 150.0.0.0 (Windows 10): Executed 644 of 3092[32m SUCCESS[39m (0 secs / 10.765 secs)
[1A[2KChrome Headless 150.0.0.0 (Windows 10): Executed 645 of 3092[32m SUCCESS[39m (0 secs / 10.767 secs)
[1A[2KChrome Headless 150.0.0.0 (Windows 10): Executed 646 of 3092[32m SUCCESS[39m (0 secs / 10.769 secs)
[1A[2KChrome Headless 150.0.0.0 (Windows 10): Executed 647 of 3092[32m SUCCESS[39m (0 secs / 10.77 secs)
[1A[2KChrome Headless 150.0.0.0 (Windows 10): Executed 648 of 3092[32m SUCCESS[39m (0 secs / 10.772 secs)
[1A[2KChrome Headless 150.0.0.0 (Windows 10): Executed 649 of 3092[32m SUCCESS[39m (0 secs / 10.774 secs)
[1A[2KChrome Headless 150.0.0.0 (Windows 10): Executed 650 of 3092[32m SUCCESS[39m (0 secs / 10.776 secs)
[1A[2KChrome Headless 150.0.0.0 (Windows 10): Executed 651 of 3092[32m SUCCESS[39m (0 secs / 10.778 secs)
[1A[2KChrome Headless 150.0.0.0 (Windows 10): Executed 652 of 3092[32m SUCCESS[39m (0 secs / 10.779 secs)
[1A[2KChrome Headless 150.0.0.0 (Windows 10): Executed 653 of 3092[32m SUCCESS[39m (0 secs / 10.781 secs)
[1A[2KChrome Headless 150.0.0.0 (Windows 10): Executed 654 of 3092[32m SUCCESS[39m (0 secs / 10.782 secs)
[1A[2KChrome Headless 150.0.0.0 (Windows 10): Executed 655 of 3092[32m SUCCESS[39m (0 secs / 10.783 secs)
[1A[2KChrome Headless 150.0.0.0 (Windows 10): Executed 656 of 3092[32m SUCCESS[39m (0 secs / 10.785 secs)
[1A[2KChrome Headless 150.0.0.0 (Windows 10): Executed 657 of 3092[32m SUCCESS[39m (0 secs / 10.795 secs)
[1A[2KChrome Headless 150.0.0.0 (Windows 10): Executed 658 of 3092[32m SUCCESS[39m (0 secs / 10.799 secs)
[1A[2KChrome Headless 150.0.0.0 (Windows 10): Executed 659 of 3092[32m SUCCESS[39m (0 secs / 10.803 secs)
[1A[2KChrome Headless 150.0.0.0 (Windows 10): Executed 660 of 3092[32m SUCCESS[39m (0 secs / 10.807 secs)
[1A[2KChrome Headless 150.0.0.0 (Windows 10): Executed 661 of 3092[32m SUCCESS[39m (0 secs / 10.811 secs)
[1A[2KChrome Headless 150.0.0.0 (Windows 10): Executed 662 of 3092[32m SUCCESS[39m (0 secs / 10.814 secs)
[1A[2KChrome Headless 150.0.0.0 (Windows 10): Executed 663 of 3092[32m SUCCESS[39m (0 secs / 10.818 secs)
[1A[2KChrome Headless 150.0.0.0 (Windows 10): Executed 664 of 3092[32m SUCCESS[39m (0 secs / 10.822 secs)
[1A[2KChrome Headless 150.0.0.0 (Windows 10): Executed 665 of 3092[32m SUCCESS[39m (0 secs / 10.826 secs)
[1A[2KChrome Headless 150.0.0.0 (Windows 10): Executed 666 of 3092[32m SUCCESS[39m (0 secs / 10.842 secs)
[1A[2KChrome Headless 150.0.0.0 (Windows 10): Executed 667 of 3092[32m SUCCESS[39m (0 secs / 10.843 secs)
[1A[2KChrome Headless 150.0.0.0 (Windows 10): Executed 668 of 3092[32m SUCCESS[39m (0 secs / 10.844 secs)
[1A[2KChrome Headless 150.0.0.0 (Windows 10): Executed 669 of 3092[32m SUCCESS[39m (0 secs / 10.845 secs)
[1A[2KChrome Headless 150.0.0.0 (Windows 10): Executed 670 of 3092[32m SUCCESS[39m (0 secs / 10.846 secs)
[1A[2KChrome Headless 150.0.0.0 (Windows 10): Executed 671 of 3092[32m SUCCESS[39m (0 secs / 10.847 secs)
[1A[2KWARN: [36m'Error cargando pedido en curso del alumno:', Error: 500
Error: 500
    at http://localhost:9876/base/src/app/features/home-alumno/services/home-alumno.service.spec.ts:209:78
    at _Observable.init [as _subscribe] (http://localhost:9876/base/node_modules/rxjs/dist/esm/internal/observable/throwError.js:5:51)
    at _Observable._trySubscribe (http://localhost:9876/base/node_modules/rxjs/dist/esm/internal/Observable.js:37:25)
    at http://localhost:9876/base/node_modules/rxjs/dist/esm/internal/Observable.js:31:30
    at errorContext (http://localhost:9876/base/node_modules/rxjs/dist/esm/internal/util/errorContext.js:19:9)
    at _Observable.subscribe (http://localhost:9876/base/node_modules/rxjs/dist/esm/internal/Observable.js:22:9)
    at http://localhost:9876/base/node_modules/rxjs/dist/esm/internal/firstValueFrom.js:21:16
    at new ZoneAwarePromise (http://localhost:9876/base/node_modules/zone.js/fesm2015/zone.js:2701:25)
    at firstValueFrom (http://localhost:9876/base/node_modules/rxjs/dist/esm/internal/firstValueFrom.js:5:12)
    at HomeAlumnoService2.<anonymous> (http://localhost:9876/base/src/app/features/home-alumno/services/home-alumno.service.ts:90:32)[39m
Chrome Headless 150.0.0.0 (Windows 10): Executed 671 of 3092[32m SUCCESS[39m (0 secs / 10.847 secs)
WARN: 'Error cargando pedido en curso del alumno:', Error: 500
Error: 500
    at http://localhost:9876/base/src/app/features/home-alumno/services/home-alumno.service.spec.ts:209:78
    at _Observable.init [as _subscribe] (http://localhost:9876/base/node_modules/rxjs/dist/esm/internal/observable/throwError.js:5:51)
    at _Observable._trySubscribe (http://localhost:9876/base/node_modules/rxjs/dist/esm/internal/Observable.js:37:25)
    at http://localhost:9876/base/node_modules/rxjs/dist/esm/internal/Observable.js:31:30
    at errorContext (http://localhost:9876/base/node_modules/rxjs/dist/esm/internal/util/errorContext.js:19:9)
    at _Observable.subscribe (http://localhost:9876/base/node_modules/rxjs/dist/esm/internal/Observable.js:22:9)
    at http://localhost:9876/base/node_modules/rxjs/dist/esm/internal/firstValueFrom.js:21:16
    at new ZoneAwarePromise (http://localhost:9876/base/node_modules/zone.js/fesm2015/zone.js:2701:25)
    at firstValueFrom (http://localhost:9876/base/node_modules/rxjs/dist/esm/internal/firstValueFrom.js:5:12)
    at HomeAlumnoService2.<anonymous> (http://localhost:9876/base/src/app/features/home-alumno/services/home-alumno.service.ts:90:32)
[1A[2KChrome Headless 150.0.0.0 (Windows 10): Executed 672 of 3092[32m SUCCESS[39m (0 secs / 11.175 secs)
[1A[2KChrome Headless 150.0.0.0 (Windows 10): Executed 673 of 3092[32m SUCCESS[39m (0 secs / 11.176 secs)
[1A[2KChrome Headless 150.0.0.0 (Windows 10): Executed 674 of 3092[32m SUCCESS[39m (0 secs / 11.177 secs)
[1A[2KChrome Headless 150.0.0.0 (Windows 10): Executed 675 of 3092[32m SUCCESS[39m (0 secs / 11.177 secs)
[1A[2KChrome Headless 150.0.0.0 (Windows 10): Executed 676 of 3092[32m SUCCESS[39m (0 secs / 11.178 secs)
[1A[2KChrome Headless 150.0.0.0 (Windows 10): Executed 677 of 3092[32m SUCCESS[39m (0 secs / 11.178 secs)
[1A[2KChrome Headless 150.0.0.0 (Windows 10): Executed 678 of 3092[32m SUCCESS[39m (0 secs / 11.179 secs)
[1A[2KChrome Headless 150.0.0.0 (Windows 10): Executed 679 of 3092[32m SUCCESS[39m (0 secs / 11.18 secs)
[1A[2KChrome Headless 150.0.0.0 (Windows 10): Executed 680 of 3092[32m SUCCESS[39m (0 secs / 11.182 secs)
[1A[2KChrome Headless 150.0.0.0 (Windows 10): Executed 681 of 3092[32m SUCCESS[39m (0 secs / 11.183 secs)
[1A[2KChrome Headless 150.0.0.0 (Windows 10): Executed 682 of 3092[32m SUCCESS[39m (0 secs / 11.184 secs)
[1A[2KWARN: [36m'Error cargando recreos del colegio:', Error: 500
Error: 500
    at givenQueElEndpointDeFranjasFalla (http://localhost:9876/base/src/app/features/home-alumno/services/home-alumno.service.spec.ts:213:55)
    at http://localhost:9876/base/src/app/features/home-alumno/services/home-alumno.service.spec.ts:132:5
    at Generator.next (<anonymous>)
    at http://localhost:9876/base/chunk-HBW54YOI.js:67:61
    at new ZoneAwarePromise (http://localhost:9876/base/node_modules/zone.js/fesm2015/zone.js:2701:25)
    at __async (http://localhost:9876/base/chunk-HBW54YOI.js:51:10)
    at UserContext.<anonymous> (http://localhost:9876/base/src/app/features/home-alumno/services/home-alumno.service.spec.ts:131:110)
    at _ZoneDelegate.invoke (http://localhost:9876/base/node_modules/zone.js/fesm2015/zone.js:398:28)
    at _ProxyZoneSpec.onInvoke (http://localhost:9876/base/node_modules/zone.js/fesm2015/zone-testing.js:2132:39)
    at _ZoneDelegate.invoke (http://localhost:9876/base/node_modules/zone.js/fesm2015/zone.js:397:34)[39m
Chrome Headless 150.0.0.0 (Windows 10): Executed 682 of 3092[32m SUCCESS[39m (0 secs / 11.184 secs)
WARN: 'Error cargando recreos del colegio:', Error: 500
Error: 500
    at givenQueElEndpointDeFranjasFalla (http://localhost:9876/base/src/app/features/home-alumno/services/home-alumno.service.spec.ts:213:55)
    at http://localhost:9876/base/src/app/features/home-alumno/services/home-alumno.service.spec.ts:132:5
    at Generator.next (<anonymous>)
    at http://localhost:9876/base/chunk-HBW54YOI.js:67:61
    at new ZoneAwarePromise (http://localhost:9876/base/node_modules/zone.js/fesm2015/zone.js:2701:25)
    at __async (http://localhost:9876/base/chunk-HBW54YOI.js:51:10)
    at UserContext.<anonymous> (http://localhost:9876/base/src/app/features/home-alumno/services/home-alumno.service.spec.ts:131:110)
    at _ZoneDelegate.invoke (http://localhost:9876/base/node_modules/zone.js/fesm2015/zone.js:398:28)
    at _ProxyZoneSpec.onInvoke (http://localhost:9876/base/node_modules/zone.js/fesm2015/zone-testing.js:2132:39)
    at _ZoneDelegate.invoke (http://localhost:9876/base/node_modules/zone.js/fesm2015/zone.js:397:34)
[1A[2KChrome Headless 150.0.0.0 (Windows 10): Executed 683 of 3092[32m SUCCESS[39m (0 secs / 11.186 secs)
[1A[2KChrome Headless 150.0.0.0 (Windows 10): Executed 684 of 3092[32m SUCCESS[39m (0 secs / 11.187 secs)
[1A[2KChrome Headless 150.0.0.0 (Windows 10): Executed 685 of 3092[32m SUCCESS[39m (0 secs / 11.188 secs)
[1A[2KChrome Headless 150.0.0.0 (Windows 10): Executed 686 of 3092[32m SUCCESS[39m (0 secs / 11.189 secs)
[1A[2KChrome Headless 150.0.0.0 (Windows 10): Executed 687 of 3092[32m SUCCESS[39m (0 secs / 11.19 secs)
[1A[2KChrome Headless 150.0.0.0 (Windows 10): Executed 688 of 3092[32m SUCCESS[39m (0 secs / 11.191 secs)
[1A[2KChrome Headless 150.0.0.0 (Windows 10): Executed 689 of 3092[32m SUCCESS[39m (0 secs / 11.192 secs)
[1A[2KChrome Headless 150.0.0.0 (Windows 10): Executed 690 of 3092[32m SUCCESS[39m (0 secs / 11.279 secs)
[1A[2KChrome Headless 150.0.0.0 (Windows 10): Executed 691 of 3092[32m SUCCESS[39m (0 secs / 11.303 secs)
[1A[2KChrome Headless 150.0.0.0 (Windows 10): Executed 692 of 3092[32m SUCCESS[39m (0 secs / 11.33 secs)
[1A[2KChrome Headless 150.0.0.0 (Windows 10): Executed 693 of 3092[32m SUCCESS[39m (0 secs / 11.355 secs)
[1A[2KChrome Headless 150.0.0.0 (Windows 10): Executed 694 of 3092[32m SUCCESS[39m (0 secs / 11.358 secs)
[1A[2KChrome Headless 150.0.0.0 (Windows 10): Executed 695 of 3092[32m SUCCESS[39m (0 secs / 11.36 secs)
[1A[2KChrome Headless 150.0.0.0 (Windows 10): Executed 696 of 3092[32m SUCCESS[39m (0 secs / 11.381 secs)
[1A[2KChrome Headless 150.0.0.0 (Windows 10): Executed 697 of 3092[32m SUCCESS[39m (0 secs / 11.393 secs)
[1A[2KChrome Headless 150.0.0.0 (Windows 10): Executed 698 of 3092[32m SUCCESS[39m (0 secs / 11.4 secs)
[1A[2KChrome Headless 150.0.0.0 (Windows 10): Executed 699 of 3092[32m SUCCESS[39m (0 secs / 11.408 secs)
[1A[2KChrome Headless 150.0.0.0 (Windows 10): Executed 700 of 3092[32m SUCCESS[39m (0 secs / 11.415 secs)
[1A[2KChrome Headless 150.0.0.0 (Windows 10): Executed 701 of 3092[32m SUCCESS[39m (0 secs / 11.423 secs)
[1A[2KChrome Headless 150.0.0.0 (Windows 10): Executed 702 of 3092[32m SUCCESS[39m (0 secs / 11.432 secs)
[1A[2KChrome Headless 150.0.0.0 (Windows 10): Executed 703 of 3092[32m SUCCESS[39m (0 secs / 11.441 secs)
[1A[2KChrome Headless 150.0.0.0 (Windows 10): Executed 704 of 3092[32m SUCCESS[39m (0 secs / 11.449 secs)
[1A[2KChrome Headless 150.0.0.0 (Windows 10): Executed 705 of 3092[32m SUCCESS[39m (0 secs / 11.457 secs)
[1A[2KChrome Headless 150.0.0.0 (Windows 10): Executed 706 of 3092[32m SUCCESS[39m (0 secs / 11.469 secs)
[1A[2KChrome Headless 150.0.0.0 (Windows 10): Executed 707 of 3092[32m SUCCESS[39m (0 secs / 11.477 secs)
[1A[2KChrome Headless 150.0.0.0 (Windows 10): Executed 708 of 3092[32m SUCCESS[39m (0 secs / 11.48 secs)
[1A[2KChrome Headless 150.0.0.0 (Windows 10): Executed 709 of 3092[32m SUCCESS[39m (0 secs / 11.481 secs)
[1A[2KChrome Headless 150.0.0.0 (Windows 10): Executed 710 of 3092[32m SUCCESS[39m (0 secs / 11.482 secs)
[1A[2KChrome Headless 150.0.0.0 (Windows 10): Executed 711 of 3092[32m SUCCESS[39m (0 secs / 11.483 secs)
[1A[2KChrome Headless 150.0.0.0 (Windows 10): Executed 712 of 3092[32m SUCCESS[39m (0 secs / 11.484 secs)
[1A[2KChrome Headless 150.0.0.0 (Windows 10): Executed 713 of 3092[32m SUCCESS[39m (0 secs / 11.485 secs)
[1A[2KChrome Headless 150.0.0.0 (Windows 10): Executed 714 of 3092[32m SUCCESS[39m (0 secs / 11.486 secs)
[1A[2KChrome Headless 150.0.0.0 (Windows 10): Executed 715 of 3092[32m SUCCESS[39m (0 secs / 11.5 secs)
[1A[2KChrome Headless 150.0.0.0 (Windows 10): Executed 716 of 3092[32m SUCCESS[39m (0 secs / 11.512 secs)
[1A[2KChrome Headless 150.0.0.0 (Windows 10): Executed 717 of 3092[32m SUCCESS[39m (0 secs / 11.525 secs)
[1A[2KChrome Headless 150.0.0.0 (Windows 10): Executed 718 of 3092[32m SUCCESS[39m (0 secs / 11.539 secs)
[1A[2KChrome Headless 150.0.0.0 (Windows 10): Executed 719 of 3092[32m SUCCESS[39m (0 secs / 11.557 secs)
[1A[2KChrome Headless 150.0.0.0 (Windows 10): Executed 720 of 3092[32m SUCCESS[39m (0 secs / 11.569 secs)
[1A[2KChrome Headless 150.0.0.0 (Windows 10): Executed 721 of 3092[32m SUCCESS[39m (0 secs / 11.579 secs)
[1A[2KChrome Headless 150.0.0.0 (Windows 10): Executed 722 of 3092[32m SUCCESS[39m (0 secs / 11.598 secs)
[1A[2KChrome Headless 150.0.0.0 (Windows 10): Executed 723 of 3092[32m SUCCESS[39m (0 secs / 11.617 secs)
[1A[2KChrome Headless 150.0.0.0 (Windows 10): Executed 724 of 3092[32m SUCCESS[39m (0 secs / 11.633 secs)
[1A[2KChrome Headless 150.0.0.0 (Windows 10): Executed 725 of 3092[32m SUCCESS[39m (0 secs / 11.645 secs)
[1A[2KChrome Headless 150.0.0.0 (Windows 10): Executed 726 of 3092[32m SUCCESS[39m (0 secs / 11.647 secs)
[1A[2KChrome Headless 150.0.0.0 (Windows 10): Executed 727 of 3092[32m SUCCESS[39m (0 secs / 11.649 secs)
[1A[2KChrome Headless 150.0.0.0 (Windows 10): Executed 728 of 3092[32m SUCCESS[39m (0 secs / 11.65 secs)
[1A[2KChrome Headless 150.0.0.0 (Windows 10): Executed 729 of 3092[32m SUCCESS[39m (0 secs / 11.651 secs)
[1A[2KChrome Headless 150.0.0.0 (Windows 10): Executed 730 of 3092[32m SUCCESS[39m (0 secs / 11.656 secs)
[1A[2KChrome Headless 150.0.0.0 (Windows 10): Executed 731 of 3092[32m SUCCESS[39m (0 secs / 11.659 secs)
[1A[2KChrome Headless 150.0.0.0 (Windows 10): Executed 732 of 3092[32m SUCCESS[39m (0 secs / 11.661 secs)
[1A[2KChrome Headless 150.0.0.0 (Windows 10): Executed 733 of 3092[32m SUCCESS[39m (0 secs / 11.663 secs)
[1A[2KChrome Headless 150.0.0.0 (Windows 10): Executed 734 of 3092[32m SUCCESS[39m (0 secs / 11.665 secs)
[1A[2KChrome Headless 150.0.0.0 (Windows 10): Executed 735 of 3092[32m SUCCESS[39m (0 secs / 11.67 secs)
[1A[2KChrome Headless 150.0.0.0 (Windows 10): Executed 736 of 3092[32m SUCCESS[39m (0 secs / 11.672 secs)
[1A[2KChrome Headless 150.0.0.0 (Windows 10): Executed 737 of 3092[32m SUCCESS[39m (0 secs / 11.674 secs)
[1A[2KChrome Headless 150.0.0.0 (Windows 10): Executed 738 of 3092[32m SUCCESS[39m (0 secs / 11.7 secs)
[1A[2KChrome Headless 150.0.0.0 (Windows 10): Executed 739 of 3092[32m SUCCESS[39m (0 secs / 11.703 secs)
[1A[2KChrome Headless 150.0.0.0 (Windows 10): Executed 740 of 3092[32m SUCCESS[39m (0 secs / 11.705 secs)
[1A[2KChrome Headless 150.0.0.0 (Windows 10): Executed 741 of 3092[32m SUCCESS[39m (0 secs / 11.707 secs)
[1A[2KChrome Headless 150.0.0.0 (Windows 10): Executed 742 of 3092[32m SUCCESS[39m (0 secs / 11.709 secs)
[1A[2KChrome Headless 150.0.0.0 (Windows 10): Executed 743 of 3092[32m SUCCESS[39m (0 secs / 11.711 secs)
[1A[2KChrome Headless 150.0.0.0 (Windows 10): Executed 744 of 3092[32m SUCCESS[39m (0 secs / 11.713 secs)
[1A[2KChrome Headless 150.0.0.0 (Windows 10): Executed 745 of 3092[32m SUCCESS[39m (0 secs / 11.762 secs)
[1A[2KChrome Headless 150.0.0.0 (Windows 10): Executed 746 of 3092[32m SUCCESS[39m (0 secs / 11.77 secs)
[1A[2KChrome Headless 150.0.0.0 (Windows 10): Executed 747 of 3092[32m SUCCESS[39m (0 secs / 11.778 secs)
[1A[2KChrome Headless 150.0.0.0 (Windows 10): Executed 748 of 3092[32m SUCCESS[39m (0 secs / 11.785 secs)
[1A[2KChrome Headless 150.0.0.0 (Windows 10): Executed 749 of 3092[32m SUCCESS[39m (0 secs / 11.793 secs)
[1A[2KChrome Headless 150.0.0.0 (Windows 10): Executed 750 of 3092[32m SUCCESS[39m (0 secs / 11.8 secs)
[1A[2KChrome Headless 150.0.0.0 (Windows 10): Executed 751 of 3092[32m SUCCESS[39m (0 secs / 11.804 secs)
[1A[2KChrome Headless 150.0.0.0 (Windows 10): Executed 752 of 3092[32m SUCCESS[39m (0 secs / 11.805 secs)
[1A[2KChrome Headless 150.0.0.0 (Windows 10): Executed 753 of 3092[32m SUCCESS[39m (0 secs / 11.806 secs)
[1A[2KChrome Headless 150.0.0.0 (Windows 10): Executed 754 of 3092[32m SUCCESS[39m (0 secs / 11.807 secs)
[1A[2KChrome Headless 150.0.0.0 (Windows 10): Executed 755 of 3092[32m SUCCESS[39m (0 secs / 11.808 secs)
[1A[2KChrome Headless 150.0.0.0 (Windows 10): Executed 756 of 3092[32m SUCCESS[39m (0 secs / 11.811 secs)
[1A[2KChrome Headless 150.0.0.0 (Windows 10): Executed 757 of 3092[32m SUCCESS[39m (0 secs / 11.812 secs)
[1A[2KChrome Headless 150.0.0.0 (Windows 10): Executed 758 of 3092[32m SUCCESS[39m (0 secs / 11.813 secs)
[1A[2KChrome Headless 150.0.0.0 (Windows 10): Executed 759 of 3092[32m SUCCESS[39m (0 secs / 11.814 secs)
[1A[2KChrome Headless 150.0.0.0 (Windows 10): Executed 760 of 3092[32m SUCCESS[39m (0 secs / 11.815 secs)
[1A[2KChrome Headless 150.0.0.0 (Windows 10): Executed 761 of 3092[32m SUCCESS[39m (0 secs / 11.816 secs)
[1A[2KChrome Headless 150.0.0.0 (Windows 10): Executed 762 of 3092[32m SUCCESS[39m (0 secs / 11.817 secs)
[1A[2KChrome Headless 150.0.0.0 (Windows 10): Executed 763 of 3092[32m SUCCESS[39m (0 secs / 11.818 secs)
[1A[2KChrome Headless 150.0.0.0 (Windows 10): Executed 764 of 3092[32m SUCCESS[39m (0 secs / 11.819 secs)
[1A[2KChrome Headless 150.0.0.0 (Windows 10): Executed 765 of 3092[32m SUCCESS[39m (0 secs / 11.82 secs)
[1A[2KChrome Headless 150.0.0.0 (Windows 10): Executed 766 of 3092[32m SUCCESS[39m (0 secs / 11.821 secs)
[1A[2KChrome Headless 150.0.0.0 (Windows 10): Executed 767 of 3092[32m SUCCESS[39m (0 secs / 11.822 secs)
[1A[2KChrome Headless 150.0.0.0 (Windows 10): Executed 768 of 3092[32m SUCCESS[39m (0 secs / 11.832 secs)
[1A[2KChrome Headless 150.0.0.0 (Windows 10): Executed 769 of 3092[32m SUCCESS[39m (0 secs / 11.833 secs)
[1A[2KChrome Headless 150.0.0.0 (Windows 10): Executed 770 of 3092[32m SUCCESS[39m (0 secs / 11.836 secs)
[1A[2KChrome Headless 150.0.0.0 (Windows 10): Executed 771 of 3092[32m SUCCESS[39m (0 secs / 11.837 secs)
[1A[2KChrome Headless 150.0.0.0 (Windows 10): Executed 772 of 3092[32m SUCCESS[39m (0 secs / 11.839 secs)
[1A[2KChrome Headless 150.0.0.0 (Windows 10): Executed 773 of 3092[32m SUCCESS[39m (0 secs / 11.842 secs)
[1A[2KChrome Headless 150.0.0.0 (Windows 10): Executed 774 of 3092[32m SUCCESS[39m (0 secs / 11.843 secs)
[1A[2KChrome Headless 150.0.0.0 (Windows 10): Executed 775 of 3092[32m SUCCESS[39m (0 secs / 11.845 secs)
[1A[2KChrome Headless 150.0.0.0 (Windows 10): Executed 776 of 3092[32m SUCCESS[39m (0 secs / 11.846 secs)
[1A[2KChrome Headless 150.0.0.0 (Windows 10): Executed 777 of 3092[32m SUCCESS[39m (0 secs / 11.848 secs)
[1A[2KChrome Headless 150.0.0.0 (Windows 10): Executed 778 of 3092[32m SUCCESS[39m (0 secs / 11.849 secs)
[1A[2KChrome Headless 150.0.0.0 (Windows 10): Executed 779 of 3092[32m SUCCESS[39m (0 secs / 11.85 secs)
[1A[2KChrome Headless 150.0.0.0 (Windows 10): Executed 780 of 3092[32m SUCCESS[39m (0 secs / 11.851 secs)
[1A[2KChrome Headless 150.0.0.0 (Windows 10): Executed 781 of 3092[32m SUCCESS[39m (0 secs / 11.852 secs)
[1A[2KChrome Headless 150.0.0.0 (Windows 10): Executed 782 of 3092[32m SUCCESS[39m (0 secs / 11.853 secs)
[1A[2KChrome Headless 150.0.0.0 (Windows 10): Executed 783 of 3092[32m SUCCESS[39m (0 secs / 11.854 secs)
[1A[2KChrome Headless 150.0.0.0 (Windows 10): Executed 784 of 3092[32m SUCCESS[39m (0 secs / 11.855 secs)
[1A[2KChrome Headless 150.0.0.0 (Windows 10): Executed 785 of 3092[32m SUCCESS[39m (0 secs / 11.856 secs)
[1A[2KChrome Headless 150.0.0.0 (Windows 10): Executed 786 of 3092[32m SUCCESS[39m (0 secs / 11.857 secs)
[1A[2KChrome Headless 150.0.0.0 (Windows 10): Executed 787 of 3092[32m SUCCESS[39m (0 secs / 11.859 secs)
[1A[2KChrome Headless 150.0.0.0 (Windows 10): Executed 788 of 3092[32m SUCCESS[39m (0 secs / 11.86 secs)
[1A[2KChrome Headless 150.0.0.0 (Windows 10): Executed 789 of 3092[32m SUCCESS[39m (0 secs / 11.861 secs)
[1A[2KChrome Headless 150.0.0.0 (Windows 10): Executed 790 of 3092[32m SUCCESS[39m (0 secs / 11.862 secs)
[1A[2KChrome Headless 150.0.0.0 (Windows 10): Executed 791 of 3092[32m SUCCESS[39m (0 secs / 11.867 secs)
[1A[2KChrome Headless 150.0.0.0 (Windows 10): Executed 792 of 3092[32m SUCCESS[39m (0 secs / 11.869 secs)
[1A[2KChrome Headless 150.0.0.0 (Windows 10): Executed 793 of 3092[32m SUCCESS[39m (0 secs / 11.87 secs)
[1A[2KChrome Headless 150.0.0.0 (Windows 10): Executed 794 of 3092[32m SUCCESS[39m (0 secs / 11.871 secs)
[1A[2KChrome Headless 150.0.0.0 (Windows 10): Executed 795 of 3092[32m SUCCESS[39m (0 secs / 11.872 secs)
[1A[2KChrome Headless 150.0.0.0 (Windows 10): Executed 796 of 3092[32m SUCCESS[39m (0 secs / 11.874 secs)
[1A[2KChrome Headless 150.0.0.0 (Windows 10): Executed 797 of 3092[32m SUCCESS[39m (0 secs / 11.875 secs)
[1A[2KChrome Headless 150.0.0.0 (Windows 10): Executed 798 of 3092[32m SUCCESS[39m (0 secs / 11.876 secs)
[1A[2KChrome Headless 150.0.0.0 (Windows 10): Executed 799 of 3092[32m SUCCESS[39m (0 secs / 11.884 secs)
[1A[2KChrome Headless 150.0.0.0 (Windows 10): Executed 800 of 3092[32m SUCCESS[39m (0 secs / 11.885 secs)
[1A[2KChrome Headless 150.0.0.0 (Windows 10): Executed 801 of 3092[32m SUCCESS[39m (0 secs / 11.886 secs)
[1A[2KChrome Headless 150.0.0.0 (Windows 10): Executed 802 of 3092[32m SUCCESS[39m (0 secs / 11.887 secs)
[1A[2KChrome Headless 150.0.0.0 (Windows 10): Executed 803 of 3092[32m SUCCESS[39m (0 secs / 11.888 secs)
[1A[2KChrome Headless 150.0.0.0 (Windows 10): Executed 804 of 3092[32m SUCCESS[39m (0 secs / 11.889 secs)
[1A[2KWARN: [36m'Spec 'BuffetService getProductosDelBuffet sin alumnoId o no-UUID dado alumnoId NO UUID, deberia caer al fallback de /products' has no expectations.'[39m
Chrome Headless 150.0.0.0 (Windows 10): Executed 804 of 3092[32m SUCCESS[39m (0 secs / 11.889 secs)
WARN: 'Spec 'BuffetService getProductosDelBuffet sin alumnoId o no-UUID dado alumnoId NO UUID, deberia caer al fallback de /products' has no expectations.'
[1A[2KChrome Headless 150.0.0.0 (Windows 10): Executed 805 of 3092[32m SUCCESS[39m (0 secs / 11.89 secs)
[1A[2KWARN: [36m'Spec 'BuffetService getProductosDelBuffet con fechaHoraConsulta y fallback dado que /menu-buffet falla, deberia hacer fallback a /products' has no expectations.'[39m
Chrome Headless 150.0.0.0 (Windows 10): Executed 805 of 3092[32m SUCCESS[39m (0 secs / 11.89 secs)
WARN: 'Spec 'BuffetService getProductosDelBuffet con fechaHoraConsulta y fallback dado que /menu-buffet falla, deberia hacer fallback a /products' has no expectations.'
[1A[2KChrome Headless 150.0.0.0 (Windows 10): Executed 806 of 3092[32m SUCCESS[39m (0 secs / 11.891 secs)
[1A[2KWARN: [36m'Spec 'BuffetService getProductosDelBuffet con fechaHoraConsulta y fallback dado fechaHoraConsulta, deberia agregarla como query param' has no expectations.'[39m
Chrome Headless 150.0.0.0 (Windows 10): Executed 806 of 3092[32m SUCCESS[39m (0 secs / 11.891 secs)
WARN: 'Spec 'BuffetService getProductosDelBuffet con fechaHoraConsulta y fallback dado fechaHoraConsulta, deberia agregarla como query param' has no expectations.'
[1A[2KChrome Headless 150.0.0.0 (Windows 10): Executed 807 of 3092[32m SUCCESS[39m (0 secs / 11.893 secs)
[1A[2KChrome Headless 150.0.0.0 (Windows 10): Executed 808 of 3092[32m SUCCESS[39m (0 secs / 11.894 secs)
[1A[2KChrome Headless 150.0.0.0 (Windows 10): Executed 809 of 3092[32m SUCCESS[39m (0 secs / 11.895 secs)
[1A[2KChrome Headless 150.0.0.0 (Windows 10): Executed 810 of 3092[32m SUCCESS[39m (0 secs / 11.896 secs)
[1A[2KChrome Headless 150.0.0.0 (Windows 10): Executed 811 of 3092[32m SUCCESS[39m (0 secs / 11.897 secs)
[1A[2KChrome Headless 150.0.0.0 (Windows 10): Executed 812 of 3092[32m SUCCESS[39m (0 secs / 11.898 secs)
[1A[2KChrome Headless 150.0.0.0 (Windows 10): Executed 813 of 3092[32m SUCCESS[39m (0 secs / 11.899 secs)
[1A[2KChrome Headless 150.0.0.0 (Windows 10): Executed 814 of 3092[32m SUCCESS[39m (0 secs / 11.9 secs)
[1A[2KChrome Headless 150.0.0.0 (Windows 10): Executed 815 of 3092[32m SUCCESS[39m (0 secs / 11.901 secs)
[1A[2KChrome Headless 150.0.0.0 (Windows 10): Executed 816 of 3092[32m SUCCESS[39m (0 secs / 11.902 secs)
[1A[2KChrome Headless 150.0.0.0 (Windows 10): Executed 817 of 3092[32m SUCCESS[39m (0 secs / 11.903 secs)
[1A[2KChrome Headless 150.0.0.0 (Windows 10): Executed 818 of 3092[32m SUCCESS[39m (0 secs / 11.904 secs)
[1A[2KChrome Headless 150.0.0.0 (Windows 10): Executed 819 of 3092[32m SUCCESS[39m (0 secs / 11.905 secs)
[1A[2KChrome Headless 150.0.0.0 (Windows 10): Executed 820 of 3092[32m SUCCESS[39m (0 secs / 11.907 secs)
[1A[2KChrome Headless 150.0.0.0 (Windows 10): Executed 821 of 3092[32m SUCCESS[39m (0 secs / 11.908 secs)
[1A[2KChrome Headless 150.0.0.0 (Windows 10): Executed 822 of 3092[32m SUCCESS[39m (0 secs / 11.909 secs)
[1A[2KChrome Headless 150.0.0.0 (Windows 10): Executed 823 of 3092[32m SUCCESS[39m (0 secs / 11.91 secs)
[1A[2KChrome Headless 150.0.0.0 (Windows 10): Executed 824 of 3092[32m SUCCESS[39m (0 secs / 11.913 secs)
[1A[2KChrome Headless 150.0.0.0 (Windows 10): Executed 825 of 3092[32m SUCCESS[39m (0 secs / 11.914 secs)
[1A[2KChrome Headless 150.0.0.0 (Windows 10): Executed 826 of 3092[32m SUCCESS[39m (0 secs / 11.915 secs)
[1A[2KChrome Headless 150.0.0.0 (Windows 10): Executed 827 of 3092[32m SUCCESS[39m (0 secs / 11.916 secs)
[1A[2KChrome Headless 150.0.0.0 (Windows 10): Executed 828 of 3092[32m SUCCESS[39m (0 secs / 11.917 secs)
[1A[2KChrome Headless 150.0.0.0 (Windows 10): Executed 829 of 3092[32m SUCCESS[39m (0 secs / 11.918 secs)
[1A[2KChrome Headless 150.0.0.0 (Windows 10): Executed 830 of 3092[32m SUCCESS[39m (0 secs / 11.919 secs)
[1A[2KChrome Headless 150.0.0.0 (Windows 10): Executed 831 of 3092[32m SUCCESS[39m (0 secs / 11.92 secs)
[1A[2KChrome Headless 150.0.0.0 (Windows 10): Executed 832 of 3092[32m SUCCESS[39m (0 secs / 11.922 secs)
[1A[2KChrome Headless 150.0.0.0 (Windows 10): Executed 833 of 3092[32m SUCCESS[39m (0 secs / 11.953 secs)
[1A[2KChrome Headless 150.0.0.0 (Windows 10): Executed 834 of 3092[32m SUCCESS[39m (0 secs / 11.96 secs)
[1A[2KChrome Headless 150.0.0.0 (Windows 10): Executed 835 of 3092[32m SUCCESS[39m (0 secs / 11.966 secs)
[1A[2KChrome Headless 150.0.0.0 (Windows 10): Executed 836 of 3092[32m SUCCESS[39m (0 secs / 11.973 secs)
[1A[2KChrome Headless 150.0.0.0 (Windows 10): Executed 837 of 3092[32m SUCCESS[39m (0 secs / 11.979 secs)
[1A[2KChrome Headless 150.0.0.0 (Windows 10): Executed 838 of 3092[32m SUCCESS[39m (0 secs / 12.01 secs)
[1A[2KChrome Headless 150.0.0.0 (Windows 10): Executed 839 of 3092[32m SUCCESS[39m (0 secs / 12.035 secs)
[1A[2KChrome Headless 150.0.0.0 (Windows 10): Executed 840 of 3092[32m SUCCESS[39m (0 secs / 12.063 secs)
[1A[2KChrome Headless 150.0.0.0 (Windows 10): Executed 841 of 3092[32m SUCCESS[39m (0 secs / 12.087 secs)
[1A[2KChrome Headless 150.0.0.0 (Windows 10): Executed 842 of 3092[32m SUCCESS[39m (0 secs / 12.111 secs)
[1A[2KChrome Headless 150.0.0.0 (Windows 10): Executed 843 of 3092[32m SUCCESS[39m (0 secs / 12.138 secs)
[1A[2KChrome Headless 150.0.0.0 (Windows 10): Executed 844 of 3092[32m SUCCESS[39m (0 secs / 12.163 secs)
[1A[2KChrome Headless 150.0.0.0 (Windows 10): Executed 845 of 3092[32m SUCCESS[39m (0 secs / 12.189 secs)
[1A[2KChrome Headless 150.0.0.0 (Windows 10): Executed 846 of 3092[32m SUCCESS[39m (0 secs / 12.213 secs)
[1A[2KChrome Headless 150.0.0.0 (Windows 10): Executed 847 of 3092[32m SUCCESS[39m (0 secs / 12.237 secs)
[1A[2KChrome Headless 150.0.0.0 (Windows 10): Executed 848 of 3092[32m SUCCESS[39m (0 secs / 12.264 secs)
[1A[2KChrome Headless 150.0.0.0 (Windows 10): Executed 849 of 3092[32m SUCCESS[39m (0 secs / 12.289 secs)
[1A[2KChrome Headless 150.0.0.0 (Windows 10): Executed 850 of 3092[32m SUCCESS[39m (0 secs / 12.314 secs)
[1A[2KChrome Headless 150.0.0.0 (Windows 10): Executed 851 of 3092[32m SUCCESS[39m (0 secs / 12.338 secs)
[1A[2KChrome Headless 150.0.0.0 (Windows 10): Executed 852 of 3092[32m SUCCESS[39m (0 secs / 12.373 secs)
[1A[2KChrome Headless 150.0.0.0 (Windows 10): Executed 853 of 3092[32m SUCCESS[39m (0 secs / 12.398 secs)
[1A[2KChrome Headless 150.0.0.0 (Windows 10): Executed 854 of 3092[32m SUCCESS[39m (0 secs / 12.422 secs)
[1A[2KChrome Headless 150.0.0.0 (Windows 10): Executed 855 of 3092[32m SUCCESS[39m (0 secs / 12.448 secs)
[1A[2KChrome Headless 150.0.0.0 (Windows 10): Executed 856 of 3092[32m SUCCESS[39m (0 secs / 12.472 secs)
[1A[2KChrome Headless 150.0.0.0 (Windows 10): Executed 857 of 3092[32m SUCCESS[39m (0 secs / 12.499 secs)
[1A[2KChrome Headless 150.0.0.0 (Windows 10): Executed 858 of 3092[32m SUCCESS[39m (0 secs / 12.523 secs)
[1A[2KChrome Headless 150.0.0.0 (Windows 10): Executed 859 of 3092[32m SUCCESS[39m (0 secs / 12.547 secs)
[1A[2KChrome Headless 150.0.0.0 (Windows 10): Executed 860 of 3092[32m SUCCESS[39m (0 secs / 12.576 secs)
[1A[2KChrome Headless 150.0.0.0 (Windows 10): Executed 861 of 3092[32m SUCCESS[39m (0 secs / 12.599 secs)
[1A[2KChrome Headless 150.0.0.0 (Windows 10): Executed 862 of 3092[32m SUCCESS[39m (0 secs / 12.624 secs)
[1A[2KChrome Headless 150.0.0.0 (Windows 10): Executed 863 of 3092[32m SUCCESS[39m (0 secs / 12.649 secs)
[1A[2KChrome Headless 150.0.0.0 (Windows 10): Executed 864 of 3092[32m SUCCESS[39m (0 secs / 12.673 secs)
[1A[2KChrome Headless 150.0.0.0 (Windows 10): Executed 865 of 3092[32m SUCCESS[39m (0 secs / 12.699 secs)
[1A[2KChrome Headless 150.0.0.0 (Windows 10): Executed 866 of 3092[32m SUCCESS[39m (0 secs / 12.723 secs)
[1A[2KChrome Headless 150.0.0.0 (Windows 10): Executed 867 of 3092[32m SUCCESS[39m (0 secs / 12.749 secs)
[1A[2KChrome Headless 150.0.0.0 (Windows 10): Executed 868 of 3092[32m SUCCESS[39m (0 secs / 12.772 secs)
[1A[2KChrome Headless 150.0.0.0 (Windows 10): Executed 869 of 3092[32m SUCCESS[39m (0 secs / 12.798 secs)
[1A[2KChrome Headless 150.0.0.0 (Windows 10): Executed 870 of 3092[32m SUCCESS[39m (0 secs / 12.822 secs)
[1A[2KChrome Headless 150.0.0.0 (Windows 10): Executed 871 of 3092[32m SUCCESS[39m (0 secs / 12.844 secs)
[1A[2KChrome Headless 150.0.0.0 (Windows 10): Executed 872 of 3092[32m SUCCESS[39m (0 secs / 12.869 secs)
[1A[2KChrome Headless 150.0.0.0 (Windows 10): Executed 873 of 3092[32m SUCCESS[39m (0 secs / 12.892 secs)
[1A[2KChrome Headless 150.0.0.0 (Windows 10): Executed 874 of 3092[32m SUCCESS[39m (0 secs / 12.92 secs)
[1A[2KChrome Headless 150.0.0.0 (Windows 10): Executed 875 of 3092[32m SUCCESS[39m (0 secs / 12.945 secs)
[1A[2KChrome Headless 150.0.0.0 (Windows 10): Executed 876 of 3092[32m SUCCESS[39m (0 secs / 12.97 secs)
[1A[2KChrome Headless 150.0.0.0 (Windows 10): Executed 877 of 3092[32m SUCCESS[39m (0 secs / 12.996 secs)
[1A[2KChrome Headless 150.0.0.0 (Windows 10): Executed 878 of 3092[32m SUCCESS[39m (0 secs / 13.023 secs)
[1A[2KChrome Headless 150.0.0.0 (Windows 10): Executed 879 of 3092[32m SUCCESS[39m (0 secs / 13.061 secs)
[1A[2KChrome Headless 150.0.0.0 (Windows 10): Executed 880 of 3092[32m SUCCESS[39m (0 secs / 13.098 secs)
[1A[2KChrome Headless 150.0.0.0 (Windows 10): Executed 881 of 3092[32m SUCCESS[39m (0 secs / 13.123 secs)
[1A[2KChrome Headless 150.0.0.0 (Windows 10): Executed 882 of 3092[32m SUCCESS[39m (0 secs / 13.148 secs)
[1A[2KChrome Headless 150.0.0.0 (Windows 10): Executed 883 of 3092[32m SUCCESS[39m (0 secs / 13.172 secs)
[1A[2KChrome Headless 150.0.0.0 (Windows 10): Executed 884 of 3092[32m SUCCESS[39m (0 secs / 13.198 secs)
[1A[2KChrome Headless 150.0.0.0 (Windows 10): Executed 885 of 3092[32m SUCCESS[39m (0 secs / 13.227 secs)
[1A[2KChrome Headless 150.0.0.0 (Windows 10): Executed 886 of 3092[32m SUCCESS[39m (0 secs / 13.253 secs)
[1A[2KChrome Headless 150.0.0.0 (Windows 10): Executed 887 of 3092[32m SUCCESS[39m (0 secs / 13.281 secs)
[1A[2KChrome Headless 150.0.0.0 (Windows 10): Executed 888 of 3092[32m SUCCESS[39m (0 secs / 13.307 secs)
[1A[2KChrome Headless 150.0.0.0 (Windows 10): Executed 889 of 3092[32m SUCCESS[39m (0 secs / 13.336 secs)
[1A[2KChrome Headless 150.0.0.0 (Windows 10): Executed 890 of 3092[32m SUCCESS[39m (0 secs / 13.361 secs)
[1A[2KChrome Headless 150.0.0.0 (Windows 10): Executed 891 of 3092[32m SUCCESS[39m (0 secs / 13.386 secs)
[1A[2KChrome Headless 150.0.0.0 (Windows 10): Executed 892 of 3092[32m SUCCESS[39m (0 secs / 13.422 secs)
[1A[2KChrome Headless 150.0.0.0 (Windows 10): Executed 893 of 3092[32m SUCCESS[39m (0 secs / 13.423 secs)
[1A[2KChrome Headless 150.0.0.0 (Windows 10): Executed 894 of 3092[32m SUCCESS[39m (0 secs / 13.424 secs)
[1A[2KChrome Headless 150.0.0.0 (Windows 10): Executed 895 of 3092[32m SUCCESS[39m (0 secs / 13.463 secs)
[1A[2KChrome Headless 150.0.0.0 (Windows 10): Executed 896 of 3092[32m SUCCESS[39m (0 secs / 13.464 secs)
[1A[2KChrome Headless 150.0.0.0 (Windows 10): Executed 897 of 3092[32m SUCCESS[39m (0 secs / 13.465 secs)
[1A[2KChrome Headless 150.0.0.0 (Windows 10): Executed 898 of 3092[32m SUCCESS[39m (0 secs / 13.466 secs)
[1A[2KChrome Headless 150.0.0.0 (Windows 10): Executed 899 of 3092[32m SUCCESS[39m (0 secs / 13.467 secs)
[1A[2KChrome Headless 150.0.0.0 (Windows 10): Executed 900 of 3092[32m SUCCESS[39m (0 secs / 13.469 secs)
[1A[2KChrome Headless 150.0.0.0 (Windows 10): Executed 901 of 3092[32m SUCCESS[39m (0 secs / 13.47 secs)
[1A[2KChrome Headless 150.0.0.0 (Windows 10): Executed 902 of 3092[32m SUCCESS[39m (0 secs / 13.471 secs)
[1A[2KChrome Headless 150.0.0.0 (Windows 10): Executed 903 of 3092[32m SUCCESS[39m (0 secs / 13.473 secs)
[1A[2KChrome Headless 150.0.0.0 (Windows 10): Executed 904 of 3092[32m SUCCESS[39m (0 secs / 13.474 secs)
[1A[2KChrome Headless 150.0.0.0 (Windows 10): Executed 905 of 3092[32m SUCCESS[39m (0 secs / 13.675 secs)
[1A[2KChrome Headless 150.0.0.0 (Windows 10): Executed 906 of 3092[32m SUCCESS[39m (0 secs / 13.704 secs)
[1A[2KChrome Headless 150.0.0.0 (Windows 10): Executed 907 of 3092[32m SUCCESS[39m (0 secs / 13.742 secs)
[1A[2KChrome Headless 150.0.0.0 (Windows 10): Executed 908 of 3092[32m SUCCESS[39m (0 secs / 13.787 secs)
[1A[2KChrome Headless 150.0.0.0 (Windows 10): Executed 909 of 3092[32m SUCCESS[39m (0 secs / 13.842 secs)
[1A[2KChrome Headless 150.0.0.0 (Windows 10): Executed 910 of 3092[32m SUCCESS[39m (0 secs / 13.891 secs)
[1A[2KChrome Headless 150.0.0.0 (Windows 10): Executed 911 of 3092[32m SUCCESS[39m (0 secs / 13.934 secs)
[1A[2KChrome Headless 150.0.0.0 (Windows 10): Executed 912 of 3092[32m SUCCESS[39m (0 secs / 13.974 secs)
[1A[2KChrome Headless 150.0.0.0 (Windows 10): Executed 913 of 3092[32m SUCCESS[39m (0 secs / 14.018 secs)
[1A[2KChrome Headless 150.0.0.0 (Windows 10): Executed 914 of 3092[32m SUCCESS[39m (0 secs / 14.06 secs)
[1A[2KChrome Headless 150.0.0.0 (Windows 10): Executed 915 of 3092[32m SUCCESS[39m (0 secs / 14.105 secs)
[1A[2KChrome Headless 150.0.0.0 (Windows 10): Executed 916 of 3092[32m SUCCESS[39m (0 secs / 14.149 secs)
[1A[2KChrome Headless 150.0.0.0 (Windows 10): Executed 917 of 3092[32m SUCCESS[39m (0 secs / 14.199 secs)
[1A[2KChrome Headless 150.0.0.0 (Windows 10): Executed 918 of 3092[32m SUCCESS[39m (0 secs / 14.243 secs)
[1A[2KChrome Headless 150.0.0.0 (Windows 10): Executed 919 of 3092[32m SUCCESS[39m (0 secs / 14.291 secs)
[1A[2KChrome Headless 150.0.0.0 (Windows 10): Executed 920 of 3092[32m SUCCESS[39m (0 secs / 14.335 secs)
[1A[2KChrome Headless 150.0.0.0 (Windows 10): Executed 921 of 3092[32m SUCCESS[39m (0 secs / 14.384 secs)
[1A[2KChrome Headless 150.0.0.0 (Windows 10): Executed 922 of 3092[32m SUCCESS[39m (0 secs / 14.436 secs)
[1A[2KChrome Headless 150.0.0.0 (Windows 10): Executed 923 of 3092[32m SUCCESS[39m (0 secs / 14.48 secs)
[1A[2KChrome Headless 150.0.0.0 (Windows 10): Executed 924 of 3092[32m SUCCESS[39m (0 secs / 14.526 secs)
[1A[2KChrome Headless 150.0.0.0 (Windows 10): Executed 925 of 3092[32m SUCCESS[39m (0 secs / 14.572 secs)
[1A[2KChrome Headless 150.0.0.0 (Windows 10): Executed 926 of 3092[32m SUCCESS[39m (0 secs / 14.62 secs)
[1A[2KChrome Headless 150.0.0.0 (Windows 10): Executed 927 of 3092[32m SUCCESS[39m (0 secs / 14.666 secs)
[1A[2KChrome Headless 150.0.0.0 (Windows 10): Executed 928 of 3092[32m SUCCESS[39m (0 secs / 14.712 secs)
[1A[2KChrome Headless 150.0.0.0 (Windows 10): Executed 929 of 3092[32m SUCCESS[39m (0 secs / 14.755 secs)
[1A[2KChrome Headless 150.0.0.0 (Windows 10): Executed 930 of 3092[32m SUCCESS[39m (0 secs / 14.8 secs)
[1A[2KChrome Headless 150.0.0.0 (Windows 10): Executed 931 of 3092[32m SUCCESS[39m (0 secs / 14.844 secs)
[1A[2KChrome Headless 150.0.0.0 (Windows 10): Executed 932 of 3092[32m SUCCESS[39m (0 secs / 14.895 secs)
[1A[2KChrome Headless 150.0.0.0 (Windows 10): Executed 933 of 3092[32m SUCCESS[39m (0 secs / 14.97 secs)
[1A[2KChrome Headless 150.0.0.0 (Windows 10): Executed 934 of 3092[32m SUCCESS[39m (0 secs / 15.019 secs)
[1A[2KChrome Headless 150.0.0.0 (Windows 10): Executed 935 of 3092[32m SUCCESS[39m (0 secs / 15.066 secs)
[1A[2KChrome Headless 150.0.0.0 (Windows 10): Executed 936 of 3092[32m SUCCESS[39m (0 secs / 15.118 secs)
[1A[2KChrome Headless 150.0.0.0 (Windows 10): Executed 937 of 3092[32m SUCCESS[39m (0 secs / 15.162 secs)
[1A[2KChrome Headless 150.0.0.0 (Windows 10): Executed 938 of 3092[32m SUCCESS[39m (0 secs / 15.21 secs)
[1A[2KChrome Headless 150.0.0.0 (Windows 10): Executed 939 of 3092[32m SUCCESS[39m (0 secs / 15.26 secs)
[1A[2KChrome Headless 150.0.0.0 (Windows 10): Executed 940 of 3092[32m SUCCESS[39m (0 secs / 15.304 secs)
[1A[2KChrome Headless 150.0.0.0 (Windows 10): Executed 941 of 3092[32m SUCCESS[39m (0 secs / 15.349 secs)
[1A[2KChrome Headless 150.0.0.0 (Windows 10): Executed 942 of 3092[32m SUCCESS[39m (0 secs / 15.378 secs)
[1A[2KChrome Headless 150.0.0.0 (Windows 10): Executed 943 of 3092[32m SUCCESS[39m (0 secs / 15.41 secs)
[1A[2KChrome Headless 150.0.0.0 (Windows 10): Executed 944 of 3092[32m SUCCESS[39m (0 secs / 15.439 secs)
[1A[2KChrome Headless 150.0.0.0 (Windows 10): Executed 945 of 3092[32m SUCCESS[39m (0 secs / 15.486 secs)
[1A[2KChrome Headless 150.0.0.0 (Windows 10): Executed 946 of 3092[32m SUCCESS[39m (0 secs / 15.528 secs)
[1A[2KChrome Headless 150.0.0.0 (Windows 10): Executed 947 of 3092[32m SUCCESS[39m (0 secs / 15.573 secs)
[1A[2KChrome Headless 150.0.0.0 (Windows 10): Executed 948 of 3092[32m SUCCESS[39m (0 secs / 15.617 secs)
[1A[2KChrome Headless 150.0.0.0 (Windows 10): Executed 949 of 3092[32m SUCCESS[39m (0 secs / 15.661 secs)
[1A[2KChrome Headless 150.0.0.0 (Windows 10): Executed 950 of 3092[32m SUCCESS[39m (0 secs / 15.703 secs)
[1A[2KChrome Headless 150.0.0.0 (Windows 10): Executed 951 of 3092[32m SUCCESS[39m (0 secs / 15.746 secs)
[1A[2KChrome Headless 150.0.0.0 (Windows 10): Executed 952 of 3092[32m SUCCESS[39m (0 secs / 15.787 secs)
[1A[2KLOG: [36m'Dashboard layout saved to backend'[39m
Chrome Headless 150.0.0.0 (Windows 10): Executed 952 of 3092[32m SUCCESS[39m (0 secs / 15.787 secs)
LOG: 'Dashboard layout saved to backend'
[1A[2KChrome Headless 150.0.0.0 (Windows 10): Executed 953 of 3092[32m SUCCESS[39m (0 secs / 15.869 secs)
[1A[2KChrome Headless 150.0.0.0 (Windows 10): Executed 954 of 3092[32m SUCCESS[39m (0 secs / 15.919 secs)
[1A[2KLOG: [36m'Dashboard layout saved to backend'[39m
Chrome Headless 150.0.0.0 (Windows 10): Executed 954 of 3092[32m SUCCESS[39m (0 secs / 15.919 secs)
LOG: 'Dashboard layout saved to backend'
[1A[2KChrome Headless 150.0.0.0 (Windows 10): Executed 955 of 3092[32m SUCCESS[39m (0 secs / 15.971 secs)
[1A[2KChrome Headless 150.0.0.0 (Windows 10): Executed 956 of 3092[32m SUCCESS[39m (0 secs / 16.016 secs)
[1A[2KChrome Headless 150.0.0.0 (Windows 10): Executed 957 of 3092[32m SUCCESS[39m (0 secs / 16.064 secs)
[1A[2KChrome Headless 150.0.0.0 (Windows 10): Executed 958 of 3092[32m SUCCESS[39m (0 secs / 16.125 secs)
[1A[2KChrome Headless 150.0.0.0 (Windows 10): Executed 959 of 3092[32m SUCCESS[39m (0 secs / 16.196 secs)
[1A[2KChrome Headless 150.0.0.0 (Windows 10): Executed 960 of 3092[32m SUCCESS[39m (0 secs / 16.237 secs)
[1A[2KChrome Headless 150.0.0.0 (Windows 10): Executed 961 of 3092[32m SUCCESS[39m (0 secs / 16.267 secs)
[1A[2KChrome Headless 150.0.0.0 (Windows 10): Executed 962 of 3092[32m SUCCESS[39m (0 secs / 16.295 secs)
[1A[2KChrome Headless 150.0.0.0 (Windows 10): Executed 963 of 3092[32m SUCCESS[39m (0 secs / 16.339 secs)
[1A[2KChrome Headless 150.0.0.0 (Windows 10): Executed 964 of 3092[32m SUCCESS[39m (0 secs / 16.378 secs)
[1A[2KChrome Headless 150.0.0.0 (Windows 10): Executed 965 of 3092[32m SUCCESS[39m (0 secs / 16.419 secs)
[1A[2KChrome Headless 150.0.0.0 (Windows 10): Executed 966 of 3092[32m SUCCESS[39m (0 secs / 16.463 secs)
[1A[2KChrome Headless 150.0.0.0 (Windows 10): Executed 967 of 3092[32m SUCCESS[39m (0 secs / 16.502 secs)
[1A[2K[31mChrome Headless 150.0.0.0 (Windows 10) AsignarVendedor (Integración) debería mostrar error 409 FAILED[39m
	ɵNotFound: NG0201: No provider found for `_HttpClient`. Source: Standalone[AsignarVendedorPage2]. Path: AuthService2 -> PerfilService2 -> _HttpClient. Find more at https://v20.angular.dev/errors/NG0201
	error properties: Object({ code: -201, ngErrorCode: -201, ngErrorMessage: 'No provider found for `_HttpClient`.', ngTokenPath: [ 'AuthService2', 'PerfilService2', '_HttpClient' ] })
	ɵNotFound: NG0201: No provider found for `_HttpClient`. Source: Standalone[AsignarVendedorPage2]. Path: AuthService2 -> PerfilService2 -> _HttpClient. Find more at https://v20.angular.dev/errors/NG0201
	    at createRuntimeError (node_modules/@angular/core/fesm2022/root_effect_scheduler.mjs:924:19)
	    at NullInjector.get (node_modules/@angular/core/fesm2022/root_effect_scheduler.mjs:1494:27)
	    at R3Injector.get (node_modules/@angular/core/fesm2022/root_effect_scheduler.mjs:2052:33)
	    at R3Injector.get (node_modules/@angular/core/fesm2022/root_effect_scheduler.mjs:2052:33)
	    at R3Injector.retrieve (node_modules/@angular/core/fesm2022/root_effect_scheduler.mjs:1936:25)
	    at injectInjectorOnly (node_modules/@angular/core/fesm2022/root_effect_scheduler.mjs:1049:39)
	    at ɵɵinject (node_modules/@angular/core/fesm2022/root_effect_scheduler.mjs:1061:42)
	    at inject2 (node_modules/@angular/core/fesm2022/root_effect_scheduler.mjs:1149:12)
	    at PerfilService2.<instance_members_initializer> (src/app/data-access/services/perfil.service.ts:45:27)
	    at new PerfilService2 (src/app/data-access/services/perfil.service.ts:44:8)
Chrome Headless 150.0.0.0 (Windows 10): Executed 968 of 3092[31m (1 FAILED)[39m (0 secs / 16.689 secs)
[1A[2K[31mChrome Headless 150.0.0.0 (Windows 10) AsignarVendedor (Integración) debería manejar el submit correctamente (Happy Path) FAILED[39m
	ɵNotFound: NG0201: No provider found for `_HttpClient`. Source: Standalone[AsignarVendedorPage2]. Path: AuthService2 -> PerfilService2 -> _HttpClient. Find more at https://v20.angular.dev/errors/NG0201
	error properties: Object({ code: -201, ngErrorCode: -201, ngErrorMessage: 'No provider found for `_HttpClient`.', ngTokenPath: [ 'AuthService2', 'PerfilService2', '_HttpClient' ] })
	ɵNotFound: NG0201: No provider found for `_HttpClient`. Source: Standalone[AsignarVendedorPage2]. Path: AuthService2 -> PerfilService2 -> _HttpClient. Find more at https://v20.angular.dev/errors/NG0201
	    at createRuntimeError (node_modules/@angular/core/fesm2022/root_effect_scheduler.mjs:924:19)
	    at NullInjector.get (node_modules/@angular/core/fesm2022/root_effect_scheduler.mjs:1494:27)
	    at R3Injector.get (node_modules/@angular/core/fesm2022/root_effect_scheduler.mjs:2052:33)
	    at R3Injector.get (node_modules/@angular/core/fesm2022/root_effect_scheduler.mjs:2052:33)
	    at R3Injector.retrieve (node_modules/@angular/core/fesm2022/root_effect_scheduler.mjs:1936:25)
	    at injectInjectorOnly (node_modules/@angular/core/fesm2022/root_effect_scheduler.mjs:1049:39)
	    at ɵɵinject (node_modules/@angular/core/fesm2022/root_effect_scheduler.mjs:1061:42)
	    at inject2 (node_modules/@angular/core/fesm2022/root_effect_scheduler.mjs:1149:12)
	    at PerfilService2.<instance_members_initializer> (src/app/data-access/services/perfil.service.ts:45:27)
	    at new PerfilService2 (src/app/data-access/services/perfil.service.ts:44:8)
Chrome Headless 150.0.0.0 (Windows 10): Executed 969 of 3092[31m (2 FAILED)[39m (0 secs / 16.692 secs)
[1A[2KChrome Headless 150.0.0.0 (Windows 10): Executed 970 of 3092[31m (2 FAILED)[39m (0 secs / 16.776 secs)
[1A[2KChrome Headless 150.0.0.0 (Windows 10): Executed 971 of 3092[31m (2 FAILED)[39m (0 secs / 16.785 secs)
[1A[2KChrome Headless 150.0.0.0 (Windows 10): Executed 972 of 3092[31m (2 FAILED)[39m (0 secs / 16.793 secs)
[1A[2KChrome Headless 150.0.0.0 (Windows 10): Executed 973 of 3092[31m (2 FAILED)[39m (0 secs / 16.805 secs)
[1A[2KChrome Headless 150.0.0.0 (Windows 10): Executed 974 of 3092[31m (2 FAILED)[39m (0 secs / 16.814 secs)
[1A[2KChrome Headless 150.0.0.0 (Windows 10): Executed 975 of 3092[31m (2 FAILED)[39m (0 secs / 16.824 secs)
[1A[2KChrome Headless 150.0.0.0 (Windows 10): Executed 976 of 3092[31m (2 FAILED)[39m (0 secs / 16.834 secs)
[1A[2KChrome Headless 150.0.0.0 (Windows 10): Executed 977 of 3092[31m (2 FAILED)[39m (0 secs / 16.844 secs)
[1A[2KChrome Headless 150.0.0.0 (Windows 10): Executed 978 of 3092[31m (2 FAILED)[39m (0 secs / 16.854 secs)
[1A[2KChrome Headless 150.0.0.0 (Windows 10): Executed 979 of 3092[31m (2 FAILED)[39m (0 secs / 16.864 secs)
[1A[2KChrome Headless 150.0.0.0 (Windows 10): Executed 980 of 3092[31m (2 FAILED)[39m (0 secs / 16.991 secs)
[1A[2KChrome Headless 150.0.0.0 (Windows 10): Executed 981 of 3092[31m (2 FAILED)[39m (0 secs / 16.995 secs)
[1A[2KChrome Headless 150.0.0.0 (Windows 10): Executed 982 of 3092[31m (2 FAILED)[39m (0 secs / 16.999 secs)
[1A[2KChrome Headless 150.0.0.0 (Windows 10): Executed 983 of 3092[31m (2 FAILED)[39m (0 secs / 17.002 secs)
[1A[2KChrome Headless 150.0.0.0 (Windows 10): Executed 984 of 3092[31m (2 FAILED)[39m (0 secs / 17.006 secs)
[1A[2KChrome Headless 150.0.0.0 (Windows 10): Executed 985 of 3092[31m (2 FAILED)[39m (0 secs / 17.01 secs)
[1A[2KChrome Headless 150.0.0.0 (Windows 10): Executed 986 of 3092[31m (2 FAILED)[39m (0 secs / 17.013 secs)
[1A[2KChrome Headless 150.0.0.0 (Windows 10): Executed 987 of 3092[31m (2 FAILED)[39m (0 secs / 17.016 secs)
[1A[2KChrome Headless 150.0.0.0 (Windows 10): Executed 988 of 3092[31m (2 FAILED)[39m (0 secs / 17.201 secs)
[1A[2KChrome Headless 150.0.0.0 (Windows 10): Executed 989 of 3092[31m (2 FAILED)[39m (0 secs / 17.203 secs)
[1A[2KChrome Headless 150.0.0.0 (Windows 10): Executed 990 of 3092[31m (2 FAILED)[39m (0 secs / 17.215 secs)
[1A[2KChrome Headless 150.0.0.0 (Windows 10): Executed 991 of 3092[31m (2 FAILED)[39m (0 secs / 17.223 secs)
[1A[2KChrome Headless 150.0.0.0 (Windows 10): Executed 992 of 3092[31m (2 FAILED)[39m (0 secs / 17.251 secs)
[1A[2KChrome Headless 150.0.0.0 (Windows 10): Executed 993 of 3092[31m (2 FAILED)[39m (0 secs / 17.256 secs)
[1A[2KChrome Headless 150.0.0.0 (Windows 10): Executed 994 of 3092[31m (2 FAILED)[39m (0 secs / 17.257 secs)
[1A[2KChrome Headless 150.0.0.0 (Windows 10): Executed 995 of 3092[31m (2 FAILED)[39m (0 secs / 17.258 secs)
[1A[2KChrome Headless 150.0.0.0 (Windows 10): Executed 996 of 3092[31m (2 FAILED)[39m (0 secs / 17.259 secs)
[1A[2KChrome Headless 150.0.0.0 (Windows 10): Executed 997 of 3092[31m (2 FAILED)[39m (0 secs / 17.282 secs)
[1A[2KChrome Headless 150.0.0.0 (Windows 10): Executed 998 of 3092[31m (2 FAILED)[39m (0 secs / 17.284 secs)
[1A[2KChrome Headless 150.0.0.0 (Windows 10): Executed 999 of 3092[31m (2 FAILED)[39m (0 secs / 17.285 secs)
[1A[2KChrome Headless 150.0.0.0 (Windows 10): Executed 1000 of 3092[31m (2 FAILED)[39m (0 secs / 17.286 secs)
[1A[2KChrome Headless 150.0.0.0 (Windows 10): Executed 1001 of 3092[31m (2 FAILED)[39m (0 secs / 17.288 secs)
[1A[2KChrome Headless 150.0.0.0 (Windows 10): Executed 1002 of 3092[31m (2 FAILED)[39m (0 secs / 17.289 secs)
[1A[2KChrome Headless 150.0.0.0 (Windows 10): Executed 1003 of 3092[31m (2 FAILED)[39m (0 secs / 17.29 secs)
[1A[2KChrome Headless 150.0.0.0 (Windows 10): Executed 1004 of 3092[31m (2 FAILED)[39m (0 secs / 17.29 secs)
[1A[2KChrome Headless 150.0.0.0 (Windows 10): Executed 1005 of 3092[31m (2 FAILED)[39m (0 secs / 17.29 secs)
[1A[2KChrome Headless 150.0.0.0 (Windows 10): Executed 1006 of 3092[31m (2 FAILED)[39m (0 secs / 17.29 secs)
[1A[2KChrome Headless 150.0.0.0 (Windows 10): Executed 1007 of 3092[31m (2 FAILED)[39m (0 secs / 17.29 secs)
[1A[2KChrome Headless 150.0.0.0 (Windows 10): Executed 1008 of 3092[31m (2 FAILED)[39m (0 secs / 17.29 secs)
[1A[2KChrome Headless 150.0.0.0 (Windows 10): Executed 1009 of 3092[31m (2 FAILED)[39m (0 secs / 17.29 secs)
[1A[2KChrome Headless 150.0.0.0 (Windows 10): Executed 1010 of 3092[31m (2 FAILED)[39m (0 secs / 17.29 secs)
[1A[2KChrome Headless 150.0.0.0 (Windows 10): Executed 1011 of 3092[31m (2 FAILED)[39m (0 secs / 17.29 secs)
[1A[2KChrome Headless 150.0.0.0 (Windows 10): Executed 1012 of 3092[31m (2 FAILED)[39m (0 secs / 17.29 secs)
[1A[2KChrome Headless 150.0.0.0 (Windows 10): Executed 1013 of 3092[31m (2 FAILED)[39m (0 secs / 17.29 secs)
[1A[2KChrome Headless 150.0.0.0 (Windows 10): Executed 1014 of 3092[31m (2 FAILED)[39m (0 secs / 17.29 secs)
[1A[2KChrome Headless 150.0.0.0 (Windows 10): Executed 1015 of 3092[31m (2 FAILED)[39m (0 secs / 17.29 secs)
[1A[2KChrome Headless 150.0.0.0 (Windows 10): Executed 1016 of 3092[31m (2 FAILED)[39m (0 secs / 17.29 secs)
[1A[2KChrome Headless 150.0.0.0 (Windows 10): Executed 1017 of 3092[31m (2 FAILED)[39m (0 secs / 17.29 secs)
[1A[2KChrome Headless 150.0.0.0 (Windows 10): Executed 1018 of 3092[31m (2 FAILED)[39m (0 secs / 17.29 secs)
[1A[2KChrome Headless 150.0.0.0 (Windows 10): Executed 1019 of 3092[31m (2 FAILED)[39m (0 secs / 17.29 secs)
[1A[2KChrome Headless 150.0.0.0 (Windows 10): Executed 1020 of 3092[31m (2 FAILED)[39m (0 secs / 17.29 secs)
[1A[2KChrome Headless 150.0.0.0 (Windows 10): Executed 1021 of 3092[31m (2 FAILED)[39m (0 secs / 17.29 secs)
[1A[2KChrome Headless 150.0.0.0 (Windows 10): Executed 1022 of 3092[31m (2 FAILED)[39m (0 secs / 17.29 secs)
[1A[2KChrome Headless 150.0.0.0 (Windows 10): Executed 1023 of 3092[31m (2 FAILED)[39m (0 secs / 17.324 secs)
[1A[2KChrome Headless 150.0.0.0 (Windows 10): Executed 1024 of 3092[31m (2 FAILED)[39m (0 secs / 17.329 secs)
[1A[2KChrome Headless 150.0.0.0 (Windows 10): Executed 1025 of 3092[31m (2 FAILED)[39m (0 secs / 17.334 secs)
[1A[2KChrome Headless 150.0.0.0 (Windows 10): Executed 1026 of 3092[31m (2 FAILED)[39m (0 secs / 17.339 secs)
[1A[2KChrome Headless 150.0.0.0 (Windows 10): Executed 1027 of 3092[31m (2 FAILED)[39m (0 secs / 17.343 secs)
[1A[2KChrome Headless 150.0.0.0 (Windows 10): Executed 1028 of 3092[31m (2 FAILED)[39m (0 secs / 17.348 secs)
[1A[2KChrome Headless 150.0.0.0 (Windows 10): Executed 1029 of 3092[31m (2 FAILED)[39m (0 secs / 17.464 secs)
[1A[2KChrome Headless 150.0.0.0 (Windows 10): Executed 1030 of 3092[31m (2 FAILED)[39m (0 secs / 17.47 secs)
[1A[2KChrome Headless 150.0.0.0 (Windows 10): Executed 1031 of 3092[31m (2 FAILED)[39m (0 secs / 17.476 secs)
[1A[2KChrome Headless 150.0.0.0 (Windows 10): Executed 1032 of 3092[31m (2 FAILED)[39m (0 secs / 17.482 secs)
[1A[2KChrome Headless 150.0.0.0 (Windows 10): Executed 1033 of 3092[31m (2 FAILED)[39m (0 secs / 17.492 secs)
[1A[2KChrome Headless 150.0.0.0 (Windows 10): Executed 1034 of 3092[31m (2 FAILED)[39m (0 secs / 17.497 secs)
[1A[2KChrome Headless 150.0.0.0 (Windows 10): Executed 1035 of 3092[31m (2 FAILED)[39m (0 secs / 17.503 secs)
[1A[2KChrome Headless 150.0.0.0 (Windows 10): Executed 1036 of 3092[31m (2 FAILED)[39m (0 secs / 17.51 secs)
[1A[2KChrome Headless 150.0.0.0 (Windows 10): Executed 1037 of 3092[31m (2 FAILED)[39m (0 secs / 17.517 secs)
[1A[2KChrome Headless 150.0.0.0 (Windows 10): Executed 1038 of 3092[31m (2 FAILED)[39m (0 secs / 17.522 secs)
[1A[2KChrome Headless 150.0.0.0 (Windows 10): Executed 1039 of 3092[31m (2 FAILED)[39m (0 secs / 17.528 secs)
[1A[2KChrome Headless 150.0.0.0 (Windows 10): Executed 1040 of 3092[31m (2 FAILED)[39m (0 secs / 17.534 secs)
[1A[2KChrome Headless 150.0.0.0 (Windows 10): Executed 1041 of 3092[31m (2 FAILED)[39m (0 secs / 17.539 secs)
[1A[2KChrome Headless 150.0.0.0 (Windows 10): Executed 1042 of 3092[31m (2 FAILED)[39m (0 secs / 17.54 secs)
[1A[2KChrome Headless 150.0.0.0 (Windows 10): Executed 1043 of 3092[31m (2 FAILED)[39m (0 secs / 17.541 secs)
[1A[2KChrome Headless 150.0.0.0 (Windows 10): Executed 1044 of 3092[31m (2 FAILED)[39m (0 secs / 17.541 secs)
[1A[2KChrome Headless 150.0.0.0 (Windows 10): Executed 1045 of 3092[31m (2 FAILED)[39m (0 secs / 17.542 secs)
[1A[2KChrome Headless 150.0.0.0 (Windows 10): Executed 1046 of 3092[31m (2 FAILED)[39m (0 secs / 17.544 secs)
[1A[2KChrome Headless 150.0.0.0 (Windows 10): Executed 1047 of 3092[31m (2 FAILED)[39m (0 secs / 17.545 secs)
[1A[2KChrome Headless 150.0.0.0 (Windows 10): Executed 1048 of 3092[31m (2 FAILED)[39m (0 secs / 17.559 secs)
[1A[2KChrome Headless 150.0.0.0 (Windows 10): Executed 1049 of 3092[31m (2 FAILED)[39m (0 secs / 17.561 secs)
[1A[2KChrome Headless 150.0.0.0 (Windows 10): Executed 1050 of 3092[31m (2 FAILED)[39m (0 secs / 17.562 secs)
[1A[2KChrome Headless 150.0.0.0 (Windows 10): Executed 1051 of 3092[31m (2 FAILED)[39m (0 secs / 17.563 secs)
[1A[2KChrome Headless 150.0.0.0 (Windows 10): Executed 1052 of 3092[31m (2 FAILED)[39m (0 secs / 17.571 secs)
[1A[2KChrome Headless 150.0.0.0 (Windows 10): Executed 1053 of 3092[31m (2 FAILED)[39m (0 secs / 17.574 secs)
[1A[2KChrome Headless 150.0.0.0 (Windows 10): Executed 1054 of 3092[31m (2 FAILED)[39m (0 secs / 17.575 secs)
[1A[2KChrome Headless 150.0.0.0 (Windows 10): Executed 1055 of 3092[31m (2 FAILED)[39m (0 secs / 17.58 secs)
[1A[2KChrome Headless 150.0.0.0 (Windows 10): Executed 1056 of 3092[31m (2 FAILED)[39m (0 secs / 17.591 secs)
[1A[2KWARN: [36m'The 'allowSignalWrites' flag is deprecated and no longer impacts effect() (writes are always allowed)'[39m
Chrome Headless 150.0.0.0 (Windows 10): Executed 1056 of 3092[31m (2 FAILED)[39m (0 secs / 17.591 secs)
WARN: 'The 'allowSignalWrites' flag is deprecated and no longer impacts effect() (writes are always allowed)'
[1A[2KChrome Headless 150.0.0.0 (Windows 10): Executed 1057 of 3092[31m (2 FAILED)[39m (0 secs / 17.612 secs)
[1A[2KWARN: [36m'The 'allowSignalWrites' flag is deprecated and no longer impacts effect() (writes are always allowed)'[39m
Chrome Headless 150.0.0.0 (Windows 10): Executed 1057 of 3092[31m (2 FAILED)[39m (0 secs / 17.612 secs)
WARN: 'The 'allowSignalWrites' flag is deprecated and no longer impacts effect() (writes are always allowed)'
[1A[2KChrome Headless 150.0.0.0 (Windows 10): Executed 1058 of 3092[31m (2 FAILED)[39m (0 secs / 17.616 secs)
[1A[2KWARN: [36m'The 'allowSignalWrites' flag is deprecated and no longer impacts effect() (writes are always allowed)'[39m
Chrome Headless 150.0.0.0 (Windows 10): Executed 1058 of 3092[31m (2 FAILED)[39m (0 secs / 17.616 secs)
WARN: 'The 'allowSignalWrites' flag is deprecated and no longer impacts effect() (writes are always allowed)'
[1A[2KChrome Headless 150.0.0.0 (Windows 10): Executed 1059 of 3092[31m (2 FAILED)[39m (0 secs / 17.619 secs)
[1A[2KWARN: [36m'The 'allowSignalWrites' flag is deprecated and no longer impacts effect() (writes are always allowed)'[39m
Chrome Headless 150.0.0.0 (Windows 10): Executed 1059 of 3092[31m (2 FAILED)[39m (0 secs / 17.619 secs)
WARN: 'The 'allowSignalWrites' flag is deprecated and no longer impacts effect() (writes are always allowed)'
[1A[2KChrome Headless 150.0.0.0 (Windows 10): Executed 1060 of 3092[31m (2 FAILED)[39m (0 secs / 17.622 secs)
[1A[2KWARN: [36m'The 'allowSignalWrites' flag is deprecated and no longer impacts effect() (writes are always allowed)'[39m
Chrome Headless 150.0.0.0 (Windows 10): Executed 1060 of 3092[31m (2 FAILED)[39m (0 secs / 17.622 secs)
WARN: 'The 'allowSignalWrites' flag is deprecated and no longer impacts effect() (writes are always allowed)'
[1A[2KChrome Headless 150.0.0.0 (Windows 10): Executed 1061 of 3092[31m (2 FAILED)[39m (0 secs / 17.625 secs)
[1A[2KWARN: [36m'The 'allowSignalWrites' flag is deprecated and no longer impacts effect() (writes are always allowed)'[39m
Chrome Headless 150.0.0.0 (Windows 10): Executed 1061 of 3092[31m (2 FAILED)[39m (0 secs / 17.625 secs)
WARN: 'The 'allowSignalWrites' flag is deprecated and no longer impacts effect() (writes are always allowed)'
[1A[2KChrome Headless 150.0.0.0 (Windows 10): Executed 1062 of 3092[31m (2 FAILED)[39m (0 secs / 17.628 secs)
[1A[2KWARN: [36m'The 'allowSignalWrites' flag is deprecated and no longer impacts effect() (writes are always allowed)'[39m
Chrome Headless 150.0.0.0 (Windows 10): Executed 1062 of 3092[31m (2 FAILED)[39m (0 secs / 17.628 secs)
WARN: 'The 'allowSignalWrites' flag is deprecated and no longer impacts effect() (writes are always allowed)'
[1A[2KChrome Headless 150.0.0.0 (Windows 10): Executed 1063 of 3092[31m (2 FAILED)[39m (0 secs / 17.631 secs)
[1A[2KWARN: [36m'The 'allowSignalWrites' flag is deprecated and no longer impacts effect() (writes are always allowed)'[39m
Chrome Headless 150.0.0.0 (Windows 10): Executed 1063 of 3092[31m (2 FAILED)[39m (0 secs / 17.631 secs)
WARN: 'The 'allowSignalWrites' flag is deprecated and no longer impacts effect() (writes are always allowed)'
[1A[2KChrome Headless 150.0.0.0 (Windows 10): Executed 1064 of 3092[31m (2 FAILED)[39m (0 secs / 17.634 secs)
[1A[2KWARN: [36m'The 'allowSignalWrites' flag is deprecated and no longer impacts effect() (writes are always allowed)'[39m
Chrome Headless 150.0.0.0 (Windows 10): Executed 1064 of 3092[31m (2 FAILED)[39m (0 secs / 17.634 secs)
WARN: 'The 'allowSignalWrites' flag is deprecated and no longer impacts effect() (writes are always allowed)'
[1A[2KChrome Headless 150.0.0.0 (Windows 10): Executed 1065 of 3092[31m (2 FAILED)[39m (0 secs / 17.637 secs)
[1A[2KWARN: [36m'The 'allowSignalWrites' flag is deprecated and no longer impacts effect() (writes are always allowed)'[39m
Chrome Headless 150.0.0.0 (Windows 10): Executed 1065 of 3092[31m (2 FAILED)[39m (0 secs / 17.637 secs)
WARN: 'The 'allowSignalWrites' flag is deprecated and no longer impacts effect() (writes are always allowed)'
[1A[2KChrome Headless 150.0.0.0 (Windows 10): Executed 1066 of 3092[31m (2 FAILED)[39m (0 secs / 17.641 secs)
[1A[2KWARN: [36m'The 'allowSignalWrites' flag is deprecated and no longer impacts effect() (writes are always allowed)'[39m
Chrome Headless 150.0.0.0 (Windows 10): Executed 1066 of 3092[31m (2 FAILED)[39m (0 secs / 17.641 secs)
WARN: 'The 'allowSignalWrites' flag is deprecated and no longer impacts effect() (writes are always allowed)'
[1A[2KChrome Headless 150.0.0.0 (Windows 10): Executed 1067 of 3092[31m (2 FAILED)[39m (0 secs / 17.644 secs)
[1A[2KWARN: [36m'The 'allowSignalWrites' flag is deprecated and no longer impacts effect() (writes are always allowed)'[39m
Chrome Headless 150.0.0.0 (Windows 10): Executed 1067 of 3092[31m (2 FAILED)[39m (0 secs / 17.644 secs)
WARN: 'The 'allowSignalWrites' flag is deprecated and no longer impacts effect() (writes are always allowed)'
[1A[2KChrome Headless 150.0.0.0 (Windows 10): Executed 1068 of 3092[31m (2 FAILED)[39m (0 secs / 17.648 secs)
[1A[2KChrome Headless 150.0.0.0 (Windows 10): Executed 1069 of 3092[31m (2 FAILED)[39m (0 secs / 17.649 secs)
[1A[2KChrome Headless 150.0.0.0 (Windows 10): Executed 1070 of 3092[31m (2 FAILED)[39m (0 secs / 17.65 secs)
[1A[2KChrome Headless 150.0.0.0 (Windows 10): Executed 1071 of 3092[31m (2 FAILED)[39m (0 secs / 17.652 secs)
[1A[2KChrome Headless 150.0.0.0 (Windows 10): Executed 1072 of 3092[31m (2 FAILED)[39m (0 secs / 17.656 secs)
[1A[2KChrome Headless 150.0.0.0 (Windows 10): Executed 1073 of 3092[31m (2 FAILED)[39m (0 secs / 17.658 secs)
[1A[2KChrome Headless 150.0.0.0 (Windows 10): Executed 1074 of 3092[31m (2 FAILED)[39m (0 secs / 17.69 secs)
[1A[2KChrome Headless 150.0.0.0 (Windows 10): Executed 1075 of 3092[31m (2 FAILED)[39m (0 secs / 17.694 secs)
[1A[2KChrome Headless 150.0.0.0 (Windows 10): Executed 1076 of 3092[31m (2 FAILED)[39m (0 secs / 17.716 secs)
[1A[2KChrome Headless 150.0.0.0 (Windows 10): Executed 1077 of 3092[31m (2 FAILED)[39m (0 secs / 17.72 secs)
[1A[2KChrome Headless 150.0.0.0 (Windows 10): Executed 1078 of 3092[31m (2 FAILED)[39m (0 secs / 17.721 secs)
[1A[2KChrome Headless 150.0.0.0 (Windows 10): Executed 1079 of 3092[31m (2 FAILED)[39m (0 secs / 17.722 secs)
[1A[2KChrome Headless 150.0.0.0 (Windows 10): Executed 1080 of 3092[31m (2 FAILED)[39m (0 secs / 17.723 secs)
[1A[2KChrome Headless 150.0.0.0 (Windows 10): Executed 1081 of 3092[31m (2 FAILED)[39m (0 secs / 17.724 secs)
[1A[2KChrome Headless 150.0.0.0 (Windows 10): Executed 1082 of 3092[31m (2 FAILED)[39m (0 secs / 17.725 secs)
[1A[2KChrome Headless 150.0.0.0 (Windows 10): Executed 1083 of 3092[31m (2 FAILED)[39m (0 secs / 17.726 secs)
[1A[2KChrome Headless 150.0.0.0 (Windows 10): Executed 1084 of 3092[31m (2 FAILED)[39m (0 secs / 17.727 secs)
[1A[2KChrome Headless 150.0.0.0 (Windows 10): Executed 1085 of 3092[31m (2 FAILED)[39m (0 secs / 17.728 secs)
[1A[2KChrome Headless 150.0.0.0 (Windows 10): Executed 1086 of 3092[31m (2 FAILED)[39m (0 secs / 17.729 secs)
[1A[2KChrome Headless 150.0.0.0 (Windows 10): Executed 1087 of 3092[31m (2 FAILED)[39m (0 secs / 17.73 secs)
[1A[2KChrome Headless 150.0.0.0 (Windows 10): Executed 1088 of 3092[31m (2 FAILED)[39m (0 secs / 17.731 secs)
[1A[2KChrome Headless 150.0.0.0 (Windows 10): Executed 1089 of 3092[31m (2 FAILED)[39m (0 secs / 17.761 secs)
[1A[2KChrome Headless 150.0.0.0 (Windows 10): Executed 1090 of 3092[31m (2 FAILED)[39m (0 secs / 17.815 secs)
[1A[2KChrome Headless 150.0.0.0 (Windows 10): Executed 1091 of 3092[31m (2 FAILED)[39m (0 secs / 17.832 secs)
[1A[2KChrome Headless 150.0.0.0 (Windows 10): Executed 1092 of 3092[31m (2 FAILED)[39m (0 secs / 17.842 secs)
[1A[2KChrome Headless 150.0.0.0 (Windows 10): Executed 1093 of 3092[31m (2 FAILED)[39m (0 secs / 17.853 secs)
[1A[2KChrome Headless 150.0.0.0 (Windows 10): Executed 1094 of 3092[31m (2 FAILED)[39m (0 secs / 17.865 secs)
[1A[2KChrome Headless 150.0.0.0 (Windows 10): Executed 1095 of 3092[31m (2 FAILED)[39m (0 secs / 17.871 secs)
[1A[2KChrome Headless 150.0.0.0 (Windows 10): Executed 1096 of 3092[31m (2 FAILED)[39m (0 secs / 17.872 secs)
[1A[2KChrome Headless 150.0.0.0 (Windows 10): Executed 1097 of 3092[31m (2 FAILED)[39m (0 secs / 17.874 secs)
[1A[2KChrome Headless 150.0.0.0 (Windows 10): Executed 1098 of 3092[31m (2 FAILED)[39m (0 secs / 17.876 secs)
[1A[2KChrome Headless 150.0.0.0 (Windows 10): Executed 1099 of 3092[31m (2 FAILED)[39m (0 secs / 17.877 secs)
[1A[2KChrome Headless 150.0.0.0 (Windows 10): Executed 1100 of 3092[31m (2 FAILED)[39m (0 secs / 17.878 secs)
[1A[2KChrome Headless 150.0.0.0 (Windows 10): Executed 1101 of 3092[31m (2 FAILED)[39m (0 secs / 17.88 secs)
[1A[2KChrome Headless 150.0.0.0 (Windows 10): Executed 1102 of 3092[31m (2 FAILED)[39m (0 secs / 17.881 secs)
[1A[2KChrome Headless 150.0.0.0 (Windows 10): Executed 1103 of 3092[31m (2 FAILED)[39m (0 secs / 17.882 secs)
[1A[2KChrome Headless 150.0.0.0 (Windows 10): Executed 1104 of 3092[31m (2 FAILED)[39m (0 secs / 17.883 secs)
[1A[2KChrome Headless 150.0.0.0 (Windows 10): Executed 1105 of 3092[31m (2 FAILED)[39m (0 secs / 17.885 secs)
[1A[2KChrome Headless 150.0.0.0 (Windows 10): Executed 1106 of 3092[31m (2 FAILED)[39m (0 secs / 17.886 secs)
[1A[2KChrome Headless 150.0.0.0 (Windows 10): Executed 1107 of 3092[31m (2 FAILED)[39m (0 secs / 17.888 secs)
[1A[2KChrome Headless 150.0.0.0 (Windows 10): Executed 1108 of 3092[31m (2 FAILED)[39m (0 secs / 17.889 secs)
[1A[2KChrome Headless 150.0.0.0 (Windows 10): Executed 1109 of 3092[31m (2 FAILED)[39m (0 secs / 17.89 secs)
[1A[2KChrome Headless 150.0.0.0 (Windows 10): Executed 1110 of 3092[31m (2 FAILED)[39m (0 secs / 17.893 secs)
[1A[2KChrome Headless 150.0.0.0 (Windows 10): Executed 1111 of 3092[31m (2 FAILED)[39m (0 secs / 17.895 secs)
[1A[2KChrome Headless 150.0.0.0 (Windows 10): Executed 1112 of 3092[31m (2 FAILED)[39m (0 secs / 17.896 secs)
[1A[2KChrome Headless 150.0.0.0 (Windows 10): Executed 1113 of 3092[31m (2 FAILED)[39m (0 secs / 17.897 secs)
[1A[2KChrome Headless 150.0.0.0 (Windows 10): Executed 1114 of 3092[31m (2 FAILED)[39m (0 secs / 17.899 secs)
[1A[2KChrome Headless 150.0.0.0 (Windows 10): Executed 1115 of 3092[31m (2 FAILED)[39m (0 secs / 17.9 secs)
[1A[2KChrome Headless 150.0.0.0 (Windows 10): Executed 1116 of 3092[31m (2 FAILED)[39m (0 secs / 17.902 secs)
[1A[2KChrome Headless 150.0.0.0 (Windows 10): Executed 1117 of 3092[31m (2 FAILED)[39m (0 secs / 17.903 secs)
[1A[2KChrome Headless 150.0.0.0 (Windows 10): Executed 1118 of 3092[31m (2 FAILED)[39m (0 secs / 17.904 secs)
[1A[2KChrome Headless 150.0.0.0 (Windows 10): Executed 1119 of 3092[31m (2 FAILED)[39m (0 secs / 17.932 secs)
[1A[2KChrome Headless 150.0.0.0 (Windows 10): Executed 1120 of 3092[31m (2 FAILED)[39m (0 secs / 17.934 secs)
[1A[2KChrome Headless 150.0.0.0 (Windows 10): Executed 1121 of 3092[31m (2 FAILED)[39m (0 secs / 17.936 secs)
[1A[2KChrome Headless 150.0.0.0 (Windows 10): Executed 1122 of 3092[31m (2 FAILED)[39m (0 secs / 17.938 secs)
[1A[2KChrome Headless 150.0.0.0 (Windows 10): Executed 1123 of 3092[31m (2 FAILED)[39m (0 secs / 17.939 secs)
[1A[2KChrome Headless 150.0.0.0 (Windows 10): Executed 1124 of 3092[31m (2 FAILED)[39m (0 secs / 17.94 secs)
[1A[2KChrome Headless 150.0.0.0 (Windows 10): Executed 1125 of 3092[31m (2 FAILED)[39m (0 secs / 17.941 secs)
[1A[2KChrome Headless 150.0.0.0 (Windows 10): Executed 1126 of 3092[31m (2 FAILED)[39m (0 secs / 17.943 secs)
[1A[2KChrome Headless 150.0.0.0 (Windows 10): Executed 1127 of 3092[31m (2 FAILED)[39m (0 secs / 17.944 secs)
[1A[2KChrome Headless 150.0.0.0 (Windows 10): Executed 1128 of 3092[31m (2 FAILED)[39m (0 secs / 17.946 secs)
[1A[2KChrome Headless 150.0.0.0 (Windows 10): Executed 1129 of 3092[31m (2 FAILED)[39m (0 secs / 17.948 secs)
[1A[2KChrome Headless 150.0.0.0 (Windows 10): Executed 1130 of 3092[31m (2 FAILED)[39m (0 secs / 17.95 secs)
[1A[2KChrome Headless 150.0.0.0 (Windows 10): Executed 1131 of 3092[31m (2 FAILED)[39m (0 secs / 17.952 secs)
[1A[2KChrome Headless 150.0.0.0 (Windows 10): Executed 1132 of 3092[31m (2 FAILED)[39m (0 secs / 17.954 secs)
[1A[2KChrome Headless 150.0.0.0 (Windows 10): Executed 1133 of 3092[31m (2 FAILED)[39m (0 secs / 17.956 secs)
[1A[2KChrome Headless 150.0.0.0 (Windows 10): Executed 1134 of 3092[31m (2 FAILED)[39m (0 secs / 17.958 secs)
[1A[2KChrome Headless 150.0.0.0 (Windows 10): Executed 1135 of 3092[31m (2 FAILED)[39m (0 secs / 17.959 secs)
[1A[2KChrome Headless 150.0.0.0 (Windows 10): Executed 1136 of 3092[31m (2 FAILED)[39m (0 secs / 17.961 secs)
[1A[2KChrome Headless 150.0.0.0 (Windows 10): Executed 1137 of 3092[31m (2 FAILED)[39m (0 secs / 17.962 secs)
[1A[2KChrome Headless 150.0.0.0 (Windows 10): Executed 1138 of 3092[31m (2 FAILED)[39m (0 secs / 17.963 secs)
[1A[2KChrome Headless 150.0.0.0 (Windows 10): Executed 1139 of 3092[31m (2 FAILED)[39m (0 secs / 17.965 secs)
[1A[2KChrome Headless 150.0.0.0 (Windows 10): Executed 1140 of 3092[31m (2 FAILED)[39m (0 secs / 17.988 secs)
[1A[2KChrome Headless 150.0.0.0 (Windows 10): Executed 1141 of 3092[31m (2 FAILED)[39m (0 secs / 17.989 secs)
[1A[2KChrome Headless 150.0.0.0 (Windows 10): Executed 1142 of 3092[31m (2 FAILED)[39m (0 secs / 17.99 secs)
[1A[2KChrome Headless 150.0.0.0 (Windows 10): Executed 1143 of 3092[31m (2 FAILED)[39m (0 secs / 17.992 secs)
[1A[2KChrome Headless 150.0.0.0 (Windows 10): Executed 1144 of 3092[31m (2 FAILED)[39m (0 secs / 17.994 secs)
[1A[2KChrome Headless 150.0.0.0 (Windows 10): Executed 1145 of 3092[31m (2 FAILED)[39m (0 secs / 17.997 secs)
[1A[2KChrome Headless 150.0.0.0 (Windows 10): Executed 1146 of 3092[31m (2 FAILED)[39m (0 secs / 17.998 secs)
[1A[2KChrome Headless 150.0.0.0 (Windows 10): Executed 1147 of 3092[31m (2 FAILED)[39m (0 secs / 17.999 secs)
[1A[2KChrome Headless 150.0.0.0 (Windows 10): Executed 1148 of 3092[31m (2 FAILED)[39m (0 secs / 18.001 secs)
[1A[2KChrome Headless 150.0.0.0 (Windows 10): Executed 1149 of 3092[31m (2 FAILED)[39m (0 secs / 18.003 secs)
[1A[2KChrome Headless 150.0.0.0 (Windows 10): Executed 1150 of 3092[31m (2 FAILED)[39m (0 secs / 18.005 secs)
[1A[2KChrome Headless 150.0.0.0 (Windows 10): Executed 1151 of 3092[31m (2 FAILED)[39m (0 secs / 18.006 secs)
[1A[2KChrome Headless 150.0.0.0 (Windows 10): Executed 1152 of 3092[31m (2 FAILED)[39m (0 secs / 18.008 secs)
[1A[2KChrome Headless 150.0.0.0 (Windows 10): Executed 1153 of 3092[31m (2 FAILED)[39m (0 secs / 18.009 secs)
[1A[2KChrome Headless 150.0.0.0 (Windows 10): Executed 1154 of 3092[31m (2 FAILED)[39m (0 secs / 18.01 secs)
[1A[2KERROR: [36m'Error al obtener resumen de billetera', Error: API Error
Error: API Error
    at http://localhost:9876/base/src/app/features/billetera/presenter/billetera.presenter.spec.ts:384:24
    at _Observable.init [as _subscribe] (http://localhost:9876/base/node_modules/rxjs/dist/esm/internal/observable/throwError.js:5:51)
    at _Observable._trySubscribe (http://localhost:9876/base/node_modules/rxjs/dist/esm/internal/Observable.js:37:25)
    at http://localhost:9876/base/node_modules/rxjs/dist/esm/internal/Observable.js:31:30
    at errorContext (http://localhost:9876/base/node_modules/rxjs/dist/esm/internal/util/errorContext.js:19:9)
    at _Observable.subscribe (http://localhost:9876/base/node_modules/rxjs/dist/esm/internal/Observable.js:22:9)
    at BilleteraPresenter2.cargarResumen (http://localhost:9876/base/src/app/features/billetera/presenter/billetera.presenter.ts:259:8)
    at BilleteraPresenter2.aplicarRangoFecha (http://localhost:9876/base/src/app/features/billetera/presenter/billetera.presenter.ts:247:10)
    at http://localhost:9876/base/src/app/features/billetera/presenter/billetera.presenter.ts:166:12
    at _ZoneDelegate.invoke (http://localhost:9876/base/node_modules/zone.js/fesm2015/zone.js:398:28)[39m
Chrome Headless 150.0.0.0 (Windows 10): Executed 1154 of 3092[31m (2 FAILED)[39m (0 secs / 18.01 secs)
ERROR: 'Error al obtener resumen de billetera', Error: API Error
Error: API Error
    at http://localhost:9876/base/src/app/features/billetera/presenter/billetera.presenter.spec.ts:384:24
    at _Observable.init [as _subscribe] (http://localhost:9876/base/node_modules/rxjs/dist/esm/internal/observable/throwError.js:5:51)
    at _Observable._trySubscribe (http://localhost:9876/base/node_modules/rxjs/dist/esm/internal/Observable.js:37:25)
    at http://localhost:9876/base/node_modules/rxjs/dist/esm/internal/Observable.js:31:30
    at errorContext (http://localhost:9876/base/node_modules/rxjs/dist/esm/internal/util/errorContext.js:19:9)
    at _Observable.subscribe (http://localhost:9876/base/node_modules/rxjs/dist/esm/internal/Observable.js:22:9)
    at BilleteraPresenter2.cargarResumen (http://localhost:9876/base/src/app/features/billetera/presenter/billetera.presenter.ts:259:8)
    at BilleteraPresenter2.aplicarRangoFecha (http://localhost:9876/base/src/app/features/billetera/presenter/billetera.presenter.ts:247:10)
    at http://localhost:9876/base/src/app/features/billetera/presenter/billetera.presenter.ts:166:12
    at _ZoneDelegate.invoke (http://localhost:9876/base/node_modules/zone.js/fesm2015/zone.js:398:28)
[1A[2KChrome Headless 150.0.0.0 (Windows 10): Executed 1155 of 3092[31m (2 FAILED)[39m (0 secs / 18.023 secs)
[1A[2KChrome Headless 150.0.0.0 (Windows 10): Executed 1156 of 3092[31m (2 FAILED)[39m (0 secs / 18.025 secs)
[1A[2KChrome Headless 150.0.0.0 (Windows 10): Executed 1157 of 3092[31m (2 FAILED)[39m (0 secs / 18.026 secs)
[1A[2KChrome Headless 150.0.0.0 (Windows 10): Executed 1158 of 3092[31m (2 FAILED)[39m (0 secs / 18.027 secs)
[1A[2KChrome Headless 150.0.0.0 (Windows 10): Executed 1159 of 3092[31m (2 FAILED)[39m (0 secs / 18.029 secs)
[1A[2KChrome Headless 150.0.0.0 (Windows 10): Executed 1160 of 3092[31m (2 FAILED)[39m (0 secs / 18.034 secs)
[1A[2KChrome Headless 150.0.0.0 (Windows 10): Executed 1161 of 3092[31m (2 FAILED)[39m (0 secs / 18.036 secs)
[1A[2KChrome Headless 150.0.0.0 (Windows 10): Executed 1162 of 3092[31m (2 FAILED)[39m (0 secs / 18.037 secs)
[1A[2KChrome Headless 150.0.0.0 (Windows 10): Executed 1163 of 3092[31m (2 FAILED)[39m (0 secs / 18.038 secs)
[1A[2KChrome Headless 150.0.0.0 (Windows 10): Executed 1164 of 3092[31m (2 FAILED)[39m (0 secs / 18.039 secs)
[1A[2KChrome Headless 150.0.0.0 (Windows 10): Executed 1165 of 3092[31m (2 FAILED)[39m (0 secs / 18.04 secs)
[1A[2KChrome Headless 150.0.0.0 (Windows 10): Executed 1166 of 3092[31m (2 FAILED)[39m (0 secs / 18.041 secs)
[1A[2KChrome Headless 150.0.0.0 (Windows 10): Executed 1167 of 3092[31m (2 FAILED)[39m (0 secs / 18.042 secs)
[1A[2KChrome Headless 150.0.0.0 (Windows 10): Executed 1168 of 3092[31m (2 FAILED)[39m (0 secs / 18.044 secs)
[1A[2KChrome Headless 150.0.0.0 (Windows 10): Executed 1169 of 3092[31m (2 FAILED)[39m (0 secs / 18.046 secs)
[1A[2KChrome Headless 150.0.0.0 (Windows 10): Executed 1170 of 3092[31m (2 FAILED)[39m (0 secs / 18.047 secs)
[1A[2KChrome Headless 150.0.0.0 (Windows 10): Executed 1171 of 3092[31m (2 FAILED)[39m (0 secs / 18.048 secs)
[1A[2KChrome Headless 150.0.0.0 (Windows 10): Executed 1172 of 3092[31m (2 FAILED)[39m (0 secs / 18.049 secs)
[1A[2KChrome Headless 150.0.0.0 (Windows 10): Executed 1173 of 3092[31m (2 FAILED)[39m (0 secs / 18.05 secs)
[1A[2KChrome Headless 150.0.0.0 (Windows 10): Executed 1174 of 3092[31m (2 FAILED)[39m (0 secs / 18.051 secs)
[1A[2KChrome Headless 150.0.0.0 (Windows 10): Executed 1175 of 3092[31m (2 FAILED)[39m (0 secs / 18.052 secs)
[1A[2KChrome Headless 150.0.0.0 (Windows 10): Executed 1176 of 3092[31m (2 FAILED)[39m (0 secs / 18.053 secs)
[1A[2KChrome Headless 150.0.0.0 (Windows 10): Executed 1177 of 3092[31m (2 FAILED)[39m (0 secs / 18.054 secs)
[1A[2KChrome Headless 150.0.0.0 (Windows 10): Executed 1178 of 3092[31m (2 FAILED)[39m (0 secs / 18.083 secs)
[1A[2KChrome Headless 150.0.0.0 (Windows 10): Executed 1179 of 3092[31m (2 FAILED)[39m (0 secs / 18.085 secs)
[1A[2KChrome Headless 150.0.0.0 (Windows 10): Executed 1180 of 3092[31m (2 FAILED)[39m (0 secs / 18.087 secs)
[1A[2KChrome Headless 150.0.0.0 (Windows 10): Executed 1181 of 3092[31m (2 FAILED)[39m (0 secs / 18.089 secs)
[1A[2KChrome Headless 150.0.0.0 (Windows 10): Executed 1182 of 3092[31m (2 FAILED)[39m (0 secs / 18.091 secs)
[1A[2KChrome Headless 150.0.0.0 (Windows 10): Executed 1183 of 3092[31m (2 FAILED)[39m (0 secs / 18.093 secs)
[1A[2KChrome Headless 150.0.0.0 (Windows 10): Executed 1184 of 3092[31m (2 FAILED)[39m (0 secs / 18.095 secs)
[1A[2KChrome Headless 150.0.0.0 (Windows 10): Executed 1185 of 3092[31m (2 FAILED)[39m (0 secs / 18.097 secs)
[33m09 07 2026 15:54:10.304:WARN [web-server]: [39m404: /foto.jpg
[1A[2KChrome Headless 150.0.0.0 (Windows 10): Executed 1186 of 3092[31m (2 FAILED)[39m (0 secs / 18.099 secs)
[1A[2K[31mChrome Headless 150.0.0.0 (Windows 10) AsignarVendedorPage ngOnInit dado un state en getCurrentNavigation, deberia tomar buffetId y buffetName de ahi FAILED[39m
	ɵNotFound: NG0201: No provider found for `_HttpClient`. Source: DynamicTestModule. Path: AuthService2 -> PerfilService2 -> _HttpClient. Find more at https://v20.angular.dev/errors/NG0201
	error properties: Object({ code: -201, ngErrorCode: -201, ngErrorMessage: 'No provider found for `_HttpClient`.', ngTokenPath: [ 'AuthService2', 'PerfilService2', '_HttpClient' ] })
	ɵNotFound: NG0201: No provider found for `_HttpClient`. Source: DynamicTestModule. Path: AuthService2 -> PerfilService2 -> _HttpClient. Find more at https://v20.angular.dev/errors/NG0201
	    at createRuntimeError (node_modules/@angular/core/fesm2022/root_effect_scheduler.mjs:924:19)
	    at NullInjector.get (node_modules/@angular/core/fesm2022/root_effect_scheduler.mjs:1494:27)
	    at R3Injector.get (node_modules/@angular/core/fesm2022/root_effect_scheduler.mjs:2052:33)
	    at R3Injector.get (node_modules/@angular/core/fesm2022/root_effect_scheduler.mjs:2052:33)
	    at R3Injector.retrieve (node_modules/@angular/core/fesm2022/root_effect_scheduler.mjs:1936:25)
	    at injectInjectorOnly (node_modules/@angular/core/fesm2022/root_effect_scheduler.mjs:1049:39)
	    at ɵɵinject (node_modules/@angular/core/fesm2022/root_effect_scheduler.mjs:1061:42)
	    at inject2 (node_modules/@angular/core/fesm2022/root_effect_scheduler.mjs:1149:12)
	    at PerfilService2.<instance_members_initializer> (src/app/data-access/services/perfil.service.ts:45:27)
	    at new PerfilService2 (src/app/data-access/services/perfil.service.ts:44:8)
Chrome Headless 150.0.0.0 (Windows 10): Executed 1187 of 3092[31m (3 FAILED)[39m (0 secs / 18.113 secs)
[1A[2K[31mChrome Headless 150.0.0.0 (Windows 10) AsignarVendedorPage ngOnInit dado que no hay ningun state, deberia navegar al dashboard directivo FAILED[39m
	ɵNotFound: NG0201: No provider found for `_HttpClient`. Source: DynamicTestModule. Path: AuthService2 -> PerfilService2 -> _HttpClient. Find more at https://v20.angular.dev/errors/NG0201
	error properties: Object({ code: -201, ngErrorCode: -201, ngErrorMessage: 'No provider found for `_HttpClient`.', ngTokenPath: [ 'AuthService2', 'PerfilService2', '_HttpClient' ] })
	ɵNotFound: NG0201: No provider found for `_HttpClient`. Source: DynamicTestModule. Path: AuthService2 -> PerfilService2 -> _HttpClient. Find more at https://v20.angular.dev/errors/NG0201
	    at createRuntimeError (node_modules/@angular/core/fesm2022/root_effect_scheduler.mjs:924:19)
	    at NullInjector.get (node_modules/@angular/core/fesm2022/root_effect_scheduler.mjs:1494:27)
	    at R3Injector.get (node_modules/@angular/core/fesm2022/root_effect_scheduler.mjs:2052:33)
	    at R3Injector.get (node_modules/@angular/core/fesm2022/root_effect_scheduler.mjs:2052:33)
	    at R3Injector.retrieve (node_modules/@angular/core/fesm2022/root_effect_scheduler.mjs:1936:25)
	    at injectInjectorOnly (node_modules/@angular/core/fesm2022/root_effect_scheduler.mjs:1049:39)
	    at ɵɵinject (node_modules/@angular/core/fesm2022/root_effect_scheduler.mjs:1061:42)
	    at inject2 (node_modules/@angular/core/fesm2022/root_effect_scheduler.mjs:1149:12)
	    at PerfilService2.<instance_members_initializer> (src/app/data-access/services/perfil.service.ts:45:27)
	    at new PerfilService2 (src/app/data-access/services/perfil.service.ts:44:8)
Chrome Headless 150.0.0.0 (Windows 10): Executed 1188 of 3092[31m (4 FAILED)[39m (0 secs / 18.117 secs)
[1A[2K[31mChrome Headless 150.0.0.0 (Windows 10) AsignarVendedorPage ngOnInit dado un state en history.state, deberia tomar los datos de ahi FAILED[39m
	ɵNotFound: NG0201: No provider found for `_HttpClient`. Source: DynamicTestModule. Path: AuthService2 -> PerfilService2 -> _HttpClient. Find more at https://v20.angular.dev/errors/NG0201
	error properties: Object({ code: -201, ngErrorCode: -201, ngErrorMessage: 'No provider found for `_HttpClient`.', ngTokenPath: [ 'AuthService2', 'PerfilService2', '_HttpClient' ] })
	ɵNotFound: NG0201: No provider found for `_HttpClient`. Source: DynamicTestModule. Path: AuthService2 -> PerfilService2 -> _HttpClient. Find more at https://v20.angular.dev/errors/NG0201
	    at createRuntimeError (node_modules/@angular/core/fesm2022/root_effect_scheduler.mjs:924:19)
	    at NullInjector.get (node_modules/@angular/core/fesm2022/root_effect_scheduler.mjs:1494:27)
	    at R3Injector.get (node_modules/@angular/core/fesm2022/root_effect_scheduler.mjs:2052:33)
	    at R3Injector.get (node_modules/@angular/core/fesm2022/root_effect_scheduler.mjs:2052:33)
	    at R3Injector.retrieve (node_modules/@angular/core/fesm2022/root_effect_scheduler.mjs:1936:25)
	    at injectInjectorOnly (node_modules/@angular/core/fesm2022/root_effect_scheduler.mjs:1049:39)
	    at ɵɵinject (node_modules/@angular/core/fesm2022/root_effect_scheduler.mjs:1061:42)
	    at inject2 (node_modules/@angular/core/fesm2022/root_effect_scheduler.mjs:1149:12)
	    at PerfilService2.<instance_members_initializer> (src/app/data-access/services/perfil.service.ts:45:27)
	    at new PerfilService2 (src/app/data-access/services/perfil.service.ts:44:8)
Chrome Headless 150.0.0.0 (Windows 10): Executed 1189 of 3092[31m (5 FAILED)[39m (0 secs / 18.121 secs)
[1A[2K[31mChrome Headless 150.0.0.0 (Windows 10) AsignarVendedorPage ngOnInit dado un state en history sin buffetName, deberia dejar el nombre como string vacio FAILED[39m
	ɵNotFound: NG0201: No provider found for `_HttpClient`. Source: DynamicTestModule. Path: AuthService2 -> PerfilService2 -> _HttpClient. Find more at https://v20.angular.dev/errors/NG0201
	error properties: Object({ code: -201, ngErrorCode: -201, ngErrorMessage: 'No provider found for `_HttpClient`.', ngTokenPath: [ 'AuthService2', 'PerfilService2', '_HttpClient' ] })
	ɵNotFound: NG0201: No provider found for `_HttpClient`. Source: DynamicTestModule. Path: AuthService2 -> PerfilService2 -> _HttpClient. Find more at https://v20.angular.dev/errors/NG0201
	    at createRuntimeError (node_modules/@angular/core/fesm2022/root_effect_scheduler.mjs:924:19)
	    at NullInjector.get (node_modules/@angular/core/fesm2022/root_effect_scheduler.mjs:1494:27)
	    at R3Injector.get (node_modules/@angular/core/fesm2022/root_effect_scheduler.mjs:2052:33)
	    at R3Injector.get (node_modules/@angular/core/fesm2022/root_effect_scheduler.mjs:2052:33)
	    at R3Injector.retrieve (node_modules/@angular/core/fesm2022/root_effect_scheduler.mjs:1936:25)
	    at injectInjectorOnly (node_modules/@angular/core/fesm2022/root_effect_scheduler.mjs:1049:39)
	    at ɵɵinject (node_modules/@angular/core/fesm2022/root_effect_scheduler.mjs:1061:42)
	    at inject2 (node_modules/@angular/core/fesm2022/root_effect_scheduler.mjs:1149:12)
	    at PerfilService2.<instance_members_initializer> (src/app/data-access/services/perfil.service.ts:45:27)
	    at new PerfilService2 (src/app/data-access/services/perfil.service.ts:44:8)
Chrome Headless 150.0.0.0 (Windows 10): Executed 1190 of 3092[31m (6 FAILED)[39m (0 secs / 18.125 secs)
[1A[2K[31mChrome Headless 150.0.0.0 (Windows 10) AsignarVendedorPage onSubmit dado sin buffetId, cuando envio el formulario, no deberia llamar al presenter FAILED[39m
	ɵNotFound: NG0201: No provider found for `_HttpClient`. Source: DynamicTestModule. Path: AuthService2 -> PerfilService2 -> _HttpClient. Find more at https://v20.angular.dev/errors/NG0201
	error properties: Object({ code: -201, ngErrorCode: -201, ngErrorMessage: 'No provider found for `_HttpClient`.', ngTokenPath: [ 'AuthService2', 'PerfilService2', '_HttpClient' ] })
	ɵNotFound: NG0201: No provider found for `_HttpClient`. Source: DynamicTestModule. Path: AuthService2 -> PerfilService2 -> _HttpClient. Find more at https://v20.angular.dev/errors/NG0201
	    at createRuntimeError (node_modules/@angular/core/fesm2022/root_effect_scheduler.mjs:924:19)
	    at NullInjector.get (node_modules/@angular/core/fesm2022/root_effect_scheduler.mjs:1494:27)
	    at R3Injector.get (node_modules/@angular/core/fesm2022/root_effect_scheduler.mjs:2052:33)
	    at R3Injector.get (node_modules/@angular/core/fesm2022/root_effect_scheduler.mjs:2052:33)
	    at R3Injector.retrieve (node_modules/@angular/core/fesm2022/root_effect_scheduler.mjs:1936:25)
	    at injectInjectorOnly (node_modules/@angular/core/fesm2022/root_effect_scheduler.mjs:1049:39)
	    at ɵɵinject (node_modules/@angular/core/fesm2022/root_effect_scheduler.mjs:1061:42)
	    at inject2 (node_modules/@angular/core/fesm2022/root_effect_scheduler.mjs:1149:12)
	    at PerfilService2.<instance_members_initializer> (src/app/data-access/services/perfil.service.ts:45:27)
	    at new PerfilService2 (src/app/data-access/services/perfil.service.ts:44:8)
Chrome Headless 150.0.0.0 (Windows 10): Executed 1191 of 3092[31m (7 FAILED)[39m (0 secs / 18.129 secs)
[1A[2K[31mChrome Headless 150.0.0.0 (Windows 10) AsignarVendedorPage onSubmit dado un buffetId cargado, cuando envio el formulario, deberia delegar al presenter con esos datos FAILED[39m
	ɵNotFound: NG0201: No provider found for `_HttpClient`. Source: DynamicTestModule. Path: AuthService2 -> PerfilService2 -> _HttpClient. Find more at https://v20.angular.dev/errors/NG0201
	error properties: Object({ code: -201, ngErrorCode: -201, ngErrorMessage: 'No provider found for `_HttpClient`.', ngTokenPath: [ 'AuthService2', 'PerfilService2', '_HttpClient' ] })
	ɵNotFound: NG0201: No provider found for `_HttpClient`. Source: DynamicTestModule. Path: AuthService2 -> PerfilService2 -> _HttpClient. Find more at https://v20.angular.dev/errors/NG0201
	    at createRuntimeError (node_modules/@angular/core/fesm2022/root_effect_scheduler.mjs:924:19)
	    at NullInjector.get (node_modules/@angular/core/fesm2022/root_effect_scheduler.mjs:1494:27)
	    at R3Injector.get (node_modules/@angular/core/fesm2022/root_effect_scheduler.mjs:2052:33)
	    at R3Injector.get (node_modules/@angular/core/fesm2022/root_effect_scheduler.mjs:2052:33)
	    at R3Injector.retrieve (node_modules/@angular/core/fesm2022/root_effect_scheduler.mjs:1936:25)
	    at injectInjectorOnly (node_modules/@angular/core/fesm2022/root_effect_scheduler.mjs:1049:39)
	    at ɵɵinject (node_modules/@angular/core/fesm2022/root_effect_scheduler.mjs:1061:42)
	    at inject2 (node_modules/@angular/core/fesm2022/root_effect_scheduler.mjs:1149:12)
	    at PerfilService2.<instance_members_initializer> (src/app/data-access/services/perfil.service.ts:45:27)
	    at new PerfilService2 (src/app/data-access/services/perfil.service.ts:44:8)
Chrome Headless 150.0.0.0 (Windows 10): Executed 1192 of 3092[31m (8 FAILED)[39m (0 secs / 18.133 secs)
[1A[2K[31mChrome Headless 150.0.0.0 (Windows 10) AsignarVendedorPage render dado buffetName, deberia mostrarlo en el header FAILED[39m
	ɵNotFound: NG0201: No provider found for `_HttpClient`. Source: DynamicTestModule. Path: AuthService2 -> PerfilService2 -> _HttpClient. Find more at https://v20.angular.dev/errors/NG0201
	error properties: Object({ code: -201, ngErrorCode: -201, ngErrorMessage: 'No provider found for `_HttpClient`.', ngTokenPath: [ 'AuthService2', 'PerfilService2', '_HttpClient' ] })
	ɵNotFound: NG0201: No provider found for `_HttpClient`. Source: DynamicTestModule. Path: AuthService2 -> PerfilService2 -> _HttpClient. Find more at https://v20.angular.dev/errors/NG0201
	    at createRuntimeError (node_modules/@angular/core/fesm2022/root_effect_scheduler.mjs:924:19)
	    at NullInjector.get (node_modules/@angular/core/fesm2022/root_effect_scheduler.mjs:1494:27)
	    at R3Injector.get (node_modules/@angular/core/fesm2022/root_effect_scheduler.mjs:2052:33)
	    at R3Injector.get (node_modules/@angular/core/fesm2022/root_effect_scheduler.mjs:2052:33)
	    at R3Injector.retrieve (node_modules/@angular/core/fesm2022/root_effect_scheduler.mjs:1936:25)
	    at injectInjectorOnly (node_modules/@angular/core/fesm2022/root_effect_scheduler.mjs:1049:39)
	    at ɵɵinject (node_modules/@angular/core/fesm2022/root_effect_scheduler.mjs:1061:42)
	    at inject2 (node_modules/@angular/core/fesm2022/root_effect_scheduler.mjs:1149:12)
	    at PerfilService2.<instance_members_initializer> (src/app/data-access/services/perfil.service.ts:45:27)
	    at new PerfilService2 (src/app/data-access/services/perfil.service.ts:44:8)
Chrome Headless 150.0.0.0 (Windows 10): Executed 1193 of 3092[31m (9 FAILED)[39m (0 secs / 18.137 secs)
[1A[2KChrome Headless 150.0.0.0 (Windows 10): Executed 1194 of 3092[31m (9 FAILED)[39m (0 secs / 18.187 secs)
[1A[2KChrome Headless 150.0.0.0 (Windows 10): Executed 1195 of 3092[31m (9 FAILED)[39m (0 secs / 18.194 secs)
[1A[2KChrome Headless 150.0.0.0 (Windows 10): Executed 1196 of 3092[31m (9 FAILED)[39m (0 secs / 18.201 secs)
[1A[2KChrome Headless 150.0.0.0 (Windows 10): Executed 1197 of 3092[31m (9 FAILED)[39m (0 secs / 18.208 secs)
[1A[2KChrome Headless 150.0.0.0 (Windows 10): Executed 1198 of 3092[31m (9 FAILED)[39m (0 secs / 18.22 secs)
[1A[2KChrome Headless 150.0.0.0 (Windows 10): Executed 1199 of 3092[31m (9 FAILED)[39m (0 secs / 18.227 secs)
[1A[2KChrome Headless 150.0.0.0 (Windows 10): Executed 1200 of 3092[31m (9 FAILED)[39m (0 secs / 18.234 secs)
[1A[2KChrome Headless 150.0.0.0 (Windows 10): Executed 1201 of 3092[31m (9 FAILED)[39m (0 secs / 18.24 secs)
[1A[2KChrome Headless 150.0.0.0 (Windows 10): Executed 1202 of 3092[31m (9 FAILED)[39m (0 secs / 18.247 secs)
[1A[2KChrome Headless 150.0.0.0 (Windows 10): Executed 1203 of 3092[31m (9 FAILED)[39m (0 secs / 18.255 secs)
[1A[2KChrome Headless 150.0.0.0 (Windows 10): Executed 1204 of 3092[31m (9 FAILED)[39m (0 secs / 18.262 secs)
[1A[2KChrome Headless 150.0.0.0 (Windows 10): Executed 1205 of 3092[31m (9 FAILED)[39m (0 secs / 18.268 secs)
[1A[2KChrome Headless 150.0.0.0 (Windows 10): Executed 1206 of 3092[31m (9 FAILED)[39m (0 secs / 18.275 secs)
[1A[2KChrome Headless 150.0.0.0 (Windows 10): Executed 1207 of 3092[31m (9 FAILED)[39m (0 secs / 18.282 secs)
[1A[2KChrome Headless 150.0.0.0 (Windows 10): Executed 1208 of 3092[31m (9 FAILED)[39m (0 secs / 18.289 secs)
[1A[2KChrome Headless 150.0.0.0 (Windows 10): Executed 1209 of 3092[31m (9 FAILED)[39m (0 secs / 18.298 secs)
[1A[2KChrome Headless 150.0.0.0 (Windows 10): Executed 1210 of 3092[31m (9 FAILED)[39m (0 secs / 18.305 secs)
[1A[2KChrome Headless 150.0.0.0 (Windows 10): Executed 1211 of 3092[31m (9 FAILED)[39m (0 secs / 18.312 secs)
[1A[2KChrome Headless 150.0.0.0 (Windows 10): Executed 1212 of 3092[31m (9 FAILED)[39m (0 secs / 18.331 secs)
[1A[2KChrome Headless 150.0.0.0 (Windows 10): Executed 1213 of 3092[31m (9 FAILED)[39m (0 secs / 18.332 secs)
[1A[2KChrome Headless 150.0.0.0 (Windows 10): Executed 1214 of 3092[31m (9 FAILED)[39m (0 secs / 18.333 secs)
[1A[2KChrome Headless 150.0.0.0 (Windows 10): Executed 1215 of 3092[31m (9 FAILED)[39m (0 secs / 18.335 secs)
[1A[2KChrome Headless 150.0.0.0 (Windows 10): Executed 1216 of 3092[31m (9 FAILED)[39m (0 secs / 18.337 secs)
[1A[2KChrome Headless 150.0.0.0 (Windows 10): Executed 1217 of 3092[31m (9 FAILED)[39m (0 secs / 18.339 secs)
[1A[2KChrome Headless 150.0.0.0 (Windows 10): Executed 1218 of 3092[31m (9 FAILED)[39m (0 secs / 18.341 secs)
[1A[2KChrome Headless 150.0.0.0 (Windows 10): Executed 1219 of 3092[31m (9 FAILED)[39m (0 secs / 18.342 secs)
[1A[2KChrome Headless 150.0.0.0 (Windows 10): Executed 1220 of 3092[31m (9 FAILED)[39m (0 secs / 18.344 secs)
[1A[2KChrome Headless 150.0.0.0 (Windows 10): Executed 1221 of 3092[31m (9 FAILED)[39m (0 secs / 18.346 secs)
[1A[2KChrome Headless 150.0.0.0 (Windows 10): Executed 1222 of 3092[31m (9 FAILED)[39m (0 secs / 18.347 secs)
[1A[2KChrome Headless 150.0.0.0 (Windows 10): Executed 1223 of 3092[31m (9 FAILED)[39m (0 secs / 18.348 secs)
[1A[2KChrome Headless 150.0.0.0 (Windows 10): Executed 1224 of 3092[31m (9 FAILED)[39m (0 secs / 18.35 secs)
[1A[2KChrome Headless 150.0.0.0 (Windows 10): Executed 1225 of 3092[31m (9 FAILED)[39m (0 secs / 18.351 secs)
[1A[2KChrome Headless 150.0.0.0 (Windows 10): Executed 1226 of 3092[31m (9 FAILED)[39m (0 secs / 18.353 secs)
[1A[2KChrome Headless 150.0.0.0 (Windows 10): Executed 1227 of 3092[31m (9 FAILED)[39m (0 secs / 18.355 secs)
[1A[2KChrome Headless 150.0.0.0 (Windows 10): Executed 1228 of 3092[31m (9 FAILED)[39m (0 secs / 18.356 secs)
[1A[2KChrome Headless 150.0.0.0 (Windows 10): Executed 1229 of 3092[31m (9 FAILED)[39m (0 secs / 18.37 secs)
[1A[2KChrome Headless 150.0.0.0 (Windows 10): Executed 1230 of 3092[31m (9 FAILED)[39m (0 secs / 18.373 secs)
[1A[2KChrome Headless 150.0.0.0 (Windows 10): Executed 1231 of 3092[31m (9 FAILED)[39m (0 secs / 18.375 secs)
[1A[2KChrome Headless 150.0.0.0 (Windows 10): Executed 1232 of 3092[31m (9 FAILED)[39m (0 secs / 18.377 secs)
[1A[2KChrome Headless 150.0.0.0 (Windows 10): Executed 1233 of 3092[31m (9 FAILED)[39m (0 secs / 18.379 secs)
[1A[2KChrome Headless 150.0.0.0 (Windows 10): Executed 1234 of 3092[31m (9 FAILED)[39m (0 secs / 18.381 secs)
[1A[2KChrome Headless 150.0.0.0 (Windows 10): Executed 1235 of 3092[31m (9 FAILED)[39m (0 secs / 18.383 secs)
[1A[2KChrome Headless 150.0.0.0 (Windows 10): Executed 1236 of 3092[31m (9 FAILED)[39m (0 secs / 18.385 secs)
[1A[2KChrome Headless 150.0.0.0 (Windows 10): Executed 1237 of 3092[31m (9 FAILED)[39m (0 secs / 18.387 secs)
[1A[2KChrome Headless 150.0.0.0 (Windows 10): Executed 1238 of 3092[31m (9 FAILED)[39m (0 secs / 18.398 secs)
[1A[2KChrome Headless 150.0.0.0 (Windows 10): Executed 1239 of 3092[31m (9 FAILED)[39m (0 secs / 18.4 secs)
[1A[2KChrome Headless 150.0.0.0 (Windows 10): Executed 1240 of 3092[31m (9 FAILED)[39m (0 secs / 18.402 secs)
[1A[2KChrome Headless 150.0.0.0 (Windows 10): Executed 1241 of 3092[31m (9 FAILED)[39m (0 secs / 18.404 secs)
[1A[2KChrome Headless 150.0.0.0 (Windows 10): Executed 1242 of 3092[31m (9 FAILED)[39m (0 secs / 18.406 secs)
[1A[2KChrome Headless 150.0.0.0 (Windows 10): Executed 1243 of 3092[31m (9 FAILED)[39m (0 secs / 18.408 secs)
[1A[2KChrome Headless 150.0.0.0 (Windows 10): Executed 1244 of 3092[31m (9 FAILED)[39m (0 secs / 18.456 secs)
[1A[2KChrome Headless 150.0.0.0 (Windows 10): Executed 1245 of 3092[31m (9 FAILED)[39m (0 secs / 18.47 secs)
[1A[2KChrome Headless 150.0.0.0 (Windows 10): Executed 1246 of 3092[31m (9 FAILED)[39m (0 secs / 18.479 secs)
[1A[2KChrome Headless 150.0.0.0 (Windows 10): Executed 1247 of 3092[31m (9 FAILED)[39m (0 secs / 18.489 secs)
[1A[2KChrome Headless 150.0.0.0 (Windows 10): Executed 1248 of 3092[31m (9 FAILED)[39m (0 secs / 18.5 secs)
[1A[2KChrome Headless 150.0.0.0 (Windows 10): Executed 1249 of 3092[31m (9 FAILED)[39m (0 secs / 18.512 secs)
[1A[2KChrome Headless 150.0.0.0 (Windows 10): Executed 1250 of 3092[31m (9 FAILED)[39m (0 secs / 18.523 secs)
[1A[2KChrome Headless 150.0.0.0 (Windows 10): Executed 1251 of 3092[31m (9 FAILED)[39m (0 secs / 18.535 secs)
[1A[2KChrome Headless 150.0.0.0 (Windows 10): Executed 1252 of 3092[31m (9 FAILED)[39m (0 secs / 18.542 secs)
[1A[2KChrome Headless 150.0.0.0 (Windows 10): Executed 1253 of 3092[31m (9 FAILED)[39m (0 secs / 18.544 secs)
[1A[2KChrome Headless 150.0.0.0 (Windows 10): Executed 1254 of 3092[31m (9 FAILED)[39m (0 secs / 18.546 secs)
[1A[2KChrome Headless 150.0.0.0 (Windows 10): Executed 1255 of 3092[31m (9 FAILED)[39m (0 secs / 18.548 secs)
[1A[2KChrome Headless 150.0.0.0 (Windows 10): Executed 1256 of 3092[31m (9 FAILED)[39m (0 secs / 18.55 secs)
[1A[2KChrome Headless 150.0.0.0 (Windows 10): Executed 1257 of 3092[31m (9 FAILED)[39m (0 secs / 18.553 secs)
[1A[2KChrome Headless 150.0.0.0 (Windows 10): Executed 1258 of 3092[31m (9 FAILED)[39m (0 secs / 18.556 secs)
[1A[2KChrome Headless 150.0.0.0 (Windows 10): Executed 1259 of 3092[31m (9 FAILED)[39m (0 secs / 18.559 secs)
[1A[2KChrome Headless 150.0.0.0 (Windows 10): Executed 1260 of 3092[31m (9 FAILED)[39m (0 secs / 18.563 secs)
[1A[2KChrome Headless 150.0.0.0 (Windows 10): Executed 1261 of 3092[31m (9 FAILED)[39m (0 secs / 18.582 secs)
[1A[2KChrome Headless 150.0.0.0 (Windows 10): Executed 1262 of 3092[31m (9 FAILED)[39m (0 secs / 18.585 secs)
[1A[2KChrome Headless 150.0.0.0 (Windows 10): Executed 1263 of 3092[31m (9 FAILED)[39m (0 secs / 18.587 secs)
[1A[2KChrome Headless 150.0.0.0 (Windows 10): Executed 1264 of 3092[31m (9 FAILED)[39m (0 secs / 18.589 secs)
[1A[2KChrome Headless 150.0.0.0 (Windows 10): Executed 1265 of 3092[31m (9 FAILED)[39m (0 secs / 18.592 secs)
[1A[2KChrome Headless 150.0.0.0 (Windows 10): Executed 1266 of 3092[31m (9 FAILED)[39m (0 secs / 18.594 secs)
[1A[2KChrome Headless 150.0.0.0 (Windows 10): Executed 1267 of 3092[31m (9 FAILED)[39m (0 secs / 18.607 secs)
[1A[2KChrome Headless 150.0.0.0 (Windows 10): Executed 1268 of 3092[31m (9 FAILED)[39m (0 secs / 18.611 secs)
[1A[2KChrome Headless 150.0.0.0 (Windows 10): Executed 1269 of 3092[31m (9 FAILED)[39m (0 secs / 18.642 secs)
[1A[2KChrome Headless 150.0.0.0 (Windows 10): Executed 1270 of 3092[31m (9 FAILED)[39m (0 secs / 18.646 secs)
[1A[2KChrome Headless 150.0.0.0 (Windows 10): Executed 1271 of 3092[31m (9 FAILED)[39m (0 secs / 18.649 secs)
[1A[2KChrome Headless 150.0.0.0 (Windows 10): Executed 1272 of 3092[31m (9 FAILED)[39m (0 secs / 18.652 secs)
[1A[2KChrome Headless 150.0.0.0 (Windows 10): Executed 1273 of 3092[31m (9 FAILED)[39m (0 secs / 18.655 secs)
[1A[2KChrome Headless 150.0.0.0 (Windows 10): Executed 1274 of 3092[31m (9 FAILED)[39m (0 secs / 18.703 secs)
[1A[2KChrome Headless 150.0.0.0 (Windows 10): Executed 1275 of 3092[31m (9 FAILED)[39m (0 secs / 18.716 secs)
[1A[2KChrome Headless 150.0.0.0 (Windows 10): Executed 1276 of 3092[31m (9 FAILED)[39m (0 secs / 18.723 secs)
[1A[2KChrome Headless 150.0.0.0 (Windows 10): Executed 1277 of 3092[31m (9 FAILED)[39m (0 secs / 18.727 secs)
[1A[2KChrome Headless 150.0.0.0 (Windows 10): Executed 1278 of 3092[31m (9 FAILED)[39m (0 secs / 18.729 secs)
[1A[2KChrome Headless 150.0.0.0 (Windows 10): Executed 1279 of 3092[31m (9 FAILED)[39m (0 secs / 18.73 secs)
[1A[2KChrome Headless 150.0.0.0 (Windows 10): Executed 1280 of 3092[31m (9 FAILED)[39m (0 secs / 18.731 secs)
[1A[2KChrome Headless 150.0.0.0 (Windows 10): Executed 1281 of 3092[31m (9 FAILED)[39m (0 secs / 18.733 secs)
[1A[2KChrome Headless 150.0.0.0 (Windows 10): Executed 1282 of 3092[31m (9 FAILED)[39m (0 secs / 18.734 secs)
[1A[2KChrome Headless 150.0.0.0 (Windows 10): Executed 1283 of 3092[31m (9 FAILED)[39m (0 secs / 18.856 secs)
[1A[2KChrome Headless 150.0.0.0 (Windows 10): Executed 1284 of 3092[31m (9 FAILED)[39m (0 secs / 18.867 secs)
[1A[2KChrome Headless 150.0.0.0 (Windows 10): Executed 1285 of 3092[31m (9 FAILED)[39m (0 secs / 18.878 secs)
[1A[2KChrome Headless 150.0.0.0 (Windows 10): Executed 1286 of 3092[31m (9 FAILED)[39m (0 secs / 18.889 secs)
[1A[2KChrome Headless 150.0.0.0 (Windows 10): Executed 1287 of 3092[31m (9 FAILED)[39m (0 secs / 18.899 secs)
[1A[2KChrome Headless 150.0.0.0 (Windows 10): Executed 1288 of 3092[31m (9 FAILED)[39m (0 secs / 18.909 secs)
[1A[2KChrome Headless 150.0.0.0 (Windows 10): Executed 1289 of 3092[31m (9 FAILED)[39m (0 secs / 18.919 secs)
[1A[2KChrome Headless 150.0.0.0 (Windows 10): Executed 1290 of 3092[31m (9 FAILED)[39m (0 secs / 18.93 secs)
[1A[2KChrome Headless 150.0.0.0 (Windows 10): Executed 1291 of 3092[31m (9 FAILED)[39m (0 secs / 18.94 secs)
[1A[2KChrome Headless 150.0.0.0 (Windows 10): Executed 1292 of 3092[31m (9 FAILED)[39m (0 secs / 18.951 secs)
[1A[2KChrome Headless 150.0.0.0 (Windows 10): Executed 1293 of 3092[31m (9 FAILED)[39m (0 secs / 18.963 secs)
[1A[2KChrome Headless 150.0.0.0 (Windows 10): Executed 1294 of 3092[31m (9 FAILED)[39m (0 secs / 18.973 secs)
[1A[2KChrome Headless 150.0.0.0 (Windows 10): Executed 1295 of 3092[31m (9 FAILED)[39m (0 secs / 18.984 secs)
[1A[2KChrome Headless 150.0.0.0 (Windows 10): Executed 1296 of 3092[31m (9 FAILED)[39m (0 secs / 18.995 secs)
[1A[2KChrome Headless 150.0.0.0 (Windows 10): Executed 1297 of 3092[31m (9 FAILED)[39m (0 secs / 19.006 secs)
[1A[2KChrome Headless 150.0.0.0 (Windows 10): Executed 1298 of 3092[31m (9 FAILED)[39m (0 secs / 19.016 secs)
[1A[2KChrome Headless 150.0.0.0 (Windows 10): Executed 1299 of 3092[31m (9 FAILED)[39m (0 secs / 19.028 secs)
[1A[2KChrome Headless 150.0.0.0 (Windows 10): Executed 1300 of 3092[31m (9 FAILED)[39m (0 secs / 19.038 secs)
[1A[2KChrome Headless 150.0.0.0 (Windows 10): Executed 1301 of 3092[31m (9 FAILED)[39m (0 secs / 19.049 secs)
[1A[2KChrome Headless 150.0.0.0 (Windows 10): Executed 1302 of 3092[31m (9 FAILED)[39m (0 secs / 19.059 secs)
[1A[2KChrome Headless 150.0.0.0 (Windows 10): Executed 1303 of 3092[31m (9 FAILED)[39m (0 secs / 19.07 secs)
[1A[2KChrome Headless 150.0.0.0 (Windows 10): Executed 1304 of 3092[31m (9 FAILED)[39m (0 secs / 19.081 secs)
[1A[2KChrome Headless 150.0.0.0 (Windows 10): Executed 1305 of 3092[31m (9 FAILED)[39m (0 secs / 19.091 secs)
[1A[2KChrome Headless 150.0.0.0 (Windows 10): Executed 1306 of 3092[31m (9 FAILED)[39m (0 secs / 19.102 secs)
[1A[2KChrome Headless 150.0.0.0 (Windows 10): Executed 1307 of 3092[31m (9 FAILED)[39m (0 secs / 19.113 secs)
[1A[2KChrome Headless 150.0.0.0 (Windows 10): Executed 1308 of 3092[31m (9 FAILED)[39m (0 secs / 19.126 secs)
[1A[2KChrome Headless 150.0.0.0 (Windows 10): Executed 1309 of 3092[31m (9 FAILED)[39m (0 secs / 19.138 secs)
[1A[2KChrome Headless 150.0.0.0 (Windows 10): Executed 1310 of 3092[31m (9 FAILED)[39m (0 secs / 19.149 secs)
[1A[2KChrome Headless 150.0.0.0 (Windows 10): Executed 1311 of 3092[31m (9 FAILED)[39m (0 secs / 19.159 secs)
[1A[2KChrome Headless 150.0.0.0 (Windows 10): Executed 1312 of 3092[31m (9 FAILED)[39m (0 secs / 19.169 secs)
[1A[2KChrome Headless 150.0.0.0 (Windows 10): Executed 1313 of 3092[31m (9 FAILED)[39m (0 secs / 19.18 secs)
[1A[2KChrome Headless 150.0.0.0 (Windows 10): Executed 1314 of 3092[31m (9 FAILED)[39m (0 secs / 19.19 secs)
[1A[2KChrome Headless 150.0.0.0 (Windows 10): Executed 1315 of 3092[31m (9 FAILED)[39m (0 secs / 19.201 secs)
[1A[2KChrome Headless 150.0.0.0 (Windows 10): Executed 1316 of 3092[31m (9 FAILED)[39m (0 secs / 19.212 secs)
[1A[2KChrome Headless 150.0.0.0 (Windows 10): Executed 1317 of 3092[31m (9 FAILED)[39m (0 secs / 19.223 secs)
[1A[2KChrome Headless 150.0.0.0 (Windows 10): Executed 1318 of 3092[31m (9 FAILED)[39m (0 secs / 19.234 secs)
[1A[2KChrome Headless 150.0.0.0 (Windows 10): Executed 1319 of 3092[31m (9 FAILED)[39m (0 secs / 19.245 secs)
[1A[2KChrome Headless 150.0.0.0 (Windows 10): Executed 1320 of 3092[31m (9 FAILED)[39m (0 secs / 19.255 secs)
[1A[2KChrome Headless 150.0.0.0 (Windows 10): Executed 1321 of 3092[31m (9 FAILED)[39m (0 secs / 19.267 secs)
[1A[2KChrome Headless 150.0.0.0 (Windows 10): Executed 1322 of 3092[31m (9 FAILED)[39m (0 secs / 19.279 secs)
[1A[2KChrome Headless 150.0.0.0 (Windows 10): Executed 1323 of 3092[31m (9 FAILED)[39m (0 secs / 19.289 secs)
[1A[2KChrome Headless 150.0.0.0 (Windows 10): Executed 1324 of 3092[31m (9 FAILED)[39m (0 secs / 19.3 secs)
[1A[2KChrome Headless 150.0.0.0 (Windows 10): Executed 1325 of 3092[31m (9 FAILED)[39m (0 secs / 19.311 secs)
[1A[2KChrome Headless 150.0.0.0 (Windows 10): Executed 1326 of 3092[31m (9 FAILED)[39m (0 secs / 19.322 secs)
[1A[2KChrome Headless 150.0.0.0 (Windows 10): Executed 1327 of 3092[31m (9 FAILED)[39m (0 secs / 19.333 secs)
[1A[2KChrome Headless 150.0.0.0 (Windows 10): Executed 1328 of 3092[31m (9 FAILED)[39m (0 secs / 19.344 secs)
[1A[2KChrome Headless 150.0.0.0 (Windows 10): Executed 1329 of 3092[31m (9 FAILED)[39m (0 secs / 19.355 secs)
[1A[2KChrome Headless 150.0.0.0 (Windows 10): Executed 1330 of 3092[31m (9 FAILED)[39m (0 secs / 19.365 secs)
[1A[2KChrome Headless 150.0.0.0 (Windows 10): Executed 1331 of 3092[31m (9 FAILED)[39m (0 secs / 19.377 secs)
[1A[2KChrome Headless 150.0.0.0 (Windows 10): Executed 1332 of 3092[31m (9 FAILED)[39m (0 secs / 19.388 secs)
[1A[2KChrome Headless 150.0.0.0 (Windows 10): Executed 1333 of 3092[31m (9 FAILED)[39m (0 secs / 19.397 secs)
[1A[2KChrome Headless 150.0.0.0 (Windows 10): Executed 1334 of 3092[31m (9 FAILED)[39m (0 secs / 19.407 secs)
[1A[2KChrome Headless 150.0.0.0 (Windows 10): Executed 1335 of 3092[31m (9 FAILED)[39m (0 secs / 19.419 secs)
[1A[2KChrome Headless 150.0.0.0 (Windows 10): Executed 1336 of 3092[31m (9 FAILED)[39m (0 secs / 19.429 secs)
[1A[2KChrome Headless 150.0.0.0 (Windows 10): Executed 1337 of 3092[31m (9 FAILED)[39m (0 secs / 19.44 secs)
[1A[2KChrome Headless 150.0.0.0 (Windows 10): Executed 1338 of 3092[31m (9 FAILED)[39m (0 secs / 19.453 secs)
[1A[2KChrome Headless 150.0.0.0 (Windows 10): Executed 1339 of 3092[31m (9 FAILED)[39m (0 secs / 19.464 secs)
[1A[2KChrome Headless 150.0.0.0 (Windows 10): Executed 1340 of 3092[31m (9 FAILED)[39m (0 secs / 19.476 secs)
[1A[2KChrome Headless 150.0.0.0 (Windows 10): Executed 1341 of 3092[31m (9 FAILED)[39m (0 secs / 19.486 secs)
[1A[2KChrome Headless 150.0.0.0 (Windows 10): Executed 1342 of 3092[31m (9 FAILED)[39m (0 secs / 19.496 secs)
[1A[2KChrome Headless 150.0.0.0 (Windows 10): Executed 1343 of 3092[31m (9 FAILED)[39m (0 secs / 19.507 secs)
[1A[2KChrome Headless 150.0.0.0 (Windows 10): Executed 1344 of 3092[31m (9 FAILED)[39m (0 secs / 19.519 secs)
[1A[2KChrome Headless 150.0.0.0 (Windows 10): Executed 1345 of 3092[31m (9 FAILED)[39m (0 secs / 19.529 secs)
[1A[2KChrome Headless 150.0.0.0 (Windows 10): Executed 1346 of 3092[31m (9 FAILED)[39m (0 secs / 19.539 secs)
[1A[2KChrome Headless 150.0.0.0 (Windows 10): Executed 1347 of 3092[31m (9 FAILED)[39m (0 secs / 19.55 secs)
[1A[2KChrome Headless 150.0.0.0 (Windows 10): Executed 1348 of 3092[31m (9 FAILED)[39m (0 secs / 19.562 secs)
[1A[2KChrome Headless 150.0.0.0 (Windows 10): Executed 1349 of 3092[31m (9 FAILED)[39m (0 secs / 19.573 secs)
[1A[2KChrome Headless 150.0.0.0 (Windows 10): Executed 1350 of 3092[31m (9 FAILED)[39m (0 secs / 19.582 secs)
[1A[2KChrome Headless 150.0.0.0 (Windows 10): Executed 1351 of 3092[31m (9 FAILED)[39m (0 secs / 19.594 secs)
[1A[2KChrome Headless 150.0.0.0 (Windows 10): Executed 1352 of 3092[31m (9 FAILED)[39m (0 secs / 19.604 secs)
[1A[2KChrome Headless 150.0.0.0 (Windows 10): Executed 1353 of 3092[31m (9 FAILED)[39m (0 secs / 19.615 secs)
[1A[2KChrome Headless 150.0.0.0 (Windows 10): Executed 1354 of 3092[31m (9 FAILED)[39m (0 secs / 19.627 secs)
[1A[2KChrome Headless 150.0.0.0 (Windows 10): Executed 1355 of 3092[31m (9 FAILED)[39m (0 secs / 19.638 secs)
[1A[2KChrome Headless 150.0.0.0 (Windows 10): Executed 1356 of 3092[31m (9 FAILED)[39m (0 secs / 19.649 secs)
[1A[2KChrome Headless 150.0.0.0 (Windows 10): Executed 1357 of 3092[31m (9 FAILED)[39m (0 secs / 19.66 secs)
[1A[2KChrome Headless 150.0.0.0 (Windows 10): Executed 1358 of 3092[31m (9 FAILED)[39m (0 secs / 19.672 secs)
[1A[2KChrome Headless 150.0.0.0 (Windows 10): Executed 1359 of 3092[31m (9 FAILED)[39m (0 secs / 19.683 secs)
[1A[2KChrome Headless 150.0.0.0 (Windows 10): Executed 1360 of 3092[31m (9 FAILED)[39m (0 secs / 19.693 secs)
[1A[2KChrome Headless 150.0.0.0 (Windows 10): Executed 1361 of 3092[31m (9 FAILED)[39m (0 secs / 19.704 secs)
[1A[2KChrome Headless 150.0.0.0 (Windows 10): Executed 1362 of 3092[31m (9 FAILED)[39m (0 secs / 19.715 secs)
[1A[2KChrome Headless 150.0.0.0 (Windows 10): Executed 1363 of 3092[31m (9 FAILED)[39m (0 secs / 19.725 secs)
[1A[2KChrome Headless 150.0.0.0 (Windows 10): Executed 1364 of 3092[31m (9 FAILED)[39m (0 secs / 19.736 secs)
[1A[2KChrome Headless 150.0.0.0 (Windows 10): Executed 1365 of 3092[31m (9 FAILED)[39m (0 secs / 19.747 secs)
[1A[2KChrome Headless 150.0.0.0 (Windows 10): Executed 1366 of 3092[31m (9 FAILED)[39m (0 secs / 19.758 secs)
[1A[2KChrome Headless 150.0.0.0 (Windows 10): Executed 1367 of 3092[31m (9 FAILED)[39m (0 secs / 19.769 secs)
[1A[2KChrome Headless 150.0.0.0 (Windows 10): Executed 1368 of 3092[31m (9 FAILED)[39m (0 secs / 19.78 secs)
[1A[2KChrome Headless 150.0.0.0 (Windows 10): Executed 1369 of 3092[31m (9 FAILED)[39m (0 secs / 19.792 secs)
[1A[2KChrome Headless 150.0.0.0 (Windows 10): Executed 1370 of 3092[31m (9 FAILED)[39m (0 secs / 19.86 secs)
[1A[2KChrome Headless 150.0.0.0 (Windows 10): Executed 1371 of 3092[31m (9 FAILED)[39m (0 secs / 19.876 secs)
[1A[2KChrome Headless 150.0.0.0 (Windows 10): Executed 1372 of 3092[31m (9 FAILED)[39m (0 secs / 19.891 secs)
[1A[2KChrome Headless 150.0.0.0 (Windows 10): Executed 1373 of 3092[31m (9 FAILED)[39m (0 secs / 19.907 secs)
[1A[2KChrome Headless 150.0.0.0 (Windows 10): Executed 1374 of 3092[31m (9 FAILED)[39m (0 secs / 19.924 secs)
[1A[2KChrome Headless 150.0.0.0 (Windows 10): Executed 1375 of 3092[31m (9 FAILED)[39m (0 secs / 19.94 secs)
[1A[2KChrome Headless 150.0.0.0 (Windows 10): Executed 1376 of 3092[31m (9 FAILED)[39m (0 secs / 19.955 secs)
[1A[2KChrome Headless 150.0.0.0 (Windows 10): Executed 1377 of 3092[31m (9 FAILED)[39m (0 secs / 19.971 secs)
[1A[2KChrome Headless 150.0.0.0 (Windows 10): Executed 1378 of 3092[31m (9 FAILED)[39m (0 secs / 19.986 secs)
[1A[2KChrome Headless 150.0.0.0 (Windows 10): Executed 1379 of 3092[31m (9 FAILED)[39m (0 secs / 20.004 secs)
[1A[2KChrome Headless 150.0.0.0 (Windows 10): Executed 1380 of 3092[31m (9 FAILED)[39m (0 secs / 20.019 secs)
[1A[2KChrome Headless 150.0.0.0 (Windows 10): Executed 1381 of 3092[31m (9 FAILED)[39m (0 secs / 20.035 secs)
[1A[2KChrome Headless 150.0.0.0 (Windows 10): Executed 1382 of 3092[31m (9 FAILED)[39m (0 secs / 20.05 secs)
[1A[2KChrome Headless 150.0.0.0 (Windows 10): Executed 1383 of 3092[31m (9 FAILED)[39m (0 secs / 20.069 secs)
[1A[2KChrome Headless 150.0.0.0 (Windows 10): Executed 1384 of 3092[31m (9 FAILED)[39m (0 secs / 20.085 secs)
[1A[2KChrome Headless 150.0.0.0 (Windows 10): Executed 1385 of 3092[31m (9 FAILED)[39m (0 secs / 20.101 secs)
[1A[2KChrome Headless 150.0.0.0 (Windows 10): Executed 1386 of 3092[31m (9 FAILED)[39m (0 secs / 20.117 secs)
[1A[2KChrome Headless 150.0.0.0 (Windows 10): Executed 1387 of 3092[31m (9 FAILED)[39m (0 secs / 20.135 secs)
[1A[2KChrome Headless 150.0.0.0 (Windows 10): Executed 1388 of 3092[31m (9 FAILED)[39m (0 secs / 20.15 secs)
[1A[2KChrome Headless 150.0.0.0 (Windows 10): Executed 1389 of 3092[31m (9 FAILED)[39m (0 secs / 20.166 secs)
[1A[2KChrome Headless 150.0.0.0 (Windows 10): Executed 1390 of 3092[31m (9 FAILED)[39m (0 secs / 20.183 secs)
[1A[2KChrome Headless 150.0.0.0 (Windows 10): Executed 1391 of 3092[31m (9 FAILED)[39m (0 secs / 20.2 secs)
[1A[2KChrome Headless 150.0.0.0 (Windows 10): Executed 1392 of 3092[31m (9 FAILED)[39m (0 secs / 20.265 secs)
[1A[2KChrome Headless 150.0.0.0 (Windows 10): Executed 1393 of 3092[31m (9 FAILED)[39m (0 secs / 20.279 secs)
[1A[2KChrome Headless 150.0.0.0 (Windows 10): Executed 1394 of 3092[31m (9 FAILED)[39m (0 secs / 20.29 secs)
[1A[2KChrome Headless 150.0.0.0 (Windows 10): Executed 1395 of 3092[31m (9 FAILED)[39m (0 secs / 20.302 secs)
[1A[2KChrome Headless 150.0.0.0 (Windows 10): Executed 1396 of 3092[31m (9 FAILED)[39m (0 secs / 20.332 secs)
[1A[2KChrome Headless 150.0.0.0 (Windows 10): Executed 1397 of 3092[31m (9 FAILED)[39m (0 secs / 20.334 secs)
[1A[2KChrome Headless 150.0.0.0 (Windows 10): Executed 1398 of 3092[31m (9 FAILED)[39m (0 secs / 20.336 secs)
[1A[2KChrome Headless 150.0.0.0 (Windows 10): Executed 1399 of 3092[31m (9 FAILED)[39m (0 secs / 20.338 secs)
[1A[2KChrome Headless 150.0.0.0 (Windows 10): Executed 1400 of 3092[31m (9 FAILED)[39m (0 secs / 20.341 secs)
[1A[2KChrome Headless 150.0.0.0 (Windows 10): Executed 1401 of 3092[31m (9 FAILED)[39m (0 secs / 20.369 secs)
[1A[2KChrome Headless 150.0.0.0 (Windows 10): Executed 1402 of 3092[31m (9 FAILED)[39m (0 secs / 20.373 secs)
[1A[2KChrome Headless 150.0.0.0 (Windows 10): Executed 1403 of 3092[31m (9 FAILED)[39m (0 secs / 20.377 secs)
[1A[2KChrome Headless 150.0.0.0 (Windows 10): Executed 1404 of 3092[31m (9 FAILED)[39m (0 secs / 20.38 secs)
[1A[2KChrome Headless 150.0.0.0 (Windows 10): Executed 1405 of 3092[31m (9 FAILED)[39m (0 secs / 20.383 secs)
[1A[2KChrome Headless 150.0.0.0 (Windows 10): Executed 1406 of 3092[31m (9 FAILED)[39m (0 secs / 20.387 secs)
[1A[2KChrome Headless 150.0.0.0 (Windows 10): Executed 1407 of 3092[31m (9 FAILED)[39m (0 secs / 20.407 secs)
[1A[2KChrome Headless 150.0.0.0 (Windows 10): Executed 1408 of 3092[31m (9 FAILED)[39m (0 secs / 20.416 secs)
[1A[2KChrome Headless 150.0.0.0 (Windows 10): Executed 1409 of 3092[31m (9 FAILED)[39m (0 secs / 20.424 secs)
[1A[2KChrome Headless 150.0.0.0 (Windows 10): Executed 1410 of 3092[31m (9 FAILED)[39m (0 secs / 20.452 secs)
[1A[2KChrome Headless 150.0.0.0 (Windows 10): Executed 1411 of 3092[31m (9 FAILED)[39m (0 secs / 20.48 secs)
[1A[2KChrome Headless 150.0.0.0 (Windows 10): Executed 1412 of 3092[31m (9 FAILED)[39m (0 secs / 20.483 secs)
[1A[2KChrome Headless 150.0.0.0 (Windows 10): Executed 1413 of 3092[31m (9 FAILED)[39m (0 secs / 20.487 secs)
[1A[2KChrome Headless 150.0.0.0 (Windows 10): Executed 1414 of 3092[31m (9 FAILED)[39m (0 secs / 20.49 secs)
[1A[2KChrome Headless 150.0.0.0 (Windows 10): Executed 1415 of 3092[31m (9 FAILED)[39m (0 secs / 20.493 secs)
[1A[2KChrome Headless 150.0.0.0 (Windows 10): Executed 1416 of 3092[31m (9 FAILED)[39m (0 secs / 20.513 secs)
[1A[2KChrome Headless 150.0.0.0 (Windows 10): Executed 1417 of 3092[31m (9 FAILED)[39m (0 secs / 20.514 secs)
[1A[2KChrome Headless 150.0.0.0 (Windows 10): Executed 1418 of 3092[31m (9 FAILED)[39m (0 secs / 20.515 secs)
[1A[2KChrome Headless 150.0.0.0 (Windows 10): Executed 1419 of 3092[31m (9 FAILED)[39m (0 secs / 20.516 secs)
[1A[2KChrome Headless 150.0.0.0 (Windows 10): Executed 1420 of 3092[31m (9 FAILED)[39m (0 secs / 20.518 secs)
[1A[2KChrome Headless 150.0.0.0 (Windows 10): Executed 1421 of 3092[31m (9 FAILED)[39m (0 secs / 20.519 secs)
[1A[2KChrome Headless 150.0.0.0 (Windows 10): Executed 1422 of 3092[31m (9 FAILED)[39m (0 secs / 20.521 secs)
[1A[2KChrome Headless 150.0.0.0 (Windows 10): Executed 1423 of 3092[31m (9 FAILED)[39m (0 secs / 20.594 secs)
[1A[2KChrome Headless 150.0.0.0 (Windows 10): Executed 1424 of 3092[31m (9 FAILED)[39m (0 secs / 20.598 secs)
[1A[2KChrome Headless 150.0.0.0 (Windows 10): Executed 1425 of 3092[31m (9 FAILED)[39m (0 secs / 20.6 secs)
[1A[2KChrome Headless 150.0.0.0 (Windows 10): Executed 1426 of 3092[31m (9 FAILED)[39m (0 secs / 20.602 secs)
[1A[2KChrome Headless 150.0.0.0 (Windows 10): Executed 1427 of 3092[31m (9 FAILED)[39m (0 secs / 20.605 secs)
[1A[2KChrome Headless 150.0.0.0 (Windows 10): Executed 1428 of 3092[31m (9 FAILED)[39m (0 secs / 20.609 secs)
[1A[2KChrome Headless 150.0.0.0 (Windows 10): Executed 1429 of 3092[31m (9 FAILED)[39m (0 secs / 20.612 secs)
[1A[2KChrome Headless 150.0.0.0 (Windows 10): Executed 1430 of 3092[31m (9 FAILED)[39m (0 secs / 20.615 secs)
[1A[2KChrome Headless 150.0.0.0 (Windows 10): Executed 1431 of 3092[31m (9 FAILED)[39m (0 secs / 20.618 secs)
[1A[2KChrome Headless 150.0.0.0 (Windows 10): Executed 1432 of 3092[31m (9 FAILED)[39m (0 secs / 20.621 secs)
[1A[2KChrome Headless 150.0.0.0 (Windows 10): Executed 1433 of 3092[31m (9 FAILED)[39m (0 secs / 20.627 secs)
[1A[2KChrome Headless 150.0.0.0 (Windows 10): Executed 1434 of 3092[31m (9 FAILED)[39m (0 secs / 20.63 secs)
[1A[2KChrome Headless 150.0.0.0 (Windows 10): Executed 1435 of 3092[31m (9 FAILED)[39m (0 secs / 20.632 secs)
[1A[2KChrome Headless 150.0.0.0 (Windows 10): Executed 1436 of 3092[31m (9 FAILED)[39m (0 secs / 20.635 secs)
[1A[2KChrome Headless 150.0.0.0 (Windows 10): Executed 1437 of 3092[31m (9 FAILED)[39m (0 secs / 20.637 secs)
[1A[2KChrome Headless 150.0.0.0 (Windows 10): Executed 1438 of 3092[31m (9 FAILED)[39m (0 secs / 20.64 secs)
[1A[2KChrome Headless 150.0.0.0 (Windows 10): Executed 1439 of 3092[31m (9 FAILED)[39m (0 secs / 20.644 secs)
[1A[2KChrome Headless 150.0.0.0 (Windows 10): Executed 1440 of 3092[31m (9 FAILED)[39m (0 secs / 20.646 secs)
[1A[2KChrome Headless 150.0.0.0 (Windows 10): Executed 1441 of 3092[31m (9 FAILED)[39m (0 secs / 20.649 secs)
[1A[2KChrome Headless 150.0.0.0 (Windows 10): Executed 1442 of 3092[31m (9 FAILED)[39m (0 secs / 20.651 secs)
[1A[2KChrome Headless 150.0.0.0 (Windows 10): Executed 1443 of 3092[31m (9 FAILED)[39m (0 secs / 20.653 secs)
[1A[2KChrome Headless 150.0.0.0 (Windows 10): Executed 1444 of 3092[31m (9 FAILED)[39m (0 secs / 20.655 secs)
[1A[2KChrome Headless 150.0.0.0 (Windows 10): Executed 1445 of 3092[31m (9 FAILED)[39m (0 secs / 20.657 secs)
[1A[2KChrome Headless 150.0.0.0 (Windows 10): Executed 1446 of 3092[31m (9 FAILED)[39m (0 secs / 20.659 secs)
[1A[2KChrome Headless 150.0.0.0 (Windows 10): Executed 1447 of 3092[31m (9 FAILED)[39m (0 secs / 20.661 secs)
[1A[2KChrome Headless 150.0.0.0 (Windows 10): Executed 1448 of 3092[31m (9 FAILED)[39m (0 secs / 20.663 secs)
[1A[2KChrome Headless 150.0.0.0 (Windows 10): Executed 1449 of 3092[31m (9 FAILED)[39m (0 secs / 20.719 secs)
[1A[2KChrome Headless 150.0.0.0 (Windows 10): Executed 1450 of 3092[31m (9 FAILED)[39m (0 secs / 20.721 secs)
[1A[2KChrome Headless 150.0.0.0 (Windows 10): Executed 1451 of 3092[31m (9 FAILED)[39m (0 secs / 20.729 secs)
[1A[2KChrome Headless 150.0.0.0 (Windows 10): Executed 1452 of 3092[31m (9 FAILED)[39m (0 secs / 20.731 secs)
[1A[2KChrome Headless 150.0.0.0 (Windows 10): Executed 1453 of 3092[31m (9 FAILED)[39m (0 secs / 20.732 secs)
[1A[2KChrome Headless 150.0.0.0 (Windows 10): Executed 1454 of 3092[31m (9 FAILED)[39m (0 secs / 20.733 secs)
[1A[2KChrome Headless 150.0.0.0 (Windows 10): Executed 1455 of 3092[31m (9 FAILED)[39m (0 secs / 20.734 secs)
[1A[2KChrome Headless 150.0.0.0 (Windows 10): Executed 1456 of 3092[31m (9 FAILED)[39m (0 secs / 20.735 secs)
[1A[2KChrome Headless 150.0.0.0 (Windows 10): Executed 1457 of 3092[31m (9 FAILED)[39m (0 secs / 20.736 secs)
[1A[2KChrome Headless 150.0.0.0 (Windows 10): Executed 1458 of 3092[31m (9 FAILED)[39m (0 secs / 20.739 secs)
[1A[2KChrome Headless 150.0.0.0 (Windows 10): Executed 1459 of 3092[31m (9 FAILED)[39m (0 secs / 20.74 secs)
[1A[2KChrome Headless 150.0.0.0 (Windows 10): Executed 1460 of 3092[31m (9 FAILED)[39m (0 secs / 20.741 secs)
[1A[2KChrome Headless 150.0.0.0 (Windows 10): Executed 1461 of 3092[31m (9 FAILED)[39m (0 secs / 20.748 secs)
[1A[2KChrome Headless 150.0.0.0 (Windows 10): Executed 1462 of 3092[31m (9 FAILED)[39m (0 secs / 20.75 secs)
[1A[2KChrome Headless 150.0.0.0 (Windows 10): Executed 1463 of 3092[31m (9 FAILED)[39m (0 secs / 20.751 secs)
[1A[2KChrome Headless 150.0.0.0 (Windows 10): Executed 1464 of 3092[31m (9 FAILED)[39m (0 secs / 20.752 secs)
[1A[2KChrome Headless 150.0.0.0 (Windows 10): Executed 1465 of 3092[31m (9 FAILED)[39m (0 secs / 20.754 secs)
[1A[2KChrome Headless 150.0.0.0 (Windows 10): Executed 1466 of 3092[31m (9 FAILED)[39m (0 secs / 20.762 secs)
[1A[2KChrome Headless 150.0.0.0 (Windows 10): Executed 1467 of 3092[31m (9 FAILED)[39m (0 secs / 20.764 secs)
[1A[2KChrome Headless 150.0.0.0 (Windows 10): Executed 1468 of 3092[31m (9 FAILED)[39m (0 secs / 20.765 secs)
[1A[2KChrome Headless 150.0.0.0 (Windows 10): Executed 1469 of 3092[31m (9 FAILED)[39m (0 secs / 20.766 secs)
[1A[2KChrome Headless 150.0.0.0 (Windows 10): Executed 1470 of 3092[31m (9 FAILED)[39m (0 secs / 20.768 secs)
[1A[2KChrome Headless 150.0.0.0 (Windows 10): Executed 1471 of 3092[31m (9 FAILED)[39m (0 secs / 20.769 secs)
[1A[2KChrome Headless 150.0.0.0 (Windows 10): Executed 1472 of 3092[31m (9 FAILED)[39m (0 secs / 20.771 secs)
[1A[2KChrome Headless 150.0.0.0 (Windows 10): Executed 1473 of 3092[31m (9 FAILED)[39m (0 secs / 20.773 secs)
[1A[2KChrome Headless 150.0.0.0 (Windows 10): Executed 1474 of 3092[31m (9 FAILED)[39m (0 secs / 20.821 secs)
[1A[2KChrome Headless 150.0.0.0 (Windows 10): Executed 1475 of 3092[31m (9 FAILED)[39m (0 secs / 20.839 secs)
[1A[2KChrome Headless 150.0.0.0 (Windows 10): Executed 1476 of 3092[31m (9 FAILED)[39m (0 secs / 20.854 secs)
[1A[2KChrome Headless 150.0.0.0 (Windows 10): Executed 1477 of 3092[31m (9 FAILED)[39m (0 secs / 20.87 secs)
[1A[2KChrome Headless 150.0.0.0 (Windows 10): Executed 1478 of 3092[31m (9 FAILED)[39m (0 secs / 20.885 secs)
[1A[2KChrome Headless 150.0.0.0 (Windows 10): Executed 1479 of 3092[31m (9 FAILED)[39m (0 secs / 20.902 secs)
[1A[2KChrome Headless 150.0.0.0 (Windows 10): Executed 1480 of 3092[31m (9 FAILED)[39m (0 secs / 20.917 secs)
[1A[2KChrome Headless 150.0.0.0 (Windows 10): Executed 1481 of 3092[31m (9 FAILED)[39m (0 secs / 20.933 secs)
[1A[2KChrome Headless 150.0.0.0 (Windows 10): Executed 1482 of 3092[31m (9 FAILED)[39m (0 secs / 20.949 secs)
[1A[2KChrome Headless 150.0.0.0 (Windows 10): Executed 1483 of 3092[31m (9 FAILED)[39m (0 secs / 20.966 secs)
[1A[2KChrome Headless 150.0.0.0 (Windows 10): Executed 1484 of 3092[31m (9 FAILED)[39m (0 secs / 20.981 secs)
[1A[2KChrome Headless 150.0.0.0 (Windows 10): Executed 1485 of 3092[31m (9 FAILED)[39m (0 secs / 20.997 secs)
[1A[2KChrome Headless 150.0.0.0 (Windows 10): Executed 1486 of 3092[31m (9 FAILED)[39m (0 secs / 21.012 secs)
[1A[2KChrome Headless 150.0.0.0 (Windows 10): Executed 1487 of 3092[31m (9 FAILED)[39m (0 secs / 21.035 secs)
[1A[2KChrome Headless 150.0.0.0 (Windows 10): Executed 1488 of 3092[31m (9 FAILED)[39m (0 secs / 21.051 secs)
[1A[2KChrome Headless 150.0.0.0 (Windows 10): Executed 1489 of 3092[31m (9 FAILED)[39m (0 secs / 21.067 secs)
[1A[2KChrome Headless 150.0.0.0 (Windows 10): Executed 1490 of 3092[31m (9 FAILED)[39m (0 secs / 21.086 secs)
[1A[2KChrome Headless 150.0.0.0 (Windows 10): Executed 1491 of 3092[31m (9 FAILED)[39m (0 secs / 21.103 secs)
[1A[2KChrome Headless 150.0.0.0 (Windows 10): Executed 1492 of 3092[31m (9 FAILED)[39m (0 secs / 21.119 secs)
[1A[2KChrome Headless 150.0.0.0 (Windows 10): Executed 1493 of 3092[31m (9 FAILED)[39m (0 secs / 21.135 secs)
[1A[2KChrome Headless 150.0.0.0 (Windows 10): Executed 1494 of 3092[31m (9 FAILED)[39m (0 secs / 21.151 secs)
[1A[2KChrome Headless 150.0.0.0 (Windows 10): Executed 1495 of 3092[31m (9 FAILED)[39m (0 secs / 21.168 secs)
[1A[2KChrome Headless 150.0.0.0 (Windows 10): Executed 1496 of 3092[31m (9 FAILED)[39m (0 secs / 21.184 secs)
[1A[2KChrome Headless 150.0.0.0 (Windows 10): Executed 1497 of 3092[31m (9 FAILED)[39m (0 secs / 21.199 secs)
[1A[2KChrome Headless 150.0.0.0 (Windows 10): Executed 1498 of 3092[31m (9 FAILED)[39m (0 secs / 21.216 secs)
[1A[2KChrome Headless 150.0.0.0 (Windows 10): Executed 1499 of 3092[31m (9 FAILED)[39m (0 secs / 21.231 secs)
[1A[2KChrome Headless 150.0.0.0 (Windows 10): Executed 1500 of 3092[31m (9 FAILED)[39m (0 secs / 21.248 secs)
[1A[2KChrome Headless 150.0.0.0 (Windows 10): Executed 1501 of 3092[31m (9 FAILED)[39m (0 secs / 21.263 secs)
[1A[2KChrome Headless 150.0.0.0 (Windows 10): Executed 1502 of 3092[31m (9 FAILED)[39m (0 secs / 21.28 secs)
[1A[2KChrome Headless 150.0.0.0 (Windows 10): Executed 1503 of 3092[31m (9 FAILED)[39m (0 secs / 21.295 secs)
[1A[2KChrome Headless 150.0.0.0 (Windows 10): Executed 1504 of 3092[31m (9 FAILED)[39m (0 secs / 21.309 secs)
[1A[2KChrome Headless 150.0.0.0 (Windows 10): Executed 1505 of 3092[31m (9 FAILED)[39m (0 secs / 21.314 secs)
[1A[2KChrome Headless 150.0.0.0 (Windows 10): Executed 1506 of 3092[31m (9 FAILED)[39m (0 secs / 21.336 secs)
[1A[2KChrome Headless 150.0.0.0 (Windows 10): Executed 1507 of 3092[31m (9 FAILED)[39m (0 secs / 21.337 secs)
[1A[2KChrome Headless 150.0.0.0 (Windows 10): Executed 1508 of 3092[31m (9 FAILED)[39m (0 secs / 21.338 secs)
[1A[2KChrome Headless 150.0.0.0 (Windows 10): Executed 1509 of 3092[31m (9 FAILED)[39m (0 secs / 21.338 secs)
[1A[2KChrome Headless 150.0.0.0 (Windows 10): Executed 1510 of 3092[31m (9 FAILED)[39m (0 secs / 21.339 secs)
[1A[2KChrome Headless 150.0.0.0 (Windows 10): Executed 1511 of 3092[31m (9 FAILED)[39m (0 secs / 21.356 secs)
[1A[2KChrome Headless 150.0.0.0 (Windows 10): Executed 1512 of 3092[31m (9 FAILED)[39m (0 secs / 21.358 secs)
[1A[2KChrome Headless 150.0.0.0 (Windows 10): Executed 1513 of 3092[31m (9 FAILED)[39m (0 secs / 21.361 secs)
[1A[2KChrome Headless 150.0.0.0 (Windows 10): Executed 1514 of 3092[31m (9 FAILED)[39m (0 secs / 21.363 secs)
[1A[2KChrome Headless 150.0.0.0 (Windows 10): Executed 1515 of 3092[31m (9 FAILED)[39m (0 secs / 21.364 secs)
[1A[2KChrome Headless 150.0.0.0 (Windows 10): Executed 1516 of 3092[31m (9 FAILED)[39m (0 secs / 21.366 secs)
[1A[2KChrome Headless 150.0.0.0 (Windows 10): Executed 1517 of 3092[31m (9 FAILED)[39m (0 secs / 21.369 secs)
[1A[2KChrome Headless 150.0.0.0 (Windows 10): Executed 1518 of 3092[31m (9 FAILED)[39m (0 secs / 21.371 secs)
[1A[2KChrome Headless 150.0.0.0 (Windows 10): Executed 1519 of 3092[31m (9 FAILED)[39m (0 secs / 21.373 secs)
[1A[2KChrome Headless 150.0.0.0 (Windows 10): Executed 1520 of 3092[31m (9 FAILED)[39m (0 secs / 21.376 secs)
[1A[2KChrome Headless 150.0.0.0 (Windows 10): Executed 1521 of 3092[31m (9 FAILED)[39m (0 secs / 21.378 secs)
[1A[2KChrome Headless 150.0.0.0 (Windows 10): Executed 1522 of 3092[31m (9 FAILED)[39m (0 secs / 21.38 secs)
[1A[2KChrome Headless 150.0.0.0 (Windows 10): Executed 1523 of 3092[31m (9 FAILED)[39m (0 secs / 21.382 secs)
[1A[2KChrome Headless 150.0.0.0 (Windows 10): Executed 1524 of 3092[31m (9 FAILED)[39m (0 secs / 21.426 secs)
[1A[2KChrome Headless 150.0.0.0 (Windows 10): Executed 1525 of 3092[31m (9 FAILED)[39m (0 secs / 21.428 secs)
[1A[2KChrome Headless 150.0.0.0 (Windows 10): Executed 1526 of 3092[31m (9 FAILED)[39m (0 secs / 21.431 secs)
[1A[2KChrome Headless 150.0.0.0 (Windows 10): Executed 1527 of 3092[31m (9 FAILED)[39m (0 secs / 21.433 secs)
[1A[2KChrome Headless 150.0.0.0 (Windows 10): Executed 1528 of 3092[31m (9 FAILED)[39m (0 secs / 21.435 secs)
[1A[2KChrome Headless 150.0.0.0 (Windows 10): Executed 1529 of 3092[31m (9 FAILED)[39m (0 secs / 21.437 secs)
[1A[2KChrome Headless 150.0.0.0 (Windows 10): Executed 1530 of 3092[31m (9 FAILED)[39m (0 secs / 21.44 secs)
[1A[2KChrome Headless 150.0.0.0 (Windows 10): Executed 1531 of 3092[31m (9 FAILED)[39m (0 secs / 21.442 secs)
[1A[2KChrome Headless 150.0.0.0 (Windows 10): Executed 1532 of 3092[31m (9 FAILED)[39m (0 secs / 21.445 secs)
[1A[2KChrome Headless 150.0.0.0 (Windows 10): Executed 1533 of 3092[31m (9 FAILED)[39m (0 secs / 21.446 secs)
[1A[2KChrome Headless 150.0.0.0 (Windows 10): Executed 1534 of 3092[31m (9 FAILED)[39m (0 secs / 21.459 secs)
[1A[2KChrome Headless 150.0.0.0 (Windows 10): Executed 1535 of 3092[31m (9 FAILED)[39m (0 secs / 21.461 secs)
[1A[2KChrome Headless 150.0.0.0 (Windows 10): Executed 1536 of 3092[31m (9 FAILED)[39m (0 secs / 21.467 secs)
[1A[2KChrome Headless 150.0.0.0 (Windows 10): Executed 1537 of 3092[31m (9 FAILED)[39m (0 secs / 21.467 secs)
[1A[2KChrome Headless 150.0.0.0 (Windows 10): Executed 1538 of 3092[31m (9 FAILED)[39m (0 secs / 21.468 secs)
[1A[2KChrome Headless 150.0.0.0 (Windows 10): Executed 1539 of 3092[31m (9 FAILED)[39m (0 secs / 21.468 secs)
[1A[2KChrome Headless 150.0.0.0 (Windows 10): Executed 1540 of 3092[31m (9 FAILED)[39m (0 secs / 21.468 secs)
[1A[2KChrome Headless 150.0.0.0 (Windows 10): Executed 1541 of 3092[31m (9 FAILED)[39m (0 secs / 21.468 secs)
[1A[2KChrome Headless 150.0.0.0 (Windows 10): Executed 1542 of 3092[31m (9 FAILED)[39m (0 secs / 21.468 secs)
[1A[2KChrome Headless 150.0.0.0 (Windows 10): Executed 1543 of 3092[31m (9 FAILED)[39m (0 secs / 21.468 secs)
[1A[2KChrome Headless 150.0.0.0 (Windows 10): Executed 1544 of 3092[31m (9 FAILED)[39m (0 secs / 21.468 secs)
[1A[2KChrome Headless 150.0.0.0 (Windows 10): Executed 1545 of 3092[31m (9 FAILED)[39m (0 secs / 21.468 secs)
[1A[2KChrome Headless 150.0.0.0 (Windows 10): Executed 1546 of 3092[31m (9 FAILED)[39m (0 secs / 21.468 secs)
[1A[2KChrome Headless 150.0.0.0 (Windows 10): Executed 1547 of 3092[31m (9 FAILED)[39m (0 secs / 21.468 secs)
[1A[2KChrome Headless 150.0.0.0 (Windows 10): Executed 1548 of 3092[31m (9 FAILED)[39m (0 secs / 21.468 secs)
[1A[2KChrome Headless 150.0.0.0 (Windows 10): Executed 1549 of 3092[31m (9 FAILED)[39m (0 secs / 21.468 secs)
[1A[2KChrome Headless 150.0.0.0 (Windows 10): Executed 1550 of 3092[31m (9 FAILED)[39m (0 secs / 21.468 secs)
[1A[2KChrome Headless 150.0.0.0 (Windows 10): Executed 1551 of 3092[31m (9 FAILED)[39m (0 secs / 21.469 secs)
[1A[2KChrome Headless 150.0.0.0 (Windows 10): Executed 1552 of 3092[31m (9 FAILED)[39m (0 secs / 21.469 secs)
[1A[2KChrome Headless 150.0.0.0 (Windows 10): Executed 1553 of 3092[31m (9 FAILED)[39m (0 secs / 21.469 secs)
[1A[2KChrome Headless 150.0.0.0 (Windows 10): Executed 1554 of 3092[31m (9 FAILED)[39m (0 secs / 21.469 secs)
[1A[2KChrome Headless 150.0.0.0 (Windows 10): Executed 1555 of 3092[31m (9 FAILED)[39m (0 secs / 21.469 secs)
[1A[2KChrome Headless 150.0.0.0 (Windows 10): Executed 1556 of 3092[31m (9 FAILED)[39m (0 secs / 21.518 secs)
[1A[2KChrome Headless 150.0.0.0 (Windows 10): Executed 1557 of 3092[31m (9 FAILED)[39m (0 secs / 21.53 secs)
[1A[2KChrome Headless 150.0.0.0 (Windows 10): Executed 1558 of 3092[31m (9 FAILED)[39m (0 secs / 21.538 secs)
[1A[2KChrome Headless 150.0.0.0 (Windows 10): Executed 1559 of 3092[31m (9 FAILED)[39m (0 secs / 21.546 secs)
[1A[2KChrome Headless 150.0.0.0 (Windows 10): Executed 1560 of 3092[31m (9 FAILED)[39m (0 secs / 21.555 secs)
[1A[2KChrome Headless 150.0.0.0 (Windows 10): Executed 1561 of 3092[31m (9 FAILED)[39m (0 secs / 21.564 secs)
[1A[2KChrome Headless 150.0.0.0 (Windows 10): Executed 1562 of 3092[31m (9 FAILED)[39m (0 secs / 21.572 secs)
[1A[2KChrome Headless 150.0.0.0 (Windows 10): Executed 1563 of 3092[31m (9 FAILED)[39m (0 secs / 21.58 secs)
[1A[2KChrome Headless 150.0.0.0 (Windows 10): Executed 1564 of 3092[31m (9 FAILED)[39m (0 secs / 21.589 secs)
[1A[2KChrome Headless 150.0.0.0 (Windows 10): Executed 1565 of 3092[31m (9 FAILED)[39m (0 secs / 21.601 secs)
[1A[2KChrome Headless 150.0.0.0 (Windows 10): Executed 1566 of 3092[31m (9 FAILED)[39m (0 secs / 21.609 secs)
[1A[2KChrome Headless 150.0.0.0 (Windows 10): Executed 1567 of 3092[31m (9 FAILED)[39m (0 secs / 21.617 secs)
[1A[2KChrome Headless 150.0.0.0 (Windows 10): Executed 1568 of 3092[31m (9 FAILED)[39m (0 secs / 21.625 secs)
[1A[2KChrome Headless 150.0.0.0 (Windows 10): Executed 1569 of 3092[31m (9 FAILED)[39m (0 secs / 21.716 secs)
[1A[2KChrome Headless 150.0.0.0 (Windows 10): Executed 1570 of 3092[31m (9 FAILED)[39m (0 secs / 21.762 secs)
[1A[2KChrome Headless 150.0.0.0 (Windows 10): Executed 1571 of 3092[31m (9 FAILED)[39m (0 secs / 21.808 secs)
[1A[2KChrome Headless 150.0.0.0 (Windows 10): Executed 1572 of 3092[31m (9 FAILED)[39m (0 secs / 21.852 secs)
[1A[2KChrome Headless 150.0.0.0 (Windows 10): Executed 1573 of 3092[31m (9 FAILED)[39m (0 secs / 21.896 secs)
[1A[2KChrome Headless 150.0.0.0 (Windows 10): Executed 1574 of 3092[31m (9 FAILED)[39m (0 secs / 21.973 secs)
[1A[2KChrome Headless 150.0.0.0 (Windows 10): Executed 1575 of 3092[31m (9 FAILED)[39m (0 secs / 21.985 secs)
[1A[2KChrome Headless 150.0.0.0 (Windows 10): Executed 1576 of 3092[31m (9 FAILED)[39m (0 secs / 21.996 secs)
[1A[2KChrome Headless 150.0.0.0 (Windows 10): Executed 1577 of 3092[31m (9 FAILED)[39m (0 secs / 22.007 secs)
[1A[2KChrome Headless 150.0.0.0 (Windows 10): Executed 1578 of 3092[31m (9 FAILED)[39m (0 secs / 22.018 secs)
[1A[2KChrome Headless 150.0.0.0 (Windows 10): Executed 1579 of 3092[31m (9 FAILED)[39m (0 secs / 22.03 secs)
[1A[2KChrome Headless 150.0.0.0 (Windows 10): Executed 1580 of 3092[31m (9 FAILED)[39m (0 secs / 22.041 secs)
[1A[2KChrome Headless 150.0.0.0 (Windows 10): Executed 1581 of 3092[31m (9 FAILED)[39m (0 secs / 22.053 secs)
[1A[2KChrome Headless 150.0.0.0 (Windows 10): Executed 1582 of 3092[31m (9 FAILED)[39m (0 secs / 22.064 secs)
[1A[2KChrome Headless 150.0.0.0 (Windows 10): Executed 1583 of 3092[31m (9 FAILED)[39m (0 secs / 22.075 secs)
[1A[2KChrome Headless 150.0.0.0 (Windows 10): Executed 1584 of 3092[31m (9 FAILED)[39m (0 secs / 22.087 secs)
[1A[2KChrome Headless 150.0.0.0 (Windows 10): Executed 1585 of 3092[31m (9 FAILED)[39m (0 secs / 22.102 secs)
[1A[2KChrome Headless 150.0.0.0 (Windows 10): Executed 1586 of 3092[31m (9 FAILED)[39m (0 secs / 22.121 secs)
[1A[2KChrome Headless 150.0.0.0 (Windows 10): Executed 1587 of 3092[31m (9 FAILED)[39m (0 secs / 22.164 secs)
[1A[2KChrome Headless 150.0.0.0 (Windows 10): Executed 1588 of 3092[31m (9 FAILED)[39m (0 secs / 22.169 secs)
[1A[2KChrome Headless 150.0.0.0 (Windows 10): Executed 1589 of 3092[31m (9 FAILED)[39m (0 secs / 22.174 secs)
[1A[2KChrome Headless 150.0.0.0 (Windows 10): Executed 1590 of 3092[31m (9 FAILED)[39m (0 secs / 22.179 secs)
[1A[2KChrome Headless 150.0.0.0 (Windows 10): Executed 1591 of 3092[31m (9 FAILED)[39m (0 secs / 22.186 secs)
[1A[2KChrome Headless 150.0.0.0 (Windows 10): Executed 1592 of 3092[31m (9 FAILED)[39m (0 secs / 22.191 secs)
[1A[2KChrome Headless 150.0.0.0 (Windows 10): Executed 1593 of 3092[31m (9 FAILED)[39m (0 secs / 22.195 secs)
[1A[2KChrome Headless 150.0.0.0 (Windows 10): Executed 1594 of 3092[31m (9 FAILED)[39m (0 secs / 22.2 secs)
[1A[2KChrome Headless 150.0.0.0 (Windows 10): Executed 1595 of 3092[31m (9 FAILED)[39m (0 secs / 22.214 secs)
[1A[2KChrome Headless 150.0.0.0 (Windows 10): Executed 1596 of 3092[31m (9 FAILED)[39m (0 secs / 22.216 secs)
[1A[2KChrome Headless 150.0.0.0 (Windows 10): Executed 1597 of 3092[31m (9 FAILED)[39m (0 secs / 22.218 secs)
[1A[2KChrome Headless 150.0.0.0 (Windows 10): Executed 1598 of 3092[31m (9 FAILED)[39m (0 secs / 22.219 secs)
[1A[2KChrome Headless 150.0.0.0 (Windows 10): Executed 1599 of 3092[31m (9 FAILED)[39m (0 secs / 22.22 secs)
[1A[2KChrome Headless 150.0.0.0 (Windows 10): Executed 1600 of 3092[31m (9 FAILED)[39m (0 secs / 22.222 secs)
[1A[2KChrome Headless 150.0.0.0 (Windows 10): Executed 1601 of 3092[31m (9 FAILED)[39m (0 secs / 22.236 secs)
[1A[2KChrome Headless 150.0.0.0 (Windows 10): Executed 1602 of 3092[31m (9 FAILED)[39m (0 secs / 22.242 secs)
[1A[2KChrome Headless 150.0.0.0 (Windows 10): Executed 1603 of 3092[31m (9 FAILED)[39m (0 secs / 22.247 secs)
[1A[2KChrome Headless 150.0.0.0 (Windows 10): Executed 1604 of 3092[31m (9 FAILED)[39m (0 secs / 22.253 secs)
[1A[2KChrome Headless 150.0.0.0 (Windows 10): Executed 1605 of 3092[31m (9 FAILED)[39m (0 secs / 22.261 secs)
[1A[2KChrome Headless 150.0.0.0 (Windows 10): Executed 1606 of 3092[31m (9 FAILED)[39m (0 secs / 22.262 secs)
[1A[2KChrome Headless 150.0.0.0 (Windows 10): Executed 1607 of 3092[31m (9 FAILED)[39m (0 secs / 22.264 secs)
[1A[2KChrome Headless 150.0.0.0 (Windows 10): Executed 1608 of 3092[31m (9 FAILED)[39m (0 secs / 22.265 secs)
[1A[2KChrome Headless 150.0.0.0 (Windows 10): Executed 1609 of 3092[31m (9 FAILED)[39m (0 secs / 22.267 secs)
[1A[2KChrome Headless 150.0.0.0 (Windows 10): Executed 1610 of 3092[31m (9 FAILED)[39m (0 secs / 22.269 secs)
[1A[2KChrome Headless 150.0.0.0 (Windows 10): Executed 1611 of 3092[31m (9 FAILED)[39m (0 secs / 22.271 secs)
[1A[2KChrome Headless 150.0.0.0 (Windows 10): Executed 1612 of 3092[31m (9 FAILED)[39m (0 secs / 22.273 secs)
[1A[2KChrome Headless 150.0.0.0 (Windows 10): Executed 1613 of 3092[31m (9 FAILED)[39m (0 secs / 22.275 secs)
[1A[2KChrome Headless 150.0.0.0 (Windows 10): Executed 1614 of 3092[31m (9 FAILED)[39m (0 secs / 22.276 secs)
[1A[2KChrome Headless 150.0.0.0 (Windows 10): Executed 1615 of 3092[31m (9 FAILED)[39m (0 secs / 22.278 secs)
[1A[2KChrome Headless 150.0.0.0 (Windows 10): Executed 1616 of 3092[31m (9 FAILED)[39m (0 secs / 22.279 secs)
[1A[2KChrome Headless 150.0.0.0 (Windows 10): Executed 1617 of 3092[31m (9 FAILED)[39m (0 secs / 22.281 secs)
[1A[2KChrome Headless 150.0.0.0 (Windows 10): Executed 1618 of 3092[31m (9 FAILED)[39m (0 secs / 22.282 secs)
[1A[2KChrome Headless 150.0.0.0 (Windows 10): Executed 1619 of 3092[31m (9 FAILED)[39m (0 secs / 22.283 secs)
[1A[2KChrome Headless 150.0.0.0 (Windows 10): Executed 1620 of 3092[31m (9 FAILED)[39m (0 secs / 22.284 secs)
[1A[2KChrome Headless 150.0.0.0 (Windows 10): Executed 1621 of 3092[31m (9 FAILED)[39m (0 secs / 22.285 secs)
[1A[2KChrome Headless 150.0.0.0 (Windows 10): Executed 1622 of 3092[31m (9 FAILED)[39m (0 secs / 22.286 secs)
[1A[2KChrome Headless 150.0.0.0 (Windows 10): Executed 1623 of 3092[31m (9 FAILED)[39m (0 secs / 22.288 secs)
[1A[2KChrome Headless 150.0.0.0 (Windows 10): Executed 1624 of 3092[31m (9 FAILED)[39m (0 secs / 22.289 secs)
[1A[2KChrome Headless 150.0.0.0 (Windows 10): Executed 1625 of 3092[31m (9 FAILED)[39m (0 secs / 22.291 secs)
[1A[2KChrome Headless 150.0.0.0 (Windows 10): Executed 1626 of 3092[31m (9 FAILED)[39m (0 secs / 22.292 secs)
[1A[2KChrome Headless 150.0.0.0 (Windows 10): Executed 1627 of 3092[31m (9 FAILED)[39m (0 secs / 22.294 secs)
[1A[2KChrome Headless 150.0.0.0 (Windows 10): Executed 1628 of 3092[31m (9 FAILED)[39m (0 secs / 22.295 secs)
[1A[2KChrome Headless 150.0.0.0 (Windows 10): Executed 1629 of 3092[31m (9 FAILED)[39m (0 secs / 22.297 secs)
[1A[2KChrome Headless 150.0.0.0 (Windows 10): Executed 1630 of 3092[31m (9 FAILED)[39m (0 secs / 22.298 secs)
[1A[2KChrome Headless 150.0.0.0 (Windows 10): Executed 1631 of 3092[31m (9 FAILED)[39m (0 secs / 22.3 secs)
[1A[2KChrome Headless 150.0.0.0 (Windows 10): Executed 1632 of 3092[31m (9 FAILED)[39m (0 secs / 22.301 secs)
[1A[2KChrome Headless 150.0.0.0 (Windows 10): Executed 1633 of 3092[31m (9 FAILED)[39m (0 secs / 22.303 secs)
[1A[2KChrome Headless 150.0.0.0 (Windows 10): Executed 1634 of 3092[31m (9 FAILED)[39m (0 secs / 22.304 secs)
[1A[2KChrome Headless 150.0.0.0 (Windows 10): Executed 1635 of 3092[31m (9 FAILED)[39m (0 secs / 22.307 secs)
[1A[2KChrome Headless 150.0.0.0 (Windows 10): Executed 1636 of 3092[31m (9 FAILED)[39m (0 secs / 22.308 secs)
[1A[2KChrome Headless 150.0.0.0 (Windows 10): Executed 1637 of 3092[31m (9 FAILED)[39m (0 secs / 22.31 secs)
[1A[2KChrome Headless 150.0.0.0 (Windows 10): Executed 1638 of 3092[31m (9 FAILED)[39m (0 secs / 22.339 secs)
[1A[2KChrome Headless 150.0.0.0 (Windows 10): Executed 1639 of 3092[31m (9 FAILED)[39m (0 secs / 22.39 secs)
[1A[2KChrome Headless 150.0.0.0 (Windows 10): Executed 1640 of 3092[31m (9 FAILED)[39m (0 secs / 22.422 secs)
[1A[2KChrome Headless 150.0.0.0 (Windows 10): Executed 1641 of 3092[31m (9 FAILED)[39m (0 secs / 22.454 secs)
[1A[2KChrome Headless 150.0.0.0 (Windows 10): Executed 1642 of 3092[31m (9 FAILED)[39m (0 secs / 22.486 secs)
[1A[2KChrome Headless 150.0.0.0 (Windows 10): Executed 1643 of 3092[31m (9 FAILED)[39m (0 secs / 22.519 secs)
[1A[2KChrome Headless 150.0.0.0 (Windows 10): Executed 1644 of 3092[31m (9 FAILED)[39m (0 secs / 22.551 secs)
[1A[2KChrome Headless 150.0.0.0 (Windows 10): Executed 1645 of 3092[31m (9 FAILED)[39m (0 secs / 22.567 secs)
[1A[2KChrome Headless 150.0.0.0 (Windows 10): Executed 1646 of 3092[31m (9 FAILED)[39m (0 secs / 22.583 secs)
[1A[2KChrome Headless 150.0.0.0 (Windows 10): Executed 1647 of 3092[31m (9 FAILED)[39m (0 secs / 22.598 secs)
[1A[2KChrome Headless 150.0.0.0 (Windows 10): Executed 1648 of 3092[31m (9 FAILED)[39m (0 secs / 22.612 secs)
[1A[2KChrome Headless 150.0.0.0 (Windows 10): Executed 1649 of 3092[31m (9 FAILED)[39m (0 secs / 22.704 secs)
[1A[2KChrome Headless 150.0.0.0 (Windows 10): Executed 1650 of 3092[31m (9 FAILED)[39m (0 secs / 22.723 secs)
[1A[2KChrome Headless 150.0.0.0 (Windows 10): Executed 1651 of 3092[31m (9 FAILED)[39m (0 secs / 22.764 secs)
[1A[2KChrome Headless 150.0.0.0 (Windows 10): Executed 1652 of 3092[31m (9 FAILED)[39m (0 secs / 22.768 secs)
[1A[2KChrome Headless 150.0.0.0 (Windows 10): Executed 1653 of 3092[31m (9 FAILED)[39m (0 secs / 22.772 secs)
[1A[2KChrome Headless 150.0.0.0 (Windows 10): Executed 1654 of 3092[31m (9 FAILED)[39m (0 secs / 22.776 secs)
[1A[2KChrome Headless 150.0.0.0 (Windows 10): Executed 1655 of 3092[31m (9 FAILED)[39m (0 secs / 22.781 secs)
[1A[2KChrome Headless 150.0.0.0 (Windows 10): Executed 1656 of 3092[31m (9 FAILED)[39m (0 secs / 22.786 secs)
[1A[2KChrome Headless 150.0.0.0 (Windows 10): Executed 1657 of 3092[31m (9 FAILED)[39m (0 secs / 22.791 secs)
[1A[2KChrome Headless 150.0.0.0 (Windows 10): Executed 1658 of 3092[31m (9 FAILED)[39m (0 secs / 22.797 secs)
[1A[2KChrome Headless 150.0.0.0 (Windows 10): Executed 1659 of 3092[31m (9 FAILED)[39m (0 secs / 22.801 secs)
[1A[2KChrome Headless 150.0.0.0 (Windows 10): Executed 1660 of 3092[31m (9 FAILED)[39m (0 secs / 22.803 secs)
[1A[2KChrome Headless 150.0.0.0 (Windows 10): Executed 1661 of 3092[31m (9 FAILED)[39m (0 secs / 22.804 secs)
[1A[2KChrome Headless 150.0.0.0 (Windows 10): Executed 1662 of 3092[31m (9 FAILED)[39m (0 secs / 22.805 secs)
[1A[2KChrome Headless 150.0.0.0 (Windows 10): Executed 1663 of 3092[31m (9 FAILED)[39m (0 secs / 22.806 secs)
[1A[2KChrome Headless 150.0.0.0 (Windows 10): Executed 1664 of 3092[31m (9 FAILED)[39m (0 secs / 22.807 secs)
[1A[2KChrome Headless 150.0.0.0 (Windows 10): Executed 1665 of 3092[31m (9 FAILED)[39m (0 secs / 22.808 secs)
[1A[2KChrome Headless 150.0.0.0 (Windows 10): Executed 1666 of 3092[31m (9 FAILED)[39m (0 secs / 22.809 secs)
[1A[2KChrome Headless 150.0.0.0 (Windows 10): Executed 1667 of 3092[31m (9 FAILED)[39m (0 secs / 22.81 secs)
[1A[2KChrome Headless 150.0.0.0 (Windows 10): Executed 1668 of 3092[31m (9 FAILED)[39m (0 secs / 22.811 secs)
[1A[2KChrome Headless 150.0.0.0 (Windows 10): Executed 1669 of 3092[31m (9 FAILED)[39m (0 secs / 22.812 secs)
[1A[2KChrome Headless 150.0.0.0 (Windows 10): Executed 1670 of 3092[31m (9 FAILED)[39m (0 secs / 22.814 secs)
[1A[2KChrome Headless 150.0.0.0 (Windows 10): Executed 1671 of 3092[31m (9 FAILED)[39m (0 secs / 22.821 secs)
[1A[2KChrome Headless 150.0.0.0 (Windows 10): Executed 1672 of 3092[31m (9 FAILED)[39m (0 secs / 22.822 secs)
[1A[2KChrome Headless 150.0.0.0 (Windows 10): Executed 1673 of 3092[31m (9 FAILED)[39m (0 secs / 22.823 secs)
[1A[2KChrome Headless 150.0.0.0 (Windows 10): Executed 1674 of 3092[31m (9 FAILED)[39m (0 secs / 22.825 secs)
[1A[2KChrome Headless 150.0.0.0 (Windows 10): Executed 1675 of 3092[31m (9 FAILED)[39m (0 secs / 22.826 secs)
[1A[2KChrome Headless 150.0.0.0 (Windows 10): Executed 1676 of 3092[31m (9 FAILED)[39m (0 secs / 22.828 secs)
[1A[2KChrome Headless 150.0.0.0 (Windows 10): Executed 1677 of 3092[31m (9 FAILED)[39m (0 secs / 22.829 secs)
[1A[2KChrome Headless 150.0.0.0 (Windows 10): Executed 1678 of 3092[31m (9 FAILED)[39m (0 secs / 22.83 secs)
[1A[2KChrome Headless 150.0.0.0 (Windows 10): Executed 1679 of 3092[31m (9 FAILED)[39m (0 secs / 22.831 secs)
[1A[2KChrome Headless 150.0.0.0 (Windows 10): Executed 1680 of 3092[31m (9 FAILED)[39m (0 secs / 22.832 secs)
[1A[2KChrome Headless 150.0.0.0 (Windows 10): Executed 1681 of 3092[31m (9 FAILED)[39m (0 secs / 22.833 secs)
[1A[2KChrome Headless 150.0.0.0 (Windows 10): Executed 1682 of 3092[31m (9 FAILED)[39m (0 secs / 22.835 secs)
[1A[2KChrome Headless 150.0.0.0 (Windows 10): Executed 1683 of 3092[31m (9 FAILED)[39m (0 secs / 22.836 secs)
[1A[2KChrome Headless 150.0.0.0 (Windows 10): Executed 1684 of 3092[31m (9 FAILED)[39m (0 secs / 22.838 secs)
[1A[2KChrome Headless 150.0.0.0 (Windows 10): Executed 1685 of 3092[31m (9 FAILED)[39m (0 secs / 22.84 secs)
[1A[2KChrome Headless 150.0.0.0 (Windows 10): Executed 1686 of 3092[31m (9 FAILED)[39m (0 secs / 22.841 secs)
[1A[2KChrome Headless 150.0.0.0 (Windows 10): Executed 1687 of 3092[31m (9 FAILED)[39m (0 secs / 22.843 secs)
[1A[2KChrome Headless 150.0.0.0 (Windows 10): Executed 1688 of 3092[31m (9 FAILED)[39m (0 secs / 22.858 secs)
[1A[2KChrome Headless 150.0.0.0 (Windows 10): Executed 1689 of 3092[31m (9 FAILED)[39m (0 secs / 22.86 secs)
[1A[2KChrome Headless 150.0.0.0 (Windows 10): Executed 1690 of 3092[31m (9 FAILED)[39m (0 secs / 22.861 secs)
[1A[2KChrome Headless 150.0.0.0 (Windows 10): Executed 1691 of 3092[31m (9 FAILED)[39m (0 secs / 22.862 secs)
[1A[2KChrome Headless 150.0.0.0 (Windows 10): Executed 1692 of 3092[31m (9 FAILED)[39m (0 secs / 22.864 secs)
[1A[2KChrome Headless 150.0.0.0 (Windows 10): Executed 1693 of 3092[31m (9 FAILED)[39m (0 secs / 22.886 secs)
[1A[2KChrome Headless 150.0.0.0 (Windows 10): Executed 1694 of 3092[31m (9 FAILED)[39m (0 secs / 22.889 secs)
[1A[2KChrome Headless 150.0.0.0 (Windows 10): Executed 1695 of 3092[31m (9 FAILED)[39m (0 secs / 22.891 secs)
[1A[2KChrome Headless 150.0.0.0 (Windows 10): Executed 1696 of 3092[31m (9 FAILED)[39m (0 secs / 22.893 secs)
[1A[2KChrome Headless 150.0.0.0 (Windows 10): Executed 1697 of 3092[31m (9 FAILED)[39m (0 secs / 22.895 secs)
[1A[2KChrome Headless 150.0.0.0 (Windows 10): Executed 1698 of 3092[31m (9 FAILED)[39m (0 secs / 22.897 secs)
[1A[2KChrome Headless 150.0.0.0 (Windows 10): Executed 1699 of 3092[31m (9 FAILED)[39m (0 secs / 22.9 secs)
[1A[2KChrome Headless 150.0.0.0 (Windows 10): Executed 1700 of 3092[31m (9 FAILED)[39m (0 secs / 22.902 secs)
[1A[2KChrome Headless 150.0.0.0 (Windows 10): Executed 1701 of 3092[31m (9 FAILED)[39m (0 secs / 22.904 secs)
[1A[2KChrome Headless 150.0.0.0 (Windows 10): Executed 1702 of 3092[31m (9 FAILED)[39m (0 secs / 22.907 secs)
[1A[2KChrome Headless 150.0.0.0 (Windows 10): Executed 1703 of 3092[31m (9 FAILED)[39m (0 secs / 22.91 secs)
[1A[2KChrome Headless 150.0.0.0 (Windows 10): Executed 1704 of 3092[31m (9 FAILED)[39m (0 secs / 22.912 secs)
[1A[2KChrome Headless 150.0.0.0 (Windows 10): Executed 1705 of 3092[31m (9 FAILED)[39m (0 secs / 22.933 secs)
[1A[2KChrome Headless 150.0.0.0 (Windows 10): Executed 1706 of 3092[31m (9 FAILED)[39m (0 secs / 22.935 secs)
[1A[2KChrome Headless 150.0.0.0 (Windows 10): Executed 1707 of 3092[31m (9 FAILED)[39m (0 secs / 22.937 secs)
[1A[2KChrome Headless 150.0.0.0 (Windows 10): Executed 1708 of 3092[31m (9 FAILED)[39m (0 secs / 22.938 secs)
[1A[2KChrome Headless 150.0.0.0 (Windows 10): Executed 1709 of 3092[31m (9 FAILED)[39m (0 secs / 22.939 secs)
[1A[2KChrome Headless 150.0.0.0 (Windows 10): Executed 1710 of 3092[31m (9 FAILED)[39m (0 secs / 22.941 secs)
[1A[2KChrome Headless 150.0.0.0 (Windows 10): Executed 1711 of 3092[31m (9 FAILED)[39m (0 secs / 22.943 secs)
[1A[2KChrome Headless 150.0.0.0 (Windows 10): Executed 1712 of 3092[31m (9 FAILED)[39m (0 secs / 22.945 secs)
[1A[2KChrome Headless 150.0.0.0 (Windows 10): Executed 1713 of 3092[31m (9 FAILED)[39m (0 secs / 22.947 secs)
[1A[2KChrome Headless 150.0.0.0 (Windows 10): Executed 1714 of 3092[31m (9 FAILED)[39m (0 secs / 22.948 secs)
[1A[2KChrome Headless 150.0.0.0 (Windows 10): Executed 1715 of 3092[31m (9 FAILED)[39m (0 secs / 22.951 secs)
[1A[2KChrome Headless 150.0.0.0 (Windows 10): Executed 1716 of 3092[31m (9 FAILED)[39m (0 secs / 23.046 secs)
[1A[2KChrome Headless 150.0.0.0 (Windows 10): Executed 1717 of 3092[31m (9 FAILED)[39m (0 secs / 23.05 secs)
[1A[2KChrome Headless 150.0.0.0 (Windows 10): Executed 1718 of 3092[31m (9 FAILED)[39m (0 secs / 23.054 secs)
[1A[2KChrome Headless 150.0.0.0 (Windows 10): Executed 1719 of 3092[31m (9 FAILED)[39m (0 secs / 23.058 secs)
[1A[2KChrome Headless 150.0.0.0 (Windows 10): Executed 1720 of 3092[31m (9 FAILED)[39m (0 secs / 23.061 secs)
[1A[2KChrome Headless 150.0.0.0 (Windows 10): Executed 1721 of 3092[31m (9 FAILED)[39m (0 secs / 23.107 secs)
[1A[2KChrome Headless 150.0.0.0 (Windows 10): Executed 1722 of 3092[31m (9 FAILED)[39m (0 secs / 23.11 secs)
[1A[2KChrome Headless 150.0.0.0 (Windows 10): Executed 1723 of 3092[31m (9 FAILED)[39m (0 secs / 23.113 secs)
[1A[2KChrome Headless 150.0.0.0 (Windows 10): Executed 1724 of 3092[31m (9 FAILED)[39m (0 secs / 23.116 secs)
[1A[2KChrome Headless 150.0.0.0 (Windows 10): Executed 1725 of 3092[31m (9 FAILED)[39m (0 secs / 23.119 secs)
[1A[2KChrome Headless 150.0.0.0 (Windows 10): Executed 1726 of 3092[31m (9 FAILED)[39m (0 secs / 23.122 secs)
[1A[2KChrome Headless 150.0.0.0 (Windows 10): Executed 1727 of 3092[31m (9 FAILED)[39m (0 secs / 23.158 secs)
[1A[2KChrome Headless 150.0.0.0 (Windows 10): Executed 1728 of 3092[31m (9 FAILED)[39m (0 secs / 23.162 secs)
[1A[2KChrome Headless 150.0.0.0 (Windows 10): Executed 1729 of 3092[31m (9 FAILED)[39m (0 secs / 23.165 secs)
[1A[2KChrome Headless 150.0.0.0 (Windows 10): Executed 1730 of 3092[31m (9 FAILED)[39m (0 secs / 23.168 secs)
[1A[2KChrome Headless 150.0.0.0 (Windows 10): Executed 1731 of 3092[31m (9 FAILED)[39m (0 secs / 23.171 secs)
[1A[2KChrome Headless 150.0.0.0 (Windows 10): Executed 1732 of 3092[31m (9 FAILED)[39m (0 secs / 23.174 secs)
[1A[2KERROR: [36m'Error activando periodo de prueba:', Error: Backend error
Error: Backend error
    at http://localhost:9876/base/src/app/shared/components/pricing-plans/pricing-plans.component.spec.ts:381:63
    at Generator.next (<anonymous>)
    at http://localhost:9876/base/chunk-HBW54YOI.js:67:61
    at new ZoneAwarePromise (http://localhost:9876/base/node_modules/zone.js/fesm2015/zone.js:2701:25)
    at __async (http://localhost:9876/base/chunk-HBW54YOI.js:51:10)
    at UserContext.<anonymous> (http://localhost:9876/base/src/app/shared/components/pricing-plans/pricing-plans.component.spec.ts:380:104)
    at _ZoneDelegate.invoke (http://localhost:9876/base/node_modules/zone.js/fesm2015/zone.js:398:28)
    at _ProxyZoneSpec.onInvoke (http://localhost:9876/base/node_modules/zone.js/fesm2015/zone-testing.js:2132:39)
    at _ZoneDelegate.invoke (http://localhost:9876/base/node_modules/zone.js/fesm2015/zone.js:397:34)
    at ZoneImpl.run (http://localhost:9876/base/node_modules/zone.js/fesm2015/zone.js:113:43)[39m
Chrome Headless 150.0.0.0 (Windows 10): Executed 1732 of 3092[31m (9 FAILED)[39m (0 secs / 23.174 secs)
ERROR: 'Error activando periodo de prueba:', Error: Backend error
Error: Backend error
    at http://localhost:9876/base/src/app/shared/components/pricing-plans/pricing-plans.component.spec.ts:381:63
    at Generator.next (<anonymous>)
    at http://localhost:9876/base/chunk-HBW54YOI.js:67:61
    at new ZoneAwarePromise (http://localhost:9876/base/node_modules/zone.js/fesm2015/zone.js:2701:25)
    at __async (http://localhost:9876/base/chunk-HBW54YOI.js:51:10)
    at UserContext.<anonymous> (http://localhost:9876/base/src/app/shared/components/pricing-plans/pricing-plans.component.spec.ts:380:104)
    at _ZoneDelegate.invoke (http://localhost:9876/base/node_modules/zone.js/fesm2015/zone.js:398:28)
    at _ProxyZoneSpec.onInvoke (http://localhost:9876/base/node_modules/zone.js/fesm2015/zone-testing.js:2132:39)
    at _ZoneDelegate.invoke (http://localhost:9876/base/node_modules/zone.js/fesm2015/zone.js:397:34)
    at ZoneImpl.run (http://localhost:9876/base/node_modules/zone.js/fesm2015/zone.js:113:43)
[1A[2KChrome Headless 150.0.0.0 (Windows 10): Executed 1733 of 3092[31m (9 FAILED)[39m (0 secs / 23.177 secs)
[1A[2KChrome Headless 150.0.0.0 (Windows 10): Executed 1734 of 3092[31m (9 FAILED)[39m (0 secs / 23.18 secs)
[1A[2KChrome Headless 150.0.0.0 (Windows 10): Executed 1735 of 3092[31m (9 FAILED)[39m (0 secs / 23.183 secs)
[1A[2KChrome Headless 150.0.0.0 (Windows 10): Executed 1736 of 3092[31m (9 FAILED)[39m (0 secs / 23.187 secs)
[1A[2KChrome Headless 150.0.0.0 (Windows 10): Executed 1737 of 3092[31m (9 FAILED)[39m (0 secs / 23.191 secs)
[1A[2KChrome Headless 150.0.0.0 (Windows 10): Executed 1738 of 3092[31m (9 FAILED)[39m (0 secs / 23.195 secs)
[1A[2KChrome Headless 150.0.0.0 (Windows 10): Executed 1739 of 3092[31m (9 FAILED)[39m (0 secs / 23.198 secs)
[1A[2KChrome Headless 150.0.0.0 (Windows 10): Executed 1740 of 3092[31m (9 FAILED)[39m (0 secs / 23.201 secs)
[1A[2KChrome Headless 150.0.0.0 (Windows 10): Executed 1741 of 3092[31m (9 FAILED)[39m (0 secs / 23.204 secs)
[1A[2KChrome Headless 150.0.0.0 (Windows 10): Executed 1742 of 3092[31m (9 FAILED)[39m (0 secs / 23.207 secs)
[1A[2KChrome Headless 150.0.0.0 (Windows 10): Executed 1743 of 3092[31m (9 FAILED)[39m (0 secs / 23.21 secs)
[1A[2KChrome Headless 150.0.0.0 (Windows 10): Executed 1744 of 3092[31m (9 FAILED)[39m (0 secs / 23.215 secs)
[1A[2KChrome Headless 150.0.0.0 (Windows 10): Executed 1745 of 3092[31m (9 FAILED)[39m (0 secs / 23.219 secs)
[1A[2KChrome Headless 150.0.0.0 (Windows 10): Executed 1746 of 3092[31m (9 FAILED)[39m (0 secs / 23.224 secs)
[1A[2KChrome Headless 150.0.0.0 (Windows 10): Executed 1747 of 3092[31m (9 FAILED)[39m (0 secs / 23.229 secs)
[1A[2KChrome Headless 150.0.0.0 (Windows 10): Executed 1748 of 3092[31m (9 FAILED)[39m (0 secs / 23.232 secs)
[1A[2KChrome Headless 150.0.0.0 (Windows 10): Executed 1749 of 3092[31m (9 FAILED)[39m (0 secs / 23.235 secs)
[1A[2KChrome Headless 150.0.0.0 (Windows 10): Executed 1750 of 3092[31m (9 FAILED)[39m (0 secs / 23.238 secs)
[1A[2KChrome Headless 150.0.0.0 (Windows 10): Executed 1751 of 3092[31m (9 FAILED)[39m (0 secs / 23.242 secs)
[1A[2KChrome Headless 150.0.0.0 (Windows 10): Executed 1752 of 3092[31m (9 FAILED)[39m (0 secs / 23.245 secs)
[1A[2KChrome Headless 150.0.0.0 (Windows 10): Executed 1753 of 3092[31m (9 FAILED)[39m (0 secs / 23.248 secs)
[1A[2KChrome Headless 150.0.0.0 (Windows 10): Executed 1754 of 3092[31m (9 FAILED)[39m (0 secs / 23.252 secs)
[1A[2KChrome Headless 150.0.0.0 (Windows 10): Executed 1755 of 3092[31m (9 FAILED)[39m (0 secs / 23.261 secs)
[1A[2KChrome Headless 150.0.0.0 (Windows 10): Executed 1756 of 3092[31m (9 FAILED)[39m (0 secs / 23.264 secs)
[1A[2KChrome Headless 150.0.0.0 (Windows 10): Executed 1757 of 3092[31m (9 FAILED)[39m (0 secs / 23.268 secs)
[1A[2KChrome Headless 150.0.0.0 (Windows 10): Executed 1758 of 3092[31m (9 FAILED)[39m (0 secs / 23.271 secs)
[1A[2KChrome Headless 150.0.0.0 (Windows 10): Executed 1759 of 3092[31m (9 FAILED)[39m (0 secs / 23.274 secs)
[1A[2KChrome Headless 150.0.0.0 (Windows 10): Executed 1760 of 3092[31m (9 FAILED)[39m (0 secs / 23.278 secs)
[1A[2KChrome Headless 150.0.0.0 (Windows 10): Executed 1761 of 3092[31m (9 FAILED)[39m (0 secs / 23.281 secs)
[1A[2KChrome Headless 150.0.0.0 (Windows 10): Executed 1762 of 3092[31m (9 FAILED)[39m (0 secs / 23.285 secs)
[1A[2KChrome Headless 150.0.0.0 (Windows 10): Executed 1763 of 3092[31m (9 FAILED)[39m (0 secs / 23.289 secs)
[1A[2KChrome Headless 150.0.0.0 (Windows 10): Executed 1764 of 3092[31m (9 FAILED)[39m (0 secs / 23.299 secs)
[1A[2KChrome Headless 150.0.0.0 (Windows 10): Executed 1765 of 3092[31m (9 FAILED)[39m (0 secs / 23.3 secs)
[1A[2KChrome Headless 150.0.0.0 (Windows 10): Executed 1766 of 3092[31m (9 FAILED)[39m (0 secs / 23.302 secs)
[1A[2KChrome Headless 150.0.0.0 (Windows 10): Executed 1767 of 3092[31m (9 FAILED)[39m (0 secs / 23.303 secs)
[1A[2KChrome Headless 150.0.0.0 (Windows 10): Executed 1768 of 3092[31m (9 FAILED)[39m (0 secs / 23.305 secs)
[1A[2KChrome Headless 150.0.0.0 (Windows 10): Executed 1769 of 3092[31m (9 FAILED)[39m (0 secs / 23.306 secs)
[1A[2KChrome Headless 150.0.0.0 (Windows 10): Executed 1770 of 3092[31m (9 FAILED)[39m (0 secs / 23.321 secs)
[1A[2KChrome Headless 150.0.0.0 (Windows 10): Executed 1771 of 3092[31m (9 FAILED)[39m (0 secs / 23.324 secs)
[1A[2KChrome Headless 150.0.0.0 (Windows 10): Executed 1772 of 3092[31m (9 FAILED)[39m (0 secs / 23.327 secs)
[1A[2KChrome Headless 150.0.0.0 (Windows 10): Executed 1773 of 3092[31m (9 FAILED)[39m (0 secs / 23.33 secs)
[1A[2KChrome Headless 150.0.0.0 (Windows 10): Executed 1774 of 3092[31m (9 FAILED)[39m (0 secs / 23.332 secs)
[1A[2KChrome Headless 150.0.0.0 (Windows 10): Executed 1775 of 3092[31m (9 FAILED)[39m (0 secs / 23.334 secs)
[1A[2KChrome Headless 150.0.0.0 (Windows 10): Executed 1776 of 3092[31m (9 FAILED)[39m (0 secs / 23.336 secs)
[1A[2KChrome Headless 150.0.0.0 (Windows 10): Executed 1777 of 3092[31m (9 FAILED)[39m (0 secs / 23.338 secs)
[1A[2KChrome Headless 150.0.0.0 (Windows 10): Executed 1778 of 3092[31m (9 FAILED)[39m (0 secs / 23.34 secs)
[1A[2KChrome Headless 150.0.0.0 (Windows 10): Executed 1779 of 3092[31m (9 FAILED)[39m (0 secs / 23.342 secs)
[1A[2KChrome Headless 150.0.0.0 (Windows 10): Executed 1780 of 3092[31m (9 FAILED)[39m (0 secs / 23.344 secs)
[1A[2KChrome Headless 150.0.0.0 (Windows 10): Executed 1781 of 3092[31m (9 FAILED)[39m (0 secs / 23.346 secs)
[1A[2KChrome Headless 150.0.0.0 (Windows 10): Executed 1782 of 3092[31m (9 FAILED)[39m (0 secs / 23.348 secs)
[1A[2KChrome Headless 150.0.0.0 (Windows 10): Executed 1783 of 3092[31m (9 FAILED)[39m (0 secs / 23.35 secs)
[1A[2KChrome Headless 150.0.0.0 (Windows 10): Executed 1784 of 3092[31m (9 FAILED)[39m (0 secs / 23.353 secs)
[1A[2KChrome Headless 150.0.0.0 (Windows 10): Executed 1785 of 3092[31m (9 FAILED)[39m (0 secs / 23.356 secs)
[1A[2KChrome Headless 150.0.0.0 (Windows 10): Executed 1786 of 3092[31m (9 FAILED)[39m (0 secs / 23.358 secs)
[1A[2KChrome Headless 150.0.0.0 (Windows 10): Executed 1787 of 3092[31m (9 FAILED)[39m (0 secs / 23.361 secs)
[1A[2KChrome Headless 150.0.0.0 (Windows 10): Executed 1788 of 3092[31m (9 FAILED)[39m (0 secs / 23.363 secs)
[1A[2KChrome Headless 150.0.0.0 (Windows 10): Executed 1789 of 3092[31m (9 FAILED)[39m (0 secs / 23.365 secs)
[1A[2KChrome Headless 150.0.0.0 (Windows 10): Executed 1790 of 3092[31m (9 FAILED)[39m (0 secs / 23.367 secs)
[1A[2KChrome Headless 150.0.0.0 (Windows 10): Executed 1791 of 3092[31m (9 FAILED)[39m (0 secs / 23.369 secs)
[1A[2KChrome Headless 150.0.0.0 (Windows 10): Executed 1792 of 3092[31m (9 FAILED)[39m (0 secs / 23.371 secs)
[1A[2KChrome Headless 150.0.0.0 (Windows 10): Executed 1793 of 3092[31m (9 FAILED)[39m (0 secs / 23.373 secs)
[1A[2KChrome Headless 150.0.0.0 (Windows 10): Executed 1794 of 3092[31m (9 FAILED)[39m (0 secs / 23.375 secs)
[1A[2KChrome Headless 150.0.0.0 (Windows 10): Executed 1795 of 3092[31m (9 FAILED)[39m (0 secs / 23.377 secs)
[1A[2KChrome Headless 150.0.0.0 (Windows 10): Executed 1796 of 3092[31m (9 FAILED)[39m (0 secs / 23.379 secs)
[1A[2KChrome Headless 150.0.0.0 (Windows 10): Executed 1797 of 3092[31m (9 FAILED)[39m (0 secs / 23.381 secs)
[1A[2KChrome Headless 150.0.0.0 (Windows 10): Executed 1798 of 3092[31m (9 FAILED)[39m (0 secs / 23.384 secs)
[1A[2KChrome Headless 150.0.0.0 (Windows 10): Executed 1799 of 3092[31m (9 FAILED)[39m (0 secs / 23.386 secs)
[1A[2KChrome Headless 150.0.0.0 (Windows 10): Executed 1800 of 3092[31m (9 FAILED)[39m (0 secs / 23.389 secs)
[1A[2KChrome Headless 150.0.0.0 (Windows 10): Executed 1801 of 3092[31m (9 FAILED)[39m (0 secs / 23.391 secs)
[1A[2KChrome Headless 150.0.0.0 (Windows 10): Executed 1802 of 3092[31m (9 FAILED)[39m (0 secs / 23.393 secs)
[1A[2KChrome Headless 150.0.0.0 (Windows 10): Executed 1803 of 3092[31m (9 FAILED)[39m (0 secs / 23.395 secs)
[1A[2KChrome Headless 150.0.0.0 (Windows 10): Executed 1804 of 3092[31m (9 FAILED)[39m (0 secs / 23.397 secs)
[1A[2KChrome Headless 150.0.0.0 (Windows 10): Executed 1805 of 3092[31m (9 FAILED)[39m (0 secs / 23.399 secs)
[1A[2KChrome Headless 150.0.0.0 (Windows 10): Executed 1806 of 3092[31m (9 FAILED)[39m (0 secs / 23.401 secs)
[1A[2KChrome Headless 150.0.0.0 (Windows 10): Executed 1807 of 3092[31m (9 FAILED)[39m (0 secs / 23.403 secs)
[1A[2KChrome Headless 150.0.0.0 (Windows 10): Executed 1808 of 3092[31m (9 FAILED)[39m (0 secs / 23.405 secs)
[1A[2KChrome Headless 150.0.0.0 (Windows 10): Executed 1809 of 3092[31m (9 FAILED)[39m (0 secs / 23.407 secs)
[1A[2KChrome Headless 150.0.0.0 (Windows 10): Executed 1810 of 3092[31m (9 FAILED)[39m (0 secs / 23.409 secs)
[1A[2KChrome Headless 150.0.0.0 (Windows 10): Executed 1811 of 3092[31m (9 FAILED)[39m (0 secs / 23.411 secs)
[1A[2KChrome Headless 150.0.0.0 (Windows 10): Executed 1812 of 3092[31m (9 FAILED)[39m (0 secs / 23.414 secs)
[1A[2KChrome Headless 150.0.0.0 (Windows 10): Executed 1813 of 3092[31m (9 FAILED)[39m (0 secs / 23.465 secs)
[1A[2KChrome Headless 150.0.0.0 (Windows 10): Executed 1814 of 3092[31m (9 FAILED)[39m (0 secs / 23.485 secs)
[1A[2KChrome Headless 150.0.0.0 (Windows 10): Executed 1815 of 3092[31m (9 FAILED)[39m (0 secs / 23.505 secs)
[1A[2KChrome Headless 150.0.0.0 (Windows 10): Executed 1816 of 3092[31m (9 FAILED)[39m (0 secs / 23.529 secs)
[1A[2KChrome Headless 150.0.0.0 (Windows 10): Executed 1817 of 3092[31m (9 FAILED)[39m (0 secs / 23.55 secs)
[1A[2KChrome Headless 150.0.0.0 (Windows 10): Executed 1818 of 3092[31m (9 FAILED)[39m (0 secs / 23.571 secs)
[1A[2KChrome Headless 150.0.0.0 (Windows 10): Executed 1819 of 3092[31m (9 FAILED)[39m (0 secs / 23.595 secs)
[1A[2KChrome Headless 150.0.0.0 (Windows 10): Executed 1820 of 3092[31m (9 FAILED)[39m (0 secs / 23.617 secs)
[1A[2KChrome Headless 150.0.0.0 (Windows 10): Executed 1821 of 3092[31m (9 FAILED)[39m (0 secs / 23.638 secs)
[1A[2KChrome Headless 150.0.0.0 (Windows 10): Executed 1822 of 3092[31m (9 FAILED)[39m (0 secs / 23.664 secs)
[1A[2KChrome Headless 150.0.0.0 (Windows 10): Executed 1823 of 3092[31m (9 FAILED)[39m (0 secs / 23.684 secs)
[1A[2KChrome Headless 150.0.0.0 (Windows 10): Executed 1824 of 3092[31m (9 FAILED)[39m (0 secs / 23.703 secs)
[1A[2KChrome Headless 150.0.0.0 (Windows 10): Executed 1825 of 3092[31m (9 FAILED)[39m (0 secs / 23.724 secs)
[1A[2KChrome Headless 150.0.0.0 (Windows 10): Executed 1826 of 3092[31m (9 FAILED)[39m (0 secs / 23.744 secs)
[1A[2KChrome Headless 150.0.0.0 (Windows 10): Executed 1827 of 3092[31m (9 FAILED)[39m (0 secs / 23.768 secs)
[1A[2KChrome Headless 150.0.0.0 (Windows 10): Executed 1828 of 3092[31m (9 FAILED)[39m (0 secs / 23.79 secs)
[1A[2KChrome Headless 150.0.0.0 (Windows 10): Executed 1829 of 3092[31m (9 FAILED)[39m (0 secs / 23.812 secs)
[1A[2KChrome Headless 150.0.0.0 (Windows 10): Executed 1830 of 3092[31m (9 FAILED)[39m (0 secs / 23.832 secs)
[1A[2KChrome Headless 150.0.0.0 (Windows 10): Executed 1831 of 3092[31m (9 FAILED)[39m (0 secs / 23.852 secs)
[1A[2KChrome Headless 150.0.0.0 (Windows 10): Executed 1832 of 3092[31m (9 FAILED)[39m (0 secs / 23.872 secs)
[1A[2KChrome Headless 150.0.0.0 (Windows 10): Executed 1833 of 3092[31m (9 FAILED)[39m (0 secs / 23.893 secs)
[1A[2KChrome Headless 150.0.0.0 (Windows 10): Executed 1834 of 3092[31m (9 FAILED)[39m (0 secs / 23.915 secs)
[1A[2KChrome Headless 150.0.0.0 (Windows 10): Executed 1835 of 3092[31m (9 FAILED)[39m (0 secs / 23.936 secs)
[1A[2KChrome Headless 150.0.0.0 (Windows 10): Executed 1836 of 3092[31m (9 FAILED)[39m (0 secs / 23.956 secs)
[1A[2KChrome Headless 150.0.0.0 (Windows 10): Executed 1837 of 3092[31m (9 FAILED)[39m (0 secs / 23.977 secs)
[1A[2KChrome Headless 150.0.0.0 (Windows 10): Executed 1838 of 3092[31m (9 FAILED)[39m (0 secs / 24 secs)
[1A[2KChrome Headless 150.0.0.0 (Windows 10): Executed 1839 of 3092[31m (9 FAILED)[39m (0 secs / 24.021 secs)
[1A[2KChrome Headless 150.0.0.0 (Windows 10): Executed 1840 of 3092[31m (9 FAILED)[39m (0 secs / 24.041 secs)
[1A[2KChrome Headless 150.0.0.0 (Windows 10): Executed 1841 of 3092[31m (9 FAILED)[39m (0 secs / 24.065 secs)
[1A[2KChrome Headless 150.0.0.0 (Windows 10): Executed 1842 of 3092[31m (9 FAILED)[39m (0 secs / 24.085 secs)
[1A[2KChrome Headless 150.0.0.0 (Windows 10): Executed 1843 of 3092[31m (9 FAILED)[39m (0 secs / 24.104 secs)
[1A[2KChrome Headless 150.0.0.0 (Windows 10): Executed 1844 of 3092[31m (9 FAILED)[39m (0 secs / 24.126 secs)
[1A[2KChrome Headless 150.0.0.0 (Windows 10): Executed 1845 of 3092[31m (9 FAILED)[39m (0 secs / 24.145 secs)
[1A[2KChrome Headless 150.0.0.0 (Windows 10): Executed 1846 of 3092[31m (9 FAILED)[39m (0 secs / 24.164 secs)
[1A[2KChrome Headless 150.0.0.0 (Windows 10): Executed 1847 of 3092[31m (9 FAILED)[39m (0 secs / 24.186 secs)
[1A[2KChrome Headless 150.0.0.0 (Windows 10): Executed 1848 of 3092[31m (9 FAILED)[39m (0 secs / 24.206 secs)
[1A[2KChrome Headless 150.0.0.0 (Windows 10): Executed 1849 of 3092[31m (9 FAILED)[39m (0 secs / 24.228 secs)
[1A[2KChrome Headless 150.0.0.0 (Windows 10): Executed 1850 of 3092[31m (9 FAILED)[39m (0 secs / 24.25 secs)
[1A[2KChrome Headless 150.0.0.0 (Windows 10): Executed 1851 of 3092[31m (9 FAILED)[39m (0 secs / 24.269 secs)
[1A[2KChrome Headless 150.0.0.0 (Windows 10): Executed 1852 of 3092[31m (9 FAILED)[39m (0 secs / 24.29 secs)
[1A[2KChrome Headless 150.0.0.0 (Windows 10): Executed 1853 of 3092[31m (9 FAILED)[39m (0 secs / 24.313 secs)
[1A[2KChrome Headless 150.0.0.0 (Windows 10): Executed 1854 of 3092[31m (9 FAILED)[39m (0 secs / 24.336 secs)
[1A[2KChrome Headless 150.0.0.0 (Windows 10): Executed 1855 of 3092[31m (9 FAILED)[39m (0 secs / 24.356 secs)
[1A[2KChrome Headless 150.0.0.0 (Windows 10): Executed 1856 of 3092[31m (9 FAILED)[39m (0 secs / 24.378 secs)
[1A[2KChrome Headless 150.0.0.0 (Windows 10): Executed 1857 of 3092[31m (9 FAILED)[39m (0 secs / 24.403 secs)
[1A[2KChrome Headless 150.0.0.0 (Windows 10): Executed 1858 of 3092[31m (9 FAILED)[39m (0 secs / 24.423 secs)
[1A[2KChrome Headless 150.0.0.0 (Windows 10): Executed 1859 of 3092[31m (9 FAILED)[39m (0 secs / 24.436 secs)
[1A[2KChrome Headless 150.0.0.0 (Windows 10): Executed 1860 of 3092[31m (9 FAILED)[39m (0 secs / 24.451 secs)
[1A[2KChrome Headless 150.0.0.0 (Windows 10): Executed 1861 of 3092[31m (9 FAILED)[39m (0 secs / 24.465 secs)
[1A[2KChrome Headless 150.0.0.0 (Windows 10): Executed 1862 of 3092[31m (9 FAILED)[39m (0 secs / 24.478 secs)
[1A[2KChrome Headless 150.0.0.0 (Windows 10): Executed 1863 of 3092[31m (9 FAILED)[39m (0 secs / 24.545 secs)
[1A[2KChrome Headless 150.0.0.0 (Windows 10): Executed 1864 of 3092[31m (9 FAILED)[39m (0 secs / 24.551 secs)
[1A[2KChrome Headless 150.0.0.0 (Windows 10): Executed 1865 of 3092[31m (9 FAILED)[39m (0 secs / 24.553 secs)
[1A[2KChrome Headless 150.0.0.0 (Windows 10): Executed 1866 of 3092[31m (9 FAILED)[39m (0 secs / 24.554 secs)
[1A[2KChrome Headless 150.0.0.0 (Windows 10): Executed 1867 of 3092[31m (9 FAILED)[39m (0 secs / 24.555 secs)
[1A[2KChrome Headless 150.0.0.0 (Windows 10): Executed 1868 of 3092[31m (9 FAILED)[39m (0 secs / 24.556 secs)
[1A[2KChrome Headless 150.0.0.0 (Windows 10): Executed 1869 of 3092[31m (9 FAILED)[39m (0 secs / 24.557 secs)
[1A[2KChrome Headless 150.0.0.0 (Windows 10): Executed 1870 of 3092[31m (9 FAILED)[39m (0 secs / 24.558 secs)
[1A[2KChrome Headless 150.0.0.0 (Windows 10): Executed 1871 of 3092[31m (9 FAILED)[39m (0 secs / 24.559 secs)
[1A[2KChrome Headless 150.0.0.0 (Windows 10): Executed 1872 of 3092[31m (9 FAILED)[39m (0 secs / 24.56 secs)
[1A[2KChrome Headless 150.0.0.0 (Windows 10): Executed 1873 of 3092[31m (9 FAILED)[39m (0 secs / 24.562 secs)
[1A[2KChrome Headless 150.0.0.0 (Windows 10): Executed 1874 of 3092[31m (9 FAILED)[39m (0 secs / 24.564 secs)
[1A[2KChrome Headless 150.0.0.0 (Windows 10): Executed 1875 of 3092[31m (9 FAILED)[39m (0 secs / 24.565 secs)
[1A[2KChrome Headless 150.0.0.0 (Windows 10): Executed 1876 of 3092[31m (9 FAILED)[39m (0 secs / 24.566 secs)
[1A[2KChrome Headless 150.0.0.0 (Windows 10): Executed 1877 of 3092[31m (9 FAILED)[39m (0 secs / 24.567 secs)
[1A[2KChrome Headless 150.0.0.0 (Windows 10): Executed 1878 of 3092[31m (9 FAILED)[39m (0 secs / 24.569 secs)
[1A[2KChrome Headless 150.0.0.0 (Windows 10): Executed 1879 of 3092[31m (9 FAILED)[39m (0 secs / 24.57 secs)
[1A[2KChrome Headless 150.0.0.0 (Windows 10): Executed 1880 of 3092[31m (9 FAILED)[39m (0 secs / 24.572 secs)
[1A[2KChrome Headless 150.0.0.0 (Windows 10): Executed 1881 of 3092[31m (9 FAILED)[39m (0 secs / 24.574 secs)
[1A[2KChrome Headless 150.0.0.0 (Windows 10): Executed 1882 of 3092[31m (9 FAILED)[39m (0 secs / 24.576 secs)
[1A[2KChrome Headless 150.0.0.0 (Windows 10): Executed 1883 of 3092[31m (9 FAILED)[39m (0 secs / 24.578 secs)
[1A[2KChrome Headless 150.0.0.0 (Windows 10): Executed 1884 of 3092[31m (9 FAILED)[39m (0 secs / 24.579 secs)
[1A[2KChrome Headless 150.0.0.0 (Windows 10): Executed 1885 of 3092[31m (9 FAILED)[39m (0 secs / 24.58 secs)
[1A[2KChrome Headless 150.0.0.0 (Windows 10): Executed 1886 of 3092[31m (9 FAILED)[39m (0 secs / 24.581 secs)
[1A[2KChrome Headless 150.0.0.0 (Windows 10): Executed 1887 of 3092[31m (9 FAILED)[39m (0 secs / 24.582 secs)
[1A[2KChrome Headless 150.0.0.0 (Windows 10): Executed 1888 of 3092[31m (9 FAILED)[39m (0 secs / 24.584 secs)
[1A[2KChrome Headless 150.0.0.0 (Windows 10): Executed 1889 of 3092[31m (9 FAILED)[39m (0 secs / 24.585 secs)
[1A[2KChrome Headless 150.0.0.0 (Windows 10): Executed 1890 of 3092[31m (9 FAILED)[39m (0 secs / 24.587 secs)
[1A[2KChrome Headless 150.0.0.0 (Windows 10): Executed 1891 of 3092[31m (9 FAILED)[39m (0 secs / 24.588 secs)
[1A[2KChrome Headless 150.0.0.0 (Windows 10): Executed 1892 of 3092[31m (9 FAILED)[39m (0 secs / 24.593 secs)
[1A[2KChrome Headless 150.0.0.0 (Windows 10): Executed 1893 of 3092[31m (9 FAILED)[39m (0 secs / 24.594 secs)
[1A[2KChrome Headless 150.0.0.0 (Windows 10): Executed 1894 of 3092[31m (9 FAILED)[39m (0 secs / 24.604 secs)
[1A[2KChrome Headless 150.0.0.0 (Windows 10): Executed 1895 of 3092[31m (9 FAILED)[39m (0 secs / 24.609 secs)
[1A[2KChrome Headless 150.0.0.0 (Windows 10): Executed 1896 of 3092[31m (9 FAILED)[39m (0 secs / 24.613 secs)
[1A[2KChrome Headless 150.0.0.0 (Windows 10): Executed 1897 of 3092[31m (9 FAILED)[39m (0 secs / 24.619 secs)
[1A[2KChrome Headless 150.0.0.0 (Windows 10): Executed 1898 of 3092[31m (9 FAILED)[39m (0 secs / 24.686 secs)
[1A[2KChrome Headless 150.0.0.0 (Windows 10): Executed 1899 of 3092[31m (9 FAILED)[39m (0 secs / 24.741 secs)
[1A[2KChrome Headless 150.0.0.0 (Windows 10): Executed 1900 of 3092[31m (9 FAILED)[39m (0 secs / 24.746 secs)
[1A[2KChrome Headless 150.0.0.0 (Windows 10): Executed 1901 of 3092[31m (9 FAILED)[39m (0 secs / 24.748 secs)
[1A[2KChrome Headless 150.0.0.0 (Windows 10): Executed 1902 of 3092[31m (9 FAILED)[39m (0 secs / 24.753 secs)
[1A[2KChrome Headless 150.0.0.0 (Windows 10): Executed 1903 of 3092[31m (9 FAILED)[39m (0 secs / 24.754 secs)
[1A[2KChrome Headless 150.0.0.0 (Windows 10): Executed 1904 of 3092[31m (9 FAILED)[39m (0 secs / 24.756 secs)
[1A[2KChrome Headless 150.0.0.0 (Windows 10): Executed 1905 of 3092[31m (9 FAILED)[39m (0 secs / 24.758 secs)
[1A[2KChrome Headless 150.0.0.0 (Windows 10): Executed 1906 of 3092[31m (9 FAILED)[39m (0 secs / 24.759 secs)
[1A[2KChrome Headless 150.0.0.0 (Windows 10): Executed 1907 of 3092[31m (9 FAILED)[39m (0 secs / 24.761 secs)
[1A[2KChrome Headless 150.0.0.0 (Windows 10): Executed 1908 of 3092[31m (9 FAILED)[39m (0 secs / 24.763 secs)
[1A[2KChrome Headless 150.0.0.0 (Windows 10): Executed 1909 of 3092[31m (9 FAILED)[39m (0 secs / 24.764 secs)
[1A[2KChrome Headless 150.0.0.0 (Windows 10): Executed 1910 of 3092[31m (9 FAILED)[39m (0 secs / 24.765 secs)
[1A[2KChrome Headless 150.0.0.0 (Windows 10): Executed 1911 of 3092[31m (9 FAILED)[39m (0 secs / 24.767 secs)
[1A[2KChrome Headless 150.0.0.0 (Windows 10): Executed 1912 of 3092[31m (9 FAILED)[39m (0 secs / 24.77 secs)
[1A[2KChrome Headless 150.0.0.0 (Windows 10): Executed 1913 of 3092[31m (9 FAILED)[39m (0 secs / 24.772 secs)
[1A[2KChrome Headless 150.0.0.0 (Windows 10): Executed 1914 of 3092[31m (9 FAILED)[39m (0 secs / 24.774 secs)
[1A[2KChrome Headless 150.0.0.0 (Windows 10): Executed 1915 of 3092[31m (9 FAILED)[39m (0 secs / 24.776 secs)
[1A[2KChrome Headless 150.0.0.0 (Windows 10): Executed 1916 of 3092[31m (9 FAILED)[39m (0 secs / 24.777 secs)
[1A[2KChrome Headless 150.0.0.0 (Windows 10): Executed 1917 of 3092[31m (9 FAILED)[39m (0 secs / 24.786 secs)
[1A[2KChrome Headless 150.0.0.0 (Windows 10): Executed 1918 of 3092[31m (9 FAILED)[39m (0 secs / 24.789 secs)
[1A[2KChrome Headless 150.0.0.0 (Windows 10): Executed 1919 of 3092[31m (9 FAILED)[39m (0 secs / 24.792 secs)
[1A[2KChrome Headless 150.0.0.0 (Windows 10): Executed 1920 of 3092[31m (9 FAILED)[39m (0 secs / 24.796 secs)
[1A[2KChrome Headless 150.0.0.0 (Windows 10): Executed 1921 of 3092[31m (9 FAILED)[39m (0 secs / 24.8 secs)
[1A[2KChrome Headless 150.0.0.0 (Windows 10): Executed 1922 of 3092[31m (9 FAILED)[39m (0 secs / 24.804 secs)
[1A[2KChrome Headless 150.0.0.0 (Windows 10): Executed 1923 of 3092[31m (9 FAILED)[39m (0 secs / 24.807 secs)
[1A[2KChrome Headless 150.0.0.0 (Windows 10): Executed 1924 of 3092[31m (9 FAILED)[39m (0 secs / 24.811 secs)
[1A[2KChrome Headless 150.0.0.0 (Windows 10): Executed 1925 of 3092[31m (9 FAILED)[39m (0 secs / 24.816 secs)
[1A[2KChrome Headless 150.0.0.0 (Windows 10): Executed 1926 of 3092[31m (9 FAILED)[39m (0 secs / 24.82 secs)
[1A[2KChrome Headless 150.0.0.0 (Windows 10): Executed 1927 of 3092[31m (9 FAILED)[39m (0 secs / 24.824 secs)
[1A[2KChrome Headless 150.0.0.0 (Windows 10): Executed 1928 of 3092[31m (9 FAILED)[39m (0 secs / 24.827 secs)
[1A[2KChrome Headless 150.0.0.0 (Windows 10): Executed 1929 of 3092[31m (9 FAILED)[39m (0 secs / 24.831 secs)
[1A[2KChrome Headless 150.0.0.0 (Windows 10): Executed 1930 of 3092[31m (9 FAILED)[39m (0 secs / 24.835 secs)
[1A[2KChrome Headless 150.0.0.0 (Windows 10): Executed 1931 of 3092[31m (9 FAILED)[39m (0 secs / 24.838 secs)
[1A[2KChrome Headless 150.0.0.0 (Windows 10): Executed 1932 of 3092[31m (9 FAILED)[39m (0 secs / 24.842 secs)
[1A[2KChrome Headless 150.0.0.0 (Windows 10): Executed 1933 of 3092[31m (9 FAILED)[39m (0 secs / 24.845 secs)
[1A[2KChrome Headless 150.0.0.0 (Windows 10): Executed 1934 of 3092[31m (9 FAILED)[39m (0 secs / 24.848 secs)
[1A[2KChrome Headless 150.0.0.0 (Windows 10): Executed 1935 of 3092[31m (9 FAILED)[39m (0 secs / 24.86 secs)
[1A[2KChrome Headless 150.0.0.0 (Windows 10): Executed 1936 of 3092[31m (9 FAILED)[39m (0 secs / 24.862 secs)
[1A[2KChrome Headless 150.0.0.0 (Windows 10): Executed 1937 of 3092[31m (9 FAILED)[39m (0 secs / 24.865 secs)
[1A[2KChrome Headless 150.0.0.0 (Windows 10): Executed 1938 of 3092[31m (9 FAILED)[39m (0 secs / 24.867 secs)
[1A[2KChrome Headless 150.0.0.0 (Windows 10): Executed 1939 of 3092[31m (9 FAILED)[39m (0 secs / 24.87 secs)
[1A[2KChrome Headless 150.0.0.0 (Windows 10): Executed 1940 of 3092[31m (9 FAILED)[39m (0 secs / 24.873 secs)
[1A[2KChrome Headless 150.0.0.0 (Windows 10): Executed 1941 of 3092[31m (9 FAILED)[39m (0 secs / 24.876 secs)
[1A[2KChrome Headless 150.0.0.0 (Windows 10): Executed 1942 of 3092[31m (9 FAILED)[39m (0 secs / 24.878 secs)
[1A[2KChrome Headless 150.0.0.0 (Windows 10): Executed 1943 of 3092[31m (9 FAILED)[39m (0 secs / 24.88 secs)
[1A[2KChrome Headless 150.0.0.0 (Windows 10): Executed 1944 of 3092[31m (9 FAILED)[39m (0 secs / 24.882 secs)
[1A[2KChrome Headless 150.0.0.0 (Windows 10): Executed 1945 of 3092[31m (9 FAILED)[39m (0 secs / 24.884 secs)
[1A[2KChrome Headless 150.0.0.0 (Windows 10): Executed 1946 of 3092[31m (9 FAILED)[39m (0 secs / 24.886 secs)
[1A[2KChrome Headless 150.0.0.0 (Windows 10): Executed 1947 of 3092[31m (9 FAILED)[39m (0 secs / 24.889 secs)
[1A[2KChrome Headless 150.0.0.0 (Windows 10): Executed 1948 of 3092[31m (9 FAILED)[39m (0 secs / 24.891 secs)
[1A[2KChrome Headless 150.0.0.0 (Windows 10): Executed 1949 of 3092[31m (9 FAILED)[39m (0 secs / 24.894 secs)
[1A[2KChrome Headless 150.0.0.0 (Windows 10): Executed 1950 of 3092[31m (9 FAILED)[39m (0 secs / 24.897 secs)
[1A[2KChrome Headless 150.0.0.0 (Windows 10): Executed 1951 of 3092[31m (9 FAILED)[39m (0 secs / 24.9 secs)
[1A[2KChrome Headless 150.0.0.0 (Windows 10): Executed 1952 of 3092[31m (9 FAILED)[39m (0 secs / 24.903 secs)
[1A[2KChrome Headless 150.0.0.0 (Windows 10): Executed 1953 of 3092[31m (9 FAILED)[39m (0 secs / 24.905 secs)
[1A[2KChrome Headless 150.0.0.0 (Windows 10): Executed 1954 of 3092[31m (9 FAILED)[39m (0 secs / 24.908 secs)
[1A[2KChrome Headless 150.0.0.0 (Windows 10): Executed 1955 of 3092[31m (9 FAILED)[39m (0 secs / 24.911 secs)
[1A[2KChrome Headless 150.0.0.0 (Windows 10): Executed 1956 of 3092[31m (9 FAILED)[39m (0 secs / 24.913 secs)
[1A[2KChrome Headless 150.0.0.0 (Windows 10): Executed 1957 of 3092[31m (9 FAILED)[39m (0 secs / 24.915 secs)
[1A[2KChrome Headless 150.0.0.0 (Windows 10): Executed 1958 of 3092[31m (9 FAILED)[39m (0 secs / 24.917 secs)
[1A[2KChrome Headless 150.0.0.0 (Windows 10): Executed 1959 of 3092[31m (9 FAILED)[39m (0 secs / 24.92 secs)
[1A[2KChrome Headless 150.0.0.0 (Windows 10): Executed 1960 of 3092[31m (9 FAILED)[39m (0 secs / 24.923 secs)
[1A[2KChrome Headless 150.0.0.0 (Windows 10): Executed 1961 of 3092[31m (9 FAILED)[39m (0 secs / 24.925 secs)
[1A[2KChrome Headless 150.0.0.0 (Windows 10): Executed 1962 of 3092[31m (9 FAILED)[39m (0 secs / 24.928 secs)
[1A[2KChrome Headless 150.0.0.0 (Windows 10): Executed 1963 of 3092[31m (9 FAILED)[39m (0 secs / 24.931 secs)
[1A[2KChrome Headless 150.0.0.0 (Windows 10): Executed 1964 of 3092[31m (9 FAILED)[39m (0 secs / 24.934 secs)
[1A[2KChrome Headless 150.0.0.0 (Windows 10): Executed 1965 of 3092[31m (9 FAILED)[39m (0 secs / 24.937 secs)
[1A[2KChrome Headless 150.0.0.0 (Windows 10): Executed 1966 of 3092[31m (9 FAILED)[39m (0 secs / 24.94 secs)
[1A[2KChrome Headless 150.0.0.0 (Windows 10): Executed 1967 of 3092[31m (9 FAILED)[39m (0 secs / 24.943 secs)
[1A[2KChrome Headless 150.0.0.0 (Windows 10): Executed 1968 of 3092[31m (9 FAILED)[39m (0 secs / 24.946 secs)
[1A[2KChrome Headless 150.0.0.0 (Windows 10): Executed 1969 of 3092[31m (9 FAILED)[39m (0 secs / 24.948 secs)
[1A[2KChrome Headless 150.0.0.0 (Windows 10): Executed 1970 of 3092[31m (9 FAILED)[39m (0 secs / 24.95 secs)
[1A[2KChrome Headless 150.0.0.0 (Windows 10): Executed 1971 of 3092[31m (9 FAILED)[39m (0 secs / 24.959 secs)
[33m09 07 2026 15:54:19.946:WARN [web-server]: [39m404: /url-foto
[1A[2KChrome Headless 150.0.0.0 (Windows 10): Executed 1972 of 3092[31m (9 FAILED)[39m (0 secs / 24.962 secs)
[33m09 07 2026 15:54:19.957:WARN [web-server]: [39m404: /url-foto
[1A[2KChrome Headless 150.0.0.0 (Windows 10): Executed 1973 of 3092[31m (9 FAILED)[39m (0 secs / 24.965 secs)
[33m09 07 2026 15:54:19.969:WARN [web-server]: [39m404: /url-foto
[1A[2KChrome Headless 150.0.0.0 (Windows 10): Executed 1974 of 3092[31m (9 FAILED)[39m (0 secs / 24.968 secs)
[1A[2KChrome Headless 150.0.0.0 (Windows 10): Executed 1975 of 3092[31m (9 FAILED)[39m (0 secs / 24.97 secs)
[33m09 07 2026 15:54:19.974:WARN [web-server]: [39m404: /url-foto
[1A[2KChrome Headless 150.0.0.0 (Windows 10): Executed 1976 of 3092[31m (9 FAILED)[39m (0 secs / 24.972 secs)
[33m09 07 2026 15:54:19.985:WARN [web-server]: [39m404: /url-foto
[1A[2KChrome Headless 150.0.0.0 (Windows 10): Executed 1977 of 3092[31m (9 FAILED)[39m (0 secs / 24.974 secs)
[1A[2KChrome Headless 150.0.0.0 (Windows 10): Executed 1978 of 3092[31m (9 FAILED)[39m (0 secs / 24.976 secs)
[33m09 07 2026 15:54:19.991:WARN [web-server]: [39m404: /url-foto
[1A[2KChrome Headless 150.0.0.0 (Windows 10): Executed 1979 of 3092[31m (9 FAILED)[39m (0 secs / 24.979 secs)
[33m09 07 2026 15:54:20.003:WARN [web-server]: [39m404: /url-foto
[1A[2KChrome Headless 150.0.0.0 (Windows 10): Executed 1980 of 3092[31m (9 FAILED)[39m (0 secs / 24.982 secs)
[1A[2KChrome Headless 150.0.0.0 (Windows 10): Executed 1981 of 3092[31m (9 FAILED)[39m (0 secs / 24.984 secs)
[1A[2KChrome Headless 150.0.0.0 (Windows 10): Executed 1982 of 3092[31m (9 FAILED)[39m (0 secs / 24.986 secs)
[1A[2KChrome Headless 150.0.0.0 (Windows 10): Executed 1983 of 3092[31m (9 FAILED)[39m (0 secs / 24.989 secs)
[1A[2KChrome Headless 150.0.0.0 (Windows 10): Executed 1984 of 3092[31m (9 FAILED)[39m (0 secs / 24.991 secs)
[1A[2KChrome Headless 150.0.0.0 (Windows 10): Executed 1985 of 3092[31m (9 FAILED)[39m (0 secs / 24.993 secs)
[1A[2KChrome Headless 150.0.0.0 (Windows 10): Executed 1986 of 3092[31m (9 FAILED)[39m (0 secs / 24.995 secs)
[1A[2KChrome Headless 150.0.0.0 (Windows 10): Executed 1987 of 3092[31m (9 FAILED)[39m (0 secs / 24.998 secs)
[1A[2KChrome Headless 150.0.0.0 (Windows 10): Executed 1988 of 3092[31m (9 FAILED)[39m (0 secs / 25 secs)
[1A[2KChrome Headless 150.0.0.0 (Windows 10): Executed 1989 of 3092[31m (9 FAILED)[39m (0 secs / 25.002 secs)
[1A[2KChrome Headless 150.0.0.0 (Windows 10): Executed 1990 of 3092[31m (9 FAILED)[39m (0 secs / 25.004 secs)
[1A[2KChrome Headless 150.0.0.0 (Windows 10): Executed 1991 of 3092[31m (9 FAILED)[39m (0 secs / 25.005 secs)
[1A[2KChrome Headless 150.0.0.0 (Windows 10): Executed 1992 of 3092[31m (9 FAILED)[39m (0 secs / 25.006 secs)
[1A[2KChrome Headless 150.0.0.0 (Windows 10): Executed 1993 of 3092[31m (9 FAILED)[39m (0 secs / 25.008 secs)
[1A[2KChrome Headless 150.0.0.0 (Windows 10): Executed 1994 of 3092[31m (9 FAILED)[39m (0 secs / 25.009 secs)
[1A[2KChrome Headless 150.0.0.0 (Windows 10): Executed 1995 of 3092[31m (9 FAILED)[39m (0 secs / 25.011 secs)
[1A[2KChrome Headless 150.0.0.0 (Windows 10): Executed 1996 of 3092[31m (9 FAILED)[39m (0 secs / 25.012 secs)
[1A[2KChrome Headless 150.0.0.0 (Windows 10): Executed 1997 of 3092[31m (9 FAILED)[39m (0 secs / 25.028 secs)
[1A[2KChrome Headless 150.0.0.0 (Windows 10): Executed 1998 of 3092[31m (9 FAILED)[39m (0 secs / 25.04 secs)
[1A[2KChrome Headless 150.0.0.0 (Windows 10): Executed 1999 of 3092[31m (9 FAILED)[39m (0 secs / 25.059 secs)
[1A[2KChrome Headless 150.0.0.0 (Windows 10): Executed 2000 of 3092[31m (9 FAILED)[39m (0 secs / 25.064 secs)
[1A[2KChrome Headless 150.0.0.0 (Windows 10): Executed 2001 of 3092[31m (9 FAILED)[39m (0 secs / 25.065 secs)
[1A[2KChrome Headless 150.0.0.0 (Windows 10): Executed 2002 of 3092[31m (9 FAILED)[39m (0 secs / 25.067 secs)
[1A[2KChrome Headless 150.0.0.0 (Windows 10): Executed 2003 of 3092[31m (9 FAILED)[39m (0 secs / 25.068 secs)
[1A[2KChrome Headless 150.0.0.0 (Windows 10): Executed 2004 of 3092[31m (9 FAILED)[39m (0 secs / 25.069 secs)
[1A[2KChrome Headless 150.0.0.0 (Windows 10): Executed 2005 of 3092[31m (9 FAILED)[39m (0 secs / 25.07 secs)
[1A[2KChrome Headless 150.0.0.0 (Windows 10): Executed 2006 of 3092[31m (9 FAILED)[39m (0 secs / 25.071 secs)
[1A[2KChrome Headless 150.0.0.0 (Windows 10): Executed 2007 of 3092[31m (9 FAILED)[39m (0 secs / 25.073 secs)
[1A[2KChrome Headless 150.0.0.0 (Windows 10): Executed 2008 of 3092[31m (9 FAILED)[39m (0 secs / 25.075 secs)
[1A[2KChrome Headless 150.0.0.0 (Windows 10): Executed 2009 of 3092[31m (9 FAILED)[39m (0 secs / 25.076 secs)
[1A[2KChrome Headless 150.0.0.0 (Windows 10): Executed 2010 of 3092[31m (9 FAILED)[39m (0 secs / 25.085 secs)
[1A[2KChrome Headless 150.0.0.0 (Windows 10): Executed 2011 of 3092[31m (9 FAILED)[39m (0 secs / 25.092 secs)
[1A[2KChrome Headless 150.0.0.0 (Windows 10): Executed 2012 of 3092[31m (9 FAILED)[39m (0 secs / 25.102 secs)
[1A[2KChrome Headless 150.0.0.0 (Windows 10): Executed 2013 of 3092[31m (9 FAILED)[39m (0 secs / 25.11 secs)
[1A[2KChrome Headless 150.0.0.0 (Windows 10): Executed 2014 of 3092[31m (9 FAILED)[39m (0 secs / 25.117 secs)
[1A[2KChrome Headless 150.0.0.0 (Windows 10): Executed 2015 of 3092[31m (9 FAILED)[39m (0 secs / 25.124 secs)
[1A[2KChrome Headless 150.0.0.0 (Windows 10): Executed 2016 of 3092[31m (9 FAILED)[39m (0 secs / 25.127 secs)
[1A[2KChrome Headless 150.0.0.0 (Windows 10): Executed 2017 of 3092[31m (9 FAILED)[39m (0 secs / 25.131 secs)
[1A[2KChrome Headless 150.0.0.0 (Windows 10): Executed 2018 of 3092[31m (9 FAILED)[39m (0 secs / 25.134 secs)
[1A[2KChrome Headless 150.0.0.0 (Windows 10): Executed 2019 of 3092[31m (9 FAILED)[39m (0 secs / 25.135 secs)
[1A[2KChrome Headless 150.0.0.0 (Windows 10): Executed 2020 of 3092[31m (9 FAILED)[39m (0 secs / 25.136 secs)
[1A[2KChrome Headless 150.0.0.0 (Windows 10): Executed 2021 of 3092[31m (9 FAILED)[39m (0 secs / 25.137 secs)
[1A[2KChrome Headless 150.0.0.0 (Windows 10): Executed 2022 of 3092[31m (9 FAILED)[39m (0 secs / 25.155 secs)
[1A[2KChrome Headless 150.0.0.0 (Windows 10): Executed 2023 of 3092[31m (9 FAILED)[39m (0 secs / 25.176 secs)
[1A[2KChrome Headless 150.0.0.0 (Windows 10): Executed 2024 of 3092[31m (9 FAILED)[39m (0 secs / 25.193 secs)
[1A[2KChrome Headless 150.0.0.0 (Windows 10): Executed 2025 of 3092[31m (9 FAILED)[39m (0 secs / 25.211 secs)
[1A[2KChrome Headless 150.0.0.0 (Windows 10): Executed 2026 of 3092[31m (9 FAILED)[39m (0 secs / 25.229 secs)
[1A[2KChrome Headless 150.0.0.0 (Windows 10): Executed 2027 of 3092[31m (9 FAILED)[39m (0 secs / 25.247 secs)
[1A[2KChrome Headless 150.0.0.0 (Windows 10): Executed 2028 of 3092[31m (9 FAILED)[39m (0 secs / 25.264 secs)
[1A[2KChrome Headless 150.0.0.0 (Windows 10): Executed 2029 of 3092[31m (9 FAILED)[39m (0 secs / 25.281 secs)
[1A[2KChrome Headless 150.0.0.0 (Windows 10): Executed 2030 of 3092[31m (9 FAILED)[39m (0 secs / 25.3 secs)
[1A[2KChrome Headless 150.0.0.0 (Windows 10): Executed 2031 of 3092[31m (9 FAILED)[39m (0 secs / 25.319 secs)
[1A[2KChrome Headless 150.0.0.0 (Windows 10): Executed 2032 of 3092[31m (9 FAILED)[39m (0 secs / 25.335 secs)
[1A[2KChrome Headless 150.0.0.0 (Windows 10): Executed 2033 of 3092[31m (9 FAILED)[39m (0 secs / 25.351 secs)
[1A[2KChrome Headless 150.0.0.0 (Windows 10): Executed 2034 of 3092[31m (9 FAILED)[39m (0 secs / 25.369 secs)
[1A[2KChrome Headless 150.0.0.0 (Windows 10): Executed 2035 of 3092[31m (9 FAILED)[39m (0 secs / 25.388 secs)
[1A[2KChrome Headless 150.0.0.0 (Windows 10): Executed 2036 of 3092[31m (9 FAILED)[39m (0 secs / 25.406 secs)
[1A[2KChrome Headless 150.0.0.0 (Windows 10): Executed 2037 of 3092[31m (9 FAILED)[39m (0 secs / 25.424 secs)
[1A[2KChrome Headless 150.0.0.0 (Windows 10): Executed 2038 of 3092[31m (9 FAILED)[39m (0 secs / 25.442 secs)
[1A[2KChrome Headless 150.0.0.0 (Windows 10): Executed 2039 of 3092[31m (9 FAILED)[39m (0 secs / 25.461 secs)
[1A[2KChrome Headless 150.0.0.0 (Windows 10): Executed 2040 of 3092[31m (9 FAILED)[39m (0 secs / 25.479 secs)
[1A[2KChrome Headless 150.0.0.0 (Windows 10): Executed 2041 of 3092[31m (9 FAILED)[39m (0 secs / 25.497 secs)
[1A[2KChrome Headless 150.0.0.0 (Windows 10): Executed 2042 of 3092[31m (9 FAILED)[39m (0 secs / 25.515 secs)
[1A[2KChrome Headless 150.0.0.0 (Windows 10): Executed 2043 of 3092[31m (9 FAILED)[39m (0 secs / 25.532 secs)
[1A[2KChrome Headless 150.0.0.0 (Windows 10): Executed 2044 of 3092[31m (9 FAILED)[39m (0 secs / 25.549 secs)
[1A[2KChrome Headless 150.0.0.0 (Windows 10): Executed 2045 of 3092[31m (9 FAILED)[39m (0 secs / 25.567 secs)
[1A[2KChrome Headless 150.0.0.0 (Windows 10): Executed 2046 of 3092[31m (9 FAILED)[39m (0 secs / 25.585 secs)
[1A[2KChrome Headless 150.0.0.0 (Windows 10): Executed 2047 of 3092[31m (9 FAILED)[39m (0 secs / 25.605 secs)
[1A[2KChrome Headless 150.0.0.0 (Windows 10): Executed 2048 of 3092[31m (9 FAILED)[39m (0 secs / 25.624 secs)
[1A[2KChrome Headless 150.0.0.0 (Windows 10): Executed 2049 of 3092[31m (9 FAILED)[39m (0 secs / 25.644 secs)
[1A[2KChrome Headless 150.0.0.0 (Windows 10): Executed 2050 of 3092[31m (9 FAILED)[39m (0 secs / 25.662 secs)
[1A[2KChrome Headless 150.0.0.0 (Windows 10): Executed 2051 of 3092[31m (9 FAILED)[39m (0 secs / 25.682 secs)
[1A[2KChrome Headless 150.0.0.0 (Windows 10): Executed 2052 of 3092[31m (9 FAILED)[39m (0 secs / 25.701 secs)
[1A[2KChrome Headless 150.0.0.0 (Windows 10): Executed 2053 of 3092[31m (9 FAILED)[39m (0 secs / 25.719 secs)
[1A[2KChrome Headless 150.0.0.0 (Windows 10): Executed 2054 of 3092[31m (9 FAILED)[39m (0 secs / 25.738 secs)
[1A[2KChrome Headless 150.0.0.0 (Windows 10): Executed 2055 of 3092[31m (9 FAILED)[39m (0 secs / 25.756 secs)
[1A[2KChrome Headless 150.0.0.0 (Windows 10): Executed 2056 of 3092[31m (9 FAILED)[39m (0 secs / 25.774 secs)
[1A[2KChrome Headless 150.0.0.0 (Windows 10): Executed 2057 of 3092[31m (9 FAILED)[39m (0 secs / 25.792 secs)
[1A[2KChrome Headless 150.0.0.0 (Windows 10): Executed 2058 of 3092[31m (9 FAILED)[39m (0 secs / 25.81 secs)
[1A[2KChrome Headless 150.0.0.0 (Windows 10): Executed 2059 of 3092[31m (9 FAILED)[39m (0 secs / 25.829 secs)
[1A[2KChrome Headless 150.0.0.0 (Windows 10): Executed 2060 of 3092[31m (9 FAILED)[39m (0 secs / 25.848 secs)
[1A[2KChrome Headless 150.0.0.0 (Windows 10): Executed 2061 of 3092[31m (9 FAILED)[39m (0 secs / 25.868 secs)
[1A[2KChrome Headless 150.0.0.0 (Windows 10): Executed 2062 of 3092[31m (9 FAILED)[39m (0 secs / 25.888 secs)
[1A[2KChrome Headless 150.0.0.0 (Windows 10): Executed 2063 of 3092[31m (9 FAILED)[39m (0 secs / 25.893 secs)
[1A[2KChrome Headless 150.0.0.0 (Windows 10): Executed 2064 of 3092[31m (9 FAILED)[39m (0 secs / 25.894 secs)
[1A[2KChrome Headless 150.0.0.0 (Windows 10): Executed 2065 of 3092[31m (9 FAILED)[39m (0 secs / 25.907 secs)
[1A[2KChrome Headless 150.0.0.0 (Windows 10): Executed 2066 of 3092[31m (9 FAILED)[39m (0 secs / 25.91 secs)
[1A[2KChrome Headless 150.0.0.0 (Windows 10): Executed 2067 of 3092[31m (9 FAILED)[39m (0 secs / 25.912 secs)
[1A[2KChrome Headless 150.0.0.0 (Windows 10): Executed 2068 of 3092[31m (9 FAILED)[39m (0 secs / 25.914 secs)
[1A[2KChrome Headless 150.0.0.0 (Windows 10): Executed 2069 of 3092[31m (9 FAILED)[39m (0 secs / 25.921 secs)
[1A[2KChrome Headless 150.0.0.0 (Windows 10): Executed 2070 of 3092[31m (9 FAILED)[39m (0 secs / 25.922 secs)
[1A[2KChrome Headless 150.0.0.0 (Windows 10): Executed 2071 of 3092[31m (9 FAILED)[39m (0 secs / 25.924 secs)
[1A[2KChrome Headless 150.0.0.0 (Windows 10): Executed 2072 of 3092[31m (9 FAILED)[39m (0 secs / 25.925 secs)
[1A[2KChrome Headless 150.0.0.0 (Windows 10): Executed 2073 of 3092[31m (9 FAILED)[39m (0 secs / 25.926 secs)
[1A[2KChrome Headless 150.0.0.0 (Windows 10): Executed 2074 of 3092[31m (9 FAILED)[39m (0 secs / 25.927 secs)
[1A[2KChrome Headless 150.0.0.0 (Windows 10): Executed 2075 of 3092[31m (9 FAILED)[39m (0 secs / 25.929 secs)
[1A[2KChrome Headless 150.0.0.0 (Windows 10): Executed 2076 of 3092[31m (9 FAILED)[39m (0 secs / 25.93 secs)
[1A[2KChrome Headless 150.0.0.0 (Windows 10): Executed 2077 of 3092[31m (9 FAILED)[39m (0 secs / 25.931 secs)
[1A[2KChrome Headless 150.0.0.0 (Windows 10): Executed 2078 of 3092[31m (9 FAILED)[39m (0 secs / 25.933 secs)
[1A[2KChrome Headless 150.0.0.0 (Windows 10): Executed 2079 of 3092[31m (9 FAILED)[39m (0 secs / 25.934 secs)
[1A[2KChrome Headless 150.0.0.0 (Windows 10): Executed 2080 of 3092[31m (9 FAILED)[39m (0 secs / 25.935 secs)
[1A[2KChrome Headless 150.0.0.0 (Windows 10): Executed 2081 of 3092[31m (9 FAILED)[39m (0 secs / 25.936 secs)
[1A[2KChrome Headless 150.0.0.0 (Windows 10): Executed 2082 of 3092[31m (9 FAILED)[39m (0 secs / 25.938 secs)
[1A[2KChrome Headless 150.0.0.0 (Windows 10): Executed 2083 of 3092[31m (9 FAILED)[39m (0 secs / 25.94 secs)
[1A[2KChrome Headless 150.0.0.0 (Windows 10): Executed 2084 of 3092[31m (9 FAILED)[39m (0 secs / 25.945 secs)
[1A[2KChrome Headless 150.0.0.0 (Windows 10): Executed 2085 of 3092[31m (9 FAILED)[39m (0 secs / 25.947 secs)
[1A[2KChrome Headless 150.0.0.0 (Windows 10): Executed 2086 of 3092[31m (9 FAILED)[39m (0 secs / 25.949 secs)
[1A[2KChrome Headless 150.0.0.0 (Windows 10): Executed 2087 of 3092[31m (9 FAILED)[39m (0 secs / 25.95 secs)
[1A[2KChrome Headless 150.0.0.0 (Windows 10): Executed 2088 of 3092[31m (9 FAILED)[39m (0 secs / 25.951 secs)
[1A[2KChrome Headless 150.0.0.0 (Windows 10): Executed 2089 of 3092[31m (9 FAILED)[39m (0 secs / 25.952 secs)
[1A[2KChrome Headless 150.0.0.0 (Windows 10): Executed 2090 of 3092[31m (9 FAILED)[39m (0 secs / 25.954 secs)
[1A[2KChrome Headless 150.0.0.0 (Windows 10): Executed 2091 of 3092[31m (9 FAILED)[39m (0 secs / 25.956 secs)
[1A[2KChrome Headless 150.0.0.0 (Windows 10): Executed 2092 of 3092[31m (9 FAILED)[39m (0 secs / 25.957 secs)
[1A[2KChrome Headless 150.0.0.0 (Windows 10): Executed 2093 of 3092[31m (9 FAILED)[39m (0 secs / 25.959 secs)
[1A[2KChrome Headless 150.0.0.0 (Windows 10): Executed 2094 of 3092[31m (9 FAILED)[39m (0 secs / 25.96 secs)
[1A[2KChrome Headless 150.0.0.0 (Windows 10): Executed 2095 of 3092[31m (9 FAILED)[39m (0 secs / 25.961 secs)
[1A[2KChrome Headless 150.0.0.0 (Windows 10): Executed 2096 of 3092[31m (9 FAILED)[39m (0 secs / 25.962 secs)
[1A[2KChrome Headless 150.0.0.0 (Windows 10): Executed 2097 of 3092[31m (9 FAILED)[39m (0 secs / 25.971 secs)
[1A[2KChrome Headless 150.0.0.0 (Windows 10): Executed 2098 of 3092[31m (9 FAILED)[39m (0 secs / 25.973 secs)
[1A[2KChrome Headless 150.0.0.0 (Windows 10): Executed 2099 of 3092[31m (9 FAILED)[39m (0 secs / 25.975 secs)
[1A[2KChrome Headless 150.0.0.0 (Windows 10): Executed 2100 of 3092[31m (9 FAILED)[39m (0 secs / 25.978 secs)
[1A[2KChrome Headless 150.0.0.0 (Windows 10): Executed 2101 of 3092[31m (9 FAILED)[39m (0 secs / 25.98 secs)
[1A[2KChrome Headless 150.0.0.0 (Windows 10): Executed 2102 of 3092[31m (9 FAILED)[39m (0 secs / 25.982 secs)
[1A[2KChrome Headless 150.0.0.0 (Windows 10): Executed 2103 of 3092[31m (9 FAILED)[39m (0 secs / 25.993 secs)
[1A[2KChrome Headless 150.0.0.0 (Windows 10): Executed 2104 of 3092[31m (9 FAILED)[39m (0 secs / 25.995 secs)
[1A[2KChrome Headless 150.0.0.0 (Windows 10): Executed 2105 of 3092[31m (9 FAILED)[39m (0 secs / 25.997 secs)
[1A[2KChrome Headless 150.0.0.0 (Windows 10): Executed 2106 of 3092[31m (9 FAILED)[39m (0 secs / 25.999 secs)
[1A[2KChrome Headless 150.0.0.0 (Windows 10): Executed 2107 of 3092[31m (9 FAILED)[39m (0 secs / 26.001 secs)
[1A[2KChrome Headless 150.0.0.0 (Windows 10): Executed 2108 of 3092[31m (9 FAILED)[39m (0 secs / 26.008 secs)
[1A[2KChrome Headless 150.0.0.0 (Windows 10): Executed 2109 of 3092[31m (9 FAILED)[39m (0 secs / 26.01 secs)
[1A[2KChrome Headless 150.0.0.0 (Windows 10): Executed 2110 of 3092[31m (9 FAILED)[39m (0 secs / 26.012 secs)
[1A[2KChrome Headless 150.0.0.0 (Windows 10): Executed 2111 of 3092[31m (9 FAILED)[39m (0 secs / 26.013 secs)
[1A[2KChrome Headless 150.0.0.0 (Windows 10): Executed 2112 of 3092[31m (9 FAILED)[39m (0 secs / 26.017 secs)
[1A[2KChrome Headless 150.0.0.0 (Windows 10): Executed 2113 of 3092[31m (9 FAILED)[39m (0 secs / 26.019 secs)
[1A[2KChrome Headless 150.0.0.0 (Windows 10): Executed 2114 of 3092[31m (9 FAILED)[39m (0 secs / 26.02 secs)
[1A[2KChrome Headless 150.0.0.0 (Windows 10): Executed 2115 of 3092[31m (9 FAILED)[39m (0 secs / 26.022 secs)
[1A[2KChrome Headless 150.0.0.0 (Windows 10): Executed 2116 of 3092[31m (9 FAILED)[39m (0 secs / 26.023 secs)
[1A[2KChrome Headless 150.0.0.0 (Windows 10): Executed 2117 of 3092[31m (9 FAILED)[39m (0 secs / 26.024 secs)
[1A[2KChrome Headless 150.0.0.0 (Windows 10): Executed 2118 of 3092[31m (9 FAILED)[39m (0 secs / 26.036 secs)
[1A[2KChrome Headless 150.0.0.0 (Windows 10): Executed 2119 of 3092[31m (9 FAILED)[39m (0 secs / 26.04 secs)
[1A[2KChrome Headless 150.0.0.0 (Windows 10): Executed 2120 of 3092[31m (9 FAILED)[39m (0 secs / 26.041 secs)
[1A[2KChrome Headless 150.0.0.0 (Windows 10): Executed 2121 of 3092[31m (9 FAILED)[39m (0 secs / 26.048 secs)
[1A[2KChrome Headless 150.0.0.0 (Windows 10): Executed 2122 of 3092[31m (9 FAILED)[39m (0 secs / 26.05 secs)
[1A[2KChrome Headless 150.0.0.0 (Windows 10): Executed 2123 of 3092[31m (9 FAILED)[39m (0 secs / 26.051 secs)
[1A[2KChrome Headless 150.0.0.0 (Windows 10): Executed 2124 of 3092[31m (9 FAILED)[39m (0 secs / 26.052 secs)
[1A[2KChrome Headless 150.0.0.0 (Windows 10): Executed 2125 of 3092[31m (9 FAILED)[39m (0 secs / 26.054 secs)
[1A[2KChrome Headless 150.0.0.0 (Windows 10): Executed 2126 of 3092[31m (9 FAILED)[39m (0 secs / 26.055 secs)
[1A[2KChrome Headless 150.0.0.0 (Windows 10): Executed 2127 of 3092[31m (9 FAILED)[39m (0 secs / 26.057 secs)
[1A[2KChrome Headless 150.0.0.0 (Windows 10): Executed 2128 of 3092[31m (9 FAILED)[39m (0 secs / 26.058 secs)
[1A[2KChrome Headless 150.0.0.0 (Windows 10): Executed 2129 of 3092[31m (9 FAILED)[39m (0 secs / 26.059 secs)
[1A[2KChrome Headless 150.0.0.0 (Windows 10): Executed 2130 of 3092[31m (9 FAILED)[39m (0 secs / 26.06 secs)
[1A[2KChrome Headless 150.0.0.0 (Windows 10): Executed 2131 of 3092[31m (9 FAILED)[39m (0 secs / 26.064 secs)
[1A[2KChrome Headless 150.0.0.0 (Windows 10): Executed 2132 of 3092[31m (9 FAILED)[39m (0 secs / 26.066 secs)
[1A[2KChrome Headless 150.0.0.0 (Windows 10): Executed 2133 of 3092[31m (9 FAILED)[39m (0 secs / 26.068 secs)
[1A[2KChrome Headless 150.0.0.0 (Windows 10): Executed 2134 of 3092[31m (9 FAILED)[39m (0 secs / 26.069 secs)
[1A[2KChrome Headless 150.0.0.0 (Windows 10): Executed 2135 of 3092[31m (9 FAILED)[39m (0 secs / 26.07 secs)
[1A[2KChrome Headless 150.0.0.0 (Windows 10): Executed 2136 of 3092[31m (9 FAILED)[39m (0 secs / 26.071 secs)
[1A[2KChrome Headless 150.0.0.0 (Windows 10): Executed 2137 of 3092[31m (9 FAILED)[39m (0 secs / 26.073 secs)
[1A[2KChrome Headless 150.0.0.0 (Windows 10): Executed 2138 of 3092[31m (9 FAILED)[39m (0 secs / 26.075 secs)
[1A[2KChrome Headless 150.0.0.0 (Windows 10): Executed 2139 of 3092[31m (9 FAILED)[39m (0 secs / 26.077 secs)
[1A[2KChrome Headless 150.0.0.0 (Windows 10): Executed 2140 of 3092[31m (9 FAILED)[39m (0 secs / 26.079 secs)
[1A[2KChrome Headless 150.0.0.0 (Windows 10): Executed 2141 of 3092[31m (9 FAILED)[39m (0 secs / 26.081 secs)
[1A[2KChrome Headless 150.0.0.0 (Windows 10): Executed 2142 of 3092[31m (9 FAILED)[39m (0 secs / 26.082 secs)
[1A[2KChrome Headless 150.0.0.0 (Windows 10): Executed 2143 of 3092[31m (9 FAILED)[39m (0 secs / 26.083 secs)
[1A[2KChrome Headless 150.0.0.0 (Windows 10): Executed 2144 of 3092[31m (9 FAILED)[39m (0 secs / 26.085 secs)
[1A[2KChrome Headless 150.0.0.0 (Windows 10): Executed 2145 of 3092[31m (9 FAILED)[39m (0 secs / 26.086 secs)
[1A[2KChrome Headless 150.0.0.0 (Windows 10): Executed 2146 of 3092[31m (9 FAILED)[39m (0 secs / 26.088 secs)
[1A[2KChrome Headless 150.0.0.0 (Windows 10): Executed 2147 of 3092[31m (9 FAILED)[39m (0 secs / 26.09 secs)
[1A[2KChrome Headless 150.0.0.0 (Windows 10): Executed 2148 of 3092[31m (9 FAILED)[39m (0 secs / 26.092 secs)
[1A[2KChrome Headless 150.0.0.0 (Windows 10): Executed 2149 of 3092[31m (9 FAILED)[39m (0 secs / 26.093 secs)
[1A[2KChrome Headless 150.0.0.0 (Windows 10): Executed 2150 of 3092[31m (9 FAILED)[39m (0 secs / 26.094 secs)
[1A[2KChrome Headless 150.0.0.0 (Windows 10): Executed 2151 of 3092[31m (9 FAILED)[39m (0 secs / 26.095 secs)
[1A[2KChrome Headless 150.0.0.0 (Windows 10): Executed 2152 of 3092[31m (9 FAILED)[39m (0 secs / 26.096 secs)
[1A[2KChrome Headless 150.0.0.0 (Windows 10): Executed 2153 of 3092[31m (9 FAILED)[39m (0 secs / 26.098 secs)
[1A[2KChrome Headless 150.0.0.0 (Windows 10): Executed 2154 of 3092[31m (9 FAILED)[39m (0 secs / 26.099 secs)
[1A[2KChrome Headless 150.0.0.0 (Windows 10): Executed 2155 of 3092[31m (9 FAILED)[39m (0 secs / 26.1 secs)
[1A[2KChrome Headless 150.0.0.0 (Windows 10): Executed 2156 of 3092[31m (9 FAILED)[39m (0 secs / 26.101 secs)
[1A[2KChrome Headless 150.0.0.0 (Windows 10): Executed 2157 of 3092[31m (9 FAILED)[39m (0 secs / 26.103 secs)
[1A[2KChrome Headless 150.0.0.0 (Windows 10): Executed 2158 of 3092[31m (9 FAILED)[39m (0 secs / 26.104 secs)
[1A[2KChrome Headless 150.0.0.0 (Windows 10): Executed 2159 of 3092[31m (9 FAILED)[39m (0 secs / 26.113 secs)
[1A[2KChrome Headless 150.0.0.0 (Windows 10): Executed 2160 of 3092[31m (9 FAILED)[39m (0 secs / 26.115 secs)
[1A[2KChrome Headless 150.0.0.0 (Windows 10): Executed 2161 of 3092[31m (9 FAILED)[39m (0 secs / 26.117 secs)
[1A[2KChrome Headless 150.0.0.0 (Windows 10): Executed 2162 of 3092[31m (9 FAILED)[39m (0 secs / 26.118 secs)
[1A[2KChrome Headless 150.0.0.0 (Windows 10): Executed 2163 of 3092[31m (9 FAILED)[39m (0 secs / 26.12 secs)
[1A[2KChrome Headless 150.0.0.0 (Windows 10): Executed 2164 of 3092[31m (9 FAILED)[39m (0 secs / 26.121 secs)
[1A[2KChrome Headless 150.0.0.0 (Windows 10): Executed 2165 of 3092[31m (9 FAILED)[39m (0 secs / 26.122 secs)
[1A[2KChrome Headless 150.0.0.0 (Windows 10): Executed 2166 of 3092[31m (9 FAILED)[39m (0 secs / 26.123 secs)
[1A[2KChrome Headless 150.0.0.0 (Windows 10): Executed 2167 of 3092[31m (9 FAILED)[39m (0 secs / 26.125 secs)
[1A[2KChrome Headless 150.0.0.0 (Windows 10): Executed 2168 of 3092[31m (9 FAILED)[39m (0 secs / 26.127 secs)
[1A[2KChrome Headless 150.0.0.0 (Windows 10): Executed 2169 of 3092[31m (9 FAILED)[39m (0 secs / 26.128 secs)
[1A[2KChrome Headless 150.0.0.0 (Windows 10): Executed 2170 of 3092[31m (9 FAILED)[39m (0 secs / 26.129 secs)
[1A[2KChrome Headless 150.0.0.0 (Windows 10): Executed 2171 of 3092[31m (9 FAILED)[39m (0 secs / 26.131 secs)
[1A[2KChrome Headless 150.0.0.0 (Windows 10): Executed 2172 of 3092[31m (9 FAILED)[39m (0 secs / 26.132 secs)
[1A[2KChrome Headless 150.0.0.0 (Windows 10): Executed 2173 of 3092[31m (9 FAILED)[39m (0 secs / 26.134 secs)
[1A[2KChrome Headless 150.0.0.0 (Windows 10): Executed 2174 of 3092[31m (9 FAILED)[39m (0 secs / 26.135 secs)
[1A[2KChrome Headless 150.0.0.0 (Windows 10): Executed 2175 of 3092[31m (9 FAILED)[39m (0 secs / 26.137 secs)
[1A[2KChrome Headless 150.0.0.0 (Windows 10): Executed 2176 of 3092[31m (9 FAILED)[39m (0 secs / 26.138 secs)
[1A[2KChrome Headless 150.0.0.0 (Windows 10): Executed 2177 of 3092[31m (9 FAILED)[39m (0 secs / 26.14 secs)
[1A[2KChrome Headless 150.0.0.0 (Windows 10): Executed 2178 of 3092[31m (9 FAILED)[39m (0 secs / 26.142 secs)
[1A[2KChrome Headless 150.0.0.0 (Windows 10): Executed 2179 of 3092[31m (9 FAILED)[39m (0 secs / 26.143 secs)
[1A[2KChrome Headless 150.0.0.0 (Windows 10): Executed 2180 of 3092[31m (9 FAILED)[39m (0 secs / 26.144 secs)
[1A[2KChrome Headless 150.0.0.0 (Windows 10): Executed 2181 of 3092[31m (9 FAILED)[39m (0 secs / 26.145 secs)
[1A[2KChrome Headless 150.0.0.0 (Windows 10): Executed 2182 of 3092[31m (9 FAILED)[39m (0 secs / 26.146 secs)
[1A[2KChrome Headless 150.0.0.0 (Windows 10): Executed 2183 of 3092[31m (9 FAILED)[39m (0 secs / 26.147 secs)
[1A[2KChrome Headless 150.0.0.0 (Windows 10): Executed 2184 of 3092[31m (9 FAILED)[39m (0 secs / 26.149 secs)
[1A[2KChrome Headless 150.0.0.0 (Windows 10): Executed 2185 of 3092[31m (9 FAILED)[39m (0 secs / 26.15 secs)
[1A[2KChrome Headless 150.0.0.0 (Windows 10): Executed 2186 of 3092[31m (9 FAILED)[39m (0 secs / 26.151 secs)
[1A[2KChrome Headless 150.0.0.0 (Windows 10): Executed 2187 of 3092[31m (9 FAILED)[39m (0 secs / 26.152 secs)
[1A[2KChrome Headless 150.0.0.0 (Windows 10): Executed 2188 of 3092[31m (9 FAILED)[39m (0 secs / 26.154 secs)
[1A[2KChrome Headless 150.0.0.0 (Windows 10): Executed 2189 of 3092[31m (9 FAILED)[39m (0 secs / 26.156 secs)
[1A[2KChrome Headless 150.0.0.0 (Windows 10): Executed 2190 of 3092[31m (9 FAILED)[39m (0 secs / 26.159 secs)
[1A[2KChrome Headless 150.0.0.0 (Windows 10): Executed 2191 of 3092[31m (9 FAILED)[39m (0 secs / 26.16 secs)
[1A[2KChrome Headless 150.0.0.0 (Windows 10): Executed 2192 of 3092[31m (9 FAILED)[39m (0 secs / 26.161 secs)
[1A[2KChrome Headless 150.0.0.0 (Windows 10): Executed 2193 of 3092[31m (9 FAILED)[39m (0 secs / 26.162 secs)
[1A[2KChrome Headless 150.0.0.0 (Windows 10): Executed 2194 of 3092[31m (9 FAILED)[39m (0 secs / 26.163 secs)
[1A[2KChrome Headless 150.0.0.0 (Windows 10): Executed 2195 of 3092[31m (9 FAILED)[39m (0 secs / 26.164 secs)
[1A[2KChrome Headless 150.0.0.0 (Windows 10): Executed 2196 of 3092[31m (9 FAILED)[39m (0 secs / 26.166 secs)
[1A[2KChrome Headless 150.0.0.0 (Windows 10): Executed 2197 of 3092[31m (9 FAILED)[39m (0 secs / 26.168 secs)
[1A[2KChrome Headless 150.0.0.0 (Windows 10): Executed 2198 of 3092[31m (9 FAILED)[39m (0 secs / 26.17 secs)
[1A[2KChrome Headless 150.0.0.0 (Windows 10): Executed 2199 of 3092[31m (9 FAILED)[39m (0 secs / 26.172 secs)
[1A[2KChrome Headless 150.0.0.0 (Windows 10): Executed 2200 of 3092[31m (9 FAILED)[39m (0 secs / 26.174 secs)
[1A[2KChrome Headless 150.0.0.0 (Windows 10): Executed 2201 of 3092[31m (9 FAILED)[39m (0 secs / 26.175 secs)
[1A[2KChrome Headless 150.0.0.0 (Windows 10): Executed 2202 of 3092[31m (9 FAILED)[39m (0 secs / 26.176 secs)
[1A[2KChrome Headless 150.0.0.0 (Windows 10): Executed 2203 of 3092[31m (9 FAILED)[39m (0 secs / 26.178 secs)
[1A[2KChrome Headless 150.0.0.0 (Windows 10): Executed 2204 of 3092[31m (9 FAILED)[39m (0 secs / 26.179 secs)
[1A[2KChrome Headless 150.0.0.0 (Windows 10): Executed 2205 of 3092[31m (9 FAILED)[39m (0 secs / 26.187 secs)
[1A[2KChrome Headless 150.0.0.0 (Windows 10): Executed 2206 of 3092[31m (9 FAILED)[39m (0 secs / 26.189 secs)
[1A[2KChrome Headless 150.0.0.0 (Windows 10): Executed 2207 of 3092[31m (9 FAILED)[39m (0 secs / 26.191 secs)
[1A[2KChrome Headless 150.0.0.0 (Windows 10): Executed 2208 of 3092[31m (9 FAILED)[39m (0 secs / 26.193 secs)
[1A[2KChrome Headless 150.0.0.0 (Windows 10): Executed 2209 of 3092[31m (9 FAILED)[39m (0 secs / 26.194 secs)
[1A[2KChrome Headless 150.0.0.0 (Windows 10): Executed 2210 of 3092[31m (9 FAILED)[39m (0 secs / 26.262 secs)
[1A[2KChrome Headless 150.0.0.0 (Windows 10): Executed 2211 of 3092[31m (9 FAILED)[39m (0 secs / 26.264 secs)
[1A[2KChrome Headless 150.0.0.0 (Windows 10): Executed 2212 of 3092[31m (9 FAILED)[39m (0 secs / 26.266 secs)
[1A[2KChrome Headless 150.0.0.0 (Windows 10): Executed 2213 of 3092[31m (9 FAILED)[39m (0 secs / 26.268 secs)
[1A[2KChrome Headless 150.0.0.0 (Windows 10): Executed 2214 of 3092[31m (9 FAILED)[39m (0 secs / 26.271 secs)
[1A[2KChrome Headless 150.0.0.0 (Windows 10): Executed 2215 of 3092[31m (9 FAILED)[39m (0 secs / 26.323 secs)
[1A[2KChrome Headless 150.0.0.0 (Windows 10): Executed 2216 of 3092[31m (9 FAILED)[39m (0 secs / 26.329 secs)
[1A[2KChrome Headless 150.0.0.0 (Windows 10): Executed 2217 of 3092[31m (9 FAILED)[39m (0 secs / 26.335 secs)
[1A[2KChrome Headless 150.0.0.0 (Windows 10): Executed 2218 of 3092[31m (9 FAILED)[39m (0 secs / 26.35 secs)
[1A[2KChrome Headless 150.0.0.0 (Windows 10): Executed 2219 of 3092[31m (9 FAILED)[39m (0 secs / 26.441 secs)
[1A[2KChrome Headless 150.0.0.0 (Windows 10): Executed 2220 of 3092[31m (9 FAILED)[39m (0 secs / 26.443 secs)
[1A[2KChrome Headless 150.0.0.0 (Windows 10): Executed 2221 of 3092[31m (9 FAILED)[39m (0 secs / 26.445 secs)
[1A[2KChrome Headless 150.0.0.0 (Windows 10): Executed 2222 of 3092[31m (9 FAILED)[39m (0 secs / 26.447 secs)
[1A[2KChrome Headless 150.0.0.0 (Windows 10): Executed 2223 of 3092[31m (9 FAILED)[39m (0 secs / 26.449 secs)
[1A[2KChrome Headless 150.0.0.0 (Windows 10): Executed 2224 of 3092[31m (9 FAILED)[39m (0 secs / 26.493 secs)
[1A[2KChrome Headless 150.0.0.0 (Windows 10): Executed 2225 of 3092[31m (9 FAILED)[39m (0 secs / 26.496 secs)
[1A[2KChrome Headless 150.0.0.0 (Windows 10): Executed 2226 of 3092[31m (9 FAILED)[39m (0 secs / 26.5 secs)
[1A[2KChrome Headless 150.0.0.0 (Windows 10): Executed 2227 of 3092[31m (9 FAILED)[39m (0 secs / 26.504 secs)
[1A[2KChrome Headless 150.0.0.0 (Windows 10): Executed 2228 of 3092[31m (9 FAILED)[39m (0 secs / 26.508 secs)
[1A[2KChrome Headless 150.0.0.0 (Windows 10): Executed 2229 of 3092[31m (9 FAILED)[39m (0 secs / 26.622 secs)
[1A[2KChrome Headless 150.0.0.0 (Windows 10): Executed 2230 of 3092[31m (9 FAILED)[39m (0 secs / 26.67 secs)
[1A[2KWARN: [36m'Spec 'CierreDiarioPage helpers de formato y computeds sin reporte dado sin reporte, statusMetrics e inventoryMetrics deberian devolver [] si existen' has no expectations.'[39m
Chrome Headless 150.0.0.0 (Windows 10): Executed 2230 of 3092[31m (9 FAILED)[39m (0 secs / 26.67 secs)
WARN: 'Spec 'CierreDiarioPage helpers de formato y computeds sin reporte dado sin reporte, statusMetrics e inventoryMetrics deberian devolver [] si existen' has no expectations.'
[1A[2KChrome Headless 150.0.0.0 (Windows 10): Executed 2231 of 3092[31m (9 FAILED)[39m (0 secs / 26.718 secs)
[1A[2KChrome Headless 150.0.0.0 (Windows 10): Executed 2232 of 3092[31m (9 FAILED)[39m (0 secs / 26.766 secs)
[1A[2KChrome Headless 150.0.0.0 (Windows 10): Executed 2233 of 3092[31m (9 FAILED)[39m (0 secs / 26.812 secs)
[1A[2KChrome Headless 150.0.0.0 (Windows 10): Executed 2234 of 3092[31m (9 FAILED)[39m (0 secs / 26.857 secs)
[1A[2KChrome Headless 150.0.0.0 (Windows 10): Executed 2235 of 3092[31m (9 FAILED)[39m (0 secs / 26.903 secs)
[1A[2KChrome Headless 150.0.0.0 (Windows 10): Executed 2236 of 3092[31m (9 FAILED)[39m (0 secs / 26.947 secs)
[1A[2KChrome Headless 150.0.0.0 (Windows 10): Executed 2237 of 3092[31m (9 FAILED)[39m (0 secs / 26.994 secs)
[1A[2KChrome Headless 150.0.0.0 (Windows 10): Executed 2238 of 3092[31m (9 FAILED)[39m (0 secs / 27.04 secs)
[1A[2KChrome Headless 150.0.0.0 (Windows 10): Executed 2239 of 3092[31m (9 FAILED)[39m (0 secs / 27.084 secs)
[1A[2KChrome Headless 150.0.0.0 (Windows 10): Executed 2240 of 3092[31m (9 FAILED)[39m (0 secs / 27.129 secs)
[1A[2KChrome Headless 150.0.0.0 (Windows 10): Executed 2241 of 3092[31m (9 FAILED)[39m (0 secs / 27.176 secs)
[1A[2KChrome Headless 150.0.0.0 (Windows 10): Executed 2242 of 3092[31m (9 FAILED)[39m (0 secs / 27.221 secs)
[1A[2KChrome Headless 150.0.0.0 (Windows 10): Executed 2243 of 3092[31m (9 FAILED)[39m (0 secs / 27.266 secs)
[1A[2KChrome Headless 150.0.0.0 (Windows 10): Executed 2244 of 3092[31m (9 FAILED)[39m (0 secs / 27.312 secs)
[1A[2KChrome Headless 150.0.0.0 (Windows 10): Executed 2245 of 3092[31m (9 FAILED)[39m (0 secs / 27.358 secs)
[1A[2KChrome Headless 150.0.0.0 (Windows 10): Executed 2246 of 3092[31m (9 FAILED)[39m (0 secs / 27.407 secs)
[1A[2KChrome Headless 150.0.0.0 (Windows 10): Executed 2247 of 3092[31m (9 FAILED)[39m (0 secs / 27.456 secs)
[1A[2KChrome Headless 150.0.0.0 (Windows 10): Executed 2248 of 3092[31m (9 FAILED)[39m (0 secs / 27.503 secs)
[1A[2KChrome Headless 150.0.0.0 (Windows 10): Executed 2249 of 3092[31m (9 FAILED)[39m (0 secs / 27.549 secs)
[1A[2KChrome Headless 150.0.0.0 (Windows 10): Executed 2250 of 3092[31m (9 FAILED)[39m (0 secs / 27.594 secs)
[1A[2KChrome Headless 150.0.0.0 (Windows 10): Executed 2251 of 3092[31m (9 FAILED)[39m (0 secs / 27.64 secs)
[1A[2KChrome Headless 150.0.0.0 (Windows 10): Executed 2252 of 3092[31m (9 FAILED)[39m (0 secs / 27.688 secs)
[1A[2KChrome Headless 150.0.0.0 (Windows 10): Executed 2253 of 3092[31m (9 FAILED)[39m (0 secs / 27.737 secs)
[1A[2KChrome Headless 150.0.0.0 (Windows 10): Executed 2254 of 3092[31m (9 FAILED)[39m (0 secs / 27.783 secs)
[1A[2KChrome Headless 150.0.0.0 (Windows 10): Executed 2255 of 3092[31m (9 FAILED)[39m (0 secs / 27.829 secs)
[1A[2KChrome Headless 150.0.0.0 (Windows 10): Executed 2256 of 3092[31m (9 FAILED)[39m (0 secs / 27.877 secs)
[1A[2KChrome Headless 150.0.0.0 (Windows 10): Executed 2257 of 3092[31m (9 FAILED)[39m (0 secs / 27.925 secs)
[1A[2KChrome Headless 150.0.0.0 (Windows 10): Executed 2258 of 3092[31m (9 FAILED)[39m (0 secs / 27.971 secs)
[1A[2KChrome Headless 150.0.0.0 (Windows 10): Executed 2259 of 3092[31m (9 FAILED)[39m (0 secs / 28.019 secs)
[1A[2KChrome Headless 150.0.0.0 (Windows 10): Executed 2260 of 3092[31m (9 FAILED)[39m (0 secs / 28.068 secs)
[1A[2KChrome Headless 150.0.0.0 (Windows 10): Executed 2261 of 3092[31m (9 FAILED)[39m (0 secs / 28.119 secs)
[1A[2KChrome Headless 150.0.0.0 (Windows 10): Executed 2262 of 3092[31m (9 FAILED)[39m (0 secs / 28.163 secs)
[1A[2KChrome Headless 150.0.0.0 (Windows 10): Executed 2263 of 3092[31m (9 FAILED)[39m (0 secs / 31.214 secs)
[1A[2KChrome Headless 150.0.0.0 (Windows 10): Executed 2264 of 3092[31m (9 FAILED)[39m (0 secs / 31.265 secs)
[1A[2KChrome Headless 150.0.0.0 (Windows 10): Executed 2265 of 3092[31m (9 FAILED)[39m (0 secs / 31.313 secs)
[1A[2KChrome Headless 150.0.0.0 (Windows 10): Executed 2266 of 3092[31m (9 FAILED)[39m (0 secs / 31.364 secs)
[1A[2KChrome Headless 150.0.0.0 (Windows 10): Executed 2267 of 3092[31m (9 FAILED)[39m (0 secs / 31.414 secs)
[1A[2KChrome Headless 150.0.0.0 (Windows 10): Executed 2268 of 3092[31m (9 FAILED)[39m (0 secs / 31.462 secs)
[1A[2KChrome Headless 150.0.0.0 (Windows 10): Executed 2269 of 3092[31m (9 FAILED)[39m (0 secs / 31.511 secs)
[1A[2KChrome Headless 150.0.0.0 (Windows 10): Executed 2270 of 3092[31m (9 FAILED)[39m (0 secs / 31.557 secs)
[1A[2KChrome Headless 150.0.0.0 (Windows 10): Executed 2271 of 3092[31m (9 FAILED)[39m (0 secs / 31.608 secs)
[1A[2KChrome Headless 150.0.0.0 (Windows 10): Executed 2272 of 3092[31m (9 FAILED)[39m (0 secs / 31.657 secs)
[1A[2KChrome Headless 150.0.0.0 (Windows 10): Executed 2273 of 3092[31m (9 FAILED)[39m (0 secs / 31.702 secs)
[1A[2KChrome Headless 150.0.0.0 (Windows 10): Executed 2274 of 3092[31m (9 FAILED)[39m (0 secs / 31.75 secs)
[1A[2KChrome Headless 150.0.0.0 (Windows 10): Executed 2275 of 3092[31m (9 FAILED)[39m (0 secs / 31.797 secs)
[1A[2KChrome Headless 150.0.0.0 (Windows 10): Executed 2276 of 3092[31m (9 FAILED)[39m (0 secs / 31.853 secs)
[1A[2KChrome Headless 150.0.0.0 (Windows 10): Executed 2277 of 3092[31m (9 FAILED)[39m (0 secs / 31.899 secs)
[1A[2KChrome Headless 150.0.0.0 (Windows 10): Executed 2278 of 3092[31m (9 FAILED)[39m (0 secs / 31.945 secs)
[1A[2KChrome Headless 150.0.0.0 (Windows 10): Executed 2279 of 3092[31m (9 FAILED)[39m (0 secs / 31.993 secs)
[1A[2KChrome Headless 150.0.0.0 (Windows 10): Executed 2280 of 3092[31m (9 FAILED)[39m (0 secs / 32.04 secs)
[1A[2KChrome Headless 150.0.0.0 (Windows 10): Executed 2281 of 3092[31m (9 FAILED)[39m (0 secs / 32.085 secs)
[1A[2KChrome Headless 150.0.0.0 (Windows 10): Executed 2282 of 3092[31m (9 FAILED)[39m (0 secs / 32.13 secs)
[1A[2KChrome Headless 150.0.0.0 (Windows 10): Executed 2283 of 3092[31m (9 FAILED)[39m (0 secs / 32.14 secs)
[1A[2KChrome Headless 150.0.0.0 (Windows 10): Executed 2284 of 3092[31m (9 FAILED)[39m (0 secs / 32.141 secs)
[1A[2KChrome Headless 150.0.0.0 (Windows 10): Executed 2285 of 3092[31m (9 FAILED)[39m (0 secs / 32.142 secs)
[1A[2KChrome Headless 150.0.0.0 (Windows 10): Executed 2286 of 3092[31m (9 FAILED)[39m (0 secs / 32.143 secs)
[1A[2KChrome Headless 150.0.0.0 (Windows 10): Executed 2287 of 3092[31m (9 FAILED)[39m (0 secs / 32.144 secs)
[1A[2KChrome Headless 150.0.0.0 (Windows 10): Executed 2288 of 3092[31m (9 FAILED)[39m (0 secs / 32.167 secs)
[1A[2KChrome Headless 150.0.0.0 (Windows 10): Executed 2289 of 3092[31m (9 FAILED)[39m (0 secs / 32.173 secs)
[1A[2KChrome Headless 150.0.0.0 (Windows 10): Executed 2290 of 3092[31m (9 FAILED)[39m (0 secs / 32.174 secs)
[1A[2KChrome Headless 150.0.0.0 (Windows 10): Executed 2291 of 3092[31m (9 FAILED)[39m (0 secs / 32.175 secs)
[1A[2KChrome Headless 150.0.0.0 (Windows 10): Executed 2292 of 3092[31m (9 FAILED)[39m (0 secs / 32.176 secs)
[1A[2KChrome Headless 150.0.0.0 (Windows 10): Executed 2293 of 3092[31m (9 FAILED)[39m (0 secs / 32.177 secs)
[1A[2KChrome Headless 150.0.0.0 (Windows 10): Executed 2294 of 3092[31m (9 FAILED)[39m (0 secs / 32.23 secs)
[1A[2KChrome Headless 150.0.0.0 (Windows 10): Executed 2295 of 3092[31m (9 FAILED)[39m (0 secs / 32.235 secs)
[1A[2KChrome Headless 150.0.0.0 (Windows 10): Executed 2296 of 3092[31m (9 FAILED)[39m (0 secs / 32.24 secs)
[1A[2KChrome Headless 150.0.0.0 (Windows 10): Executed 2297 of 3092[31m (9 FAILED)[39m (0 secs / 32.245 secs)
[1A[2KChrome Headless 150.0.0.0 (Windows 10): Executed 2298 of 3092[31m (9 FAILED)[39m (0 secs / 32.249 secs)
[1A[2KChrome Headless 150.0.0.0 (Windows 10): Executed 2299 of 3092[31m (9 FAILED)[39m (0 secs / 32.254 secs)
[1A[2KChrome Headless 150.0.0.0 (Windows 10): Executed 2300 of 3092[31m (9 FAILED)[39m (0 secs / 32.259 secs)
[1A[2KChrome Headless 150.0.0.0 (Windows 10): Executed 2301 of 3092[31m (9 FAILED)[39m (0 secs / 32.264 secs)
[1A[2KChrome Headless 150.0.0.0 (Windows 10): Executed 2302 of 3092[31m (9 FAILED)[39m (0 secs / 32.308 secs)
[1A[2KChrome Headless 150.0.0.0 (Windows 10): Executed 2303 of 3092[31m (9 FAILED)[39m (0 secs / 32.31 secs)
[1A[2KChrome Headless 150.0.0.0 (Windows 10): Executed 2304 of 3092[31m (9 FAILED)[39m (0 secs / 32.312 secs)
[1A[2KChrome Headless 150.0.0.0 (Windows 10): Executed 2305 of 3092[31m (9 FAILED)[39m (0 secs / 32.313 secs)
[1A[2KChrome Headless 150.0.0.0 (Windows 10): Executed 2306 of 3092[31m (9 FAILED)[39m (0 secs / 32.317 secs)
[1A[2KChrome Headless 150.0.0.0 (Windows 10): Executed 2307 of 3092[31m (9 FAILED)[39m (0 secs / 32.323 secs)
[1A[2KChrome Headless 150.0.0.0 (Windows 10): Executed 2308 of 3092[31m (9 FAILED)[39m (0 secs / 32.327 secs)
[1A[2KChrome Headless 150.0.0.0 (Windows 10): Executed 2309 of 3092[31m (9 FAILED)[39m (0 secs / 32.329 secs)
[1A[2KChrome Headless 150.0.0.0 (Windows 10): Executed 2310 of 3092[31m (9 FAILED)[39m (0 secs / 32.333 secs)
[1A[2KChrome Headless 150.0.0.0 (Windows 10): Executed 2311 of 3092[31m (9 FAILED)[39m (0 secs / 32.337 secs)
[1A[2KChrome Headless 150.0.0.0 (Windows 10): Executed 2312 of 3092[31m (9 FAILED)[39m (0 secs / 32.339 secs)
[1A[2KChrome Headless 150.0.0.0 (Windows 10): Executed 2313 of 3092[31m (9 FAILED)[39m (0 secs / 32.341 secs)
[1A[2KChrome Headless 150.0.0.0 (Windows 10): Executed 2314 of 3092[31m (9 FAILED)[39m (0 secs / 32.343 secs)
[1A[2KChrome Headless 150.0.0.0 (Windows 10): Executed 2315 of 3092[31m (9 FAILED)[39m (0 secs / 32.345 secs)
[1A[2KChrome Headless 150.0.0.0 (Windows 10): Executed 2316 of 3092[31m (9 FAILED)[39m (0 secs / 32.347 secs)
[1A[2KChrome Headless 150.0.0.0 (Windows 10): Executed 2317 of 3092[31m (9 FAILED)[39m (0 secs / 32.349 secs)
[1A[2KChrome Headless 150.0.0.0 (Windows 10): Executed 2318 of 3092[31m (9 FAILED)[39m (0 secs / 32.351 secs)
[1A[2KChrome Headless 150.0.0.0 (Windows 10): Executed 2319 of 3092[31m (9 FAILED)[39m (0 secs / 32.353 secs)
[1A[2KChrome Headless 150.0.0.0 (Windows 10): Executed 2320 of 3092[31m (9 FAILED)[39m (0 secs / 32.355 secs)
[1A[2KChrome Headless 150.0.0.0 (Windows 10): Executed 2321 of 3092[31m (9 FAILED)[39m (0 secs / 32.43 secs)
[1A[2KChrome Headless 150.0.0.0 (Windows 10): Executed 2322 of 3092[31m (9 FAILED)[39m (0 secs / 32.438 secs)
[1A[2KChrome Headless 150.0.0.0 (Windows 10): Executed 2323 of 3092[31m (9 FAILED)[39m (0 secs / 32.445 secs)
[1A[2KChrome Headless 150.0.0.0 (Windows 10): Executed 2324 of 3092[31m (9 FAILED)[39m (0 secs / 32.455 secs)
[1A[2KChrome Headless 150.0.0.0 (Windows 10): Executed 2325 of 3092[31m (9 FAILED)[39m (0 secs / 32.463 secs)
[1A[2KChrome Headless 150.0.0.0 (Windows 10): Executed 2326 of 3092[31m (9 FAILED)[39m (0 secs / 32.47 secs)
[1A[2KChrome Headless 150.0.0.0 (Windows 10): Executed 2327 of 3092[31m (9 FAILED)[39m (0 secs / 32.479 secs)
[1A[2KChrome Headless 150.0.0.0 (Windows 10): Executed 2328 of 3092[31m (9 FAILED)[39m (0 secs / 32.487 secs)
[1A[2KChrome Headless 150.0.0.0 (Windows 10): Executed 2329 of 3092[31m (9 FAILED)[39m (0 secs / 32.496 secs)
[1A[2KChrome Headless 150.0.0.0 (Windows 10): Executed 2330 of 3092[31m (9 FAILED)[39m (0 secs / 32.504 secs)
[1A[2KChrome Headless 150.0.0.0 (Windows 10): Executed 2331 of 3092[31m (9 FAILED)[39m (0 secs / 32.517 secs)
[1A[2KChrome Headless 150.0.0.0 (Windows 10): Executed 2332 of 3092[31m (9 FAILED)[39m (0 secs / 32.545 secs)
[1A[2KChrome Headless 150.0.0.0 (Windows 10): Executed 2333 of 3092[31m (9 FAILED)[39m (0 secs / 32.553 secs)
[1A[2KChrome Headless 150.0.0.0 (Windows 10): Executed 2334 of 3092[31m (9 FAILED)[39m (0 secs / 32.56 secs)
[1A[2KChrome Headless 150.0.0.0 (Windows 10): Executed 2335 of 3092[31m (9 FAILED)[39m (0 secs / 32.568 secs)
[1A[2KChrome Headless 150.0.0.0 (Windows 10): Executed 2336 of 3092[31m (9 FAILED)[39m (0 secs / 32.574 secs)
[1A[2KChrome Headless 150.0.0.0 (Windows 10): Executed 2337 of 3092[31m (9 FAILED)[39m (0 secs / 32.581 secs)
[1A[2KChrome Headless 150.0.0.0 (Windows 10): Executed 2338 of 3092[31m (9 FAILED)[39m (0 secs / 32.588 secs)
[1A[2KChrome Headless 150.0.0.0 (Windows 10): Executed 2339 of 3092[31m (9 FAILED)[39m (0 secs / 32.596 secs)
[1A[2KChrome Headless 150.0.0.0 (Windows 10): Executed 2340 of 3092[31m (9 FAILED)[39m (0 secs / 32.65 secs)
[1A[2KChrome Headless 150.0.0.0 (Windows 10): Executed 2341 of 3092[31m (9 FAILED)[39m (0 secs / 32.652 secs)
[1A[2KChrome Headless 150.0.0.0 (Windows 10): Executed 2342 of 3092[31m (9 FAILED)[39m (0 secs / 32.669 secs)
[1A[2KChrome Headless 150.0.0.0 (Windows 10): Executed 2343 of 3092[31m (9 FAILED)[39m (0 secs / 32.67 secs)
[1A[2KChrome Headless 150.0.0.0 (Windows 10): Executed 2344 of 3092[31m (9 FAILED)[39m (0 secs / 32.671 secs)
[1A[2KChrome Headless 150.0.0.0 (Windows 10): Executed 2345 of 3092[31m (9 FAILED)[39m (0 secs / 32.672 secs)
[1A[2KChrome Headless 150.0.0.0 (Windows 10): Executed 2346 of 3092[31m (9 FAILED)[39m (0 secs / 32.674 secs)
[1A[2KChrome Headless 150.0.0.0 (Windows 10): Executed 2347 of 3092[31m (9 FAILED)[39m (0 secs / 32.675 secs)
[1A[2KChrome Headless 150.0.0.0 (Windows 10): Executed 2348 of 3092[31m (9 FAILED)[39m (0 secs / 32.676 secs)
[1A[2KChrome Headless 150.0.0.0 (Windows 10): Executed 2349 of 3092[31m (9 FAILED)[39m (0 secs / 32.732 secs)
[1A[2KChrome Headless 150.0.0.0 (Windows 10): Executed 2350 of 3092[31m (9 FAILED)[39m (0 secs / 32.734 secs)
[1A[2K[31mChrome Headless 150.0.0.0 (Windows 10) CrearBuffet (Integración) debería renderizar el formulario y manejar el submit correctamente (Happy Path) FAILED[39m
	ɵNotFound: NG0201: No provider found for `_HttpClient`. Source: Standalone[CrearBuffetPage2]. Path: AuthService2 -> PerfilService2 -> _HttpClient. Find more at https://v20.angular.dev/errors/NG0201
	error properties: Object({ code: -201, ngErrorCode: -201, ngErrorMessage: 'No provider found for `_HttpClient`.', ngTokenPath: [ 'AuthService2', 'PerfilService2', '_HttpClient' ] })
	ɵNotFound: NG0201: No provider found for `_HttpClient`. Source: Standalone[CrearBuffetPage2]. Path: AuthService2 -> PerfilService2 -> _HttpClient. Find more at https://v20.angular.dev/errors/NG0201
	    at createRuntimeError (node_modules/@angular/core/fesm2022/root_effect_scheduler.mjs:924:19)
	    at NullInjector.get (node_modules/@angular/core/fesm2022/root_effect_scheduler.mjs:1494:27)
	    at R3Injector.get (node_modules/@angular/core/fesm2022/root_effect_scheduler.mjs:2052:33)
	    at R3Injector.get (node_modules/@angular/core/fesm2022/root_effect_scheduler.mjs:2052:33)
	    at R3Injector.retrieve (node_modules/@angular/core/fesm2022/root_effect_scheduler.mjs:1936:25)
	    at injectInjectorOnly (node_modules/@angular/core/fesm2022/root_effect_scheduler.mjs:1049:39)
	    at ɵɵinject (node_modules/@angular/core/fesm2022/root_effect_scheduler.mjs:1061:42)
	    at inject2 (node_modules/@angular/core/fesm2022/root_effect_scheduler.mjs:1149:12)
	    at PerfilService2.<instance_members_initializer> (src/app/data-access/services/perfil.service.ts:45:27)
	    at new PerfilService2 (src/app/data-access/services/perfil.service.ts:44:8)
Chrome Headless 150.0.0.0 (Windows 10): Executed 2351 of 3092[31m (10 FAILED)[39m (0 secs / 32.839 secs)
[1A[2KChrome Headless 150.0.0.0 (Windows 10): Executed 2352 of 3092[31m (10 FAILED)[39m (0 secs / 32.981 secs)
[1A[2KChrome Headless 150.0.0.0 (Windows 10): Executed 2353 of 3092[31m (10 FAILED)[39m (0 secs / 33.002 secs)
[1A[2KChrome Headless 150.0.0.0 (Windows 10): Executed 2354 of 3092[31m (10 FAILED)[39m (0 secs / 33.007 secs)
[1A[2KChrome Headless 150.0.0.0 (Windows 10): Executed 2355 of 3092[31m (10 FAILED)[39m (0 secs / 33.013 secs)
[1A[2KChrome Headless 150.0.0.0 (Windows 10): Executed 2356 of 3092[31m (10 FAILED)[39m (0 secs / 33.019 secs)
[1A[2KChrome Headless 150.0.0.0 (Windows 10): Executed 2357 of 3092[31m (10 FAILED)[39m (0 secs / 33.036 secs)
[1A[2KChrome Headless 150.0.0.0 (Windows 10): Executed 2358 of 3092[31m (10 FAILED)[39m (0 secs / 33.038 secs)
[1A[2KChrome Headless 150.0.0.0 (Windows 10): Executed 2359 of 3092[31m (10 FAILED)[39m (0 secs / 33.052 secs)
[1A[2KERROR: [36m'Error al enviar la solicitud de registro:', Error: Error 500
Error: Error 500
    at http://localhost:9876/base/src/app/features/registro-colegio/presenter/registro-colegio.presenter.spec.ts:84:66
    at _Observable.init [as _subscribe] (http://localhost:9876/base/node_modules/rxjs/dist/esm/internal/observable/throwError.js:5:51)
    at _Observable._trySubscribe (http://localhost:9876/base/node_modules/rxjs/dist/esm/internal/Observable.js:37:25)
    at http://localhost:9876/base/node_modules/rxjs/dist/esm/internal/Observable.js:31:30
    at errorContext (http://localhost:9876/base/node_modules/rxjs/dist/esm/internal/util/errorContext.js:19:9)
    at _Observable.subscribe (http://localhost:9876/base/node_modules/rxjs/dist/esm/internal/Observable.js:22:9)
    at RegistroColegioPresenter2.enviarSolicitud (http://localhost:9876/base/src/app/features/registro-colegio/presenter/registro-colegio.presenter.ts:25:54)
    at UserContext.<anonymous> (http://localhost:9876/base/src/app/features/registro-colegio/presenter/registro-colegio.presenter.spec.ts:71:17)
    at _ZoneDelegate.invoke (http://localhost:9876/base/node_modules/zone.js/fesm2015/zone.js:398:28)
    at _ProxyZoneSpec.onInvoke (http://localhost:9876/base/node_modules/zone.js/fesm2015/zone-testing.js:2132:39)[39m
Chrome Headless 150.0.0.0 (Windows 10): Executed 2359 of 3092[31m (10 FAILED)[39m (0 secs / 33.052 secs)
ERROR: 'Error al enviar la solicitud de registro:', Error: Error 500
Error: Error 500
    at http://localhost:9876/base/src/app/features/registro-colegio/presenter/registro-colegio.presenter.spec.ts:84:66
    at _Observable.init [as _subscribe] (http://localhost:9876/base/node_modules/rxjs/dist/esm/internal/observable/throwError.js:5:51)
    at _Observable._trySubscribe (http://localhost:9876/base/node_modules/rxjs/dist/esm/internal/Observable.js:37:25)
    at http://localhost:9876/base/node_modules/rxjs/dist/esm/internal/Observable.js:31:30
    at errorContext (http://localhost:9876/base/node_modules/rxjs/dist/esm/internal/util/errorContext.js:19:9)
    at _Observable.subscribe (http://localhost:9876/base/node_modules/rxjs/dist/esm/internal/Observable.js:22:9)
    at RegistroColegioPresenter2.enviarSolicitud (http://localhost:9876/base/src/app/features/registro-colegio/presenter/registro-colegio.presenter.ts:25:54)
    at UserContext.<anonymous> (http://localhost:9876/base/src/app/features/registro-colegio/presenter/registro-colegio.presenter.spec.ts:71:17)
    at _ZoneDelegate.invoke (http://localhost:9876/base/node_modules/zone.js/fesm2015/zone.js:398:28)
    at _ProxyZoneSpec.onInvoke (http://localhost:9876/base/node_modules/zone.js/fesm2015/zone-testing.js:2132:39)
[1A[2KChrome Headless 150.0.0.0 (Windows 10): Executed 2360 of 3092[31m (10 FAILED)[39m (0 secs / 33.054 secs)
[1A[2KChrome Headless 150.0.0.0 (Windows 10): Executed 2361 of 3092[31m (10 FAILED)[39m (0 secs / 33.055 secs)
[1A[2KERROR: [36m'Error al rechazar la solicitud:', Error: API Error
Error: API Error
    at http://localhost:9876/base/src/app/features/recred-admin/presenter/recred-admin.presenter.spec.ts:111:68
    at _Observable.init [as _subscribe] (http://localhost:9876/base/node_modules/rxjs/dist/esm/internal/observable/throwError.js:5:51)
    at _Observable._trySubscribe (http://localhost:9876/base/node_modules/rxjs/dist/esm/internal/Observable.js:37:25)
    at http://localhost:9876/base/node_modules/rxjs/dist/esm/internal/Observable.js:31:30
    at errorContext (http://localhost:9876/base/node_modules/rxjs/dist/esm/internal/util/errorContext.js:19:9)
    at _Observable.subscribe (http://localhost:9876/base/node_modules/rxjs/dist/esm/internal/Observable.js:22:9)
    at RecredAdminPresenter2.rechazar (http://localhost:9876/base/src/app/features/recred-admin/presenter/recred-admin.presenter.ts:51:46)
    at UserContext.<anonymous> (http://localhost:9876/base/src/app/features/recred-admin/presenter/recred-admin.presenter.spec.ts:116:17)
    at _ZoneDelegate.invoke (http://localhost:9876/base/node_modules/zone.js/fesm2015/zone.js:398:28)
    at _ProxyZoneSpec.onInvoke (http://localhost:9876/base/node_modules/zone.js/fesm2015/zone-testing.js:2132:39)[39m
Chrome Headless 150.0.0.0 (Windows 10): Executed 2361 of 3092[31m (10 FAILED)[39m (0 secs / 33.055 secs)
ERROR: 'Error al rechazar la solicitud:', Error: API Error
Error: API Error
    at http://localhost:9876/base/src/app/features/recred-admin/presenter/recred-admin.presenter.spec.ts:111:68
    at _Observable.init [as _subscribe] (http://localhost:9876/base/node_modules/rxjs/dist/esm/internal/observable/throwError.js:5:51)
    at _Observable._trySubscribe (http://localhost:9876/base/node_modules/rxjs/dist/esm/internal/Observable.js:37:25)
    at http://localhost:9876/base/node_modules/rxjs/dist/esm/internal/Observable.js:31:30
    at errorContext (http://localhost:9876/base/node_modules/rxjs/dist/esm/internal/util/errorContext.js:19:9)
    at _Observable.subscribe (http://localhost:9876/base/node_modules/rxjs/dist/esm/internal/Observable.js:22:9)
    at RecredAdminPresenter2.rechazar (http://localhost:9876/base/src/app/features/recred-admin/presenter/recred-admin.presenter.ts:51:46)
    at UserContext.<anonymous> (http://localhost:9876/base/src/app/features/recred-admin/presenter/recred-admin.presenter.spec.ts:116:17)
    at _ZoneDelegate.invoke (http://localhost:9876/base/node_modules/zone.js/fesm2015/zone.js:398:28)
    at _ProxyZoneSpec.onInvoke (http://localhost:9876/base/node_modules/zone.js/fesm2015/zone-testing.js:2132:39)
[1A[2KChrome Headless 150.0.0.0 (Windows 10): Executed 2362 of 3092[31m (10 FAILED)[39m (0 secs / 33.112 secs)
[1A[2KChrome Headless 150.0.0.0 (Windows 10): Executed 2363 of 3092[31m (10 FAILED)[39m (0 secs / 33.113 secs)
[1A[2KERROR: [36m'Error al aprobar la solicitud:', Error: API Error
Error: API Error
    at http://localhost:9876/base/src/app/features/recred-admin/presenter/recred-admin.presenter.spec.ts:79:69
    at _Observable.init [as _subscribe] (http://localhost:9876/base/node_modules/rxjs/dist/esm/internal/observable/throwError.js:5:51)
    at _Observable._trySubscribe (http://localhost:9876/base/node_modules/rxjs/dist/esm/internal/Observable.js:37:25)
    at http://localhost:9876/base/node_modules/rxjs/dist/esm/internal/Observable.js:31:30
    at errorContext (http://localhost:9876/base/node_modules/rxjs/dist/esm/internal/util/errorContext.js:19:9)
    at _Observable.subscribe (http://localhost:9876/base/node_modules/rxjs/dist/esm/internal/Observable.js:22:9)
    at RecredAdminPresenter2.aprobar (http://localhost:9876/base/src/app/features/recred-admin/presenter/recred-admin.presenter.ts:38:47)
    at UserContext.<anonymous> (http://localhost:9876/base/src/app/features/recred-admin/presenter/recred-admin.presenter.spec.ts:84:17)
    at _ZoneDelegate.invoke (http://localhost:9876/base/node_modules/zone.js/fesm2015/zone.js:398:28)
    at _ProxyZoneSpec.onInvoke (http://localhost:9876/base/node_modules/zone.js/fesm2015/zone-testing.js:2132:39)[39m
Chrome Headless 150.0.0.0 (Windows 10): Executed 2363 of 3092[31m (10 FAILED)[39m (0 secs / 33.113 secs)
ERROR: 'Error al aprobar la solicitud:', Error: API Error
Error: API Error
    at http://localhost:9876/base/src/app/features/recred-admin/presenter/recred-admin.presenter.spec.ts:79:69
    at _Observable.init [as _subscribe] (http://localhost:9876/base/node_modules/rxjs/dist/esm/internal/observable/throwError.js:5:51)
    at _Observable._trySubscribe (http://localhost:9876/base/node_modules/rxjs/dist/esm/internal/Observable.js:37:25)
    at http://localhost:9876/base/node_modules/rxjs/dist/esm/internal/Observable.js:31:30
    at errorContext (http://localhost:9876/base/node_modules/rxjs/dist/esm/internal/util/errorContext.js:19:9)
    at _Observable.subscribe (http://localhost:9876/base/node_modules/rxjs/dist/esm/internal/Observable.js:22:9)
    at RecredAdminPresenter2.aprobar (http://localhost:9876/base/src/app/features/recred-admin/presenter/recred-admin.presenter.ts:38:47)
    at UserContext.<anonymous> (http://localhost:9876/base/src/app/features/recred-admin/presenter/recred-admin.presenter.spec.ts:84:17)
    at _ZoneDelegate.invoke (http://localhost:9876/base/node_modules/zone.js/fesm2015/zone.js:398:28)
    at _ProxyZoneSpec.onInvoke (http://localhost:9876/base/node_modules/zone.js/fesm2015/zone-testing.js:2132:39)
[1A[2KChrome Headless 150.0.0.0 (Windows 10): Executed 2364 of 3092[31m (10 FAILED)[39m (0 secs / 33.115 secs)
[1A[2KChrome Headless 150.0.0.0 (Windows 10): Executed 2365 of 3092[31m (10 FAILED)[39m (0 secs / 33.117 secs)
[1A[2KChrome Headless 150.0.0.0 (Windows 10): Executed 2366 of 3092[31m (10 FAILED)[39m (0 secs / 33.119 secs)
[1A[2KChrome Headless 150.0.0.0 (Windows 10): Executed 2367 of 3092[31m (10 FAILED)[39m (0 secs / 33.121 secs)
[1A[2KChrome Headless 150.0.0.0 (Windows 10): Executed 2368 of 3092[31m (10 FAILED)[39m (0 secs / 33.132 secs)
[1A[2KChrome Headless 150.0.0.0 (Windows 10): Executed 2369 of 3092[31m (10 FAILED)[39m (0 secs / 33.134 secs)
[1A[2KChrome Headless 150.0.0.0 (Windows 10): Executed 2370 of 3092[31m (10 FAILED)[39m (0 secs / 33.136 secs)
[1A[2KChrome Headless 150.0.0.0 (Windows 10): Executed 2371 of 3092[31m (10 FAILED)[39m (0 secs / 33.139 secs)
[1A[2KChrome Headless 150.0.0.0 (Windows 10): Executed 2372 of 3092[31m (10 FAILED)[39m (0 secs / 33.142 secs)
[1A[2KERROR: [36m'Error al obtener resumen de billetera', Error: API Error
Error: API Error
    at http://localhost:9876/base/src/app/features/billetera/billetera.integration.spec.ts:129:67
    at _Observable.init [as _subscribe] (http://localhost:9876/base/node_modules/rxjs/dist/esm/internal/observable/throwError.js:5:51)
    at _Observable._trySubscribe (http://localhost:9876/base/node_modules/rxjs/dist/esm/internal/Observable.js:37:25)
    at http://localhost:9876/base/node_modules/rxjs/dist/esm/internal/Observable.js:31:30
    at errorContext (http://localhost:9876/base/node_modules/rxjs/dist/esm/internal/util/errorContext.js:19:9)
    at _Observable.subscribe (http://localhost:9876/base/node_modules/rxjs/dist/esm/internal/Observable.js:22:9)
    at BilleteraPresenter2.cargarResumen (http://localhost:9876/base/src/app/features/billetera/presenter/billetera.presenter.ts:259:8)
    at BilleteraPresenter2.aplicarRangoFecha (http://localhost:9876/base/src/app/features/billetera/presenter/billetera.presenter.ts:247:10)
    at http://localhost:9876/base/src/app/features/billetera/presenter/billetera.presenter.ts:166:12
    at _ZoneDelegate.invoke (http://localhost:9876/base/node_modules/zone.js/fesm2015/zone.js:398:28)[39m
Chrome Headless 150.0.0.0 (Windows 10): Executed 2372 of 3092[31m (10 FAILED)[39m (0 secs / 33.142 secs)
ERROR: 'Error al obtener resumen de billetera', Error: API Error
Error: API Error
    at http://localhost:9876/base/src/app/features/billetera/billetera.integration.spec.ts:129:67
    at _Observable.init [as _subscribe] (http://localhost:9876/base/node_modules/rxjs/dist/esm/internal/observable/throwError.js:5:51)
    at _Observable._trySubscribe (http://localhost:9876/base/node_modules/rxjs/dist/esm/internal/Observable.js:37:25)
    at http://localhost:9876/base/node_modules/rxjs/dist/esm/internal/Observable.js:31:30
    at errorContext (http://localhost:9876/base/node_modules/rxjs/dist/esm/internal/util/errorContext.js:19:9)
    at _Observable.subscribe (http://localhost:9876/base/node_modules/rxjs/dist/esm/internal/Observable.js:22:9)
    at BilleteraPresenter2.cargarResumen (http://localhost:9876/base/src/app/features/billetera/presenter/billetera.presenter.ts:259:8)
    at BilleteraPresenter2.aplicarRangoFecha (http://localhost:9876/base/src/app/features/billetera/presenter/billetera.presenter.ts:247:10)
    at http://localhost:9876/base/src/app/features/billetera/presenter/billetera.presenter.ts:166:12
    at _ZoneDelegate.invoke (http://localhost:9876/base/node_modules/zone.js/fesm2015/zone.js:398:28)
[1A[2KChrome Headless 150.0.0.0 (Windows 10): Executed 2373 of 3092[31m (10 FAILED)[39m (0 secs / 33.181 secs)
[1A[2KChrome Headless 150.0.0.0 (Windows 10): Executed 2374 of 3092[31m (10 FAILED)[39m (0 secs / 33.199 secs)
[1A[2KChrome Headless 150.0.0.0 (Windows 10): Executed 2375 of 3092[31m (10 FAILED)[39m (0 secs / 33.216 secs)
[1A[2KChrome Headless 150.0.0.0 (Windows 10): Executed 2376 of 3092[31m (10 FAILED)[39m (0 secs / 33.244 secs)
[1A[2KChrome Headless 150.0.0.0 (Windows 10): Executed 2377 of 3092[31m (10 FAILED)[39m (0 secs / 33.246 secs)
[1A[2KChrome Headless 150.0.0.0 (Windows 10): Executed 2378 of 3092[31m (10 FAILED)[39m (0 secs / 33.248 secs)
[1A[2KChrome Headless 150.0.0.0 (Windows 10): Executed 2379 of 3092[31m (10 FAILED)[39m (0 secs / 33.25 secs)
[1A[2KChrome Headless 150.0.0.0 (Windows 10): Executed 2380 of 3092[31m (10 FAILED)[39m (0 secs / 33.308 secs)
[1A[2KChrome Headless 150.0.0.0 (Windows 10): Executed 2381 of 3092[31m (10 FAILED)[39m (0 secs / 33.36 secs)
[1A[2KChrome Headless 150.0.0.0 (Windows 10): Executed 2382 of 3092[31m (10 FAILED)[39m (0 secs / 33.372 secs)
[1A[2KChrome Headless 150.0.0.0 (Windows 10): Executed 2383 of 3092[31m (10 FAILED)[39m (0 secs / 33.375 secs)
[1A[2KChrome Headless 150.0.0.0 (Windows 10): Executed 2384 of 3092[31m (10 FAILED)[39m (0 secs / 33.378 secs)
[1A[2KChrome Headless 150.0.0.0 (Windows 10): Executed 2385 of 3092[31m (10 FAILED)[39m (0 secs / 33.381 secs)
[1A[2KChrome Headless 150.0.0.0 (Windows 10): Executed 2386 of 3092[31m (10 FAILED)[39m (0 secs / 33.384 secs)
[1A[2KChrome Headless 150.0.0.0 (Windows 10): Executed 2387 of 3092[31m (10 FAILED)[39m (0 secs / 33.388 secs)
[1A[2KChrome Headless 150.0.0.0 (Windows 10): Executed 2388 of 3092[31m (10 FAILED)[39m (0 secs / 33.391 secs)
[1A[2KChrome Headless 150.0.0.0 (Windows 10): Executed 2389 of 3092[31m (10 FAILED)[39m (0 secs / 33.416 secs)
[1A[2KChrome Headless 150.0.0.0 (Windows 10): Executed 2390 of 3092[31m (10 FAILED)[39m (0 secs / 33.422 secs)
[1A[2KChrome Headless 150.0.0.0 (Windows 10): Executed 2391 of 3092[31m (10 FAILED)[39m (0 secs / 33.429 secs)
[1A[2KChrome Headless 150.0.0.0 (Windows 10): Executed 2392 of 3092[31m (10 FAILED)[39m (0 secs / 33.439 secs)
[1A[2KChrome Headless 150.0.0.0 (Windows 10): Executed 2393 of 3092[31m (10 FAILED)[39m (0 secs / 33.442 secs)
[1A[2KChrome Headless 150.0.0.0 (Windows 10): Executed 2394 of 3092[31m (10 FAILED)[39m (0 secs / 33.445 secs)
[1A[2KChrome Headless 150.0.0.0 (Windows 10): Executed 2395 of 3092[31m (10 FAILED)[39m (0 secs / 33.448 secs)
[1A[2KChrome Headless 150.0.0.0 (Windows 10): Executed 2396 of 3092[31m (10 FAILED)[39m (0 secs / 33.452 secs)
[1A[2KChrome Headless 150.0.0.0 (Windows 10): Executed 2397 of 3092[31m (10 FAILED)[39m (0 secs / 33.456 secs)
[1A[2KChrome Headless 150.0.0.0 (Windows 10): Executed 2398 of 3092[31m (10 FAILED)[39m (0 secs / 33.459 secs)
[1A[2KChrome Headless 150.0.0.0 (Windows 10): Executed 2399 of 3092[31m (10 FAILED)[39m (0 secs / 33.462 secs)
[1A[2KChrome Headless 150.0.0.0 (Windows 10): Executed 2400 of 3092[31m (10 FAILED)[39m (0 secs / 33.463 secs)
[1A[2KChrome Headless 150.0.0.0 (Windows 10): Executed 2401 of 3092[31m (10 FAILED)[39m (0 secs / 33.464 secs)
[1A[2KChrome Headless 150.0.0.0 (Windows 10): Executed 2402 of 3092[31m (10 FAILED)[39m (0 secs / 33.466 secs)
[1A[2KChrome Headless 150.0.0.0 (Windows 10): Executed 2403 of 3092[31m (10 FAILED)[39m (0 secs / 33.467 secs)
[1A[2KChrome Headless 150.0.0.0 (Windows 10): Executed 2404 of 3092[31m (10 FAILED)[39m (0 secs / 33.469 secs)
[1A[2KChrome Headless 150.0.0.0 (Windows 10): Executed 2405 of 3092[31m (10 FAILED)[39m (0 secs / 33.471 secs)
[1A[2KChrome Headless 150.0.0.0 (Windows 10): Executed 2406 of 3092[31m (10 FAILED)[39m (0 secs / 33.472 secs)
[1A[2KChrome Headless 150.0.0.0 (Windows 10): Executed 2407 of 3092[31m (10 FAILED)[39m (0 secs / 33.474 secs)
[1A[2KChrome Headless 150.0.0.0 (Windows 10): Executed 2408 of 3092[31m (10 FAILED)[39m (0 secs / 33.475 secs)
[1A[2KChrome Headless 150.0.0.0 (Windows 10): Executed 2409 of 3092[31m (10 FAILED)[39m (0 secs / 33.476 secs)
[1A[2KChrome Headless 150.0.0.0 (Windows 10): Executed 2410 of 3092[31m (10 FAILED)[39m (0 secs / 33.477 secs)
[1A[2KChrome Headless 150.0.0.0 (Windows 10): Executed 2411 of 3092[31m (10 FAILED)[39m (0 secs / 33.478 secs)
[1A[2KChrome Headless 150.0.0.0 (Windows 10): Executed 2412 of 3092[31m (10 FAILED)[39m (0 secs / 33.479 secs)
[1A[2KChrome Headless 150.0.0.0 (Windows 10): Executed 2413 of 3092[31m (10 FAILED)[39m (0 secs / 33.481 secs)
[1A[2KChrome Headless 150.0.0.0 (Windows 10): Executed 2414 of 3092[31m (10 FAILED)[39m (0 secs / 33.483 secs)
[1A[2KChrome Headless 150.0.0.0 (Windows 10): Executed 2415 of 3092[31m (10 FAILED)[39m (0 secs / 33.484 secs)
[1A[2KChrome Headless 150.0.0.0 (Windows 10): Executed 2416 of 3092[31m (10 FAILED)[39m (0 secs / 33.486 secs)
[1A[2KChrome Headless 150.0.0.0 (Windows 10): Executed 2417 of 3092[31m (10 FAILED)[39m (0 secs / 33.498 secs)
[1A[2KChrome Headless 150.0.0.0 (Windows 10): Executed 2418 of 3092[31m (10 FAILED)[39m (0 secs / 33.501 secs)
[1A[2KChrome Headless 150.0.0.0 (Windows 10): Executed 2419 of 3092[31m (10 FAILED)[39m (0 secs / 33.502 secs)
[1A[2KChrome Headless 150.0.0.0 (Windows 10): Executed 2420 of 3092[31m (10 FAILED)[39m (0 secs / 33.503 secs)
[1A[2KChrome Headless 150.0.0.0 (Windows 10): Executed 2421 of 3092[31m (10 FAILED)[39m (0 secs / 33.504 secs)
[1A[2KChrome Headless 150.0.0.0 (Windows 10): Executed 2422 of 3092[31m (10 FAILED)[39m (0 secs / 33.505 secs)
[1A[2KChrome Headless 150.0.0.0 (Windows 10): Executed 2423 of 3092[31m (10 FAILED)[39m (0 secs / 33.506 secs)
[1A[2KChrome Headless 150.0.0.0 (Windows 10): Executed 2424 of 3092[31m (10 FAILED)[39m (0 secs / 33.507 secs)
[1A[2KChrome Headless 150.0.0.0 (Windows 10): Executed 2425 of 3092[31m (10 FAILED)[39m (0 secs / 33.508 secs)
[1A[2KChrome Headless 150.0.0.0 (Windows 10): Executed 2426 of 3092[31m (10 FAILED)[39m (0 secs / 33.51 secs)
[1A[2KChrome Headless 150.0.0.0 (Windows 10): Executed 2427 of 3092[31m (10 FAILED)[39m (0 secs / 33.512 secs)
[1A[2KChrome Headless 150.0.0.0 (Windows 10): Executed 2428 of 3092[31m (10 FAILED)[39m (0 secs / 33.536 secs)
[1A[2KChrome Headless 150.0.0.0 (Windows 10): Executed 2429 of 3092[31m (10 FAILED)[39m (0 secs / 33.537 secs)
[1A[2KChrome Headless 150.0.0.0 (Windows 10): Executed 2430 of 3092[31m (10 FAILED)[39m (0 secs / 33.659 secs)
[1A[2KChrome Headless 150.0.0.0 (Windows 10): Executed 2431 of 3092[31m (10 FAILED)[39m (0 secs / 33.675 secs)
[1A[2KChrome Headless 150.0.0.0 (Windows 10): Executed 2432 of 3092[31m (10 FAILED)[39m (0 secs / 33.691 secs)
[1A[2KChrome Headless 150.0.0.0 (Windows 10): Executed 2433 of 3092[31m (10 FAILED)[39m (0 secs / 33.71 secs)
[1A[2KChrome Headless 150.0.0.0 (Windows 10): Executed 2434 of 3092[31m (10 FAILED)[39m (0 secs / 33.725 secs)
[1A[2KChrome Headless 150.0.0.0 (Windows 10): Executed 2435 of 3092[31m (10 FAILED)[39m (0 secs / 33.74 secs)
[1A[2KChrome Headless 150.0.0.0 (Windows 10): Executed 2436 of 3092[31m (10 FAILED)[39m (0 secs / 33.755 secs)
[1A[2KChrome Headless 150.0.0.0 (Windows 10): Executed 2437 of 3092[31m (10 FAILED)[39m (0 secs / 33.773 secs)
[1A[2KChrome Headless 150.0.0.0 (Windows 10): Executed 2438 of 3092[31m (10 FAILED)[39m (0 secs / 33.792 secs)
[1A[2KChrome Headless 150.0.0.0 (Windows 10): Executed 2439 of 3092[31m (10 FAILED)[39m (0 secs / 33.808 secs)
[1A[2KChrome Headless 150.0.0.0 (Windows 10): Executed 2440 of 3092[31m (10 FAILED)[39m (0 secs / 33.824 secs)
[1A[2KChrome Headless 150.0.0.0 (Windows 10): Executed 2441 of 3092[31m (10 FAILED)[39m (0 secs / 33.841 secs)
[1A[2KChrome Headless 150.0.0.0 (Windows 10): Executed 2442 of 3092[31m (10 FAILED)[39m (0 secs / 33.856 secs)
[1A[2KChrome Headless 150.0.0.0 (Windows 10): Executed 2443 of 3092[31m (10 FAILED)[39m (0 secs / 33.871 secs)
[1A[2KChrome Headless 150.0.0.0 (Windows 10): Executed 2444 of 3092[31m (10 FAILED)[39m (0 secs / 33.886 secs)
[1A[2KChrome Headless 150.0.0.0 (Windows 10): Executed 2445 of 3092[31m (10 FAILED)[39m (0 secs / 33.902 secs)
[1A[2KChrome Headless 150.0.0.0 (Windows 10): Executed 2446 of 3092[31m (10 FAILED)[39m (0 secs / 33.918 secs)
[1A[2KChrome Headless 150.0.0.0 (Windows 10): Executed 2447 of 3092[31m (10 FAILED)[39m (0 secs / 33.933 secs)
[1A[2KChrome Headless 150.0.0.0 (Windows 10): Executed 2448 of 3092[31m (10 FAILED)[39m (0 secs / 33.949 secs)
[1A[2KChrome Headless 150.0.0.0 (Windows 10): Executed 2449 of 3092[31m (10 FAILED)[39m (0 secs / 33.964 secs)
[1A[2KChrome Headless 150.0.0.0 (Windows 10): Executed 2450 of 3092[31m (10 FAILED)[39m (0 secs / 33.986 secs)
[1A[2KChrome Headless 150.0.0.0 (Windows 10): Executed 2451 of 3092[31m (10 FAILED)[39m (0 secs / 34 secs)
[1A[2KChrome Headless 150.0.0.0 (Windows 10): Executed 2452 of 3092[31m (10 FAILED)[39m (0 secs / 34.015 secs)
[1A[2KChrome Headless 150.0.0.0 (Windows 10): Executed 2453 of 3092[31m (10 FAILED)[39m (0 secs / 34.03 secs)
[1A[2KChrome Headless 150.0.0.0 (Windows 10): Executed 2454 of 3092[31m (10 FAILED)[39m (0 secs / 34.044 secs)
[1A[2KChrome Headless 150.0.0.0 (Windows 10): Executed 2455 of 3092[31m (10 FAILED)[39m (0 secs / 34.06 secs)
[1A[2KChrome Headless 150.0.0.0 (Windows 10): Executed 2456 of 3092[31m (10 FAILED)[39m (0 secs / 34.075 secs)
[1A[2KChrome Headless 150.0.0.0 (Windows 10): Executed 2457 of 3092[31m (10 FAILED)[39m (0 secs / 34.091 secs)
[1A[2KChrome Headless 150.0.0.0 (Windows 10): Executed 2458 of 3092[31m (10 FAILED)[39m (0 secs / 34.107 secs)
[1A[2KChrome Headless 150.0.0.0 (Windows 10): Executed 2459 of 3092[31m (10 FAILED)[39m (0 secs / 34.123 secs)
[1A[2KChrome Headless 150.0.0.0 (Windows 10): Executed 2460 of 3092[31m (10 FAILED)[39m (0 secs / 34.139 secs)
[1A[2KChrome Headless 150.0.0.0 (Windows 10): Executed 2461 of 3092[31m (10 FAILED)[39m (0 secs / 34.154 secs)
[1A[2KChrome Headless 150.0.0.0 (Windows 10): Executed 2462 of 3092[31m (10 FAILED)[39m (0 secs / 34.169 secs)
[1A[2KChrome Headless 150.0.0.0 (Windows 10): Executed 2463 of 3092[31m (10 FAILED)[39m (0 secs / 34.196 secs)
[1A[2KChrome Headless 150.0.0.0 (Windows 10): Executed 2464 of 3092[31m (10 FAILED)[39m (0 secs / 34.197 secs)
[1A[2KChrome Headless 150.0.0.0 (Windows 10): Executed 2465 of 3092[31m (10 FAILED)[39m (0 secs / 34.199 secs)
[1A[2KChrome Headless 150.0.0.0 (Windows 10): Executed 2466 of 3092[31m (10 FAILED)[39m (0 secs / 34.202 secs)
[1A[2KChrome Headless 150.0.0.0 (Windows 10): Executed 2467 of 3092[31m (10 FAILED)[39m (0 secs / 34.203 secs)
[1A[2KChrome Headless 150.0.0.0 (Windows 10): Executed 2468 of 3092[31m (10 FAILED)[39m (0 secs / 34.208 secs)
[1A[2KChrome Headless 150.0.0.0 (Windows 10): Executed 2469 of 3092[31m (10 FAILED)[39m (0 secs / 34.209 secs)
[1A[2KChrome Headless 150.0.0.0 (Windows 10): Executed 2470 of 3092[31m (10 FAILED)[39m (0 secs / 34.211 secs)
[1A[2KChrome Headless 150.0.0.0 (Windows 10): Executed 2471 of 3092[31m (10 FAILED)[39m (0 secs / 34.212 secs)
[1A[2KChrome Headless 150.0.0.0 (Windows 10): Executed 2472 of 3092[31m (10 FAILED)[39m (0 secs / 34.213 secs)
[1A[2KChrome Headless 150.0.0.0 (Windows 10): Executed 2473 of 3092[31m (10 FAILED)[39m (0 secs / 34.215 secs)
[1A[2KChrome Headless 150.0.0.0 (Windows 10): Executed 2474 of 3092[31m (10 FAILED)[39m (0 secs / 34.217 secs)
[1A[2KChrome Headless 150.0.0.0 (Windows 10): Executed 2475 of 3092[31m (10 FAILED)[39m (0 secs / 34.219 secs)
[1A[2KChrome Headless 150.0.0.0 (Windows 10): Executed 2476 of 3092[31m (10 FAILED)[39m (0 secs / 34.22 secs)
[1A[2KChrome Headless 150.0.0.0 (Windows 10): Executed 2477 of 3092[31m (10 FAILED)[39m (0 secs / 34.238 secs)
[1A[2KChrome Headless 150.0.0.0 (Windows 10): Executed 2478 of 3092[31m (10 FAILED)[39m (0 secs / 34.24 secs)
[1A[2KChrome Headless 150.0.0.0 (Windows 10): Executed 2479 of 3092[31m (10 FAILED)[39m (0 secs / 34.242 secs)
[1A[2KChrome Headless 150.0.0.0 (Windows 10): Executed 2480 of 3092[31m (10 FAILED)[39m (0 secs / 34.243 secs)
[1A[2KChrome Headless 150.0.0.0 (Windows 10): Executed 2481 of 3092[31m (10 FAILED)[39m (0 secs / 34.244 secs)
[1A[2KChrome Headless 150.0.0.0 (Windows 10): Executed 2482 of 3092[31m (10 FAILED)[39m (0 secs / 34.245 secs)
[1A[2KChrome Headless 150.0.0.0 (Windows 10): Executed 2483 of 3092[31m (10 FAILED)[39m (0 secs / 34.246 secs)
[1A[2KChrome Headless 150.0.0.0 (Windows 10): Executed 2484 of 3092[31m (10 FAILED)[39m (0 secs / 34.248 secs)
[1A[2KChrome Headless 150.0.0.0 (Windows 10): Executed 2485 of 3092[31m (10 FAILED)[39m (0 secs / 34.249 secs)
[1A[2KChrome Headless 150.0.0.0 (Windows 10): Executed 2486 of 3092[31m (10 FAILED)[39m (0 secs / 34.25 secs)
[1A[2KChrome Headless 150.0.0.0 (Windows 10): Executed 2487 of 3092[31m (10 FAILED)[39m (0 secs / 34.251 secs)
[1A[2KChrome Headless 150.0.0.0 (Windows 10): Executed 2488 of 3092[31m (10 FAILED)[39m (0 secs / 34.253 secs)
[1A[2KChrome Headless 150.0.0.0 (Windows 10): Executed 2489 of 3092[31m (10 FAILED)[39m (0 secs / 34.254 secs)
[1A[2KChrome Headless 150.0.0.0 (Windows 10): Executed 2490 of 3092[31m (10 FAILED)[39m (0 secs / 34.255 secs)
[1A[2KChrome Headless 150.0.0.0 (Windows 10): Executed 2491 of 3092[31m (10 FAILED)[39m (0 secs / 34.256 secs)
[1A[2KChrome Headless 150.0.0.0 (Windows 10): Executed 2492 of 3092[31m (10 FAILED)[39m (0 secs / 34.257 secs)
[1A[2KChrome Headless 150.0.0.0 (Windows 10): Executed 2493 of 3092[31m (10 FAILED)[39m (0 secs / 34.258 secs)
[1A[2KChrome Headless 150.0.0.0 (Windows 10): Executed 2494 of 3092[31m (10 FAILED)[39m (0 secs / 34.26 secs)
[1A[2KChrome Headless 150.0.0.0 (Windows 10): Executed 2495 of 3092[31m (10 FAILED)[39m (0 secs / 34.262 secs)
[1A[2KChrome Headless 150.0.0.0 (Windows 10): Executed 2496 of 3092[31m (10 FAILED)[39m (0 secs / 34.263 secs)
[1A[2KChrome Headless 150.0.0.0 (Windows 10): Executed 2497 of 3092[31m (10 FAILED)[39m (0 secs / 34.264 secs)
[1A[2KChrome Headless 150.0.0.0 (Windows 10): Executed 2498 of 3092[31m (10 FAILED)[39m (0 secs / 34.265 secs)
[1A[2KChrome Headless 150.0.0.0 (Windows 10): Executed 2499 of 3092[31m (10 FAILED)[39m (0 secs / 34.266 secs)
[1A[2KChrome Headless 150.0.0.0 (Windows 10): Executed 2500 of 3092[31m (10 FAILED)[39m (0 secs / 34.268 secs)
[1A[2KChrome Headless 150.0.0.0 (Windows 10): Executed 2501 of 3092[31m (10 FAILED)[39m (0 secs / 34.283 secs)
[1A[2KChrome Headless 150.0.0.0 (Windows 10): Executed 2502 of 3092[31m (10 FAILED)[39m (0 secs / 34.286 secs)
[1A[2KChrome Headless 150.0.0.0 (Windows 10): Executed 2503 of 3092[31m (10 FAILED)[39m (0 secs / 34.291 secs)
[1A[2KChrome Headless 150.0.0.0 (Windows 10): Executed 2504 of 3092[31m (10 FAILED)[39m (0 secs / 34.293 secs)
[1A[2KChrome Headless 150.0.0.0 (Windows 10): Executed 2505 of 3092[31m (10 FAILED)[39m (0 secs / 34.296 secs)
[1A[2KChrome Headless 150.0.0.0 (Windows 10): Executed 2506 of 3092[31m (10 FAILED)[39m (0 secs / 34.299 secs)
[1A[2KChrome Headless 150.0.0.0 (Windows 10): Executed 2507 of 3092[31m (10 FAILED)[39m (0 secs / 34.302 secs)
[1A[2KChrome Headless 150.0.0.0 (Windows 10): Executed 2508 of 3092[31m (10 FAILED)[39m (0 secs / 34.316 secs)
[1A[2KChrome Headless 150.0.0.0 (Windows 10): Executed 2509 of 3092[31m (10 FAILED)[39m (0 secs / 34.317 secs)
[1A[2KChrome Headless 150.0.0.0 (Windows 10): Executed 2510 of 3092[31m (10 FAILED)[39m (0 secs / 34.322 secs)
[1A[2KChrome Headless 150.0.0.0 (Windows 10): Executed 2511 of 3092[31m (10 FAILED)[39m (0 secs / 34.326 secs)
[1A[2KChrome Headless 150.0.0.0 (Windows 10): Executed 2512 of 3092[31m (10 FAILED)[39m (0 secs / 34.329 secs)
[1A[2KChrome Headless 150.0.0.0 (Windows 10): Executed 2513 of 3092[31m (10 FAILED)[39m (0 secs / 34.351 secs)
[1A[2KChrome Headless 150.0.0.0 (Windows 10): Executed 2514 of 3092[31m (10 FAILED)[39m (0 secs / 34.353 secs)
[1A[2KChrome Headless 150.0.0.0 (Windows 10): Executed 2515 of 3092[31m (10 FAILED)[39m (0 secs / 34.354 secs)
[1A[2KChrome Headless 150.0.0.0 (Windows 10): Executed 2516 of 3092[31m (10 FAILED)[39m (0 secs / 34.356 secs)
[1A[2KChrome Headless 150.0.0.0 (Windows 10): Executed 2517 of 3092[31m (10 FAILED)[39m (0 secs / 34.357 secs)
[1A[2KChrome Headless 150.0.0.0 (Windows 10): Executed 2518 of 3092[31m (10 FAILED)[39m (0 secs / 34.358 secs)
[1A[2KChrome Headless 150.0.0.0 (Windows 10): Executed 2519 of 3092[31m (10 FAILED)[39m (0 secs / 34.393 secs)
[1A[2K[31mChrome Headless 150.0.0.0 (Windows 10) CrearBuffetPage render deberia mostrar el titulo "Registrar Nuevo Buffet/Kiosco" FAILED[39m
	ɵNotFound: NG0201: No provider found for `_HttpClient`. Source: DynamicTestModule. Path: AuthService2 -> PerfilService2 -> _HttpClient. Find more at https://v20.angular.dev/errors/NG0201
	error properties: Object({ code: -201, ngErrorCode: -201, ngErrorMessage: 'No provider found for `_HttpClient`.', ngTokenPath: [ 'AuthService2', 'PerfilService2', '_HttpClient' ] })
	ɵNotFound: NG0201: No provider found for `_HttpClient`. Source: DynamicTestModule. Path: AuthService2 -> PerfilService2 -> _HttpClient. Find more at https://v20.angular.dev/errors/NG0201
	    at createRuntimeError (node_modules/@angular/core/fesm2022/root_effect_scheduler.mjs:924:19)
	    at NullInjector.get (node_modules/@angular/core/fesm2022/root_effect_scheduler.mjs:1494:27)
	    at R3Injector.get (node_modules/@angular/core/fesm2022/root_effect_scheduler.mjs:2052:33)
	    at R3Injector.get (node_modules/@angular/core/fesm2022/root_effect_scheduler.mjs:2052:33)
	    at R3Injector.retrieve (node_modules/@angular/core/fesm2022/root_effect_scheduler.mjs:1936:25)
	    at injectInjectorOnly (node_modules/@angular/core/fesm2022/root_effect_scheduler.mjs:1049:39)
	    at ɵɵinject (node_modules/@angular/core/fesm2022/root_effect_scheduler.mjs:1061:42)
	    at inject2 (node_modules/@angular/core/fesm2022/root_effect_scheduler.mjs:1149:12)
	    at PerfilService2.<instance_members_initializer> (src/app/data-access/services/perfil.service.ts:45:27)
	    at new PerfilService2 (src/app/data-access/services/perfil.service.ts:44:8)
Chrome Headless 150.0.0.0 (Windows 10): Executed 2520 of 3092[31m (11 FAILED)[39m (0 secs / 34.413 secs)
[1A[2K[31mChrome Headless 150.0.0.0 (Windows 10) CrearBuffetPage ngOnInit dado que no hay ningun state, deberia navegar al dashboard directivo FAILED[39m
	ɵNotFound: NG0201: No provider found for `_HttpClient`. Source: DynamicTestModule. Path: AuthService2 -> PerfilService2 -> _HttpClient. Find more at https://v20.angular.dev/errors/NG0201
	error properties: Object({ code: -201, ngErrorCode: -201, ngErrorMessage: 'No provider found for `_HttpClient`.', ngTokenPath: [ 'AuthService2', 'PerfilService2', '_HttpClient' ] })
	ɵNotFound: NG0201: No provider found for `_HttpClient`. Source: DynamicTestModule. Path: AuthService2 -> PerfilService2 -> _HttpClient. Find more at https://v20.angular.dev/errors/NG0201
	    at createRuntimeError (node_modules/@angular/core/fesm2022/root_effect_scheduler.mjs:924:19)
	    at NullInjector.get (node_modules/@angular/core/fesm2022/root_effect_scheduler.mjs:1494:27)
	    at R3Injector.get (node_modules/@angular/core/fesm2022/root_effect_scheduler.mjs:2052:33)
	    at R3Injector.get (node_modules/@angular/core/fesm2022/root_effect_scheduler.mjs:2052:33)
	    at R3Injector.retrieve (node_modules/@angular/core/fesm2022/root_effect_scheduler.mjs:1936:25)
	    at injectInjectorOnly (node_modules/@angular/core/fesm2022/root_effect_scheduler.mjs:1049:39)
	    at ɵɵinject (node_modules/@angular/core/fesm2022/root_effect_scheduler.mjs:1061:42)
	    at inject2 (node_modules/@angular/core/fesm2022/root_effect_scheduler.mjs:1149:12)
	    at PerfilService2.<instance_members_initializer> (src/app/data-access/services/perfil.service.ts:45:27)
	    at new PerfilService2 (src/app/data-access/services/perfil.service.ts:44:8)
Chrome Headless 150.0.0.0 (Windows 10): Executed 2521 of 3092[31m (12 FAILED)[39m (0 secs / 34.416 secs)
[1A[2K[31mChrome Headless 150.0.0.0 (Windows 10) CrearBuffetPage ngOnInit dado un state en history con schoolId, deberia tomarlo FAILED[39m
	ɵNotFound: NG0201: No provider found for `_HttpClient`. Source: DynamicTestModule. Path: AuthService2 -> PerfilService2 -> _HttpClient. Find more at https://v20.angular.dev/errors/NG0201
	error properties: Object({ code: -201, ngErrorCode: -201, ngErrorMessage: 'No provider found for `_HttpClient`.', ngTokenPath: [ 'AuthService2', 'PerfilService2', '_HttpClient' ] })
	ɵNotFound: NG0201: No provider found for `_HttpClient`. Source: DynamicTestModule. Path: AuthService2 -> PerfilService2 -> _HttpClient. Find more at https://v20.angular.dev/errors/NG0201
	    at createRuntimeError (node_modules/@angular/core/fesm2022/root_effect_scheduler.mjs:924:19)
	    at NullInjector.get (node_modules/@angular/core/fesm2022/root_effect_scheduler.mjs:1494:27)
	    at R3Injector.get (node_modules/@angular/core/fesm2022/root_effect_scheduler.mjs:2052:33)
	    at R3Injector.get (node_modules/@angular/core/fesm2022/root_effect_scheduler.mjs:2052:33)
	    at R3Injector.retrieve (node_modules/@angular/core/fesm2022/root_effect_scheduler.mjs:1936:25)
	    at injectInjectorOnly (node_modules/@angular/core/fesm2022/root_effect_scheduler.mjs:1049:39)
	    at ɵɵinject (node_modules/@angular/core/fesm2022/root_effect_scheduler.mjs:1061:42)
	    at inject2 (node_modules/@angular/core/fesm2022/root_effect_scheduler.mjs:1149:12)
	    at PerfilService2.<instance_members_initializer> (src/app/data-access/services/perfil.service.ts:45:27)
	    at new PerfilService2 (src/app/data-access/services/perfil.service.ts:44:8)
Chrome Headless 150.0.0.0 (Windows 10): Executed 2522 of 3092[31m (13 FAILED)[39m (0 secs / 34.42 secs)
[1A[2K[31mChrome Headless 150.0.0.0 (Windows 10) CrearBuffetPage ngOnInit dado un state en getCurrentNavigation con schoolId, deberia tomarlo FAILED[39m
	ɵNotFound: NG0201: No provider found for `_HttpClient`. Source: DynamicTestModule. Path: AuthService2 -> PerfilService2 -> _HttpClient. Find more at https://v20.angular.dev/errors/NG0201
	error properties: Object({ code: -201, ngErrorCode: -201, ngErrorMessage: 'No provider found for `_HttpClient`.', ngTokenPath: [ 'AuthService2', 'PerfilService2', '_HttpClient' ] })
	ɵNotFound: NG0201: No provider found for `_HttpClient`. Source: DynamicTestModule. Path: AuthService2 -> PerfilService2 -> _HttpClient. Find more at https://v20.angular.dev/errors/NG0201
	    at createRuntimeError (node_modules/@angular/core/fesm2022/root_effect_scheduler.mjs:924:19)
	    at NullInjector.get (node_modules/@angular/core/fesm2022/root_effect_scheduler.mjs:1494:27)
	    at R3Injector.get (node_modules/@angular/core/fesm2022/root_effect_scheduler.mjs:2052:33)
	    at R3Injector.get (node_modules/@angular/core/fesm2022/root_effect_scheduler.mjs:2052:33)
	    at R3Injector.retrieve (node_modules/@angular/core/fesm2022/root_effect_scheduler.mjs:1936:25)
	    at injectInjectorOnly (node_modules/@angular/core/fesm2022/root_effect_scheduler.mjs:1049:39)
	    at ɵɵinject (node_modules/@angular/core/fesm2022/root_effect_scheduler.mjs:1061:42)
	    at inject2 (node_modules/@angular/core/fesm2022/root_effect_scheduler.mjs:1149:12)
	    at PerfilService2.<instance_members_initializer> (src/app/data-access/services/perfil.service.ts:45:27)
	    at new PerfilService2 (src/app/data-access/services/perfil.service.ts:44:8)
Chrome Headless 150.0.0.0 (Windows 10): Executed 2523 of 3092[31m (14 FAILED)[39m (0 secs / 34.423 secs)
[1A[2K[31mChrome Headless 150.0.0.0 (Windows 10) CrearBuffetPage onSubmit dado sin schoolId, cuando envio el formulario, no deberia llamar al presenter FAILED[39m
	ɵNotFound: NG0201: No provider found for `_HttpClient`. Source: DynamicTestModule. Path: AuthService2 -> PerfilService2 -> _HttpClient. Find more at https://v20.angular.dev/errors/NG0201
	error properties: Object({ code: -201, ngErrorCode: -201, ngErrorMessage: 'No provider found for `_HttpClient`.', ngTokenPath: [ 'AuthService2', 'PerfilService2', '_HttpClient' ] })
	ɵNotFound: NG0201: No provider found for `_HttpClient`. Source: DynamicTestModule. Path: AuthService2 -> PerfilService2 -> _HttpClient. Find more at https://v20.angular.dev/errors/NG0201
	    at createRuntimeError (node_modules/@angular/core/fesm2022/root_effect_scheduler.mjs:924:19)
	    at NullInjector.get (node_modules/@angular/core/fesm2022/root_effect_scheduler.mjs:1494:27)
	    at R3Injector.get (node_modules/@angular/core/fesm2022/root_effect_scheduler.mjs:2052:33)
	    at R3Injector.get (node_modules/@angular/core/fesm2022/root_effect_scheduler.mjs:2052:33)
	    at R3Injector.retrieve (node_modules/@angular/core/fesm2022/root_effect_scheduler.mjs:1936:25)
	    at injectInjectorOnly (node_modules/@angular/core/fesm2022/root_effect_scheduler.mjs:1049:39)
	    at ɵɵinject (node_modules/@angular/core/fesm2022/root_effect_scheduler.mjs:1061:42)
	    at inject2 (node_modules/@angular/core/fesm2022/root_effect_scheduler.mjs:1149:12)
	    at PerfilService2.<instance_members_initializer> (src/app/data-access/services/perfil.service.ts:45:27)
	    at new PerfilService2 (src/app/data-access/services/perfil.service.ts:44:8)
Chrome Headless 150.0.0.0 (Windows 10): Executed 2524 of 3092[31m (15 FAILED)[39m (0 secs / 34.426 secs)
[1A[2K[31mChrome Headless 150.0.0.0 (Windows 10) CrearBuffetPage onSubmit dado un schoolId cargado, cuando envio el formulario, deberia delegar al presenter con esos datos FAILED[39m
	ɵNotFound: NG0201: No provider found for `_HttpClient`. Source: DynamicTestModule. Path: AuthService2 -> PerfilService2 -> _HttpClient. Find more at https://v20.angular.dev/errors/NG0201
	error properties: Object({ code: -201, ngErrorCode: -201, ngErrorMessage: 'No provider found for `_HttpClient`.', ngTokenPath: [ 'AuthService2', 'PerfilService2', '_HttpClient' ] })
	ɵNotFound: NG0201: No provider found for `_HttpClient`. Source: DynamicTestModule. Path: AuthService2 -> PerfilService2 -> _HttpClient. Find more at https://v20.angular.dev/errors/NG0201
	    at createRuntimeError (node_modules/@angular/core/fesm2022/root_effect_scheduler.mjs:924:19)
	    at NullInjector.get (node_modules/@angular/core/fesm2022/root_effect_scheduler.mjs:1494:27)
	    at R3Injector.get (node_modules/@angular/core/fesm2022/root_effect_scheduler.mjs:2052:33)
	    at R3Injector.get (node_modules/@angular/core/fesm2022/root_effect_scheduler.mjs:2052:33)
	    at R3Injector.retrieve (node_modules/@angular/core/fesm2022/root_effect_scheduler.mjs:1936:25)
	    at injectInjectorOnly (node_modules/@angular/core/fesm2022/root_effect_scheduler.mjs:1049:39)
	    at ɵɵinject (node_modules/@angular/core/fesm2022/root_effect_scheduler.mjs:1061:42)
	    at inject2 (node_modules/@angular/core/fesm2022/root_effect_scheduler.mjs:1149:12)
	    at PerfilService2.<instance_members_initializer> (src/app/data-access/services/perfil.service.ts:45:27)
	    at new PerfilService2 (src/app/data-access/services/perfil.service.ts:44:8)
Chrome Headless 150.0.0.0 (Windows 10): Executed 2525 of 3092[31m (16 FAILED)[39m (0 secs / 34.429 secs)
[1A[2KChrome Headless 150.0.0.0 (Windows 10): Executed 2526 of 3092[31m (16 FAILED)[39m (0 secs / 34.442 secs)
[1A[2KChrome Headless 150.0.0.0 (Windows 10): Executed 2527 of 3092[31m (16 FAILED)[39m (0 secs / 34.443 secs)
[1A[2KChrome Headless 150.0.0.0 (Windows 10): Executed 2528 of 3092[31m (16 FAILED)[39m (0 secs / 34.445 secs)
[1A[2KChrome Headless 150.0.0.0 (Windows 10): Executed 2529 of 3092[31m (16 FAILED)[39m (0 secs / 34.446 secs)
[1A[2KChrome Headless 150.0.0.0 (Windows 10): Executed 2530 of 3092[31m (16 FAILED)[39m (0 secs / 34.447 secs)
[1A[2KChrome Headless 150.0.0.0 (Windows 10): Executed 2531 of 3092[31m (16 FAILED)[39m (0 secs / 34.449 secs)
[1A[2KChrome Headless 150.0.0.0 (Windows 10): Executed 2532 of 3092[31m (16 FAILED)[39m (0 secs / 34.451 secs)
[1A[2KChrome Headless 150.0.0.0 (Windows 10): Executed 2533 of 3092[31m (16 FAILED)[39m (0 secs / 34.452 secs)
[1A[2KChrome Headless 150.0.0.0 (Windows 10): Executed 2534 of 3092[31m (16 FAILED)[39m (0 secs / 34.454 secs)
[1A[2KChrome Headless 150.0.0.0 (Windows 10): Executed 2535 of 3092[31m (16 FAILED)[39m (0 secs / 34.455 secs)
[1A[2KChrome Headless 150.0.0.0 (Windows 10): Executed 2536 of 3092[31m (16 FAILED)[39m (0 secs / 34.457 secs)
[1A[2KChrome Headless 150.0.0.0 (Windows 10): Executed 2537 of 3092[31m (16 FAILED)[39m (0 secs / 34.458 secs)
[1A[2KChrome Headless 150.0.0.0 (Windows 10): Executed 2538 of 3092[31m (16 FAILED)[39m (0 secs / 34.46 secs)
[1A[2KChrome Headless 150.0.0.0 (Windows 10): Executed 2539 of 3092[31m (16 FAILED)[39m (0 secs / 34.461 secs)
[1A[2KChrome Headless 150.0.0.0 (Windows 10): Executed 2540 of 3092[31m (16 FAILED)[39m (0 secs / 34.462 secs)
[1A[2KChrome Headless 150.0.0.0 (Windows 10): Executed 2541 of 3092[31m (16 FAILED)[39m (0 secs / 34.462 secs)
[1A[2KChrome Headless 150.0.0.0 (Windows 10): Executed 2542 of 3092[31m (16 FAILED)[39m (0 secs / 34.462 secs)
[1A[2KChrome Headless 150.0.0.0 (Windows 10): Executed 2543 of 3092[31m (16 FAILED)[39m (0 secs / 34.462 secs)
[1A[2KChrome Headless 150.0.0.0 (Windows 10): Executed 2544 of 3092[31m (16 FAILED)[39m (0 secs / 34.463 secs)
[1A[2KChrome Headless 150.0.0.0 (Windows 10): Executed 2545 of 3092[31m (16 FAILED)[39m (0 secs / 34.463 secs)
[1A[2KChrome Headless 150.0.0.0 (Windows 10): Executed 2546 of 3092[31m (16 FAILED)[39m (0 secs / 34.463 secs)
[1A[2KChrome Headless 150.0.0.0 (Windows 10): Executed 2547 of 3092[31m (16 FAILED)[39m (0 secs / 34.463 secs)
[1A[2KChrome Headless 150.0.0.0 (Windows 10): Executed 2548 of 3092[31m (16 FAILED)[39m (0 secs / 34.463 secs)
[1A[2KChrome Headless 150.0.0.0 (Windows 10): Executed 2549 of 3092[31m (16 FAILED)[39m (0 secs / 34.607 secs)
[1A[2KChrome Headless 150.0.0.0 (Windows 10): Executed 2550 of 3092[31m (16 FAILED)[39m (0 secs / 34.631 secs)
[1A[2KChrome Headless 150.0.0.0 (Windows 10): Executed 2551 of 3092[31m (16 FAILED)[39m (0 secs / 34.658 secs)
[1A[2KChrome Headless 150.0.0.0 (Windows 10): Executed 2552 of 3092[31m (16 FAILED)[39m (0 secs / 34.683 secs)
[1A[2KChrome Headless 150.0.0.0 (Windows 10): Executed 2553 of 3092[31m (16 FAILED)[39m (0 secs / 34.791 secs)
[1A[2KChrome Headless 150.0.0.0 (Windows 10): Executed 2554 of 3092[31m (16 FAILED)[39m (0 secs / 34.811 secs)
[1A[2KChrome Headless 150.0.0.0 (Windows 10): Executed 2555 of 3092[31m (16 FAILED)[39m (0 secs / 34.834 secs)
[1A[2KChrome Headless 150.0.0.0 (Windows 10): Executed 2556 of 3092[31m (16 FAILED)[39m (0 secs / 34.856 secs)
[1A[2KChrome Headless 150.0.0.0 (Windows 10): Executed 2557 of 3092[31m (16 FAILED)[39m (0 secs / 34.878 secs)
[1A[2KChrome Headless 150.0.0.0 (Windows 10): Executed 2558 of 3092[31m (16 FAILED)[39m (0 secs / 34.9 secs)
[1A[2KChrome Headless 150.0.0.0 (Windows 10): Executed 2559 of 3092[31m (16 FAILED)[39m (0 secs / 34.922 secs)
[1A[2KChrome Headless 150.0.0.0 (Windows 10): Executed 2560 of 3092[31m (16 FAILED)[39m (0 secs / 34.944 secs)
[1A[2KChrome Headless 150.0.0.0 (Windows 10): Executed 2561 of 3092[31m (16 FAILED)[39m (0 secs / 34.974 secs)
[1A[2KChrome Headless 150.0.0.0 (Windows 10): Executed 2562 of 3092[31m (16 FAILED)[39m (0 secs / 34.981 secs)
[1A[2KChrome Headless 150.0.0.0 (Windows 10): Executed 2563 of 3092[31m (16 FAILED)[39m (0 secs / 34.988 secs)
[1A[2KChrome Headless 150.0.0.0 (Windows 10): Executed 2564 of 3092[31m (16 FAILED)[39m (0 secs / 34.994 secs)
[1A[2KChrome Headless 150.0.0.0 (Windows 10): Executed 2565 of 3092[31m (16 FAILED)[39m (0 secs / 35.001 secs)
[1A[2KChrome Headless 150.0.0.0 (Windows 10): Executed 2566 of 3092[31m (16 FAILED)[39m (0 secs / 35.008 secs)
[1A[2KChrome Headless 150.0.0.0 (Windows 10): Executed 2567 of 3092[31m (16 FAILED)[39m (0 secs / 35.014 secs)
[1A[2KChrome Headless 150.0.0.0 (Windows 10): Executed 2568 of 3092[31m (16 FAILED)[39m (0 secs / 35.021 secs)
[1A[2KChrome Headless 150.0.0.0 (Windows 10): Executed 2569 of 3092[31m (16 FAILED)[39m (0 secs / 35.027 secs)
[1A[2KChrome Headless 150.0.0.0 (Windows 10): Executed 2570 of 3092[31m (16 FAILED)[39m (0 secs / 35.033 secs)
[1A[2KChrome Headless 150.0.0.0 (Windows 10): Executed 2571 of 3092[31m (16 FAILED)[39m (0 secs / 35.04 secs)
[1A[2KChrome Headless 150.0.0.0 (Windows 10): Executed 2572 of 3092[31m (16 FAILED)[39m (0 secs / 35.047 secs)
[1A[2KChrome Headless 150.0.0.0 (Windows 10): Executed 2573 of 3092[31m (16 FAILED)[39m (0 secs / 35.053 secs)
[1A[2KChrome Headless 150.0.0.0 (Windows 10): Executed 2574 of 3092[31m (16 FAILED)[39m (0 secs / 35.06 secs)
[1A[2KChrome Headless 150.0.0.0 (Windows 10): Executed 2575 of 3092[31m (16 FAILED)[39m (0 secs / 35.066 secs)
[1A[2KChrome Headless 150.0.0.0 (Windows 10): Executed 2576 of 3092[31m (16 FAILED)[39m (0 secs / 35.072 secs)
[1A[2KChrome Headless 150.0.0.0 (Windows 10): Executed 2577 of 3092[31m (16 FAILED)[39m (0 secs / 35.079 secs)
[1A[2KChrome Headless 150.0.0.0 (Windows 10): Executed 2578 of 3092[31m (16 FAILED)[39m (0 secs / 35.085 secs)
[1A[2KChrome Headless 150.0.0.0 (Windows 10): Executed 2579 of 3092[31m (16 FAILED)[39m (0 secs / 35.092 secs)
[1A[2KChrome Headless 150.0.0.0 (Windows 10): Executed 2580 of 3092[31m (16 FAILED)[39m (0 secs / 35.098 secs)
[1A[2KChrome Headless 150.0.0.0 (Windows 10): Executed 2581 of 3092[31m (16 FAILED)[39m (0 secs / 35.106 secs)
[1A[2KChrome Headless 150.0.0.0 (Windows 10): Executed 2582 of 3092[31m (16 FAILED)[39m (0 secs / 35.112 secs)
[1A[2KChrome Headless 150.0.0.0 (Windows 10): Executed 2583 of 3092[31m (16 FAILED)[39m (0 secs / 35.119 secs)
[1A[2KChrome Headless 150.0.0.0 (Windows 10): Executed 2584 of 3092[31m (16 FAILED)[39m (0 secs / 35.125 secs)
[1A[2KChrome Headless 150.0.0.0 (Windows 10): Executed 2585 of 3092[31m (16 FAILED)[39m (0 secs / 35.131 secs)
[1A[2KChrome Headless 150.0.0.0 (Windows 10): Executed 2586 of 3092[31m (16 FAILED)[39m (0 secs / 35.138 secs)
[1A[2KChrome Headless 150.0.0.0 (Windows 10): Executed 2587 of 3092[31m (16 FAILED)[39m (0 secs / 35.144 secs)
[1A[2KChrome Headless 150.0.0.0 (Windows 10): Executed 2588 of 3092[31m (16 FAILED)[39m (0 secs / 35.15 secs)
[1A[2KChrome Headless 150.0.0.0 (Windows 10): Executed 2589 of 3092[31m (16 FAILED)[39m (0 secs / 35.157 secs)
[1A[2KChrome Headless 150.0.0.0 (Windows 10): Executed 2590 of 3092[31m (16 FAILED)[39m (0 secs / 35.163 secs)
[1A[2KChrome Headless 150.0.0.0 (Windows 10): Executed 2591 of 3092[31m (16 FAILED)[39m (0 secs / 35.169 secs)
[1A[2KChrome Headless 150.0.0.0 (Windows 10): Executed 2592 of 3092[31m (16 FAILED)[39m (0 secs / 35.172 secs)
[1A[2KChrome Headless 150.0.0.0 (Windows 10): Executed 2593 of 3092[31m (16 FAILED)[39m (0 secs / 35.174 secs)
[1A[2KChrome Headless 150.0.0.0 (Windows 10): Executed 2594 of 3092[31m (16 FAILED)[39m (0 secs / 35.175 secs)
[1A[2KChrome Headless 150.0.0.0 (Windows 10): Executed 2595 of 3092[31m (16 FAILED)[39m (0 secs / 35.177 secs)
[1A[2KChrome Headless 150.0.0.0 (Windows 10): Executed 2596 of 3092[31m (16 FAILED)[39m (0 secs / 35.178 secs)
[1A[2KChrome Headless 150.0.0.0 (Windows 10): Executed 2597 of 3092[31m (16 FAILED)[39m (0 secs / 35.179 secs)
[1A[2KChrome Headless 150.0.0.0 (Windows 10): Executed 2598 of 3092[31m (16 FAILED)[39m (0 secs / 35.181 secs)
[1A[2KChrome Headless 150.0.0.0 (Windows 10): Executed 2599 of 3092[31m (16 FAILED)[39m (0 secs / 35.182 secs)
[1A[2KChrome Headless 150.0.0.0 (Windows 10): Executed 2600 of 3092[31m (16 FAILED)[39m (0 secs / 35.183 secs)
[1A[2KChrome Headless 150.0.0.0 (Windows 10): Executed 2601 of 3092[31m (16 FAILED)[39m (0 secs / 35.185 secs)
[1A[2KChrome Headless 150.0.0.0 (Windows 10): Executed 2602 of 3092[31m (16 FAILED)[39m (0 secs / 35.186 secs)
[1A[2KERROR: [36m'[AcreditarMercadoPago] error cargando', Error: billetera boom
Error: billetera boom
    at http://localhost:9876/base/src/app/features/acreditar-mercado-pago/presenter/acreditar-mercado-pago.presenter.spec.ts:166:26
    at _Observable.init [as _subscribe] (http://localhost:9876/base/node_modules/rxjs/dist/esm/internal/observable/throwError.js:5:51)
    at _Observable._trySubscribe (http://localhost:9876/base/node_modules/rxjs/dist/esm/internal/Observable.js:37:25)
    at http://localhost:9876/base/node_modules/rxjs/dist/esm/internal/Observable.js:31:30
    at errorContext (http://localhost:9876/base/node_modules/rxjs/dist/esm/internal/util/errorContext.js:19:9)
    at _Observable.subscribe (http://localhost:9876/base/node_modules/rxjs/dist/esm/internal/Observable.js:22:9)
    at http://localhost:9876/base/node_modules/rxjs/dist/esm/internal/firstValueFrom.js:21:16
    at new ZoneAwarePromise (http://localhost:9876/base/node_modules/zone.js/fesm2015/zone.js:2701:25)
    at firstValueFrom (http://localhost:9876/base/node_modules/rxjs/dist/esm/internal/firstValueFrom.js:5:12)
    at AcreditarMercadoPagoPresenter2.<anonymous> (http://localhost:9876/base/src/app/features/acreditar-mercado-pago/presenter/acreditar-mercado-pago.presenter.ts:62:29)[39m
Chrome Headless 150.0.0.0 (Windows 10): Executed 2602 of 3092[31m (16 FAILED)[39m (0 secs / 35.186 secs)
ERROR: '[AcreditarMercadoPago] error cargando', Error: billetera boom
Error: billetera boom
    at http://localhost:9876/base/src/app/features/acreditar-mercado-pago/presenter/acreditar-mercado-pago.presenter.spec.ts:166:26
    at _Observable.init [as _subscribe] (http://localhost:9876/base/node_modules/rxjs/dist/esm/internal/observable/throwError.js:5:51)
    at _Observable._trySubscribe (http://localhost:9876/base/node_modules/rxjs/dist/esm/internal/Observable.js:37:25)
    at http://localhost:9876/base/node_modules/rxjs/dist/esm/internal/Observable.js:31:30
    at errorContext (http://localhost:9876/base/node_modules/rxjs/dist/esm/internal/util/errorContext.js:19:9)
    at _Observable.subscribe (http://localhost:9876/base/node_modules/rxjs/dist/esm/internal/Observable.js:22:9)
    at http://localhost:9876/base/node_modules/rxjs/dist/esm/internal/firstValueFrom.js:21:16
    at new ZoneAwarePromise (http://localhost:9876/base/node_modules/zone.js/fesm2015/zone.js:2701:25)
    at firstValueFrom (http://localhost:9876/base/node_modules/rxjs/dist/esm/internal/firstValueFrom.js:5:12)
    at AcreditarMercadoPagoPresenter2.<anonymous> (http://localhost:9876/base/src/app/features/acreditar-mercado-pago/presenter/acreditar-mercado-pago.presenter.ts:62:29)
[1A[2KChrome Headless 150.0.0.0 (Windows 10): Executed 2603 of 3092[31m (16 FAILED)[39m (0 secs / 35.187 secs)
[1A[2KChrome Headless 150.0.0.0 (Windows 10): Executed 2604 of 3092[31m (16 FAILED)[39m (0 secs / 35.188 secs)
[1A[2KERROR: [36m'[AcreditarMercadoPago] error cargando', Error: red caida
Error: red caida
    at http://localhost:9876/base/src/app/features/acreditar-mercado-pago/presenter/acreditar-mercado-pago.presenter.spec.ts:152:55
    at Generator.next (<anonymous>)
    at http://localhost:9876/base/chunk-HBW54YOI.js:67:61
    at new ZoneAwarePromise (http://localhost:9876/base/node_modules/zone.js/fesm2015/zone.js:2701:25)
    at __async (http://localhost:9876/base/chunk-HBW54YOI.js:51:10)
    at UserContext.<anonymous> (http://localhost:9876/base/src/app/features/acreditar-mercado-pago/presenter/acreditar-mercado-pago.presenter.spec.ts:151:119)
    at _ZoneDelegate.invoke (http://localhost:9876/base/node_modules/zone.js/fesm2015/zone.js:398:28)
    at _ProxyZoneSpec.onInvoke (http://localhost:9876/base/node_modules/zone.js/fesm2015/zone-testing.js:2132:39)
    at _ZoneDelegate.invoke (http://localhost:9876/base/node_modules/zone.js/fesm2015/zone.js:397:34)
    at ZoneImpl.run (http://localhost:9876/base/node_modules/zone.js/fesm2015/zone.js:113:43)[39m
Chrome Headless 150.0.0.0 (Windows 10): Executed 2604 of 3092[31m (16 FAILED)[39m (0 secs / 35.188 secs)
ERROR: '[AcreditarMercadoPago] error cargando', Error: red caida
Error: red caida
    at http://localhost:9876/base/src/app/features/acreditar-mercado-pago/presenter/acreditar-mercado-pago.presenter.spec.ts:152:55
    at Generator.next (<anonymous>)
    at http://localhost:9876/base/chunk-HBW54YOI.js:67:61
    at new ZoneAwarePromise (http://localhost:9876/base/node_modules/zone.js/fesm2015/zone.js:2701:25)
    at __async (http://localhost:9876/base/chunk-HBW54YOI.js:51:10)
    at UserContext.<anonymous> (http://localhost:9876/base/src/app/features/acreditar-mercado-pago/presenter/acreditar-mercado-pago.presenter.spec.ts:151:119)
    at _ZoneDelegate.invoke (http://localhost:9876/base/node_modules/zone.js/fesm2015/zone.js:398:28)
    at _ProxyZoneSpec.onInvoke (http://localhost:9876/base/node_modules/zone.js/fesm2015/zone-testing.js:2132:39)
    at _ZoneDelegate.invoke (http://localhost:9876/base/node_modules/zone.js/fesm2015/zone.js:397:34)
    at ZoneImpl.run (http://localhost:9876/base/node_modules/zone.js/fesm2015/zone.js:113:43)
[1A[2KChrome Headless 150.0.0.0 (Windows 10): Executed 2605 of 3092[31m (16 FAILED)[39m (0 secs / 35.19 secs)
[1A[2KChrome Headless 150.0.0.0 (Windows 10): Executed 2606 of 3092[31m (16 FAILED)[39m (0 secs / 35.191 secs)
[1A[2KChrome Headless 150.0.0.0 (Windows 10): Executed 2607 of 3092[31m (16 FAILED)[39m (0 secs / 35.201 secs)
[1A[2KChrome Headless 150.0.0.0 (Windows 10): Executed 2608 of 3092[31m (16 FAILED)[39m (0 secs / 35.202 secs)
[1A[2KChrome Headless 150.0.0.0 (Windows 10): Executed 2609 of 3092[31m (16 FAILED)[39m (0 secs / 35.203 secs)
[1A[2KChrome Headless 150.0.0.0 (Windows 10): Executed 2610 of 3092[31m (16 FAILED)[39m (0 secs / 35.204 secs)
[1A[2KChrome Headless 150.0.0.0 (Windows 10): Executed 2611 of 3092[31m (16 FAILED)[39m (0 secs / 35.206 secs)
[1A[2KChrome Headless 150.0.0.0 (Windows 10): Executed 2612 of 3092[31m (16 FAILED)[39m (0 secs / 35.207 secs)
[1A[2KChrome Headless 150.0.0.0 (Windows 10): Executed 2613 of 3092[31m (16 FAILED)[39m (0 secs / 35.208 secs)
[1A[2KChrome Headless 150.0.0.0 (Windows 10): Executed 2614 of 3092[31m (16 FAILED)[39m (0 secs / 35.21 secs)
[1A[2KChrome Headless 150.0.0.0 (Windows 10): Executed 2615 of 3092[31m (16 FAILED)[39m (0 secs / 35.212 secs)
[1A[2KChrome Headless 150.0.0.0 (Windows 10): Executed 2616 of 3092[31m (16 FAILED)[39m (0 secs / 35.213 secs)
[1A[2KChrome Headless 150.0.0.0 (Windows 10): Executed 2617 of 3092[31m (16 FAILED)[39m (0 secs / 35.214 secs)
[1A[2KChrome Headless 150.0.0.0 (Windows 10): Executed 2618 of 3092[31m (16 FAILED)[39m (0 secs / 35.221 secs)
[1A[2KChrome Headless 150.0.0.0 (Windows 10): Executed 2619 of 3092[31m (16 FAILED)[39m (0 secs / 35.222 secs)
[1A[2KChrome Headless 150.0.0.0 (Windows 10): Executed 2620 of 3092[31m (16 FAILED)[39m (0 secs / 35.223 secs)
[1A[2KChrome Headless 150.0.0.0 (Windows 10): Executed 2621 of 3092[31m (16 FAILED)[39m (0 secs / 35.224 secs)
[1A[2KChrome Headless 150.0.0.0 (Windows 10): Executed 2622 of 3092[31m (16 FAILED)[39m (0 secs / 35.226 secs)
[1A[2KChrome Headless 150.0.0.0 (Windows 10): Executed 2623 of 3092[31m (16 FAILED)[39m (0 secs / 35.227 secs)
[1A[2KChrome Headless 150.0.0.0 (Windows 10): Executed 2624 of 3092[31m (16 FAILED)[39m (0 secs / 35.229 secs)
[1A[2KChrome Headless 150.0.0.0 (Windows 10): Executed 2625 of 3092[31m (16 FAILED)[39m (0 secs / 35.231 secs)
[1A[2KChrome Headless 150.0.0.0 (Windows 10): Executed 2626 of 3092[31m (16 FAILED)[39m (0 secs / 35.232 secs)
[1A[2KChrome Headless 150.0.0.0 (Windows 10): Executed 2627 of 3092[31m (16 FAILED)[39m (0 secs / 35.233 secs)
[1A[2KChrome Headless 150.0.0.0 (Windows 10): Executed 2628 of 3092[31m (16 FAILED)[39m (0 secs / 35.235 secs)
[1A[2KChrome Headless 150.0.0.0 (Windows 10): Executed 2629 of 3092[31m (16 FAILED)[39m (0 secs / 35.236 secs)
[1A[2KChrome Headless 150.0.0.0 (Windows 10): Executed 2630 of 3092[31m (16 FAILED)[39m (0 secs / 35.237 secs)
[1A[2KChrome Headless 150.0.0.0 (Windows 10): Executed 2631 of 3092[31m (16 FAILED)[39m (0 secs / 35.248 secs)
[1A[2KChrome Headless 150.0.0.0 (Windows 10): Executed 2632 of 3092[31m (16 FAILED)[39m (0 secs / 35.25 secs)
[1A[2KChrome Headless 150.0.0.0 (Windows 10): Executed 2633 of 3092[31m (16 FAILED)[39m (0 secs / 35.253 secs)
[1A[2KChrome Headless 150.0.0.0 (Windows 10): Executed 2634 of 3092[31m (16 FAILED)[39m (0 secs / 35.255 secs)
[1A[2KChrome Headless 150.0.0.0 (Windows 10): Executed 2635 of 3092[31m (16 FAILED)[39m (0 secs / 35.273 secs)
[1A[2KChrome Headless 150.0.0.0 (Windows 10): Executed 2636 of 3092[31m (16 FAILED)[39m (0 secs / 35.28 secs)
[1A[2KChrome Headless 150.0.0.0 (Windows 10): Executed 2637 of 3092[31m (16 FAILED)[39m (0 secs / 35.293 secs)
[1A[2KChrome Headless 150.0.0.0 (Windows 10): Executed 2638 of 3092[31m (16 FAILED)[39m (0 secs / 35.301 secs)
[1A[2KChrome Headless 150.0.0.0 (Windows 10): Executed 2639 of 3092[31m (16 FAILED)[39m (0 secs / 35.308 secs)
[1A[2KChrome Headless 150.0.0.0 (Windows 10): Executed 2640 of 3092[31m (16 FAILED)[39m (0 secs / 35.366 secs)
[1A[2KChrome Headless 150.0.0.0 (Windows 10): Executed 2641 of 3092[31m (16 FAILED)[39m (0 secs / 35.38 secs)
[1A[2KChrome Headless 150.0.0.0 (Windows 10): Executed 2642 of 3092[31m (16 FAILED)[39m (0 secs / 35.401 secs)
[1A[2KChrome Headless 150.0.0.0 (Windows 10): Executed 2643 of 3092[31m (16 FAILED)[39m (0 secs / 35.406 secs)
[1A[2KChrome Headless 150.0.0.0 (Windows 10): Executed 2644 of 3092[31m (16 FAILED)[39m (0 secs / 35.408 secs)
[1A[2KChrome Headless 150.0.0.0 (Windows 10): Executed 2645 of 3092[31m (16 FAILED)[39m (0 secs / 35.409 secs)
[1A[2KChrome Headless 150.0.0.0 (Windows 10): Executed 2646 of 3092[31m (16 FAILED)[39m (0 secs / 35.411 secs)
[1A[2KChrome Headless 150.0.0.0 (Windows 10): Executed 2647 of 3092[31m (16 FAILED)[39m (0 secs / 35.418 secs)
[1A[2KChrome Headless 150.0.0.0 (Windows 10): Executed 2648 of 3092[31m (16 FAILED)[39m (0 secs / 35.42 secs)
[1A[2KChrome Headless 150.0.0.0 (Windows 10): Executed 2649 of 3092[31m (16 FAILED)[39m (0 secs / 35.421 secs)
[1A[2KChrome Headless 150.0.0.0 (Windows 10): Executed 2650 of 3092[31m (16 FAILED)[39m (0 secs / 35.422 secs)
[1A[2KChrome Headless 150.0.0.0 (Windows 10): Executed 2651 of 3092[31m (16 FAILED)[39m (0 secs / 35.433 secs)
[1A[2KChrome Headless 150.0.0.0 (Windows 10): Executed 2652 of 3092[31m (16 FAILED)[39m (0 secs / 35.434 secs)
[1A[2KChrome Headless 150.0.0.0 (Windows 10): Executed 2653 of 3092[31m (16 FAILED)[39m (0 secs / 35.436 secs)
[1A[2KChrome Headless 150.0.0.0 (Windows 10): Executed 2654 of 3092[31m (16 FAILED)[39m (0 secs / 35.437 secs)
[1A[2KChrome Headless 150.0.0.0 (Windows 10): Executed 2655 of 3092[31m (16 FAILED)[39m (0 secs / 35.439 secs)
[1A[2KChrome Headless 150.0.0.0 (Windows 10): Executed 2656 of 3092[31m (16 FAILED)[39m (0 secs / 35.441 secs)
[1A[2KChrome Headless 150.0.0.0 (Windows 10): Executed 2657 of 3092[31m (16 FAILED)[39m (0 secs / 35.443 secs)
[1A[2KChrome Headless 150.0.0.0 (Windows 10): Executed 2658 of 3092[31m (16 FAILED)[39m (0 secs / 35.444 secs)
[1A[2KChrome Headless 150.0.0.0 (Windows 10): Executed 2659 of 3092[31m (16 FAILED)[39m (0 secs / 35.513 secs)
[1A[2KChrome Headless 150.0.0.0 (Windows 10): Executed 2660 of 3092[31m (16 FAILED)[39m (0 secs / 35.531 secs)
[1A[2KChrome Headless 150.0.0.0 (Windows 10): Executed 2661 of 3092[31m (16 FAILED)[39m (0 secs / 35.55 secs)
[1A[2KChrome Headless 150.0.0.0 (Windows 10): Executed 2662 of 3092[31m (16 FAILED)[39m (0 secs / 35.568 secs)
[1A[2KChrome Headless 150.0.0.0 (Windows 10): Executed 2663 of 3092[31m (16 FAILED)[39m (0 secs / 35.588 secs)
[1A[2KChrome Headless 150.0.0.0 (Windows 10): Executed 2664 of 3092[31m (16 FAILED)[39m (0 secs / 35.606 secs)
[1A[2KChrome Headless 150.0.0.0 (Windows 10): Executed 2665 of 3092[31m (16 FAILED)[39m (0 secs / 35.626 secs)
[1A[2KChrome Headless 150.0.0.0 (Windows 10): Executed 2666 of 3092[31m (16 FAILED)[39m (0 secs / 35.645 secs)
[1A[2KChrome Headless 150.0.0.0 (Windows 10): Executed 2667 of 3092[31m (16 FAILED)[39m (0 secs / 35.663 secs)
[1A[2KChrome Headless 150.0.0.0 (Windows 10): Executed 2668 of 3092[31m (16 FAILED)[39m (0 secs / 35.68 secs)
[1A[2KChrome Headless 150.0.0.0 (Windows 10): Executed 2669 of 3092[31m (16 FAILED)[39m (0 secs / 35.699 secs)
[1A[2KChrome Headless 150.0.0.0 (Windows 10): Executed 2670 of 3092[31m (16 FAILED)[39m (0 secs / 35.719 secs)
[1A[2KChrome Headless 150.0.0.0 (Windows 10): Executed 2671 of 3092[31m (16 FAILED)[39m (0 secs / 35.737 secs)
[1A[2KChrome Headless 150.0.0.0 (Windows 10): Executed 2672 of 3092[31m (16 FAILED)[39m (0 secs / 35.757 secs)
[1A[2KChrome Headless 150.0.0.0 (Windows 10): Executed 2673 of 3092[31m (16 FAILED)[39m (0 secs / 35.775 secs)
[1A[2KChrome Headless 150.0.0.0 (Windows 10): Executed 2674 of 3092[31m (16 FAILED)[39m (0 secs / 35.794 secs)
[1A[2KChrome Headless 150.0.0.0 (Windows 10): Executed 2675 of 3092[31m (16 FAILED)[39m (0 secs / 35.812 secs)
[1A[2KChrome Headless 150.0.0.0 (Windows 10): Executed 2676 of 3092[31m (16 FAILED)[39m (0 secs / 35.83 secs)
[1A[2KChrome Headless 150.0.0.0 (Windows 10): Executed 2677 of 3092[31m (16 FAILED)[39m (0 secs / 35.848 secs)
[1A[2KChrome Headless 150.0.0.0 (Windows 10): Executed 2678 of 3092[31m (16 FAILED)[39m (0 secs / 35.866 secs)
[1A[2KChrome Headless 150.0.0.0 (Windows 10): Executed 2679 of 3092[31m (16 FAILED)[39m (0 secs / 35.884 secs)
[1A[2KChrome Headless 150.0.0.0 (Windows 10): Executed 2680 of 3092[31m (16 FAILED)[39m (0 secs / 35.904 secs)
[1A[2KChrome Headless 150.0.0.0 (Windows 10): Executed 2681 of 3092[31m (16 FAILED)[39m (0 secs / 35.922 secs)
[1A[2KChrome Headless 150.0.0.0 (Windows 10): Executed 2682 of 3092[31m (16 FAILED)[39m (0 secs / 35.941 secs)
[1A[2KChrome Headless 150.0.0.0 (Windows 10): Executed 2683 of 3092[31m (16 FAILED)[39m (0 secs / 35.961 secs)
[1A[2KChrome Headless 150.0.0.0 (Windows 10): Executed 2684 of 3092[31m (16 FAILED)[39m (0 secs / 35.982 secs)
[1A[2KChrome Headless 150.0.0.0 (Windows 10): Executed 2685 of 3092[31m (16 FAILED)[39m (0 secs / 36.002 secs)
[1A[2KChrome Headless 150.0.0.0 (Windows 10): Executed 2686 of 3092[31m (16 FAILED)[39m (0 secs / 36.02 secs)
[1A[2KChrome Headless 150.0.0.0 (Windows 10): Executed 2687 of 3092[31m (16 FAILED)[39m (0 secs / 36.039 secs)
[1A[2KChrome Headless 150.0.0.0 (Windows 10): Executed 2688 of 3092[31m (16 FAILED)[39m (0 secs / 36.059 secs)
[1A[2KChrome Headless 150.0.0.0 (Windows 10): Executed 2689 of 3092[31m (16 FAILED)[39m (0 secs / 36.077 secs)
[1A[2KChrome Headless 150.0.0.0 (Windows 10): Executed 2690 of 3092[31m (16 FAILED)[39m (0 secs / 36.094 secs)
[1A[2KChrome Headless 150.0.0.0 (Windows 10): Executed 2691 of 3092[31m (16 FAILED)[39m (0 secs / 36.113 secs)
[1A[2KChrome Headless 150.0.0.0 (Windows 10): Executed 2692 of 3092[31m (16 FAILED)[39m (0 secs / 36.127 secs)
[1A[2KChrome Headless 150.0.0.0 (Windows 10): Executed 2693 of 3092[31m (16 FAILED)[39m (0 secs / 36.13 secs)
[1A[2KChrome Headless 150.0.0.0 (Windows 10): Executed 2694 of 3092[31m (16 FAILED)[39m (0 secs / 36.133 secs)
[1A[2KChrome Headless 150.0.0.0 (Windows 10): Executed 2695 of 3092[31m (16 FAILED)[39m (0 secs / 36.136 secs)
[1A[2KChrome Headless 150.0.0.0 (Windows 10): Executed 2696 of 3092[31m (16 FAILED)[39m (0 secs / 36.138 secs)
[1A[2KChrome Headless 150.0.0.0 (Windows 10): Executed 2697 of 3092[31m (16 FAILED)[39m (0 secs / 36.141 secs)
[1A[2KChrome Headless 150.0.0.0 (Windows 10): Executed 2698 of 3092[31m (16 FAILED)[39m (0 secs / 36.144 secs)
[1A[2KChrome Headless 150.0.0.0 (Windows 10): Executed 2699 of 3092[31m (16 FAILED)[39m (0 secs / 36.193 secs)
[1A[2KChrome Headless 150.0.0.0 (Windows 10): Executed 2700 of 3092[31m (16 FAILED)[39m (0 secs / 36.204 secs)
[1A[2KChrome Headless 150.0.0.0 (Windows 10): Executed 2701 of 3092[31m (16 FAILED)[39m (0 secs / 36.218 secs)
[1A[2KChrome Headless 150.0.0.0 (Windows 10): Executed 2702 of 3092[31m (16 FAILED)[39m (0 secs / 36.227 secs)
[1A[2KChrome Headless 150.0.0.0 (Windows 10): Executed 2703 of 3092[31m (16 FAILED)[39m (0 secs / 36.236 secs)
[1A[2KChrome Headless 150.0.0.0 (Windows 10): Executed 2704 of 3092[31m (16 FAILED)[39m (0 secs / 36.244 secs)
[1A[2KChrome Headless 150.0.0.0 (Windows 10): Executed 2705 of 3092[31m (16 FAILED)[39m (0 secs / 36.273 secs)
[1A[2KChrome Headless 150.0.0.0 (Windows 10): Executed 2706 of 3092[31m (16 FAILED)[39m (0 secs / 36.299 secs)
[1A[2KChrome Headless 150.0.0.0 (Windows 10): Executed 2707 of 3092[31m (16 FAILED)[39m (0 secs / 36.324 secs)
[1A[2KChrome Headless 150.0.0.0 (Windows 10): Executed 2708 of 3092[31m (16 FAILED)[39m (0 secs / 36.346 secs)
[1A[2KChrome Headless 150.0.0.0 (Windows 10): Executed 2709 of 3092[31m (16 FAILED)[39m (0 secs / 36.353 secs)
[1A[2KChrome Headless 150.0.0.0 (Windows 10): Executed 2710 of 3092[31m (16 FAILED)[39m (0 secs / 36.356 secs)
[1A[2KChrome Headless 150.0.0.0 (Windows 10): Executed 2711 of 3092[31m (16 FAILED)[39m (0 secs / 36.359 secs)
[1A[2KChrome Headless 150.0.0.0 (Windows 10): Executed 2712 of 3092[31m (16 FAILED)[39m (0 secs / 36.368 secs)
[1A[2KChrome Headless 150.0.0.0 (Windows 10): Executed 2713 of 3092[31m (16 FAILED)[39m (0 secs / 36.37 secs)
[1A[2KChrome Headless 150.0.0.0 (Windows 10): Executed 2714 of 3092[31m (16 FAILED)[39m (0 secs / 36.373 secs)
[1A[2KChrome Headless 150.0.0.0 (Windows 10): Executed 2715 of 3092[31m (16 FAILED)[39m (0 secs / 36.399 secs)
[1A[2KChrome Headless 150.0.0.0 (Windows 10): Executed 2716 of 3092[31m (16 FAILED)[39m (0 secs / 36.401 secs)
[1A[2KChrome Headless 150.0.0.0 (Windows 10): Executed 2717 of 3092[31m (16 FAILED)[39m (0 secs / 36.403 secs)
[1A[2KChrome Headless 150.0.0.0 (Windows 10): Executed 2718 of 3092[31m (16 FAILED)[39m (0 secs / 36.405 secs)
[1A[2KChrome Headless 150.0.0.0 (Windows 10): Executed 2719 of 3092[31m (16 FAILED)[39m (0 secs / 36.456 secs)
[1A[2KChrome Headless 150.0.0.0 (Windows 10): Executed 2720 of 3092[31m (16 FAILED)[39m (0 secs / 36.465 secs)
[1A[2KChrome Headless 150.0.0.0 (Windows 10): Executed 2721 of 3092[31m (16 FAILED)[39m (0 secs / 36.475 secs)
[1A[2KChrome Headless 150.0.0.0 (Windows 10): Executed 2722 of 3092[31m (16 FAILED)[39m (0 secs / 36.485 secs)
[1A[2KChrome Headless 150.0.0.0 (Windows 10): Executed 2723 of 3092[31m (16 FAILED)[39m (0 secs / 36.494 secs)
[1A[2KChrome Headless 150.0.0.0 (Windows 10): Executed 2724 of 3092[31m (16 FAILED)[39m (0 secs / 36.503 secs)
[1A[2KChrome Headless 150.0.0.0 (Windows 10): Executed 2725 of 3092[31m (16 FAILED)[39m (0 secs / 36.507 secs)
[1A[2KChrome Headless 150.0.0.0 (Windows 10): Executed 2726 of 3092[31m (16 FAILED)[39m (0 secs / 36.509 secs)
[1A[2KChrome Headless 150.0.0.0 (Windows 10): Executed 2727 of 3092[31m (16 FAILED)[39m (0 secs / 36.513 secs)
[1A[2KChrome Headless 150.0.0.0 (Windows 10): Executed 2728 of 3092[31m (16 FAILED)[39m (0 secs / 36.515 secs)
[1A[2KChrome Headless 150.0.0.0 (Windows 10): Executed 2729 of 3092[31m (16 FAILED)[39m (0 secs / 36.517 secs)
[1A[2KChrome Headless 150.0.0.0 (Windows 10): Executed 2730 of 3092[31m (16 FAILED)[39m (0 secs / 36.518 secs)
[1A[2KChrome Headless 150.0.0.0 (Windows 10): Executed 2731 of 3092[31m (16 FAILED)[39m (0 secs / 36.519 secs)
[1A[2KChrome Headless 150.0.0.0 (Windows 10): Executed 2732 of 3092[31m (16 FAILED)[39m (0 secs / 36.52 secs)
[1A[2KChrome Headless 150.0.0.0 (Windows 10): Executed 2733 of 3092[31m (16 FAILED)[39m (0 secs / 36.537 secs)
[1A[2KChrome Headless 150.0.0.0 (Windows 10): Executed 2734 of 3092[31m (16 FAILED)[39m (0 secs / 36.54 secs)
[1A[2KChrome Headless 150.0.0.0 (Windows 10): Executed 2735 of 3092[31m (16 FAILED)[39m (0 secs / 36.543 secs)
[1A[2KChrome Headless 150.0.0.0 (Windows 10): Executed 2736 of 3092[31m (16 FAILED)[39m (0 secs / 36.546 secs)
[1A[2KChrome Headless 150.0.0.0 (Windows 10): Executed 2737 of 3092[31m (16 FAILED)[39m (0 secs / 36.548 secs)
[1A[2KChrome Headless 150.0.0.0 (Windows 10): Executed 2738 of 3092[31m (16 FAILED)[39m (0 secs / 36.551 secs)
[1A[2KChrome Headless 150.0.0.0 (Windows 10): Executed 2739 of 3092[31m (16 FAILED)[39m (0 secs / 36.553 secs)
[1A[2KChrome Headless 150.0.0.0 (Windows 10): Executed 2740 of 3092[31m (16 FAILED)[39m (0 secs / 36.567 secs)
[1A[2KChrome Headless 150.0.0.0 (Windows 10): Executed 2741 of 3092[31m (16 FAILED)[39m (0 secs / 36.579 secs)
[1A[2KChrome Headless 150.0.0.0 (Windows 10): Executed 2742 of 3092[31m (16 FAILED)[39m (0 secs / 36.581 secs)
[1A[2KChrome Headless 150.0.0.0 (Windows 10): Executed 2743 of 3092[31m (16 FAILED)[39m (0 secs / 36.594 secs)
[1A[2KChrome Headless 150.0.0.0 (Windows 10): Executed 2744 of 3092[31m (16 FAILED)[39m (0 secs / 36.603 secs)
[1A[2KChrome Headless 150.0.0.0 (Windows 10): Executed 2745 of 3092[31m (16 FAILED)[39m (0 secs / 36.612 secs)
[1A[2KChrome Headless 150.0.0.0 (Windows 10): Executed 2746 of 3092[31m (16 FAILED)[39m (0 secs / 36.614 secs)
[1A[2KChrome Headless 150.0.0.0 (Windows 10): Executed 2747 of 3092[31m (16 FAILED)[39m (0 secs / 36.617 secs)
[1A[2KChrome Headless 150.0.0.0 (Windows 10): Executed 2748 of 3092[31m (16 FAILED)[39m (0 secs / 36.628 secs)
[1A[2KChrome Headless 150.0.0.0 (Windows 10): Executed 2749 of 3092[31m (16 FAILED)[39m (0 secs / 36.631 secs)
[1A[2KChrome Headless 150.0.0.0 (Windows 10): Executed 2750 of 3092[31m (16 FAILED)[39m (0 secs / 36.639 secs)
[1A[2KChrome Headless 150.0.0.0 (Windows 10): Executed 2751 of 3092[31m (16 FAILED)[39m (0 secs / 36.641 secs)
[1A[2KChrome Headless 150.0.0.0 (Windows 10): Executed 2752 of 3092[31m (16 FAILED)[39m (0 secs / 36.642 secs)
[1A[2KChrome Headless 150.0.0.0 (Windows 10): Executed 2753 of 3092[31m (16 FAILED)[39m (0 secs / 36.643 secs)
[1A[2KChrome Headless 150.0.0.0 (Windows 10): Executed 2754 of 3092[31m (16 FAILED)[39m (0 secs / 36.653 secs)
[1A[2KChrome Headless 150.0.0.0 (Windows 10): Executed 2755 of 3092[31m (16 FAILED)[39m (0 secs / 36.654 secs)
[1A[2KChrome Headless 150.0.0.0 (Windows 10): Executed 2756 of 3092[31m (16 FAILED)[39m (0 secs / 36.656 secs)
[1A[2KChrome Headless 150.0.0.0 (Windows 10): Executed 2757 of 3092[31m (16 FAILED)[39m (0 secs / 36.657 secs)
[1A[2KChrome Headless 150.0.0.0 (Windows 10): Executed 2758 of 3092[31m (16 FAILED)[39m (0 secs / 36.659 secs)
[1A[2KChrome Headless 150.0.0.0 (Windows 10): Executed 2759 of 3092[31m (16 FAILED)[39m (0 secs / 36.661 secs)
[1A[2KChrome Headless 150.0.0.0 (Windows 10): Executed 2760 of 3092[31m (16 FAILED)[39m (0 secs / 36.667 secs)
[1A[2KChrome Headless 150.0.0.0 (Windows 10): Executed 2761 of 3092[31m (16 FAILED)[39m (0 secs / 36.669 secs)
[1A[2KChrome Headless 150.0.0.0 (Windows 10): Executed 2762 of 3092[31m (16 FAILED)[39m (0 secs / 36.67 secs)
[1A[2KChrome Headless 150.0.0.0 (Windows 10): Executed 2763 of 3092[31m (16 FAILED)[39m (0 secs / 36.672 secs)
[1A[2KChrome Headless 150.0.0.0 (Windows 10): Executed 2764 of 3092[31m (16 FAILED)[39m (0 secs / 36.673 secs)
[1A[2KChrome Headless 150.0.0.0 (Windows 10): Executed 2765 of 3092[31m (16 FAILED)[39m (0 secs / 36.675 secs)
[1A[2KChrome Headless 150.0.0.0 (Windows 10): Executed 2766 of 3092[31m (16 FAILED)[39m (0 secs / 36.677 secs)
[1A[2KChrome Headless 150.0.0.0 (Windows 10): Executed 2767 of 3092[31m (16 FAILED)[39m (0 secs / 36.678 secs)
[1A[2KChrome Headless 150.0.0.0 (Windows 10): Executed 2768 of 3092[31m (16 FAILED)[39m (0 secs / 36.68 secs)
[1A[2KChrome Headless 150.0.0.0 (Windows 10): Executed 2769 of 3092[31m (16 FAILED)[39m (0 secs / 36.684 secs)
[1A[2KChrome Headless 150.0.0.0 (Windows 10): Executed 2770 of 3092[31m (16 FAILED)[39m (0 secs / 36.686 secs)
[1A[2KChrome Headless 150.0.0.0 (Windows 10): Executed 2771 of 3092[31m (16 FAILED)[39m (0 secs / 36.689 secs)
[1A[2KChrome Headless 150.0.0.0 (Windows 10): Executed 2772 of 3092[31m (16 FAILED)[39m (0 secs / 36.692 secs)
[1A[2KChrome Headless 150.0.0.0 (Windows 10): Executed 2773 of 3092[31m (16 FAILED)[39m (0 secs / 36.693 secs)
[1A[2KChrome Headless 150.0.0.0 (Windows 10): Executed 2774 of 3092[31m (16 FAILED)[39m (0 secs / 36.694 secs)
[1A[2KChrome Headless 150.0.0.0 (Windows 10): Executed 2775 of 3092[31m (16 FAILED)[39m (0 secs / 36.696 secs)
[1A[2KChrome Headless 150.0.0.0 (Windows 10): Executed 2776 of 3092[31m (16 FAILED)[39m (0 secs / 36.698 secs)
[1A[2KChrome Headless 150.0.0.0 (Windows 10): Executed 2777 of 3092[31m (16 FAILED)[39m (0 secs / 36.699 secs)
[1A[2KChrome Headless 150.0.0.0 (Windows 10): Executed 2778 of 3092[31m (16 FAILED)[39m (0 secs / 36.701 secs)
[1A[2KChrome Headless 150.0.0.0 (Windows 10): Executed 2779 of 3092[31m (16 FAILED)[39m (0 secs / 36.703 secs)
[1A[2KChrome Headless 150.0.0.0 (Windows 10): Executed 2780 of 3092[31m (16 FAILED)[39m (0 secs / 36.705 secs)
[1A[2KChrome Headless 150.0.0.0 (Windows 10): Executed 2781 of 3092[31m (16 FAILED)[39m (0 secs / 36.706 secs)
[1A[2KChrome Headless 150.0.0.0 (Windows 10): Executed 2782 of 3092[31m (16 FAILED)[39m (0 secs / 36.707 secs)
[1A[2KChrome Headless 150.0.0.0 (Windows 10): Executed 2783 of 3092[31m (16 FAILED)[39m (0 secs / 36.709 secs)
[1A[2KChrome Headless 150.0.0.0 (Windows 10): Executed 2784 of 3092[31m (16 FAILED)[39m (0 secs / 36.711 secs)
[1A[2KChrome Headless 150.0.0.0 (Windows 10): Executed 2785 of 3092[31m (16 FAILED)[39m (0 secs / 36.713 secs)
[1A[2KChrome Headless 150.0.0.0 (Windows 10): Executed 2786 of 3092[31m (16 FAILED)[39m (0 secs / 36.714 secs)
[1A[2KChrome Headless 150.0.0.0 (Windows 10): Executed 2787 of 3092[31m (16 FAILED)[39m (0 secs / 36.715 secs)
[1A[2KChrome Headless 150.0.0.0 (Windows 10): Executed 2788 of 3092[31m (16 FAILED)[39m (0 secs / 36.716 secs)
[1A[2KChrome Headless 150.0.0.0 (Windows 10): Executed 2789 of 3092[31m (16 FAILED)[39m (0 secs / 36.718 secs)
[1A[2KChrome Headless 150.0.0.0 (Windows 10): Executed 2790 of 3092[31m (16 FAILED)[39m (0 secs / 36.72 secs)
[1A[2KChrome Headless 150.0.0.0 (Windows 10): Executed 2791 of 3092[31m (16 FAILED)[39m (0 secs / 36.721 secs)
[1A[2KChrome Headless 150.0.0.0 (Windows 10): Executed 2792 of 3092[31m (16 FAILED)[39m (0 secs / 36.722 secs)
[1A[2KChrome Headless 150.0.0.0 (Windows 10): Executed 2793 of 3092[31m (16 FAILED)[39m (0 secs / 36.724 secs)
[1A[2KChrome Headless 150.0.0.0 (Windows 10): Executed 2794 of 3092[31m (16 FAILED)[39m (0 secs / 36.725 secs)
[1A[2KChrome Headless 150.0.0.0 (Windows 10): Executed 2795 of 3092[31m (16 FAILED)[39m (0 secs / 36.727 secs)
[1A[2KChrome Headless 150.0.0.0 (Windows 10): Executed 2796 of 3092[31m (16 FAILED)[39m (0 secs / 36.729 secs)
[1A[2KChrome Headless 150.0.0.0 (Windows 10): Executed 2797 of 3092[31m (16 FAILED)[39m (0 secs / 36.741 secs)
[1A[2KChrome Headless 150.0.0.0 (Windows 10): Executed 2798 of 3092[31m (16 FAILED)[39m (0 secs / 36.756 secs)
[1A[2KChrome Headless 150.0.0.0 (Windows 10): Executed 2799 of 3092[31m (16 FAILED)[39m (0 secs / 36.759 secs)
[1A[2KChrome Headless 150.0.0.0 (Windows 10): Executed 2800 of 3092[31m (16 FAILED)[39m (0 secs / 36.761 secs)
[1A[2KChrome Headless 150.0.0.0 (Windows 10): Executed 2801 of 3092[31m (16 FAILED)[39m (0 secs / 36.763 secs)
[1A[2KChrome Headless 150.0.0.0 (Windows 10): Executed 2802 of 3092[31m (16 FAILED)[39m (0 secs / 36.765 secs)
[1A[2KChrome Headless 150.0.0.0 (Windows 10): Executed 2803 of 3092[31m (16 FAILED)[39m (0 secs / 36.767 secs)
[1A[2KChrome Headless 150.0.0.0 (Windows 10): Executed 2804 of 3092[31m (16 FAILED)[39m (0 secs / 36.776 secs)
[1A[2KChrome Headless 150.0.0.0 (Windows 10): Executed 2805 of 3092[31m (16 FAILED)[39m (0 secs / 36.778 secs)
[1A[2KChrome Headless 150.0.0.0 (Windows 10): Executed 2806 of 3092[31m (16 FAILED)[39m (0 secs / 36.804 secs)
[1A[2KChrome Headless 150.0.0.0 (Windows 10): Executed 2807 of 3092[31m (16 FAILED)[39m (0 secs / 36.809 secs)
[1A[2KChrome Headless 150.0.0.0 (Windows 10): Executed 2808 of 3092[31m (16 FAILED)[39m (0 secs / 36.814 secs)
[1A[2KChrome Headless 150.0.0.0 (Windows 10): Executed 2809 of 3092[31m (16 FAILED)[39m (0 secs / 36.819 secs)
[1A[2KChrome Headless 150.0.0.0 (Windows 10): Executed 2810 of 3092[31m (16 FAILED)[39m (0 secs / 36.824 secs)
[1A[2KChrome Headless 150.0.0.0 (Windows 10): Executed 2811 of 3092[31m (16 FAILED)[39m (0 secs / 36.835 secs)
[1A[2KChrome Headless 150.0.0.0 (Windows 10): Executed 2812 of 3092[31m (16 FAILED)[39m (0 secs / 36.841 secs)
[1A[2KChrome Headless 150.0.0.0 (Windows 10): Executed 2813 of 3092[31m (16 FAILED)[39m (0 secs / 36.847 secs)
[1A[2KChrome Headless 150.0.0.0 (Windows 10): Executed 2814 of 3092[31m (16 FAILED)[39m (0 secs / 36.916 secs)
[1A[2KChrome Headless 150.0.0.0 (Windows 10): Executed 2815 of 3092[31m (16 FAILED)[39m (0 secs / 36.929 secs)
[1A[2KChrome Headless 150.0.0.0 (Windows 10): Executed 2816 of 3092[31m (16 FAILED)[39m (0 secs / 36.94 secs)
[1A[2KChrome Headless 150.0.0.0 (Windows 10): Executed 2817 of 3092[31m (16 FAILED)[39m (0 secs / 36.951 secs)
[1A[2KChrome Headless 150.0.0.0 (Windows 10): Executed 2818 of 3092[31m (16 FAILED)[39m (0 secs / 36.968 secs)
[1A[2KChrome Headless 150.0.0.0 (Windows 10): Executed 2819 of 3092[31m (16 FAILED)[39m (0 secs / 36.982 secs)
[1A[2KChrome Headless 150.0.0.0 (Windows 10): Executed 2820 of 3092[31m (16 FAILED)[39m (0 secs / 36.993 secs)
[1A[2KChrome Headless 150.0.0.0 (Windows 10): Executed 2821 of 3092[31m (16 FAILED)[39m (0 secs / 37.005 secs)
[1A[2KChrome Headless 150.0.0.0 (Windows 10): Executed 2822 of 3092[31m (16 FAILED)[39m (0 secs / 37.011 secs)
[1A[2KChrome Headless 150.0.0.0 (Windows 10): Executed 2823 of 3092[31m (16 FAILED)[39m (0 secs / 37.017 secs)
[1A[2KChrome Headless 150.0.0.0 (Windows 10): Executed 2824 of 3092[31m (16 FAILED)[39m (0 secs / 37.043 secs)
[1A[2KChrome Headless 150.0.0.0 (Windows 10): Executed 2825 of 3092[31m (16 FAILED)[39m (0 secs / 37.045 secs)
[1A[2KChrome Headless 150.0.0.0 (Windows 10): Executed 2826 of 3092[31m (16 FAILED)[39m (0 secs / 37.047 secs)
[1A[2KChrome Headless 150.0.0.0 (Windows 10): Executed 2827 of 3092[31m (16 FAILED)[39m (0 secs / 37.05 secs)
[1A[2KChrome Headless 150.0.0.0 (Windows 10): Executed 2828 of 3092[31m (16 FAILED)[39m (0 secs / 37.053 secs)
[1A[2KChrome Headless 150.0.0.0 (Windows 10): Executed 2829 of 3092[31m (16 FAILED)[39m (0 secs / 37.056 secs)
[1A[2KChrome Headless 150.0.0.0 (Windows 10): Executed 2830 of 3092[31m (16 FAILED)[39m (0 secs / 37.059 secs)
[1A[2KChrome Headless 150.0.0.0 (Windows 10): Executed 2831 of 3092[31m (16 FAILED)[39m (0 secs / 37.062 secs)
[1A[2KChrome Headless 150.0.0.0 (Windows 10): Executed 2832 of 3092[31m (16 FAILED)[39m (0 secs / 37.065 secs)
[1A[2KChrome Headless 150.0.0.0 (Windows 10): Executed 2833 of 3092[31m (16 FAILED)[39m (0 secs / 37.068 secs)
[1A[2KChrome Headless 150.0.0.0 (Windows 10): Executed 2834 of 3092[31m (16 FAILED)[39m (0 secs / 37.071 secs)
[1A[2KChrome Headless 150.0.0.0 (Windows 10): Executed 2835 of 3092[31m (16 FAILED)[39m (0 secs / 37.074 secs)
[1A[2KChrome Headless 150.0.0.0 (Windows 10): Executed 2836 of 3092[31m (16 FAILED)[39m (0 secs / 37.077 secs)
[1A[2KChrome Headless 150.0.0.0 (Windows 10): Executed 2837 of 3092[31m (16 FAILED)[39m (0 secs / 37.08 secs)
[1A[2KChrome Headless 150.0.0.0 (Windows 10): Executed 2838 of 3092[31m (16 FAILED)[39m (0 secs / 37.083 secs)
[1A[2KChrome Headless 150.0.0.0 (Windows 10): Executed 2839 of 3092[31m (16 FAILED)[39m (0 secs / 37.085 secs)
[1A[2KChrome Headless 150.0.0.0 (Windows 10): Executed 2840 of 3092[31m (16 FAILED)[39m (0 secs / 37.086 secs)
[1A[2KChrome Headless 150.0.0.0 (Windows 10): Executed 2841 of 3092[31m (16 FAILED)[39m (0 secs / 37.088 secs)
[1A[2KChrome Headless 150.0.0.0 (Windows 10): Executed 2842 of 3092[31m (16 FAILED)[39m (0 secs / 37.09 secs)
[1A[2KChrome Headless 150.0.0.0 (Windows 10): Executed 2843 of 3092[31m (16 FAILED)[39m (0 secs / 37.091 secs)
[1A[2KChrome Headless 150.0.0.0 (Windows 10): Executed 2844 of 3092[31m (16 FAILED)[39m (0 secs / 37.092 secs)
[1A[2KChrome Headless 150.0.0.0 (Windows 10): Executed 2845 of 3092[31m (16 FAILED)[39m (0 secs / 37.094 secs)
[1A[2KChrome Headless 150.0.0.0 (Windows 10): Executed 2846 of 3092[31m (16 FAILED)[39m (0 secs / 37.095 secs)
[1A[2KChrome Headless 150.0.0.0 (Windows 10): Executed 2847 of 3092[31m (16 FAILED)[39m (0 secs / 37.1 secs)
[1A[2KChrome Headless 150.0.0.0 (Windows 10): Executed 2848 of 3092[31m (16 FAILED)[39m (0 secs / 37.102 secs)
[1A[2KChrome Headless 150.0.0.0 (Windows 10): Executed 2849 of 3092[31m (16 FAILED)[39m (0 secs / 37.104 secs)
[1A[2KChrome Headless 150.0.0.0 (Windows 10): Executed 2850 of 3092[31m (16 FAILED)[39m (0 secs / 37.106 secs)
[1A[2KChrome Headless 150.0.0.0 (Windows 10): Executed 2851 of 3092[31m (16 FAILED)[39m (0 secs / 37.108 secs)
[1A[2KChrome Headless 150.0.0.0 (Windows 10): Executed 2852 of 3092[31m (16 FAILED)[39m (0 secs / 37.109 secs)
[1A[2KChrome Headless 150.0.0.0 (Windows 10): Executed 2853 of 3092[31m (16 FAILED)[39m (0 secs / 37.111 secs)
[1A[2KChrome Headless 150.0.0.0 (Windows 10): Executed 2854 of 3092[31m (16 FAILED)[39m (0 secs / 37.113 secs)
[1A[2KChrome Headless 150.0.0.0 (Windows 10): Executed 2855 of 3092[31m (16 FAILED)[39m (0 secs / 37.116 secs)
[1A[2KChrome Headless 150.0.0.0 (Windows 10): Executed 2856 of 3092[31m (16 FAILED)[39m (0 secs / 37.118 secs)
[1A[2KChrome Headless 150.0.0.0 (Windows 10): Executed 2857 of 3092[31m (16 FAILED)[39m (0 secs / 37.12 secs)
[1A[2KChrome Headless 150.0.0.0 (Windows 10): Executed 2858 of 3092[31m (16 FAILED)[39m (0 secs / 37.122 secs)
[1A[2KChrome Headless 150.0.0.0 (Windows 10): Executed 2859 of 3092[31m (16 FAILED)[39m (0 secs / 37.124 secs)
[1A[2KChrome Headless 150.0.0.0 (Windows 10): Executed 2860 of 3092[31m (16 FAILED)[39m (0 secs / 37.126 secs)
[1A[2KChrome Headless 150.0.0.0 (Windows 10): Executed 2861 of 3092[31m (16 FAILED)[39m (0 secs / 37.128 secs)
[1A[2KChrome Headless 150.0.0.0 (Windows 10): Executed 2862 of 3092[31m (16 FAILED)[39m (0 secs / 37.13 secs)
[1A[2KChrome Headless 150.0.0.0 (Windows 10): Executed 2863 of 3092[31m (16 FAILED)[39m (0 secs / 37.133 secs)
[1A[2KChrome Headless 150.0.0.0 (Windows 10): Executed 2864 of 3092[31m (16 FAILED)[39m (0 secs / 37.135 secs)
[1A[2KChrome Headless 150.0.0.0 (Windows 10): Executed 2865 of 3092[31m (16 FAILED)[39m (0 secs / 37.136 secs)
[1A[2KChrome Headless 150.0.0.0 (Windows 10): Executed 2866 of 3092[31m (16 FAILED)[39m (0 secs / 37.138 secs)
[1A[2KChrome Headless 150.0.0.0 (Windows 10): Executed 2867 of 3092[31m (16 FAILED)[39m (0 secs / 37.14 secs)
[1A[2KChrome Headless 150.0.0.0 (Windows 10): Executed 2868 of 3092[31m (16 FAILED)[39m (0 secs / 37.142 secs)
[1A[2KChrome Headless 150.0.0.0 (Windows 10): Executed 2869 of 3092[31m (16 FAILED)[39m (0 secs / 37.144 secs)
[1A[2KChrome Headless 150.0.0.0 (Windows 10): Executed 2870 of 3092[31m (16 FAILED)[39m (0 secs / 37.145 secs)
[1A[2KChrome Headless 150.0.0.0 (Windows 10): Executed 2871 of 3092[31m (16 FAILED)[39m (0 secs / 37.147 secs)
[1A[2KChrome Headless 150.0.0.0 (Windows 10): Executed 2872 of 3092[31m (16 FAILED)[39m (0 secs / 37.16 secs)
[1A[2KChrome Headless 150.0.0.0 (Windows 10): Executed 2873 of 3092[31m (16 FAILED)[39m (0 secs / 37.161 secs)
[1A[2KChrome Headless 150.0.0.0 (Windows 10): Executed 2874 of 3092[31m (16 FAILED)[39m (0 secs / 37.162 secs)
[1A[2KChrome Headless 150.0.0.0 (Windows 10): Executed 2875 of 3092[31m (16 FAILED)[39m (0 secs / 37.164 secs)
[1A[2KChrome Headless 150.0.0.0 (Windows 10): Executed 2876 of 3092[31m (16 FAILED)[39m (0 secs / 37.166 secs)
[1A[2KChrome Headless 150.0.0.0 (Windows 10): Executed 2877 of 3092[31m (16 FAILED)[39m (0 secs / 37.167 secs)
[1A[2KChrome Headless 150.0.0.0 (Windows 10): Executed 2878 of 3092[31m (16 FAILED)[39m (0 secs / 37.169 secs)
[1A[2KChrome Headless 150.0.0.0 (Windows 10): Executed 2879 of 3092[31m (16 FAILED)[39m (0 secs / 37.171 secs)
[1A[2KChrome Headless 150.0.0.0 (Windows 10): Executed 2880 of 3092[31m (16 FAILED)[39m (0 secs / 37.178 secs)
[1A[2KChrome Headless 150.0.0.0 (Windows 10): Executed 2881 of 3092[31m (16 FAILED)[39m (0 secs / 37.179 secs)
[1A[2KWARN: [36m'Amplify has not been configured. Please call Amplify.configure() before using this service.'[39m
Chrome Headless 150.0.0.0 (Windows 10): Executed 2881 of 3092[31m (16 FAILED)[39m (0 secs / 37.179 secs)
WARN: 'Amplify has not been configured. Please call Amplify.configure() before using this service.'
[1A[2KChrome Headless 150.0.0.0 (Windows 10): Executed 2882 of 3092[31m (16 FAILED)[39m (0 secs / 37.222 secs)
[1A[2KChrome Headless 150.0.0.0 (Windows 10): Executed 2883 of 3092[31m (16 FAILED)[39m (0 secs / 37.224 secs)
[1A[2KChrome Headless 150.0.0.0 (Windows 10): Executed 2884 of 3092[31m (16 FAILED)[39m (0 secs / 37.226 secs)
[1A[2KChrome Headless 150.0.0.0 (Windows 10): Executed 2885 of 3092[31m (16 FAILED)[39m (0 secs / 37.227 secs)
[1A[2KWARN: [36m'Amplify has not been configured. Please call Amplify.configure() before using this service.'[39m
Chrome Headless 150.0.0.0 (Windows 10): Executed 2885 of 3092[31m (16 FAILED)[39m (0 secs / 37.227 secs)
WARN: 'Amplify has not been configured. Please call Amplify.configure() before using this service.'
[1A[2KERROR: [36m'Error durante el signOut', AuthUserPoolException: Auth UserPool not configured.
AuthUserPoolException: Auth UserPool not configured.
    at http://localhost:9876/base/node_modules/@aws-amplify/core/dist/esm/errors/createAssertionFunction.mjs:8:15
    at assertTokenProviderConfig (http://localhost:9876/base/node_modules/@aws-amplify/core/dist/esm/singleton/Auth/utils/index.mjs:17:5)
    at http://localhost:9876/base/node_modules/@aws-amplify/auth/dist/esm/providers/cognito/apis/signOut.mjs:38:5
    at Generator.next (<anonymous>)
    at http://localhost:9876/base/chunk-HBW54YOI.js:67:61
    at new ZoneAwarePromise (http://localhost:9876/base/node_modules/zone.js/fesm2015/zone.js:2701:25)
    at __async (http://localhost:9876/base/chunk-HBW54YOI.js:51:10)
    at signOut (http://localhost:9876/base/node_modules/@aws-amplify/auth/dist/esm/providers/cognito/apis/signOut.mjs:36:31)
    at AuthService2.<anonymous> (http://localhost:9876/base/src/app/core/auth/services/auth.service.ts:22:13)
    at Generator.next (<anonymous>)[39m
Chrome Headless 150.0.0.0 (Windows 10): Executed 2885 of 3092[31m (16 FAILED)[39m (0 secs / 37.227 secs)
ERROR: 'Error durante el signOut', AuthUserPoolException: Auth UserPool not configured.
AuthUserPoolException: Auth UserPool not configured.
    at http://localhost:9876/base/node_modules/@aws-amplify/core/dist/esm/errors/createAssertionFunction.mjs:8:15
    at assertTokenProviderConfig (http://localhost:9876/base/node_modules/@aws-amplify/core/dist/esm/singleton/Auth/utils/index.mjs:17:5)
    at http://localhost:9876/base/node_modules/@aws-amplify/auth/dist/esm/providers/cognito/apis/signOut.mjs:38:5
    at Generator.next (<anonymous>)
    at http://localhost:9876/base/chunk-HBW54YOI.js:67:61
    at new ZoneAwarePromise (http://localhost:9876/base/node_modules/zone.js/fesm2015/zone.js:2701:25)
    at __async (http://localhost:9876/base/chunk-HBW54YOI.js:51:10)
    at signOut (http://localhost:9876/base/node_modules/@aws-amplify/auth/dist/esm/providers/cognito/apis/signOut.mjs:36:31)
    at AuthService2.<anonymous> (http://localhost:9876/base/src/app/core/auth/services/auth.service.ts:22:13)
    at Generator.next (<anonymous>)
[1A[2KChrome Headless 150.0.0.0 (Windows 10): Executed 2886 of 3092[31m (16 FAILED)[39m (0 secs / 37.229 secs)
[1A[2KChrome Headless 150.0.0.0 (Windows 10): Executed 2887 of 3092[31m (16 FAILED)[39m (0 secs / 37.23 secs)
[1A[2KChrome Headless 150.0.0.0 (Windows 10): Executed 2888 of 3092[31m (16 FAILED)[39m (0 secs / 37.231 secs)
[1A[2KChrome Headless 150.0.0.0 (Windows 10): Executed 2889 of 3092[31m (16 FAILED)[39m (0 secs / 37.305 secs)
[1A[2KChrome Headless 150.0.0.0 (Windows 10): Executed 2890 of 3092[31m (16 FAILED)[39m (0 secs / 37.33 secs)
[1A[2KChrome Headless 150.0.0.0 (Windows 10): Executed 2891 of 3092[31m (16 FAILED)[39m (0 secs / 37.356 secs)
[1A[2KChrome Headless 150.0.0.0 (Windows 10): Executed 2892 of 3092[31m (16 FAILED)[39m (0 secs / 37.381 secs)
[1A[2KChrome Headless 150.0.0.0 (Windows 10): Executed 2893 of 3092[31m (16 FAILED)[39m (0 secs / 37.406 secs)
[1A[2KChrome Headless 150.0.0.0 (Windows 10): Executed 2894 of 3092[31m (16 FAILED)[39m (0 secs / 37.432 secs)
[1A[2KChrome Headless 150.0.0.0 (Windows 10): Executed 2895 of 3092[31m (16 FAILED)[39m (0 secs / 37.458 secs)
[1A[2KChrome Headless 150.0.0.0 (Windows 10): Executed 2896 of 3092[31m (16 FAILED)[39m (0 secs / 37.484 secs)
[1A[2KChrome Headless 150.0.0.0 (Windows 10): Executed 2897 of 3092[31m (16 FAILED)[39m (0 secs / 37.511 secs)
[1A[2KChrome Headless 150.0.0.0 (Windows 10): Executed 2898 of 3092[31m (16 FAILED)[39m (0 secs / 37.539 secs)
[1A[2KChrome Headless 150.0.0.0 (Windows 10): Executed 2899 of 3092[31m (16 FAILED)[39m (0 secs / 37.565 secs)
[1A[2KChrome Headless 150.0.0.0 (Windows 10): Executed 2900 of 3092[31m (16 FAILED)[39m (0 secs / 37.59 secs)
[1A[2KChrome Headless 150.0.0.0 (Windows 10): Executed 2901 of 3092[31m (16 FAILED)[39m (0 secs / 37.616 secs)
[1A[2KChrome Headless 150.0.0.0 (Windows 10): Executed 2902 of 3092[31m (16 FAILED)[39m (0 secs / 37.64 secs)
[1A[2KChrome Headless 150.0.0.0 (Windows 10): Executed 2903 of 3092[31m (16 FAILED)[39m (0 secs / 37.667 secs)
[1A[2KChrome Headless 150.0.0.0 (Windows 10): Executed 2904 of 3092[31m (16 FAILED)[39m (0 secs / 37.694 secs)
[1A[2KChrome Headless 150.0.0.0 (Windows 10): Executed 2905 of 3092[31m (16 FAILED)[39m (0 secs / 37.726 secs)
[1A[2KChrome Headless 150.0.0.0 (Windows 10): Executed 2906 of 3092[31m (16 FAILED)[39m (0 secs / 37.752 secs)
[1A[2KChrome Headless 150.0.0.0 (Windows 10): Executed 2907 of 3092[31m (16 FAILED)[39m (0 secs / 37.777 secs)
[1A[2KChrome Headless 150.0.0.0 (Windows 10): Executed 2908 of 3092[31m (16 FAILED)[39m (0 secs / 37.803 secs)
[1A[2KChrome Headless 150.0.0.0 (Windows 10): Executed 2909 of 3092[31m (16 FAILED)[39m (0 secs / 37.829 secs)
[1A[2KChrome Headless 150.0.0.0 (Windows 10): Executed 2910 of 3092[31m (16 FAILED)[39m (0 secs / 37.853 secs)
[1A[2KChrome Headless 150.0.0.0 (Windows 10): Executed 2911 of 3092[31m (16 FAILED)[39m (0 secs / 37.878 secs)
[1A[2KChrome Headless 150.0.0.0 (Windows 10): Executed 2912 of 3092[31m (16 FAILED)[39m (0 secs / 37.903 secs)
[1A[2KChrome Headless 150.0.0.0 (Windows 10): Executed 2913 of 3092[31m (16 FAILED)[39m (0 secs / 37.928 secs)
[1A[2KChrome Headless 150.0.0.0 (Windows 10): Executed 2914 of 3092[31m (16 FAILED)[39m (0 secs / 37.954 secs)
[1A[2KChrome Headless 150.0.0.0 (Windows 10): Executed 2915 of 3092[31m (16 FAILED)[39m (0 secs / 37.98 secs)
[1A[2KChrome Headless 150.0.0.0 (Windows 10): Executed 2916 of 3092[31m (16 FAILED)[39m (0 secs / 38.007 secs)
[1A[2KChrome Headless 150.0.0.0 (Windows 10): Executed 2917 of 3092[31m (16 FAILED)[39m (0 secs / 38.032 secs)
[1A[2KChrome Headless 150.0.0.0 (Windows 10): Executed 2918 of 3092[31m (16 FAILED)[39m (0 secs / 38.059 secs)
[1A[2KChrome Headless 150.0.0.0 (Windows 10): Executed 2919 of 3092[31m (16 FAILED)[39m (0 secs / 38.085 secs)
[1A[2KChrome Headless 150.0.0.0 (Windows 10): Executed 2920 of 3092[31m (16 FAILED)[39m (0 secs / 38.113 secs)
[1A[2KChrome Headless 150.0.0.0 (Windows 10): Executed 2921 of 3092[31m (16 FAILED)[39m (0 secs / 38.138 secs)
[1A[2KChrome Headless 150.0.0.0 (Windows 10): Executed 2922 of 3092[31m (16 FAILED)[39m (0 secs / 38.164 secs)
[1A[2KChrome Headless 150.0.0.0 (Windows 10): Executed 2923 of 3092[31m (16 FAILED)[39m (0 secs / 38.189 secs)
[1A[2KChrome Headless 150.0.0.0 (Windows 10): Executed 2924 of 3092[31m (16 FAILED)[39m (0 secs / 38.214 secs)
[1A[2KChrome Headless 150.0.0.0 (Windows 10): Executed 2925 of 3092[31m (16 FAILED)[39m (0 secs / 38.24 secs)
[1A[2KChrome Headless 150.0.0.0 (Windows 10): Executed 2926 of 3092[31m (16 FAILED)[39m (0 secs / 38.267 secs)
[1A[2KChrome Headless 150.0.0.0 (Windows 10): Executed 2927 of 3092[31m (16 FAILED)[39m (0 secs / 38.293 secs)
[1A[2KChrome Headless 150.0.0.0 (Windows 10): Executed 2928 of 3092[31m (16 FAILED)[39m (0 secs / 38.317 secs)
[1A[2KChrome Headless 150.0.0.0 (Windows 10): Executed 2929 of 3092[31m (16 FAILED)[39m (0 secs / 38.344 secs)
[1A[2KChrome Headless 150.0.0.0 (Windows 10): Executed 2930 of 3092[31m (16 FAILED)[39m (0 secs / 38.369 secs)
[1A[2KChrome Headless 150.0.0.0 (Windows 10): Executed 2931 of 3092[31m (16 FAILED)[39m (0 secs / 38.393 secs)
[1A[2KChrome Headless 150.0.0.0 (Windows 10): Executed 2932 of 3092[31m (16 FAILED)[39m (0 secs / 38.416 secs)
[1A[2KChrome Headless 150.0.0.0 (Windows 10): Executed 2933 of 3092[31m (16 FAILED)[39m (0 secs / 38.443 secs)
[1A[2KChrome Headless 150.0.0.0 (Windows 10): Executed 2934 of 3092[31m (16 FAILED)[39m (0 secs / 38.468 secs)
[1A[2KChrome Headless 150.0.0.0 (Windows 10): Executed 2935 of 3092[31m (16 FAILED)[39m (0 secs / 38.494 secs)
[1A[2KChrome Headless 150.0.0.0 (Windows 10): Executed 2936 of 3092[31m (16 FAILED)[39m (0 secs / 38.52 secs)
[1A[2KChrome Headless 150.0.0.0 (Windows 10): Executed 2937 of 3092[31m (16 FAILED)[39m (0 secs / 38.545 secs)
[1A[2KChrome Headless 150.0.0.0 (Windows 10): Executed 2938 of 3092[31m (16 FAILED)[39m (0 secs / 38.569 secs)
[1A[2KChrome Headless 150.0.0.0 (Windows 10): Executed 2939 of 3092[31m (16 FAILED)[39m (0 secs / 38.595 secs)
[1A[2KChrome Headless 150.0.0.0 (Windows 10): Executed 2940 of 3092[31m (16 FAILED)[39m (0 secs / 38.621 secs)
[1A[2KChrome Headless 150.0.0.0 (Windows 10): Executed 2941 of 3092[31m (16 FAILED)[39m (0 secs / 38.645 secs)
[1A[2KChrome Headless 150.0.0.0 (Windows 10): Executed 2942 of 3092[31m (16 FAILED)[39m (0 secs / 38.671 secs)
[1A[2KChrome Headless 150.0.0.0 (Windows 10): Executed 2943 of 3092[31m (16 FAILED)[39m (0 secs / 38.696 secs)
[1A[2KChrome Headless 150.0.0.0 (Windows 10): Executed 2944 of 3092[31m (16 FAILED)[39m (0 secs / 38.722 secs)
[1A[2KChrome Headless 150.0.0.0 (Windows 10): Executed 2945 of 3092[31m (16 FAILED)[39m (0 secs / 38.747 secs)
[1A[2KChrome Headless 150.0.0.0 (Windows 10): Executed 2946 of 3092[31m (16 FAILED)[39m (0 secs / 38.773 secs)
[1A[2KChrome Headless 150.0.0.0 (Windows 10): Executed 2947 of 3092[31m (16 FAILED)[39m (0 secs / 38.799 secs)
[1A[2KChrome Headless 150.0.0.0 (Windows 10): Executed 2948 of 3092[31m (16 FAILED)[39m (0 secs / 38.822 secs)
[1A[2KChrome Headless 150.0.0.0 (Windows 10): Executed 2949 of 3092[31m (16 FAILED)[39m (0 secs / 38.847 secs)
[1A[2KChrome Headless 150.0.0.0 (Windows 10): Executed 2950 of 3092[31m (16 FAILED)[39m (0 secs / 38.871 secs)
[1A[2KChrome Headless 150.0.0.0 (Windows 10): Executed 2951 of 3092[31m (16 FAILED)[39m (0 secs / 38.896 secs)
[1A[2KChrome Headless 150.0.0.0 (Windows 10): Executed 2952 of 3092[31m (16 FAILED)[39m (0 secs / 38.919 secs)
[1A[2KChrome Headless 150.0.0.0 (Windows 10): Executed 2953 of 3092[31m (16 FAILED)[39m (0 secs / 38.945 secs)
[1A[2KChrome Headless 150.0.0.0 (Windows 10): Executed 2954 of 3092[31m (16 FAILED)[39m (0 secs / 38.97 secs)
[1A[2KChrome Headless 150.0.0.0 (Windows 10): Executed 2955 of 3092[31m (16 FAILED)[39m (0 secs / 38.995 secs)
[1A[2KChrome Headless 150.0.0.0 (Windows 10): Executed 2956 of 3092[31m (16 FAILED)[39m (0 secs / 39 secs)
[1A[2KChrome Headless 150.0.0.0 (Windows 10): Executed 2957 of 3092[31m (16 FAILED)[39m (0 secs / 39.001 secs)
[1A[2KChrome Headless 150.0.0.0 (Windows 10): Executed 2958 of 3092[31m (16 FAILED)[39m (0 secs / 39.002 secs)
[1A[2KChrome Headless 150.0.0.0 (Windows 10): Executed 2959 of 3092[31m (16 FAILED)[39m (0 secs / 39.003 secs)
[1A[2KChrome Headless 150.0.0.0 (Windows 10): Executed 2960 of 3092[31m (16 FAILED)[39m (0 secs / 39.005 secs)
[1A[2KChrome Headless 150.0.0.0 (Windows 10): Executed 2961 of 3092[31m (16 FAILED)[39m (0 secs / 39.007 secs)
[1A[2KChrome Headless 150.0.0.0 (Windows 10): Executed 2962 of 3092[31m (16 FAILED)[39m (0 secs / 39.008 secs)
[1A[2KChrome Headless 150.0.0.0 (Windows 10): Executed 2963 of 3092[31m (16 FAILED)[39m (0 secs / 39.009 secs)
[1A[2KChrome Headless 150.0.0.0 (Windows 10): Executed 2964 of 3092[31m (16 FAILED)[39m (0 secs / 39.011 secs)
[1A[2KChrome Headless 150.0.0.0 (Windows 10): Executed 2965 of 3092[31m (16 FAILED)[39m (0 secs / 39.012 secs)
[1A[2KChrome Headless 150.0.0.0 (Windows 10): Executed 2966 of 3092[31m (16 FAILED)[39m (0 secs / 39.013 secs)
[1A[2KChrome Headless 150.0.0.0 (Windows 10): Executed 2967 of 3092[31m (16 FAILED)[39m (0 secs / 39.027 secs)
[1A[2KChrome Headless 150.0.0.0 (Windows 10): Executed 2968 of 3092[31m (16 FAILED)[39m (0 secs / 39.029 secs)
[1A[2KChrome Headless 150.0.0.0 (Windows 10): Executed 2969 of 3092[31m (16 FAILED)[39m (0 secs / 39.031 secs)
[1A[2KChrome Headless 150.0.0.0 (Windows 10): Executed 2970 of 3092[31m (16 FAILED)[39m (0 secs / 39.034 secs)
[1A[2KChrome Headless 150.0.0.0 (Windows 10): Executed 2971 of 3092[31m (16 FAILED)[39m (0 secs / 39.035 secs)
[1A[2KChrome Headless 150.0.0.0 (Windows 10): Executed 2972 of 3092[31m (16 FAILED)[39m (0 secs / 39.036 secs)
[1A[2KChrome Headless 150.0.0.0 (Windows 10): Executed 2973 of 3092[31m (16 FAILED)[39m (0 secs / 39.038 secs)
[1A[2KChrome Headless 150.0.0.0 (Windows 10): Executed 2974 of 3092[31m (16 FAILED)[39m (0 secs / 39.04 secs)
[1A[2KChrome Headless 150.0.0.0 (Windows 10): Executed 2975 of 3092[31m (16 FAILED)[39m (0 secs / 39.042 secs)
[1A[2KChrome Headless 150.0.0.0 (Windows 10): Executed 2976 of 3092[31m (16 FAILED)[39m (0 secs / 39.044 secs)
[1A[2KChrome Headless 150.0.0.0 (Windows 10): Executed 2977 of 3092[31m (16 FAILED)[39m (0 secs / 39.045 secs)
[1A[2KChrome Headless 150.0.0.0 (Windows 10): Executed 2978 of 3092[31m (16 FAILED)[39m (0 secs / 39.047 secs)
[1A[2KChrome Headless 150.0.0.0 (Windows 10): Executed 2979 of 3092[31m (16 FAILED)[39m (0 secs / 39.055 secs)
[1A[2KChrome Headless 150.0.0.0 (Windows 10): Executed 2980 of 3092[31m (16 FAILED)[39m (0 secs / 39.058 secs)
[1A[2KChrome Headless 150.0.0.0 (Windows 10): Executed 2981 of 3092[31m (16 FAILED)[39m (0 secs / 39.06 secs)
[1A[2KChrome Headless 150.0.0.0 (Windows 10): Executed 2982 of 3092[31m (16 FAILED)[39m (0 secs / 39.062 secs)
[1A[2KChrome Headless 150.0.0.0 (Windows 10): Executed 2983 of 3092[31m (16 FAILED)[39m (0 secs / 39.065 secs)
[1A[2KChrome Headless 150.0.0.0 (Windows 10): Executed 2984 of 3092[31m (16 FAILED)[39m (0 secs / 39.067 secs)
[1A[2KChrome Headless 150.0.0.0 (Windows 10): Executed 2985 of 3092[31m (16 FAILED)[39m (0 secs / 39.069 secs)
[1A[2KChrome Headless 150.0.0.0 (Windows 10): Executed 2986 of 3092[31m (16 FAILED)[39m (0 secs / 39.072 secs)
[1A[2KChrome Headless 150.0.0.0 (Windows 10): Executed 2987 of 3092[31m (16 FAILED)[39m (0 secs / 39.075 secs)
[1A[2KChrome Headless 150.0.0.0 (Windows 10): Executed 2988 of 3092[31m (16 FAILED)[39m (0 secs / 39.079 secs)
[1A[2KChrome Headless 150.0.0.0 (Windows 10): Executed 2989 of 3092[31m (16 FAILED)[39m (0 secs / 39.082 secs)
[1A[2KChrome Headless 150.0.0.0 (Windows 10): Executed 2990 of 3092[31m (16 FAILED)[39m (0 secs / 39.084 secs)
[1A[2KChrome Headless 150.0.0.0 (Windows 10): Executed 2991 of 3092[31m (16 FAILED)[39m (0 secs / 39.086 secs)
[1A[2KChrome Headless 150.0.0.0 (Windows 10): Executed 2992 of 3092[31m (16 FAILED)[39m (0 secs / 39.089 secs)
[1A[2KChrome Headless 150.0.0.0 (Windows 10): Executed 2993 of 3092[31m (16 FAILED)[39m (0 secs / 39.091 secs)
[1A[2KChrome Headless 150.0.0.0 (Windows 10): Executed 2994 of 3092[31m (16 FAILED)[39m (0 secs / 39.094 secs)
[1A[2KChrome Headless 150.0.0.0 (Windows 10): Executed 2995 of 3092[31m (16 FAILED)[39m (0 secs / 39.097 secs)
[1A[2KChrome Headless 150.0.0.0 (Windows 10): Executed 2996 of 3092[31m (16 FAILED)[39m (0 secs / 39.099 secs)
[1A[2KChrome Headless 150.0.0.0 (Windows 10): Executed 2997 of 3092[31m (16 FAILED)[39m (0 secs / 39.101 secs)
[1A[2KChrome Headless 150.0.0.0 (Windows 10): Executed 2998 of 3092[31m (16 FAILED)[39m (0 secs / 39.103 secs)
[1A[2KChrome Headless 150.0.0.0 (Windows 10): Executed 2999 of 3092[31m (16 FAILED)[39m (0 secs / 39.104 secs)
[1A[2KChrome Headless 150.0.0.0 (Windows 10): Executed 3000 of 3092[31m (16 FAILED)[39m (0 secs / 39.106 secs)
[1A[2KChrome Headless 150.0.0.0 (Windows 10): Executed 3001 of 3092[31m (16 FAILED)[39m (0 secs / 39.108 secs)
[1A[2KChrome Headless 150.0.0.0 (Windows 10): Executed 3002 of 3092[31m (16 FAILED)[39m (0 secs / 39.11 secs)
[1A[2KChrome Headless 150.0.0.0 (Windows 10): Executed 3003 of 3092[31m (16 FAILED)[39m (0 secs / 39.112 secs)
[1A[2KChrome Headless 150.0.0.0 (Windows 10): Executed 3004 of 3092[31m (16 FAILED)[39m (0 secs / 39.114 secs)
[1A[2KChrome Headless 150.0.0.0 (Windows 10): Executed 3005 of 3092[31m (16 FAILED)[39m (0 secs / 39.116 secs)
[1A[2KChrome Headless 150.0.0.0 (Windows 10): Executed 3006 of 3092[31m (16 FAILED)[39m (0 secs / 39.118 secs)
[1A[2KChrome Headless 150.0.0.0 (Windows 10): Executed 3007 of 3092[31m (16 FAILED)[39m (0 secs / 39.12 secs)
[1A[2KChrome Headless 150.0.0.0 (Windows 10): Executed 3008 of 3092[31m (16 FAILED)[39m (0 secs / 39.122 secs)
[1A[2KChrome Headless 150.0.0.0 (Windows 10): Executed 3009 of 3092[31m (16 FAILED)[39m (0 secs / 39.124 secs)
[1A[2KChrome Headless 150.0.0.0 (Windows 10): Executed 3010 of 3092[31m (16 FAILED)[39m (0 secs / 39.131 secs)
[1A[2KChrome Headless 150.0.0.0 (Windows 10): Executed 3011 of 3092[31m (16 FAILED)[39m (0 secs / 39.136 secs)
[1A[2KChrome Headless 150.0.0.0 (Windows 10): Executed 3012 of 3092[31m (16 FAILED)[39m (0 secs / 39.141 secs)
[1A[2KChrome Headless 150.0.0.0 (Windows 10): Executed 3013 of 3092[31m (16 FAILED)[39m (0 secs / 39.146 secs)
[1A[2KChrome Headless 150.0.0.0 (Windows 10): Executed 3014 of 3092[31m (16 FAILED)[39m (0 secs / 39.151 secs)
[1A[2KChrome Headless 150.0.0.0 (Windows 10): Executed 3015 of 3092[31m (16 FAILED)[39m (0 secs / 39.156 secs)
[1A[2KChrome Headless 150.0.0.0 (Windows 10): Executed 3016 of 3092[31m (16 FAILED)[39m (0 secs / 39.161 secs)
[1A[2KChrome Headless 150.0.0.0 (Windows 10): Executed 3017 of 3092[31m (16 FAILED)[39m (0 secs / 39.165 secs)
[1A[2KChrome Headless 150.0.0.0 (Windows 10): Executed 3018 of 3092[31m (16 FAILED)[39m (0 secs / 39.17 secs)
[1A[2KChrome Headless 150.0.0.0 (Windows 10): Executed 3019 of 3092[31m (16 FAILED)[39m (0 secs / 39.174 secs)
[1A[2KChrome Headless 150.0.0.0 (Windows 10): Executed 3020 of 3092[31m (16 FAILED)[39m (0 secs / 39.178 secs)
[1A[2KChrome Headless 150.0.0.0 (Windows 10): Executed 3021 of 3092[31m (16 FAILED)[39m (0 secs / 39.183 secs)
[1A[2KChrome Headless 150.0.0.0 (Windows 10): Executed 3022 of 3092[31m (16 FAILED)[39m (0 secs / 39.187 secs)
[1A[2KChrome Headless 150.0.0.0 (Windows 10): Executed 3023 of 3092[31m (16 FAILED)[39m (0 secs / 39.191 secs)
[1A[2KChrome Headless 150.0.0.0 (Windows 10): Executed 3024 of 3092[31m (16 FAILED)[39m (0 secs / 39.199 secs)
[1A[2KChrome Headless 150.0.0.0 (Windows 10): Executed 3025 of 3092[31m (16 FAILED)[39m (0 secs / 39.204 secs)
[1A[2KChrome Headless 150.0.0.0 (Windows 10): Executed 3026 of 3092[31m (16 FAILED)[39m (0 secs / 39.209 secs)
[1A[2KChrome Headless 150.0.0.0 (Windows 10): Executed 3027 of 3092[31m (16 FAILED)[39m (0 secs / 39.214 secs)
[1A[2KChrome Headless 150.0.0.0 (Windows 10): Executed 3028 of 3092[31m (16 FAILED)[39m (0 secs / 39.219 secs)
[1A[2KChrome Headless 150.0.0.0 (Windows 10): Executed 3029 of 3092[31m (16 FAILED)[39m (0 secs / 39.223 secs)
[1A[2KChrome Headless 150.0.0.0 (Windows 10): Executed 3030 of 3092[31m (16 FAILED)[39m (0 secs / 39.228 secs)
[1A[2KChrome Headless 150.0.0.0 (Windows 10): Executed 3031 of 3092[31m (16 FAILED)[39m (0 secs / 39.236 secs)
[1A[2KChrome Headless 150.0.0.0 (Windows 10): Executed 3032 of 3092[31m (16 FAILED)[39m (0 secs / 39.244 secs)
[1A[2KChrome Headless 150.0.0.0 (Windows 10): Executed 3033 of 3092[31m (16 FAILED)[39m (0 secs / 39.251 secs)
[1A[2KChrome Headless 150.0.0.0 (Windows 10): Executed 3034 of 3092[31m (16 FAILED)[39m (0 secs / 39.257 secs)
[1A[2KChrome Headless 150.0.0.0 (Windows 10): Executed 3035 of 3092[31m (16 FAILED)[39m (0 secs / 39.262 secs)
[1A[2KChrome Headless 150.0.0.0 (Windows 10): Executed 3036 of 3092[31m (16 FAILED)[39m (0 secs / 39.269 secs)
[1A[2KChrome Headless 150.0.0.0 (Windows 10): Executed 3037 of 3092[31m (16 FAILED)[39m (0 secs / 39.275 secs)
[1A[2KChrome Headless 150.0.0.0 (Windows 10): Executed 3038 of 3092[31m (16 FAILED)[39m (0 secs / 39.281 secs)
[1A[2KChrome Headless 150.0.0.0 (Windows 10): Executed 3039 of 3092[31m (16 FAILED)[39m (0 secs / 39.287 secs)
[1A[2KChrome Headless 150.0.0.0 (Windows 10): Executed 3040 of 3092[31m (16 FAILED)[39m (0 secs / 39.293 secs)
[1A[2KChrome Headless 150.0.0.0 (Windows 10): Executed 3041 of 3092[31m (16 FAILED)[39m (0 secs / 39.3 secs)
[1A[2KChrome Headless 150.0.0.0 (Windows 10): Executed 3042 of 3092[31m (16 FAILED)[39m (0 secs / 39.306 secs)
[1A[2KChrome Headless 150.0.0.0 (Windows 10): Executed 3043 of 3092[31m (16 FAILED)[39m (0 secs / 39.316 secs)
[1A[2KChrome Headless 150.0.0.0 (Windows 10): Executed 3044 of 3092[31m (16 FAILED)[39m (0 secs / 39.323 secs)
[1A[2KChrome Headless 150.0.0.0 (Windows 10): Executed 3045 of 3092[31m (16 FAILED)[39m (0 secs / 39.333 secs)
[1A[2KChrome Headless 150.0.0.0 (Windows 10): Executed 3046 of 3092[31m (16 FAILED)[39m (0 secs / 39.339 secs)
[1A[2KChrome Headless 150.0.0.0 (Windows 10): Executed 3047 of 3092[31m (16 FAILED)[39m (0 secs / 39.345 secs)
[1A[2KChrome Headless 150.0.0.0 (Windows 10): Executed 3048 of 3092[31m (16 FAILED)[39m (0 secs / 39.357 secs)
[1A[2KChrome Headless 150.0.0.0 (Windows 10): Executed 3049 of 3092[31m (16 FAILED)[39m (0 secs / 39.362 secs)
[1A[2KChrome Headless 150.0.0.0 (Windows 10): Executed 3050 of 3092[31m (16 FAILED)[39m (0 secs / 39.368 secs)
[1A[2KChrome Headless 150.0.0.0 (Windows 10): Executed 3051 of 3092[31m (16 FAILED)[39m (0 secs / 39.376 secs)
[1A[2KChrome Headless 150.0.0.0 (Windows 10): Executed 3052 of 3092[31m (16 FAILED)[39m (0 secs / 39.381 secs)
[1A[2KChrome Headless 150.0.0.0 (Windows 10): Executed 3053 of 3092[31m (16 FAILED)[39m (0 secs / 39.387 secs)
[1A[2KChrome Headless 150.0.0.0 (Windows 10): Executed 3054 of 3092[31m (16 FAILED)[39m (0 secs / 39.394 secs)
[1A[2KChrome Headless 150.0.0.0 (Windows 10): Executed 3055 of 3092[31m (16 FAILED)[39m (0 secs / 39.398 secs)
[1A[2KChrome Headless 150.0.0.0 (Windows 10): Executed 3056 of 3092[31m (16 FAILED)[39m (0 secs / 39.403 secs)
[1A[2KChrome Headless 150.0.0.0 (Windows 10): Executed 3057 of 3092[31m (16 FAILED)[39m (0 secs / 39.407 secs)
[1A[2KChrome Headless 150.0.0.0 (Windows 10): Executed 3058 of 3092[31m (16 FAILED)[39m (0 secs / 39.411 secs)
[1A[2KChrome Headless 150.0.0.0 (Windows 10): Executed 3059 of 3092[31m (16 FAILED)[39m (0 secs / 39.416 secs)
[1A[2KChrome Headless 150.0.0.0 (Windows 10): Executed 3060 of 3092[31m (16 FAILED)[39m (0 secs / 39.42 secs)
[1A[2KChrome Headless 150.0.0.0 (Windows 10): Executed 3061 of 3092[31m (16 FAILED)[39m (0 secs / 39.424 secs)
[1A[2KChrome Headless 150.0.0.0 (Windows 10): Executed 3062 of 3092[31m (16 FAILED)[39m (0 secs / 39.43 secs)
[1A[2KChrome Headless 150.0.0.0 (Windows 10): Executed 3063 of 3092[31m (16 FAILED)[39m (0 secs / 39.436 secs)
[1A[2KChrome Headless 150.0.0.0 (Windows 10): Executed 3064 of 3092[31m (16 FAILED)[39m (0 secs / 39.442 secs)
[1A[2KChrome Headless 150.0.0.0 (Windows 10): Executed 3065 of 3092[31m (16 FAILED)[39m (0 secs / 39.449 secs)
[1A[2KChrome Headless 150.0.0.0 (Windows 10): Executed 3066 of 3092[31m (16 FAILED)[39m (0 secs / 39.45 secs)
[1A[2KChrome Headless 150.0.0.0 (Windows 10): Executed 3067 of 3092[31m (16 FAILED)[39m (0 secs / 39.451 secs)
[1A[2KChrome Headless 150.0.0.0 (Windows 10): Executed 3068 of 3092[31m (16 FAILED)[39m (0 secs / 39.452 secs)
[1A[2KChrome Headless 150.0.0.0 (Windows 10): Executed 3069 of 3092[31m (16 FAILED)[39m (0 secs / 39.454 secs)
[1A[2KChrome Headless 150.0.0.0 (Windows 10): Executed 3070 of 3092[31m (16 FAILED)[39m (0 secs / 39.455 secs)
[1A[2KChrome Headless 150.0.0.0 (Windows 10): Executed 3071 of 3092[31m (16 FAILED)[39m (0 secs / 39.456 secs)
[1A[2KChrome Headless 150.0.0.0 (Windows 10): Executed 3072 of 3092[31m (16 FAILED)[39m (0 secs / 39.458 secs)
[1A[2KChrome Headless 150.0.0.0 (Windows 10): Executed 3073 of 3092[31m (16 FAILED)[39m (0 secs / 39.46 secs)
[1A[2KChrome Headless 150.0.0.0 (Windows 10): Executed 3074 of 3092[31m (16 FAILED)[39m (0 secs / 39.463 secs)
[1A[2KChrome Headless 150.0.0.0 (Windows 10): Executed 3075 of 3092[31m (16 FAILED)[39m (0 secs / 39.464 secs)
[1A[2KChrome Headless 150.0.0.0 (Windows 10): Executed 3076 of 3092[31m (16 FAILED)[39m (0 secs / 39.465 secs)
[1A[2KChrome Headless 150.0.0.0 (Windows 10): Executed 3077 of 3092[31m (16 FAILED)[39m (0 secs / 39.516 secs)
[1A[2KChrome Headless 150.0.0.0 (Windows 10): Executed 3078 of 3092[31m (16 FAILED)[39m (0 secs / 39.563 secs)
[1A[2KChrome Headless 150.0.0.0 (Windows 10): Executed 3079 of 3092[31m (16 FAILED)[39m (0 secs / 39.611 secs)
[1A[2KChrome Headless 150.0.0.0 (Windows 10): Executed 3080 of 3092[31m (16 FAILED)[39m (0 secs / 39.658 secs)
[1A[2KChrome Headless 150.0.0.0 (Windows 10): Executed 3081 of 3092[31m (16 FAILED)[39m (0 secs / 39.706 secs)
[1A[2KChrome Headless 150.0.0.0 (Windows 10): Executed 3082 of 3092[31m (16 FAILED)[39m (0 secs / 39.756 secs)
[1A[2KChrome Headless 150.0.0.0 (Windows 10): Executed 3083 of 3092[31m (16 FAILED)[39m (0 secs / 39.766 secs)
[1A[2KChrome Headless 150.0.0.0 (Windows 10): Executed 3084 of 3092[31m (16 FAILED)[39m (0 secs / 39.769 secs)
[1A[2KChrome Headless 150.0.0.0 (Windows 10): Executed 3085 of 3092[31m (16 FAILED)[39m (0 secs / 39.771 secs)
[1A[2KChrome Headless 150.0.0.0 (Windows 10): Executed 3086 of 3092[31m (16 FAILED)[39m (0 secs / 39.773 secs)
[1A[2KChrome Headless 150.0.0.0 (Windows 10): Executed 3087 of 3092[31m (16 FAILED)[39m (0 secs / 39.774 secs)
[1A[2KChrome Headless 150.0.0.0 (Windows 10): Executed 3088 of 3092[31m (16 FAILED)[39m (0 secs / 39.776 secs)
[1A[2KChrome Headless 150.0.0.0 (Windows 10): Executed 3089 of 3092[31m (16 FAILED)[39m (0 secs / 39.795 secs)
[1A[2KChrome Headless 150.0.0.0 (Windows 10): Executed 3090 of 3092[31m (16 FAILED)[39m (0 secs / 39.799 secs)
[1A[2KChrome Headless 150.0.0.0 (Windows 10): Executed 3091 of 3092[31m (16 FAILED)[39m (0 secs / 39.803 secs)
[1A[2KChrome Headless 150.0.0.0 (Windows 10): Executed 3092 of 3092[31m (16 FAILED)[39m (0 secs / 39.807 secs)
[1A[2KChrome Headless 150.0.0.0 (Windows 10): Executed 3092 of 3092[31m (16 FAILED)[39m (51.203 secs / 39.807 secs)
[31mTOTAL: 16 FAILED, 3076 SUCCESS[39m
