[33m>[39m Building...
[32m√[39m Building...
[1mInitial chunk files[22m                               [2m | [22m[1mNames[22m                                          [2m | [22m [1mRaw size[22m
[32mchunk-N6PKMPQ6.js[39m                                 [2m | [22m[2m-[22m                                              [2m | [22m  [36m2.30 MB[39m[2m | [22m
[32mpolyfills.js[39m                                      [2m | [22m[2mpolyfills[22m                                      [2m | [22m  [36m1.04 MB[39m[2m | [22m
[32mchunk-7J44YKLG.js[39m                                 [2m | [22m[2m-[22m                                              [2m | [22m[36m242.87 kB[39m[2m | [22m
[32mchunk-CA6NRHL2.js[39m                                 [2m | [22m[2m-[22m                                              [2m | [22m[36m231.95 kB[39m[2m | [22m
[32mchunk-KQVHIIK4.js[39m                                 [2m | [22m[2m-[22m                                              [2m | [22m[36m223.74 kB[39m[2m | [22m
[32mchunk-P6SZK2X2.js[39m                                 [2m | [22m[2m-[22m                                              [2m | [22m[36m198.22 kB[39m[2m | [22m
[32mspec-app.spec.js[39m                                  [2m | [22m[2mspec-app.spec[22m                                  [2m | [22m[36m156.74 kB[39m[2m | [22m
[32mchunk-RINWCGUD.js[39m                                 [2m | [22m[2m-[22m                                              [2m | [22m [36m96.32 kB[39m[2m | [22m
[32mjasmine-cleanup-1.js[39m                              [2m | [22m[2mjasmine-cleanup-1[22m                              [2m | [22m [36m67.20 kB[39m[2m | [22m
[32mspec-movimientos.page.spec.js[39m                     [2m | [22m[2mspec-movimientos.page.spec[22m                     [2m | [22m [36m53.97 kB[39m[2m | [22m
[32mchunk-TCWTO2RD.js[39m                                 [2m | [22m[2m-[22m                                              [2m | [22m [36m43.45 kB[39m[2m | [22m
[32mchunk-QERKK34N.js[39m                                 [2m | [22m[2m-[22m                                              [2m | [22m [36m24.13 kB[39m[2m | [22m
[32mspec-updated-inventory-page.component.spec.js[39m     [2m | [22m[2mspec-updated-inventory-page.component.spec[22m     [2m | [22m [36m23.98 kB[39m[2m | [22m
[32mspec-producto-card.component.spec.js[39m              [2m | [22m[2mspec-producto-card.component.spec[22m              [2m | [22m [36m23.26 kB[39m[2m | [22m
[32mspec-presupuesto.presenter.spec.js[39m                [2m | [22m[2mspec-presupuesto.presenter.spec[22m                [2m | [22m [36m22.43 kB[39m[2m | [22m
[32mtest_main.js[39m                                      [2m | [22m[2mtest_main[22m                                      [2m | [22m [36m21.90 kB[39m[2m | [22m
[32mchunk-DSNPOFKH.js[39m                                 [2m | [22m[2m-[22m                                              [2m | [22m [36m21.73 kB[39m[2m | [22m
[32mspec-favoritos.page.spec.js[39m                       [2m | [22m[2mspec-favoritos.page.spec[22m                       [2m | [22m [36m21.63 kB[39m[2m | [22m
[32mspec-sugerencia.page.spec.js[39m                      [2m | [22m[2mspec-sugerencia.page.spec[22m                      [2m | [22m [36m20.86 kB[39m[2m | [22m
[32mchunk-3KI57CLX.js[39m                                 [2m | [22m[2m-[22m                                              [2m | [22m [36m17.10 kB[39m[2m | [22m
[32mspec-ai-product-upload-page.component.spec.js[39m     [2m | [22m[2mspec-ai-product-upload-page.component.spec[22m     [2m | [22m [36m17.09 kB[39m[2m | [22m
[32mspec-buffet.presenter.spec.js[39m                     [2m | [22m[2mspec-buffet.presenter.spec[22m                     [2m | [22m [36m16.78 kB[39m[2m | [22m
[32mspec-restricciones-nutricionales.presenter.spec.js[39m[2m | [22m[2mspec-restricciones-nutricionales.presenter.spec[22m[2m | [22m [36m15.23 kB[39m[2m | [22m
[32mchunk-6JCLWDN5.js[39m                                 [2m | [22m[2m-[22m                                              [2m | [22m [36m14.25 kB[39m[2m | [22m
[32mchunk-QUCMSPRU.js[39m                                 [2m | [22m[2m-[22m                                              [2m | [22m [36m13.90 kB[39m[2m | [22m
[32mspec-seasonal-page.component.spec.js[39m              [2m | [22m[2mspec-seasonal-page.component.spec[22m              [2m | [22m [36m13.87 kB[39m[2m | [22m
[32mspec-acreditar-mercado-pago.page.spec.js[39m          [2m | [22m[2mspec-acreditar-mercado-pago.page.spec[22m          [2m | [22m [36m12.79 kB[39m[2m | [22m
[32mspec-regla-categoria-item.component.spec.js[39m       [2m | [22m[2mspec-regla-categoria-item.component.spec[22m       [2m | [22m [36m12.38 kB[39m[2m | [22m
[32mchunk-MGU2IFBV.js[39m                                 [2m | [22m[2m-[22m                                              [2m | [22m [36m12.27 kB[39m[2m | [22m
[32mspec-presupuesto.service.spec.js[39m                  [2m | [22m[2mspec-presupuesto.service.spec[22m                  [2m | [22m [36m11.79 kB[39m[2m | [22m
[32mchunk-RVDEQ56X.js[39m                                 [2m | [22m[2m-[22m                                              [2m | [22m [36m11.61 kB[39m[2m | [22m
[32mspec-favoritos.service.spec.js[39m                    [2m | [22m[2mspec-favoritos.service.spec[22m                    [2m | [22m  [36m8.61 kB[39m[2m | [22m
[32mspec-acreditar-mercado-pago.presenter.spec.js[39m     [2m | [22m[2mspec-acreditar-mercado-pago.presenter.spec[22m     [2m | [22m  [36m8.47 kB[39m[2m | [22m
[32mchunk-HZEVBQQP.js[39m                                 [2m | [22m[2m-[22m                                              [2m | [22m  [36m8.18 kB[39m[2m | [22m
[32mchunk-ZT7V3ZNU.js[39m                                 [2m | [22m[2m-[22m                                              [2m | [22m  [36m7.22 kB[39m[2m | [22m
[32mspec-product-form.component.spec.js[39m               [2m | [22m[2mspec-product-form.component.spec[22m               [2m | [22m  [36m6.99 kB[39m[2m | [22m
[32mchunk-BCM23J5L.js[39m                                 [2m | [22m[2m-[22m                                              [2m | [22m  [36m6.82 kB[39m[2m | [22m
[32mchunk-XUK4YGO5.js[39m                                 [2m | [22m[2m-[22m                                              [2m | [22m  [36m6.45 kB[39m[2m | [22m
[32mspec-alumnos.service.spec.js[39m                      [2m | [22m[2mspec-alumnos.service.spec[22m                      [2m | [22m  [36m6.06 kB[39m[2m | [22m
[32mspec-product.service.spec.js[39m                      [2m | [22m[2mspec-product.service.spec[22m                      [2m | [22m  [36m6.05 kB[39m[2m | [22m
[32mspec-consumo.page.spec.js[39m                         [2m | [22m[2mspec-consumo.page.spec[22m                         [2m | [22m  [36m5.47 kB[39m[2m | [22m
[32mspec-habitos.page.spec.js[39m                         [2m | [22m[2mspec-habitos.page.spec[22m                         [2m | [22m  [36m5.34 kB[39m[2m | [22m
[32mchunk-ZDFTAXGN.js[39m                                 [2m | [22m[2m-[22m                                              [2m | [22m  [36m4.93 kB[39m[2m | [22m
[32mspec-modal-component.spec.js[39m                      [2m | [22m[2mspec-modal-component.spec[22m                      [2m | [22m  [36m4.83 kB[39m[2m | [22m
[32mchunk-NPC4WW2V.js[39m                                 [2m | [22m[2m-[22m                                              [2m | [22m  [36m4.78 kB[39m[2m | [22m
[32mchunk-AUZ62EUD.js[39m                                 [2m | [22m[2m-[22m                                              [2m | [22m  [36m4.69 kB[39m[2m | [22m
[32mchunk-IBSIE5F3.js[39m                                 [2m | [22m[2m-[22m                                              [2m | [22m  [36m4.22 kB[39m[2m | [22m
[32mchunk-HJHPTCKA.js[39m                                 [2m | [22m[2m-[22m                                              [2m | [22m  [36m4.11 kB[39m[2m | [22m
[32mchunk-GUS7MXM6.js[39m                                 [2m | [22m[2m-[22m                                              [2m | [22m  [36m4.02 kB[39m[2m | [22m
[32mspec-restricciones-nutricionales.service.spec.js[39m  [2m | [22m[2mspec-restricciones-nutricionales.service.spec[22m  [2m | [22m  [36m3.86 kB[39m[2m | [22m
[32mspec-ai-product-form.spec.js[39m                      [2m | [22m[2mspec-ai-product-form.spec[22m                      [2m | [22m  [36m3.86 kB[39m[2m | [22m
[32mchunk-GA2DHWU3.js[39m                                 [2m | [22m[2m-[22m                                              [2m | [22m  [36m3.78 kB[39m[2m | [22m
[32mchunk-QFW6G5ZM.js[39m                                 [2m | [22m[2m-[22m                                              [2m | [22m  [36m3.43 kB[39m[2m | [22m
[32mchunk-HNXWBFA3.js[39m                                 [2m | [22m[2m-[22m                                              [2m | [22m  [36m3.09 kB[39m[2m | [22m
[32mchunk-GATDYWIL.js[39m                                 [2m | [22m[2m-[22m                                              [2m | [22m  [36m3.04 kB[39m[2m | [22m
[32mchunk-4FFQ3MTC.js[39m                                 [2m | [22m[2m-[22m                                              [2m | [22m  [36m2.96 kB[39m[2m | [22m
[32mspec-movimientos.service.spec.js[39m                  [2m | [22m[2mspec-movimientos.service.spec[22m                  [2m | [22m  [36m2.81 kB[39m[2m | [22m
[32mspec-buffet.service.spec.js[39m                       [2m | [22m[2mspec-buffet.service.spec[22m                       [2m | [22m  [36m2.80 kB[39m[2m | [22m
[32mstyles.css[39m                                        [2m | [22m[2mstyles[22m                                         [2m | [22m  [36m2.69 kB[39m[2m | [22m
[32mspec-habito-alert-card.component.spec.js[39m          [2m | [22m[2mspec-habito-alert-card.component.spec[22m          [2m | [22m  [36m2.46 kB[39m[2m | [22m
[32mspec-acreditar-mercado-pago.service.spec.js[39m       [2m | [22m[2mspec-acreditar-mercado-pago.service.spec[22m       [2m | [22m  [36m2.27 kB[39m[2m | [22m
[32mspec-restriccion-producto.service.spec.js[39m         [2m | [22m[2mspec-restriccion-producto.service.spec[22m         [2m | [22m  [36m2.23 kB[39m[2m | [22m
[32mspec-consumo-card.component.spec.js[39m               [2m | [22m[2mspec-consumo-card.component.spec[22m               [2m | [22m  [36m2.14 kB[39m[2m | [22m
[32mchunk-JXMSACYH.js[39m                                 [2m | [22m[2m-[22m                                              [2m | [22m  [36m2.13 kB[39m[2m | [22m
[32mspec-product-table.component.spec.js[39m              [2m | [22m[2mspec-product-table.component.spec[22m              [2m | [22m  [36m2.06 kB[39m[2m | [22m
[32mchunk-TTULUY32.js[39m                                 [2m | [22m[2m-[22m                                              [2m | [22m  [36m1.99 kB[39m[2m | [22m
[32mspec-recommendation-card.component.spec.js[39m        [2m | [22m[2mspec-recommendation-card.component.spec[22m        [2m | [22m  [36m1.87 kB[39m[2m | [22m
[32mspec-confirm-delete-modal.component.spec.js[39m       [2m | [22m[2mspec-confirm-delete-modal.component.spec[22m       [2m | [22m  [36m1.77 kB[39m[2m | [22m
[32mchunk-D756WH4T.js[39m                                 [2m | [22m[2m-[22m                                              [2m | [22m  [36m1.71 kB[39m[2m | [22m
[32mchunk-FK7TIEG4.js[39m                                 [2m | [22m[2m-[22m                                              [2m | [22m  [36m1.60 kB[39m[2m | [22m
[32mspec-tip-card.component.spec.js[39m                   [2m | [22m[2mspec-tip-card.component.spec[22m                   [2m | [22m  [36m1.51 kB[39m[2m | [22m
[32mchunk-7LGSIWFL.js[39m                                 [2m | [22m[2m-[22m                                              [2m | [22m  [36m1.51 kB[39m[2m | [22m
[32mchunk-KOCURFJK.js[39m                                 [2m | [22m[2m-[22m                                              [2m | [22m  [36m1.45 kB[39m[2m | [22m
[32mspec-seasonal-list.component.spec.js[39m              [2m | [22m[2mspec-seasonal-list.component.spec[22m              [2m | [22m  [36m1.33 kB[39m[2m | [22m
[32mspec-habitos.service.spec.js[39m                      [2m | [22m[2mspec-habitos.service.spec[22m                      [2m | [22m  [36m1.32 kB[39m[2m | [22m
[32mchunk-CD4ARNZL.js[39m                                 [2m | [22m[2m-[22m                                              [2m | [22m  [36m1.27 kB[39m[2m | [22m
[32mchunk-AKBBSEIS.js[39m                                 [2m | [22m[2m-[22m                                              [2m | [22m  [36m1.26 kB[39m[2m | [22m
[32mspec-consumo.service.spec.js[39m                      [2m | [22m[2mspec-consumo.service.spec[22m                      [2m | [22m  [36m1.23 kB[39m[2m | [22m
[32mchunk-YM6LHZSZ.js[39m                                 [2m | [22m[2m-[22m                                              [2m | [22m  [36m1.22 kB[39m[2m | [22m
[32mchunk-Y4JNMJ66.js[39m                                 [2m | [22m[2m-[22m                                              [2m | [22m  [36m1.11 kB[39m[2m | [22m
[32mspec-scanner-loader.spec.js[39m                       [2m | [22m[2mspec-scanner-loader.spec[22m                       [2m | [22m  [36m1.08 kB[39m[2m | [22m
[32mspec-camera-capture.spec.js[39m                       [2m | [22m[2mspec-camera-capture.spec[22m                       [2m | [22m  [36m1.08 kB[39m[2m | [22m
[32mchunk-4E2INEPA.js[39m                                 [2m | [22m[2m-[22m                                              [2m | [22m  [36m1.08 kB[39m[2m | [22m
[32mspec-button-component.spec.js[39m                     [2m | [22m[2mspec-button-component.spec[22m                     [2m | [22m  [36m1.07 kB[39m[2m | [22m
[32mchunk-KAMOJ5XR.js[39m                                 [2m | [22m[2m-[22m                                              [2m | [22m  [36m1.07 kB[39m[2m | [22m
[32mspec-ai-vision-service.spec.js[39m                    [2m | [22m[2mspec-ai-vision-service.spec[22m                    [2m | [22m[36m938 bytes[39m[2m | [22m
[32mchunk-IYP4PJJI.js[39m                                 [2m | [22m[2m-[22m                                              [2m | [22m[36m936 bytes[39m[2m | [22m
[32mjasmine-cleanup-0.js[39m                              [2m | [22m[2mjasmine-cleanup-0[22m                              [2m | [22m[36m519 bytes[39m[2m | [22m
[32mspec-preferencia-card.component.spec.js[39m           [2m | [22m[2mspec-preferencia-card.component.spec[22m           [2m | [22m [36m65 bytes[39m[2m | [22m
[32mspec-sugerencia-card.component.spec.js[39m            [2m | [22m[2mspec-sugerencia-card.component.spec[22m            [2m | [22m [36m64 bytes[39m[2m | [22m
[32mspec-preferencias.service.spec.js[39m                 [2m | [22m[2mspec-preferencias.service.spec[22m                 [2m | [22m [36m59 bytes[39m[2m | [22m
[32mspec-sugerencias.service.spec.js[39m                  [2m | [22m[2mspec-sugerencias.service.spec[22m                  [2m | [22m [36m58 bytes[39m[2m | [22m
[32mspec-preferencias.page.spec.js[39m                    [2m | [22m[2mspec-preferencias.page.spec[22m                    [2m | [22m [36m56 bytes[39m[2m | [22m

[1m [22m                                                 [2m | [22m[1mInitial total[22m                                  [2m | [22m  [1m5.19 MB[22m

Application bundle generation complete. [2.442 seconds] - 2026-06-09T03:43:21.661Z

[32m09 06 2026 00:43:21.818:INFO [karma-server]: [39mKarma v6.4.4 server started at http://localhost:9877/
[32m09 06 2026 00:43:21.819:INFO [launcher]: [39mLaunching browsers Chrome with concurrency unlimited
[32m09 06 2026 00:43:21.826:INFO [launcher]: [39mStarting browser Chrome
[32m09 06 2026 00:43:22.835:INFO [Chrome 148.0.0.0 (Windows 10)]: [39mConnected on socket jD7iBayq81T3NKalAAAB with id 56349811
Chrome 148.0.0.0 (Windows 10): Executed 0 of 236[32m SUCCESS[39m (0 secs / 0 secs)
[1A[2KChrome 148.0.0.0 (Windows 10): Executed 1 of 236[32m SUCCESS[39m (0 secs / 0.009 secs)
[1A[2KChrome 148.0.0.0 (Windows 10): Executed 2 of 236[32m SUCCESS[39m (0 secs / 0.01 secs)
[1A[2KWARN: [36m'Error fetching favorites from backend, falling back to localStorage:', HttpErrorResponse{headers: _HttpHeaders{headers: Map{}, normalizedNames: Map{}, lazyInit: undefined, lazyUpdate: null}, status: 500, statusText: 'Server Error', url: 'http://localhost:8080/api/v1/alumnos/12345678-1234-1234-1234-1234567890ab/preferencias/favoritos', ok: false, type: undefined, redirected: undefined, name: 'HttpErrorResponse', message: 'Http failure response for http://localhost:8080/api/v1/alumnos/12345678-1234-1234-1234-1234567890ab/preferencias/favoritos: 500 Server Error', error: 'error'}[39m
Chrome 148.0.0.0 (Windows 10): Executed 2 of 236[32m SUCCESS[39m (0 secs / 0.01 secs)
WARN: 'Error fetching favorites from backend, falling back to localStorage:', HttpErrorResponse{headers: _HttpHeaders{headers: Map{}, normalizedNames: Map{}, lazyInit: undefined, lazyUpdate: null}, status: 500, statusText: 'Server Error', url: 'http://localhost:8080/api/v1/alumnos/12345678-1234-1234-1234-1234567890ab/preferencias/favoritos', ok: false, type: undefined, redirected: undefined, name: 'HttpErrorResponse', message: 'Http failure response for http://localhost:8080/api/v1/alumnos/12345678-1234-1234-1234-1234567890ab/preferencias/favoritos: 500 Server Error', error: 'error'}
[1A[2KChrome 148.0.0.0 (Windows 10): Executed 3 of 236[32m SUCCESS[39m (0 secs / 0.012 secs)
[1A[2KChrome 148.0.0.0 (Windows 10): Executed 4 of 236[32m SUCCESS[39m (0 secs / 0.013 secs)
[1A[2KChrome 148.0.0.0 (Windows 10): Executed 5 of 236[32m SUCCESS[39m (0 secs / 0.014 secs)
[1A[2KChrome 148.0.0.0 (Windows 10): Executed 6 of 236[32m SUCCESS[39m (0 secs / 0.016 secs)
[1A[2KWARN: [36m'Error saving favorite to backend, saving to localStorage:', HttpErrorResponse{headers: _HttpHeaders{headers: Map{}, normalizedNames: Map{}, lazyInit: undefined, lazyUpdate: null}, status: 500, statusText: 'Server Error', url: 'http://localhost:8080/api/v1/alumnos/12345678-1234-1234-1234-1234567890ab/preferencias/favoritos/abcdefab-abcd-abcd-abcd-abcdefabcdef', ok: false, type: undefined, redirected: undefined, name: 'HttpErrorResponse', message: 'Http failure response for http://localhost:8080/api/v1/alumnos/12345678-1234-1234-1234-1234567890ab/preferencias/favoritos/abcdefab-abcd-abcd-abcd-abcdefabcdef: 500 Server Error', error: 'error'}[39m
Chrome 148.0.0.0 (Windows 10): Executed 6 of 236[32m SUCCESS[39m (0 secs / 0.016 secs)
WARN: 'Error saving favorite to backend, saving to localStorage:', HttpErrorResponse{headers: _HttpHeaders{headers: Map{}, normalizedNames: Map{}, lazyInit: undefined, lazyUpdate: null}, status: 500, statusText: 'Server Error', url: 'http://localhost:8080/api/v1/alumnos/12345678-1234-1234-1234-1234567890ab/preferencias/favoritos/abcdefab-abcd-abcd-abcd-abcdefabcdef', ok: false, type: undefined, redirected: undefined, name: 'HttpErrorResponse', message: 'Http failure response for http://localhost:8080/api/v1/alumnos/12345678-1234-1234-1234-1234567890ab/preferencias/favoritos/abcdefab-abcd-abcd-abcd-abcdefabcdef: 500 Server Error', error: 'error'}
[1A[2KChrome 148.0.0.0 (Windows 10): Executed 7 of 236[32m SUCCESS[39m (0 secs / 0.018 secs)
[1A[2KChrome 148.0.0.0 (Windows 10): Executed 8 of 236[32m SUCCESS[39m (0 secs / 0.019 secs)
[1A[2KWARN: [36m'Error removing favorite from backend, removing from localStorage:', HttpErrorResponse{headers: _HttpHeaders{headers: Map{}, normalizedNames: Map{}, lazyInit: undefined, lazyUpdate: null}, status: 500, statusText: 'Server Error', url: 'http://localhost:8080/api/v1/alumnos/12345678-1234-1234-1234-1234567890ab/preferencias/favoritos/abcdefab-abcd-abcd-abcd-abcdefabcdef', ok: false, type: undefined, redirected: undefined, name: 'HttpErrorResponse', message: 'Http failure response for http://localhost:8080/api/v1/alumnos/12345678-1234-1234-1234-1234567890ab/preferencias/favoritos/abcdefab-abcd-abcd-abcd-abcdefabcdef: 500 Server Error', error: 'error'}[39m
Chrome 148.0.0.0 (Windows 10): Executed 8 of 236[32m SUCCESS[39m (0 secs / 0.019 secs)
WARN: 'Error removing favorite from backend, removing from localStorage:', HttpErrorResponse{headers: _HttpHeaders{headers: Map{}, normalizedNames: Map{}, lazyInit: undefined, lazyUpdate: null}, status: 500, statusText: 'Server Error', url: 'http://localhost:8080/api/v1/alumnos/12345678-1234-1234-1234-1234567890ab/preferencias/favoritos/abcdefab-abcd-abcd-abcd-abcdefabcdef', ok: false, type: undefined, redirected: undefined, name: 'HttpErrorResponse', message: 'Http failure response for http://localhost:8080/api/v1/alumnos/12345678-1234-1234-1234-1234567890ab/preferencias/favoritos/abcdefab-abcd-abcd-abcd-abcdefabcdef: 500 Server Error', error: 'error'}
[1A[2KChrome 148.0.0.0 (Windows 10): Executed 9 of 236[32m SUCCESS[39m (0 secs / 0.021 secs)
[1A[2KChrome 148.0.0.0 (Windows 10): Executed 10 of 236[32m SUCCESS[39m (0 secs / 0.021 secs)
[1A[2KChrome 148.0.0.0 (Windows 10): Executed 11 of 236[32m SUCCESS[39m (0 secs / 0.021 secs)
[1A[2KChrome 148.0.0.0 (Windows 10): Executed 12 of 236[32m SUCCESS[39m (0 secs / 0.034 secs)
[1A[2KChrome 148.0.0.0 (Windows 10): Executed 13 of 236[32m SUCCESS[39m (0 secs / 0.044 secs)
[1A[2KChrome 148.0.0.0 (Windows 10): Executed 14 of 236[32m SUCCESS[39m (0 secs / 0.05 secs)
[1A[2KChrome 148.0.0.0 (Windows 10): Executed 15 of 236[32m SUCCESS[39m (0 secs / 0.052 secs)
[1A[2KChrome 148.0.0.0 (Windows 10): Executed 16 of 236[32m SUCCESS[39m (0 secs / 0.053 secs)
[1A[2KChrome 148.0.0.0 (Windows 10): Executed 17 of 236[32m SUCCESS[39m (0 secs / 0.054 secs)
[1A[2KLOG: [36m'Alumnos cargados:', [Object{id: 'alumno-1', nombre: 'Julián', apellido: 'García', grado: '4to Año A', colegioId: '1', saldo: 2000}][39m
Chrome 148.0.0.0 (Windows 10): Executed 17 of 236[32m SUCCESS[39m (0 secs / 0.054 secs)
LOG: 'Alumnos cargados:', [Object{id: 'alumno-1', nombre: 'Julián', apellido: 'García', grado: '4to Año A', colegioId: '1', saldo: 2000}]
[1A[2KChrome 148.0.0.0 (Windows 10): Executed 18 of 236[32m SUCCESS[39m (0 secs / 0.055 secs)
[1A[2KChrome 148.0.0.0 (Windows 10): Executed 19 of 236[32m SUCCESS[39m (0 secs / 0.056 secs)
[1A[2KChrome 148.0.0.0 (Windows 10): Executed 20 of 236[32m SUCCESS[39m (0 secs / 0.057 secs)
[1A[2KChrome 148.0.0.0 (Windows 10): Executed 21 of 236[32m SUCCESS[39m (0 secs / 0.058 secs)
[1A[2KLOG: [36m'Alumnos cargados:', [Object{id: 'alumno-1', nombre: 'Julián', apellido: 'García', grado: '4to Año A', colegioId: '1', saldo: 2000}][39m
Chrome 148.0.0.0 (Windows 10): Executed 21 of 236[32m SUCCESS[39m (0 secs / 0.058 secs)
LOG: 'Alumnos cargados:', [Object{id: 'alumno-1', nombre: 'Julián', apellido: 'García', grado: '4to Año A', colegioId: '1', saldo: 2000}]
[1A[2KChrome 148.0.0.0 (Windows 10): Executed 22 of 236[32m SUCCESS[39m (0 secs / 0.059 secs)
[1A[2KChrome 148.0.0.0 (Windows 10): Executed 23 of 236[32m SUCCESS[39m (0 secs / 0.06 secs)
[1A[2KChrome 148.0.0.0 (Windows 10): Executed 24 of 236[32m SUCCESS[39m (0 secs / 0.06 secs)
[1A[2KChrome 148.0.0.0 (Windows 10): Executed 25 of 236[32m SUCCESS[39m (0 secs / 0.066 secs)
[1A[2KChrome 148.0.0.0 (Windows 10): Executed 26 of 236[32m SUCCESS[39m (0 secs / 0.084 secs)
[1A[2KChrome 148.0.0.0 (Windows 10): Executed 27 of 236[32m SUCCESS[39m (0 secs / 0.087 secs)
[1A[2KChrome 148.0.0.0 (Windows 10): Executed 28 of 236[32m SUCCESS[39m (0 secs / 0.089 secs)
[1A[2KChrome 148.0.0.0 (Windows 10): Executed 29 of 236[32m SUCCESS[39m (0 secs / 0.091 secs)
[1A[2KChrome 148.0.0.0 (Windows 10): Executed 30 of 236[32m SUCCESS[39m (0 secs / 0.093 secs)
[1A[2KChrome 148.0.0.0 (Windows 10): Executed 31 of 236[32m SUCCESS[39m (0 secs / 0.1 secs)
[1A[2KChrome 148.0.0.0 (Windows 10): Executed 32 of 236[32m SUCCESS[39m (0 secs / 0.103 secs)
[1A[2KChrome 148.0.0.0 (Windows 10): Executed 33 of 236[32m SUCCESS[39m (0 secs / 0.104 secs)
[1A[2KChrome 148.0.0.0 (Windows 10): Executed 34 of 236[32m SUCCESS[39m (0 secs / 0.105 secs)
[1A[2KChrome 148.0.0.0 (Windows 10): Executed 35 of 236[32m SUCCESS[39m (0 secs / 0.106 secs)
[1A[2KChrome 148.0.0.0 (Windows 10): Executed 36 of 236[32m SUCCESS[39m (0 secs / 0.107 secs)
[1A[2KChrome 148.0.0.0 (Windows 10): Executed 37 of 236[32m SUCCESS[39m (0 secs / 0.116 secs)
[1A[2KChrome 148.0.0.0 (Windows 10): Executed 38 of 236[32m SUCCESS[39m (0 secs / 0.117 secs)
[1A[2KChrome 148.0.0.0 (Windows 10): Executed 39 of 236[32m SUCCESS[39m (0 secs / 0.119 secs)
[1A[2KChrome 148.0.0.0 (Windows 10): Executed 40 of 236[32m SUCCESS[39m (0 secs / 0.119 secs)
[1A[2KChrome 148.0.0.0 (Windows 10): Executed 41 of 236[32m SUCCESS[39m (0 secs / 0.12 secs)
[1A[2KChrome 148.0.0.0 (Windows 10): Executed 42 of 236[32m SUCCESS[39m (0 secs / 0.125 secs)
[1A[2KChrome 148.0.0.0 (Windows 10): Executed 43 of 236[32m SUCCESS[39m (0 secs / 0.155 secs)
[1A[2KChrome 148.0.0.0 (Windows 10): Executed 44 of 236[32m SUCCESS[39m (0 secs / 0.16 secs)
[1A[2KChrome 148.0.0.0 (Windows 10): Executed 45 of 236[32m SUCCESS[39m (0 secs / 0.163 secs)
[1A[2KChrome 148.0.0.0 (Windows 10): Executed 46 of 236[32m SUCCESS[39m (0 secs / 0.168 secs)
[1A[2KChrome 148.0.0.0 (Windows 10): Executed 47 of 236[32m SUCCESS[39m (0 secs / 0.172 secs)
[1A[2KChrome 148.0.0.0 (Windows 10): Executed 48 of 236[32m SUCCESS[39m (0 secs / 0.179 secs)
[1A[2KChrome 148.0.0.0 (Windows 10): Executed 49 of 236[32m SUCCESS[39m (0 secs / 0.183 secs)
[1A[2KChrome 148.0.0.0 (Windows 10): Executed 50 of 236[32m SUCCESS[39m (0 secs / 0.187 secs)
[1A[2KChrome 148.0.0.0 (Windows 10): Executed 51 of 236[32m SUCCESS[39m (0 secs / 0.191 secs)
[1A[2KChrome 148.0.0.0 (Windows 10): Executed 52 of 236[32m SUCCESS[39m (0 secs / 0.194 secs)
[1A[2KChrome 148.0.0.0 (Windows 10): Executed 53 of 236[32m SUCCESS[39m (0 secs / 0.198 secs)
[1A[2KChrome 148.0.0.0 (Windows 10): Executed 54 of 236[32m SUCCESS[39m (0 secs / 0.201 secs)
[1A[2KChrome 148.0.0.0 (Windows 10): Executed 55 of 236[32m SUCCESS[39m (0 secs / 0.206 secs)
[1A[2KChrome 148.0.0.0 (Windows 10): Executed 56 of 236[32m SUCCESS[39m (0 secs / 0.211 secs)
[1A[2KChrome 148.0.0.0 (Windows 10): Executed 57 of 236[32m SUCCESS[39m (0 secs / 0.214 secs)
[1A[2KChrome 148.0.0.0 (Windows 10): Executed 58 of 236[32m SUCCESS[39m (0 secs / 0.217 secs)
[1A[2KChrome 148.0.0.0 (Windows 10): Executed 59 of 236[32m SUCCESS[39m (0 secs / 0.22 secs)
[1A[2KLOG: [36m'ID DESDE LOCALSTORAGE:', null[39m
Chrome 148.0.0.0 (Windows 10): Executed 59 of 236[32m SUCCESS[39m (0 secs / 0.22 secs)
LOG: 'ID DESDE LOCALSTORAGE:', null
[1A[2KChrome 148.0.0.0 (Windows 10): Executed 60 of 236[32m SUCCESS[39m (0 secs / 0.231 secs)
[1A[2KLOG: [36m'ID DESDE LOCALSTORAGE:', null[39m
Chrome 148.0.0.0 (Windows 10): Executed 60 of 236[32m SUCCESS[39m (0 secs / 0.231 secs)
LOG: 'ID DESDE LOCALSTORAGE:', null
[1A[2KChrome 148.0.0.0 (Windows 10): Executed 61 of 236[32m SUCCESS[39m (0 secs / 0.233 secs)
[1A[2KChrome 148.0.0.0 (Windows 10): Executed 62 of 236[32m SUCCESS[39m (0 secs / 0.238 secs)
[1A[2KChrome 148.0.0.0 (Windows 10): Executed 63 of 236[32m SUCCESS[39m (0 secs / 0.238 secs)
[1A[2KChrome 148.0.0.0 (Windows 10): Executed 64 of 236[32m SUCCESS[39m (0 secs / 0.239 secs)
[1A[2KChrome 148.0.0.0 (Windows 10): Executed 65 of 236[32m SUCCESS[39m (0 secs / 0.239 secs)
[1A[2KChrome 148.0.0.0 (Windows 10): Executed 66 of 236[32m SUCCESS[39m (0 secs / 0.24 secs)
[1A[2KChrome 148.0.0.0 (Windows 10): Executed 67 of 236[32m SUCCESS[39m (0 secs / 0.241 secs)
[1A[2KChrome 148.0.0.0 (Windows 10): Executed 68 of 236[32m SUCCESS[39m (0 secs / 0.242 secs)
[1A[2KChrome 148.0.0.0 (Windows 10): Executed 69 of 236[32m SUCCESS[39m (0 secs / 0.246 secs)
[1A[2KChrome 148.0.0.0 (Windows 10): Executed 70 of 236[32m SUCCESS[39m (0 secs / 0.247 secs)
[1A[2KChrome 148.0.0.0 (Windows 10): Executed 71 of 236[32m SUCCESS[39m (0 secs / 0.248 secs)
[1A[2KChrome 148.0.0.0 (Windows 10): Executed 72 of 236[32m SUCCESS[39m (0 secs / 0.249 secs)
[1A[2KChrome 148.0.0.0 (Windows 10): Executed 73 of 236[32m SUCCESS[39m (0 secs / 0.25 secs)
[1A[2KChrome 148.0.0.0 (Windows 10): Executed 74 of 236[32m SUCCESS[39m (0 secs / 0.251 secs)
[1A[2KChrome 148.0.0.0 (Windows 10): Executed 75 of 236[32m SUCCESS[39m (0 secs / 0.277 secs)
[1A[2KChrome 148.0.0.0 (Windows 10): Executed 76 of 236[32m SUCCESS[39m (0 secs / 0.279 secs)
[1A[2KChrome 148.0.0.0 (Windows 10): Executed 77 of 236[32m SUCCESS[39m (0 secs / 0.28 secs)
[1A[2KChrome 148.0.0.0 (Windows 10): Executed 78 of 236[32m SUCCESS[39m (0 secs / 0.282 secs)
[1A[2KChrome 148.0.0.0 (Windows 10): Executed 79 of 236[32m SUCCESS[39m (0 secs / 0.284 secs)
[1A[2KChrome 148.0.0.0 (Windows 10): Executed 80 of 236[32m SUCCESS[39m (0 secs / 0.287 secs)
[1A[2KChrome 148.0.0.0 (Windows 10): Executed 81 of 236[32m SUCCESS[39m (0 secs / 0.289 secs)
[1A[2KChrome 148.0.0.0 (Windows 10): Executed 82 of 236[32m SUCCESS[39m (0 secs / 0.29 secs)
[1A[2KChrome 148.0.0.0 (Windows 10): Executed 83 of 236[32m SUCCESS[39m (0 secs / 0.292 secs)
[1A[2KChrome 148.0.0.0 (Windows 10): Executed 84 of 236[32m SUCCESS[39m (0 secs / 0.293 secs)
[1A[2KChrome 148.0.0.0 (Windows 10): Executed 85 of 236[32m SUCCESS[39m (0 secs / 0.295 secs)
[1A[2KChrome 148.0.0.0 (Windows 10): Executed 86 of 236[32m SUCCESS[39m (0 secs / 0.297 secs)
[1A[2KChrome 148.0.0.0 (Windows 10): Executed 87 of 236[32m SUCCESS[39m (0 secs / 0.298 secs)
[1A[2KChrome 148.0.0.0 (Windows 10): Executed 88 of 236[32m SUCCESS[39m (0 secs / 0.299 secs)
[1A[2KChrome 148.0.0.0 (Windows 10): Executed 89 of 236[32m SUCCESS[39m (0 secs / 0.3 secs)
[1A[2KChrome 148.0.0.0 (Windows 10): Executed 90 of 236[32m SUCCESS[39m (0 secs / 0.301 secs)
[1A[2KChrome 148.0.0.0 (Windows 10): Executed 91 of 236[32m SUCCESS[39m (0 secs / 0.301 secs)
[1A[2KChrome 148.0.0.0 (Windows 10): Executed 92 of 236[32m SUCCESS[39m (0 secs / 0.302 secs)
[1A[2KChrome 148.0.0.0 (Windows 10): Executed 93 of 236[32m SUCCESS[39m (0 secs / 0.302 secs)
[1A[2KERROR: [36m'Error unlocking product:', Error: Error de red
Error: Error de red
    at http://localhost:9877/base/src/app/features/buffet/presenter/buffet.presenter.spec.ts:179:90
    at _Observable.init [as _subscribe] (http://localhost:9877/base/node_modules/rxjs/dist/esm/internal/observable/throwError.js:5:51)
    at _Observable._trySubscribe (http://localhost:9877/base/node_modules/rxjs/dist/esm/internal/Observable.js:37:25)
    at http://localhost:9877/base/node_modules/rxjs/dist/esm/internal/Observable.js:31:30
    at errorContext (http://localhost:9877/base/node_modules/rxjs/dist/esm/internal/util/errorContext.js:19:9)
    at _Observable.subscribe (http://localhost:9877/base/node_modules/rxjs/dist/esm/internal/Observable.js:22:9)
    at BuffetPresenter2.toggleLock (http://localhost:9877/base/src/app/features/buffet/presenter/buffet.presenter.ts:229:83)
    at UserContext.<anonymous> (http://localhost:9877/base/src/app/features/buffet/presenter/buffet.presenter.spec.ts:181:17)
    at _ZoneDelegate.invoke (http://localhost:9877/base/node_modules/zone.js/fesm2015/zone.js:398:28)
    at _ProxyZoneSpec.onInvoke (http://localhost:9877/base/node_modules/zone.js/fesm2015/zone-testing.js:2132:39)[39m
Chrome 148.0.0.0 (Windows 10): Executed 93 of 236[32m SUCCESS[39m (0 secs / 0.302 secs)
ERROR: 'Error unlocking product:', Error: Error de red
Error: Error de red
    at http://localhost:9877/base/src/app/features/buffet/presenter/buffet.presenter.spec.ts:179:90
    at _Observable.init [as _subscribe] (http://localhost:9877/base/node_modules/rxjs/dist/esm/internal/observable/throwError.js:5:51)
    at _Observable._trySubscribe (http://localhost:9877/base/node_modules/rxjs/dist/esm/internal/Observable.js:37:25)
    at http://localhost:9877/base/node_modules/rxjs/dist/esm/internal/Observable.js:31:30
    at errorContext (http://localhost:9877/base/node_modules/rxjs/dist/esm/internal/util/errorContext.js:19:9)
    at _Observable.subscribe (http://localhost:9877/base/node_modules/rxjs/dist/esm/internal/Observable.js:22:9)
    at BuffetPresenter2.toggleLock (http://localhost:9877/base/src/app/features/buffet/presenter/buffet.presenter.ts:229:83)
    at UserContext.<anonymous> (http://localhost:9877/base/src/app/features/buffet/presenter/buffet.presenter.spec.ts:181:17)
    at _ZoneDelegate.invoke (http://localhost:9877/base/node_modules/zone.js/fesm2015/zone.js:398:28)
    at _ProxyZoneSpec.onInvoke (http://localhost:9877/base/node_modules/zone.js/fesm2015/zone-testing.js:2132:39)
[1A[2KChrome 148.0.0.0 (Windows 10): Executed 94 of 236[32m SUCCESS[39m (0 secs / 0.489 secs)
[1A[2KChrome 148.0.0.0 (Windows 10): Executed 95 of 236[32m SUCCESS[39m (0 secs / 0.49 secs)
[1A[2KChrome 148.0.0.0 (Windows 10): Executed 96 of 236[32m SUCCESS[39m (0 secs / 0.491 secs)
[1A[2KERROR: [36m'Error blocking product:', Error: Error de red
Error: Error de red
    at http://localhost:9877/base/src/app/features/buffet/presenter/buffet.presenter.spec.ts:155:87
    at _Observable.init [as _subscribe] (http://localhost:9877/base/node_modules/rxjs/dist/esm/internal/observable/throwError.js:5:51)
    at _Observable._trySubscribe (http://localhost:9877/base/node_modules/rxjs/dist/esm/internal/Observable.js:37:25)
    at http://localhost:9877/base/node_modules/rxjs/dist/esm/internal/Observable.js:31:30
    at errorContext (http://localhost:9877/base/node_modules/rxjs/dist/esm/internal/util/errorContext.js:19:9)
    at _Observable.subscribe (http://localhost:9877/base/node_modules/rxjs/dist/esm/internal/Observable.js:22:9)
    at BuffetPresenter2.toggleLock (http://localhost:9877/base/src/app/features/buffet/presenter/buffet.presenter.ts:241:80)
    at UserContext.<anonymous> (http://localhost:9877/base/src/app/features/buffet/presenter/buffet.presenter.spec.ts:157:17)
    at _ZoneDelegate.invoke (http://localhost:9877/base/node_modules/zone.js/fesm2015/zone.js:398:28)
    at _ProxyZoneSpec.onInvoke (http://localhost:9877/base/node_modules/zone.js/fesm2015/zone-testing.js:2132:39)[39m
Chrome 148.0.0.0 (Windows 10): Executed 96 of 236[32m SUCCESS[39m (0 secs / 0.491 secs)
ERROR: 'Error blocking product:', Error: Error de red
Error: Error de red
    at http://localhost:9877/base/src/app/features/buffet/presenter/buffet.presenter.spec.ts:155:87
    at _Observable.init [as _subscribe] (http://localhost:9877/base/node_modules/rxjs/dist/esm/internal/observable/throwError.js:5:51)
    at _Observable._trySubscribe (http://localhost:9877/base/node_modules/rxjs/dist/esm/internal/Observable.js:37:25)
    at http://localhost:9877/base/node_modules/rxjs/dist/esm/internal/Observable.js:31:30
    at errorContext (http://localhost:9877/base/node_modules/rxjs/dist/esm/internal/util/errorContext.js:19:9)
    at _Observable.subscribe (http://localhost:9877/base/node_modules/rxjs/dist/esm/internal/Observable.js:22:9)
    at BuffetPresenter2.toggleLock (http://localhost:9877/base/src/app/features/buffet/presenter/buffet.presenter.ts:241:80)
    at UserContext.<anonymous> (http://localhost:9877/base/src/app/features/buffet/presenter/buffet.presenter.spec.ts:157:17)
    at _ZoneDelegate.invoke (http://localhost:9877/base/node_modules/zone.js/fesm2015/zone.js:398:28)
    at _ProxyZoneSpec.onInvoke (http://localhost:9877/base/node_modules/zone.js/fesm2015/zone-testing.js:2132:39)
[1A[2KChrome 148.0.0.0 (Windows 10): Executed 97 of 236[32m SUCCESS[39m (0 secs / 0.492 secs)
[1A[2KChrome 148.0.0.0 (Windows 10): Executed 98 of 236[32m SUCCESS[39m (0 secs / 0.493 secs)
[1A[2KChrome 148.0.0.0 (Windows 10): Executed 99 of 236[32m SUCCESS[39m (0 secs / 0.502 secs)
[1A[2KChrome 148.0.0.0 (Windows 10): Executed 100 of 236[32m SUCCESS[39m (0 secs / 0.504 secs)
[1A[2KChrome 148.0.0.0 (Windows 10): Executed 101 of 236[32m SUCCESS[39m (0 secs / 0.505 secs)
[1A[2KChrome 148.0.0.0 (Windows 10): Executed 102 of 236[32m SUCCESS[39m (0 secs / 0.507 secs)
[1A[2KChrome 148.0.0.0 (Windows 10): Executed 103 of 236[32m SUCCESS[39m (0 secs / 0.508 secs)
[1A[2KChrome 148.0.0.0 (Windows 10): Executed 104 of 236[32m SUCCESS[39m (0 secs / 0.509 secs)
[1A[2KChrome 148.0.0.0 (Windows 10): Executed 105 of 236[32m SUCCESS[39m (0 secs / 0.51 secs)
[1A[2KChrome 148.0.0.0 (Windows 10): Executed 106 of 236[32m SUCCESS[39m (0 secs / 0.511 secs)
[1A[2KChrome 148.0.0.0 (Windows 10): Executed 107 of 236[32m SUCCESS[39m (0 secs / 0.511 secs)
[1A[2KChrome 148.0.0.0 (Windows 10): Executed 108 of 236[32m SUCCESS[39m (0 secs / 0.512 secs)
[1A[2KChrome 148.0.0.0 (Windows 10): Executed 109 of 236[32m SUCCESS[39m (0 secs / 0.513 secs)
[1A[2KChrome 148.0.0.0 (Windows 10): Executed 110 of 236[32m SUCCESS[39m (0 secs / 0.514 secs)
[1A[2KChrome 148.0.0.0 (Windows 10): Executed 111 of 236[32m SUCCESS[39m (0 secs / 0.515 secs)
[1A[2KChrome 148.0.0.0 (Windows 10): Executed 112 of 236[32m SUCCESS[39m (0 secs / 0.519 secs)
[1A[2KChrome 148.0.0.0 (Windows 10): Executed 113 of 236[32m SUCCESS[39m (0 secs / 0.521 secs)
[1A[2KChrome 148.0.0.0 (Windows 10): Executed 114 of 236[32m SUCCESS[39m (0 secs / 0.523 secs)
[1A[2KChrome 148.0.0.0 (Windows 10): Executed 115 of 236[32m SUCCESS[39m (0 secs / 0.524 secs)
[1A[2KChrome 148.0.0.0 (Windows 10): Executed 116 of 236[32m SUCCESS[39m (0 secs / 0.526 secs)
[1A[2KChrome 148.0.0.0 (Windows 10): Executed 117 of 236[32m SUCCESS[39m (0 secs / 0.527 secs)
[1A[2KChrome 148.0.0.0 (Windows 10): Executed 118 of 236[32m SUCCESS[39m (0 secs / 0.546 secs)
[1A[2KChrome 148.0.0.0 (Windows 10): Executed 119 of 236[32m SUCCESS[39m (0 secs / 0.547 secs)
[1A[2KChrome 148.0.0.0 (Windows 10): Executed 120 of 236[32m SUCCESS[39m (0 secs / 0.549 secs)
[1A[2KChrome 148.0.0.0 (Windows 10): Executed 121 of 236[32m SUCCESS[39m (0 secs / 0.55 secs)
[1A[2KChrome 148.0.0.0 (Windows 10): Executed 122 of 236[32m SUCCESS[39m (0 secs / 0.552 secs)
[1A[2KChrome 148.0.0.0 (Windows 10): Executed 123 of 236[32m SUCCESS[39m (0 secs / 0.554 secs)
[1A[2KChrome 148.0.0.0 (Windows 10): Executed 124 of 236[32m SUCCESS[39m (0 secs / 0.555 secs)
[1A[2KChrome 148.0.0.0 (Windows 10): Executed 125 of 236[32m SUCCESS[39m (0 secs / 0.556 secs)
[1A[2KChrome 148.0.0.0 (Windows 10): Executed 126 of 236[32m SUCCESS[39m (0 secs / 0.557 secs)
[1A[2KChrome 148.0.0.0 (Windows 10): Executed 127 of 236[32m SUCCESS[39m (0 secs / 0.559 secs)
[1A[2KChrome 148.0.0.0 (Windows 10): Executed 128 of 236[32m SUCCESS[39m (0 secs / 0.56 secs)
[1A[2KChrome 148.0.0.0 (Windows 10): Executed 129 of 236[32m SUCCESS[39m (0 secs / 0.561 secs)
[1A[2KChrome 148.0.0.0 (Windows 10): Executed 130 of 236[32m SUCCESS[39m (0 secs / 0.562 secs)
[1A[2KChrome 148.0.0.0 (Windows 10): Executed 131 of 236[32m SUCCESS[39m (0 secs / 0.562 secs)
[1A[2KChrome 148.0.0.0 (Windows 10): Executed 132 of 236[32m SUCCESS[39m (0 secs / 0.563 secs)
[1A[2KChrome 148.0.0.0 (Windows 10): Executed 133 of 236[32m SUCCESS[39m (0 secs / 0.564 secs)
[1A[2KChrome 148.0.0.0 (Windows 10): Executed 134 of 236[32m SUCCESS[39m (0 secs / 0.565 secs)
[1A[2KChrome 148.0.0.0 (Windows 10): Executed 135 of 236[32m SUCCESS[39m (0 secs / 0.566 secs)
[1A[2KChrome 148.0.0.0 (Windows 10): Executed 136 of 236[32m SUCCESS[39m (0 secs / 0.567 secs)
[1A[2KChrome 148.0.0.0 (Windows 10): Executed 137 of 236[32m SUCCESS[39m (0 secs / 0.568 secs)
[1A[2KChrome 148.0.0.0 (Windows 10): Executed 138 of 236[32m SUCCESS[39m (0 secs / 0.568 secs)
[1A[2KChrome 148.0.0.0 (Windows 10): Executed 139 of 236[32m SUCCESS[39m (0 secs / 0.569 secs)
[1A[2KChrome 148.0.0.0 (Windows 10): Executed 140 of 236[32m SUCCESS[39m (0 secs / 0.576 secs)
[1A[2KChrome 148.0.0.0 (Windows 10): Executed 141 of 236[32m SUCCESS[39m (0 secs / 0.579 secs)
[1A[2KChrome 148.0.0.0 (Windows 10): Executed 142 of 236[32m SUCCESS[39m (0 secs / 0.582 secs)
[1A[2KChrome 148.0.0.0 (Windows 10): Executed 143 of 236[32m SUCCESS[39m (0 secs / 0.586 secs)
[1A[2KChrome 148.0.0.0 (Windows 10): Executed 144 of 236[32m SUCCESS[39m (0 secs / 0.588 secs)
[1A[2KChrome 148.0.0.0 (Windows 10): Executed 145 of 236[32m SUCCESS[39m (0 secs / 0.591 secs)
[1A[2KChrome 148.0.0.0 (Windows 10): Executed 146 of 236[32m SUCCESS[39m (0 secs / 0.595 secs)
[1A[2KChrome 148.0.0.0 (Windows 10): Executed 147 of 236[32m SUCCESS[39m (0 secs / 0.598 secs)
[1A[2KChrome 148.0.0.0 (Windows 10): Executed 148 of 236[32m SUCCESS[39m (0 secs / 0.601 secs)
[1A[2KChrome 148.0.0.0 (Windows 10): Executed 149 of 236[32m SUCCESS[39m (0 secs / 0.604 secs)
[1A[2K[31mChrome 148.0.0.0 (Windows 10) AcreditarMercadoPagoPage Dado que se inicializa el componente, debería llamar al presenter.init con el id del alumno FAILED[39m
	TypeError: ctx.presenter.cargando is not a function
	    at AcreditarMercadoPagoPage2_Template (ng:///AcreditarMercadoPagoPage2.js:110:46)
	    at executeTemplate (node_modules/@angular/core/fesm2022/debug_node.mjs:9288:9)
	    at refreshView (node_modules/@angular/core/fesm2022/debug_node.mjs:10328:13)
	    at detectChangesInView (node_modules/@angular/core/fesm2022/debug_node.mjs:10548:9)
	    at detectChangesInViewIfAttached (node_modules/@angular/core/fesm2022/debug_node.mjs:10508:5)
	    at detectChangesInComponent (node_modules/@angular/core/fesm2022/debug_node.mjs:10496:5)
	    at detectChangesInChildComponents (node_modules/@angular/core/fesm2022/debug_node.mjs:10574:9)
	    at refreshView (node_modules/@angular/core/fesm2022/debug_node.mjs:10383:13)
	    at detectChangesInView (node_modules/@angular/core/fesm2022/debug_node.mjs:10548:9)
	    at detectChangesInViewWhileDirty (node_modules/@angular/core/fesm2022/debug_node.mjs:10237:9)
Chrome 148.0.0.0 (Windows 10): Executed 150 of 236[31m (1 FAILED)[39m (0 secs / 0.613 secs)
[1A[2K[31mChrome 148.0.0.0 (Windows 10) AcreditarMercadoPagoPage Dado que cambia el monto en el input, debería actualizar la variable montoIngresado FAILED[39m
	TypeError: ctx.presenter.cargando is not a function
	    at AcreditarMercadoPagoPage2_Template (ng:///AcreditarMercadoPagoPage2.js:110:46)
	    at executeTemplate (node_modules/@angular/core/fesm2022/debug_node.mjs:9288:9)
	    at refreshView (node_modules/@angular/core/fesm2022/debug_node.mjs:10328:13)
	    at detectChangesInView (node_modules/@angular/core/fesm2022/debug_node.mjs:10548:9)
	    at detectChangesInViewIfAttached (node_modules/@angular/core/fesm2022/debug_node.mjs:10508:5)
	    at detectChangesInComponent (node_modules/@angular/core/fesm2022/debug_node.mjs:10496:5)
	    at detectChangesInChildComponents (node_modules/@angular/core/fesm2022/debug_node.mjs:10574:9)
	    at refreshView (node_modules/@angular/core/fesm2022/debug_node.mjs:10383:13)
	    at detectChangesInView (node_modules/@angular/core/fesm2022/debug_node.mjs:10548:9)
	    at detectChangesInViewWhileDirty (node_modules/@angular/core/fesm2022/debug_node.mjs:10237:9)
Chrome 148.0.0.0 (Windows 10): Executed 151 of 236[31m (2 FAILED)[39m (0 secs / 0.618 secs)
[1A[2K[31mChrome 148.0.0.0 (Windows 10) AcreditarMercadoPagoPage Dado que el paramMap no tiene alumnoId, debería llamar al presenter.init con un string vacío FAILED[39m
	TypeError: ctx.presenter.cargando is not a function
	    at AcreditarMercadoPagoPage2_Template (ng:///AcreditarMercadoPagoPage2.js:110:46)
	    at executeTemplate (node_modules/@angular/core/fesm2022/debug_node.mjs:9288:9)
	    at refreshView (node_modules/@angular/core/fesm2022/debug_node.mjs:10328:13)
	    at detectChangesInView (node_modules/@angular/core/fesm2022/debug_node.mjs:10548:9)
	    at detectChangesInViewIfAttached (node_modules/@angular/core/fesm2022/debug_node.mjs:10508:5)
	    at detectChangesInComponent (node_modules/@angular/core/fesm2022/debug_node.mjs:10496:5)
	    at detectChangesInChildComponents (node_modules/@angular/core/fesm2022/debug_node.mjs:10574:9)
	    at refreshView (node_modules/@angular/core/fesm2022/debug_node.mjs:10383:13)
	    at detectChangesInView (node_modules/@angular/core/fesm2022/debug_node.mjs:10548:9)
	    at detectChangesInViewWhileDirty (node_modules/@angular/core/fesm2022/debug_node.mjs:10237:9)
Chrome 148.0.0.0 (Windows 10): Executed 152 of 236[31m (3 FAILED)[39m (0 secs / 0.622 secs)
[1A[2K[31mChrome 148.0.0.0 (Windows 10) AcreditarMercadoPagoPage Dado que se hace submit en el formulario, debería prevenir el comportamiento por defecto y llamar a presenter.acreditar FAILED[39m
	TypeError: ctx.presenter.cargando is not a function
	    at AcreditarMercadoPagoPage2_Template (ng:///AcreditarMercadoPagoPage2.js:110:46)
	    at executeTemplate (node_modules/@angular/core/fesm2022/debug_node.mjs:9288:9)
	    at refreshView (node_modules/@angular/core/fesm2022/debug_node.mjs:10328:13)
	    at detectChangesInView (node_modules/@angular/core/fesm2022/debug_node.mjs:10548:9)
	    at detectChangesInViewIfAttached (node_modules/@angular/core/fesm2022/debug_node.mjs:10508:5)
	    at detectChangesInComponent (node_modules/@angular/core/fesm2022/debug_node.mjs:10496:5)
	    at detectChangesInChildComponents (node_modules/@angular/core/fesm2022/debug_node.mjs:10574:9)
	    at refreshView (node_modules/@angular/core/fesm2022/debug_node.mjs:10383:13)
	    at detectChangesInView (node_modules/@angular/core/fesm2022/debug_node.mjs:10548:9)
	    at detectChangesInViewWhileDirty (node_modules/@angular/core/fesm2022/debug_node.mjs:10237:9)
Chrome 148.0.0.0 (Windows 10): Executed 153 of 236[31m (4 FAILED)[39m (0 secs / 0.627 secs)
[1A[2KChrome 148.0.0.0 (Windows 10): Executed 154 of 236[31m (4 FAILED)[39m (0 secs / 0.628 secs)
[1A[2KChrome 148.0.0.0 (Windows 10): Executed 155 of 236[31m (4 FAILED)[39m (0 secs / 0.629 secs)
[1A[2KChrome 148.0.0.0 (Windows 10): Executed 156 of 236[31m (4 FAILED)[39m (0 secs / 0.629 secs)
[1A[2KChrome 148.0.0.0 (Windows 10): Executed 157 of 236[31m (4 FAILED)[39m (0 secs / 0.63 secs)
[1A[2KChrome 148.0.0.0 (Windows 10): Executed 158 of 236[31m (4 FAILED)[39m (0 secs / 0.631 secs)
[1A[2KChrome 148.0.0.0 (Windows 10): Executed 159 of 236[31m (4 FAILED)[39m (0 secs / 0.631 secs)
[1A[2KChrome 148.0.0.0 (Windows 10): Executed 160 of 236[31m (4 FAILED)[39m (0 secs / 0.632 secs)
[1A[2KChrome 148.0.0.0 (Windows 10): Executed 161 of 236[31m (4 FAILED)[39m (0 secs / 0.632 secs)
[1A[2KChrome 148.0.0.0 (Windows 10): Executed 162 of 236[31m (4 FAILED)[39m (0 secs / 0.632 secs)
[1A[2KChrome 148.0.0.0 (Windows 10): Executed 163 of 236[31m (4 FAILED)[39m (0 secs / 0.633 secs)
[1A[2KChrome 148.0.0.0 (Windows 10): Executed 164 of 236[31m (4 FAILED)[39m (0 secs / 0.638 secs)
[1A[2KChrome 148.0.0.0 (Windows 10): Executed 165 of 236[31m (4 FAILED)[39m (0 secs / 0.639 secs)
[1A[2KChrome 148.0.0.0 (Windows 10): Executed 166 of 236[31m (4 FAILED)[39m (0 secs / 0.661 secs)
[1A[2KChrome 148.0.0.0 (Windows 10): Executed 167 of 236[31m (4 FAILED)[39m (0 secs / 0.666 secs)
[1A[2KChrome 148.0.0.0 (Windows 10): Executed 168 of 236[31m (4 FAILED)[39m (0 secs / 0.672 secs)
[1A[2KChrome 148.0.0.0 (Windows 10): Executed 169 of 236[31m (4 FAILED)[39m (0 secs / 0.676 secs)
[1A[2KChrome 148.0.0.0 (Windows 10): Executed 170 of 236[31m (4 FAILED)[39m (0 secs / 0.677 secs)
[1A[2KChrome 148.0.0.0 (Windows 10): Executed 171 of 236[31m (4 FAILED)[39m (0 secs / 0.678 secs)
[1A[2KChrome 148.0.0.0 (Windows 10): Executed 172 of 236[31m (4 FAILED)[39m (0 secs / 0.678 secs)
[1A[2KChrome 148.0.0.0 (Windows 10): Executed 173 of 236[31m (4 FAILED)[39m (0 secs / 0.68 secs)
[1A[2KChrome 148.0.0.0 (Windows 10): Executed 174 of 236[31m (4 FAILED)[39m (0 secs / 0.682 secs)
[1A[2KChrome 148.0.0.0 (Windows 10): Executed 175 of 236[31m (4 FAILED)[39m (0 secs / 0.683 secs)
[1A[2KChrome 148.0.0.0 (Windows 10): Executed 176 of 236[31m (4 FAILED)[39m (0 secs / 0.684 secs)
[1A[2KChrome 148.0.0.0 (Windows 10): Executed 177 of 236[31m (4 FAILED)[39m (0 secs / 0.685 secs)
[1A[2KChrome 148.0.0.0 (Windows 10): Executed 178 of 236[31m (4 FAILED)[39m (0 secs / 0.687 secs)
[1A[2KChrome 148.0.0.0 (Windows 10): Executed 179 of 236[31m (4 FAILED)[39m (0 secs / 0.688 secs)
[1A[2KChrome 148.0.0.0 (Windows 10): Executed 180 of 236[31m (4 FAILED)[39m (0 secs / 0.694 secs)
[1A[2KChrome 148.0.0.0 (Windows 10): Executed 181 of 236[31m (4 FAILED)[39m (0 secs / 0.695 secs)
[1A[2KChrome 148.0.0.0 (Windows 10): Executed 182 of 236[31m (4 FAILED)[39m (0 secs / 0.696 secs)
[1A[2KChrome 148.0.0.0 (Windows 10): Executed 183 of 236[31m (4 FAILED)[39m (0 secs / 0.697 secs)
[1A[2KChrome 148.0.0.0 (Windows 10): Executed 184 of 236[31m (4 FAILED)[39m (0 secs / 0.698 secs)
[1A[2KChrome 148.0.0.0 (Windows 10): Executed 185 of 236[31m (4 FAILED)[39m (0 secs / 0.698 secs)
[1A[2KChrome 148.0.0.0 (Windows 10): Executed 186 of 236[31m (4 FAILED)[39m (0 secs / 0.698 secs)
[1A[2KChrome 148.0.0.0 (Windows 10): Executed 187 of 236[31m (4 FAILED)[39m (0 secs / 0.699 secs)
[1A[2KChrome 148.0.0.0 (Windows 10): Executed 188 of 236[31m (4 FAILED)[39m (0 secs / 0.699 secs)
[1A[2KChrome 148.0.0.0 (Windows 10): Executed 189 of 236[31m (4 FAILED)[39m (0 secs / 0.699 secs)
[1A[2KChrome 148.0.0.0 (Windows 10): Executed 190 of 236[31m (4 FAILED)[39m (0 secs / 0.7 secs)
[1A[2KERROR: [36m'[RestriccionesNutricionales] error guardando', Error: boom
Error: boom
    at http://localhost:9877/base/src/app/features/restricciones-nutricionales/presenter/restricciones-nutricionales.presenter.spec.ts:177:9
    at Generator.next (<anonymous>)
    at http://localhost:9877/base/chunk-TTULUY32.js:48:61
    at new ZoneAwarePromise (http://localhost:9877/base/node_modules/zone.js/fesm2015/zone.js:2701:25)
    at __async (http://localhost:9877/base/chunk-TTULUY32.js:32:10)
    at UserContext.<anonymous> (http://localhost:9877/base/src/app/features/restricciones-nutricionales/presenter/restricciones-nutricionales.presenter.spec.ts:175:69)
    at _ZoneDelegate.invoke (http://localhost:9877/base/node_modules/zone.js/fesm2015/zone.js:398:28)
    at _ProxyZoneSpec.onInvoke (http://localhost:9877/base/node_modules/zone.js/fesm2015/zone-testing.js:2132:39)
    at _ZoneDelegate.invoke (http://localhost:9877/base/node_modules/zone.js/fesm2015/zone.js:397:34)
    at ZoneImpl.run (http://localhost:9877/base/node_modules/zone.js/fesm2015/zone.js:113:43)[39m
Chrome 148.0.0.0 (Windows 10): Executed 190 of 236[31m (4 FAILED)[39m (0 secs / 0.7 secs)
ERROR: '[RestriccionesNutricionales] error guardando', Error: boom
Error: boom
    at http://localhost:9877/base/src/app/features/restricciones-nutricionales/presenter/restricciones-nutricionales.presenter.spec.ts:177:9
    at Generator.next (<anonymous>)
    at http://localhost:9877/base/chunk-TTULUY32.js:48:61
    at new ZoneAwarePromise (http://localhost:9877/base/node_modules/zone.js/fesm2015/zone.js:2701:25)
    at __async (http://localhost:9877/base/chunk-TTULUY32.js:32:10)
    at UserContext.<anonymous> (http://localhost:9877/base/src/app/features/restricciones-nutricionales/presenter/restricciones-nutricionales.presenter.spec.ts:175:69)
    at _ZoneDelegate.invoke (http://localhost:9877/base/node_modules/zone.js/fesm2015/zone.js:398:28)
    at _ProxyZoneSpec.onInvoke (http://localhost:9877/base/node_modules/zone.js/fesm2015/zone-testing.js:2132:39)
    at _ZoneDelegate.invoke (http://localhost:9877/base/node_modules/zone.js/fesm2015/zone.js:397:34)
    at ZoneImpl.run (http://localhost:9877/base/node_modules/zone.js/fesm2015/zone.js:113:43)
[1A[2KChrome 148.0.0.0 (Windows 10): Executed 191 of 236[31m (4 FAILED)[39m (0 secs / 0.7 secs)
[1A[2KChrome 148.0.0.0 (Windows 10): Executed 192 of 236[31m (4 FAILED)[39m (0 secs / 0.7 secs)
[1A[2KChrome 148.0.0.0 (Windows 10): Executed 193 of 236[31m (4 FAILED)[39m (0 secs / 0.701 secs)
[1A[2KChrome 148.0.0.0 (Windows 10): Executed 194 of 236[31m (4 FAILED)[39m (0 secs / 0.702 secs)
[1A[2KChrome 148.0.0.0 (Windows 10): Executed 195 of 236[31m (4 FAILED)[39m (0 secs / 0.703 secs)
[1A[2KChrome 148.0.0.0 (Windows 10): Executed 196 of 236[31m (4 FAILED)[39m (0 secs / 0.703 secs)
[1A[2KChrome 148.0.0.0 (Windows 10): Executed 197 of 236[31m (4 FAILED)[39m (0 secs / 0.704 secs)
[1A[2KERROR: [36m'[RestriccionesNutricionales] error cargando', Error: boom
Error: boom
    at http://localhost:9877/base/src/app/features/restricciones-nutricionales/presenter/restricciones-nutricionales.presenter.spec.ts:113:55
    at Generator.next (<anonymous>)
    at http://localhost:9877/base/chunk-TTULUY32.js:48:61
    at new ZoneAwarePromise (http://localhost:9877/base/node_modules/zone.js/fesm2015/zone.js:2701:25)
    at __async (http://localhost:9877/base/chunk-TTULUY32.js:32:10)
    at UserContext.<anonymous> (http://localhost:9877/base/src/app/features/restricciones-nutricionales/presenter/restricciones-nutricionales.presenter.spec.ts:112:66)
    at _ZoneDelegate.invoke (http://localhost:9877/base/node_modules/zone.js/fesm2015/zone.js:398:28)
    at _ProxyZoneSpec.onInvoke (http://localhost:9877/base/node_modules/zone.js/fesm2015/zone-testing.js:2132:39)
    at _ZoneDelegate.invoke (http://localhost:9877/base/node_modules/zone.js/fesm2015/zone.js:397:34)
    at ZoneImpl.run (http://localhost:9877/base/node_modules/zone.js/fesm2015/zone.js:113:43)[39m
Chrome 148.0.0.0 (Windows 10): Executed 197 of 236[31m (4 FAILED)[39m (0 secs / 0.704 secs)
ERROR: '[RestriccionesNutricionales] error cargando', Error: boom
Error: boom
    at http://localhost:9877/base/src/app/features/restricciones-nutricionales/presenter/restricciones-nutricionales.presenter.spec.ts:113:55
    at Generator.next (<anonymous>)
    at http://localhost:9877/base/chunk-TTULUY32.js:48:61
    at new ZoneAwarePromise (http://localhost:9877/base/node_modules/zone.js/fesm2015/zone.js:2701:25)
    at __async (http://localhost:9877/base/chunk-TTULUY32.js:32:10)
    at UserContext.<anonymous> (http://localhost:9877/base/src/app/features/restricciones-nutricionales/presenter/restricciones-nutricionales.presenter.spec.ts:112:66)
    at _ZoneDelegate.invoke (http://localhost:9877/base/node_modules/zone.js/fesm2015/zone.js:398:28)
    at _ProxyZoneSpec.onInvoke (http://localhost:9877/base/node_modules/zone.js/fesm2015/zone-testing.js:2132:39)
    at _ZoneDelegate.invoke (http://localhost:9877/base/node_modules/zone.js/fesm2015/zone.js:397:34)
    at ZoneImpl.run (http://localhost:9877/base/node_modules/zone.js/fesm2015/zone.js:113:43)
[1A[2KChrome 148.0.0.0 (Windows 10): Executed 198 of 236[31m (4 FAILED)[39m (0 secs / 0.705 secs)
[1A[2KChrome 148.0.0.0 (Windows 10): Executed 199 of 236[31m (4 FAILED)[39m (0 secs / 0.706 secs)
[1A[2KChrome 148.0.0.0 (Windows 10): Executed 200 of 236[31m (4 FAILED)[39m (0 secs / 0.707 secs)
[1A[2KERROR: [36m'[Presupuesto] error guardando', Error: boom
Error: boom
    at http://localhost:9877/base/src/app/features/presupuesto/presenter/presupuesto.presenter.spec.ts:373:49
    at Generator.next (<anonymous>)
    at http://localhost:9877/base/chunk-TTULUY32.js:48:61
    at new ZoneAwarePromise (http://localhost:9877/base/node_modules/zone.js/fesm2015/zone.js:2701:25)
    at __async (http://localhost:9877/base/chunk-TTULUY32.js:32:10)
    at UserContext.<anonymous> (http://localhost:9877/base/src/app/features/presupuesto/presenter/presupuesto.presenter.spec.ts:372:68)
    at _ZoneDelegate.invoke (http://localhost:9877/base/node_modules/zone.js/fesm2015/zone.js:398:28)
    at _ProxyZoneSpec.onInvoke (http://localhost:9877/base/node_modules/zone.js/fesm2015/zone-testing.js:2132:39)
    at _ZoneDelegate.invoke (http://localhost:9877/base/node_modules/zone.js/fesm2015/zone.js:397:34)
    at ZoneImpl.run (http://localhost:9877/base/node_modules/zone.js/fesm2015/zone.js:113:43)[39m
Chrome 148.0.0.0 (Windows 10): Executed 200 of 236[31m (4 FAILED)[39m (0 secs / 0.707 secs)
ERROR: '[Presupuesto] error guardando', Error: boom
Error: boom
    at http://localhost:9877/base/src/app/features/presupuesto/presenter/presupuesto.presenter.spec.ts:373:49
    at Generator.next (<anonymous>)
    at http://localhost:9877/base/chunk-TTULUY32.js:48:61
    at new ZoneAwarePromise (http://localhost:9877/base/node_modules/zone.js/fesm2015/zone.js:2701:25)
    at __async (http://localhost:9877/base/chunk-TTULUY32.js:32:10)
    at UserContext.<anonymous> (http://localhost:9877/base/src/app/features/presupuesto/presenter/presupuesto.presenter.spec.ts:372:68)
    at _ZoneDelegate.invoke (http://localhost:9877/base/node_modules/zone.js/fesm2015/zone.js:398:28)
    at _ProxyZoneSpec.onInvoke (http://localhost:9877/base/node_modules/zone.js/fesm2015/zone-testing.js:2132:39)
    at _ZoneDelegate.invoke (http://localhost:9877/base/node_modules/zone.js/fesm2015/zone.js:397:34)
    at ZoneImpl.run (http://localhost:9877/base/node_modules/zone.js/fesm2015/zone.js:113:43)
[1A[2KChrome 148.0.0.0 (Windows 10): Executed 201 of 236[31m (4 FAILED)[39m (0 secs / 0.707 secs)
[1A[2KChrome 148.0.0.0 (Windows 10): Executed 202 of 236[31m (4 FAILED)[39m (0 secs / 0.707 secs)
[1A[2KChrome 148.0.0.0 (Windows 10): Executed 203 of 236[31m (4 FAILED)[39m (0 secs / 0.708 secs)
[1A[2KChrome 148.0.0.0 (Windows 10): Executed 204 of 236[31m (4 FAILED)[39m (0 secs / 0.709 secs)
[1A[2KChrome 148.0.0.0 (Windows 10): Executed 205 of 236[31m (4 FAILED)[39m (0 secs / 0.71 secs)
[1A[2KChrome 148.0.0.0 (Windows 10): Executed 206 of 236[31m (4 FAILED)[39m (0 secs / 0.71 secs)
[1A[2KChrome 148.0.0.0 (Windows 10): Executed 207 of 236[31m (4 FAILED)[39m (0 secs / 0.71 secs)
[1A[2KChrome 148.0.0.0 (Windows 10): Executed 208 of 236[31m (4 FAILED)[39m (0 secs / 0.711 secs)
[1A[2KChrome 148.0.0.0 (Windows 10): Executed 209 of 236[31m (4 FAILED)[39m (0 secs / 0.711 secs)
[1A[2KChrome 148.0.0.0 (Windows 10): Executed 210 of 236[31m (4 FAILED)[39m (0 secs / 0.711 secs)
[1A[2KChrome 148.0.0.0 (Windows 10): Executed 211 of 236[31m (4 FAILED)[39m (0 secs / 0.712 secs)
[1A[2KChrome 148.0.0.0 (Windows 10): Executed 212 of 236[31m (4 FAILED)[39m (0 secs / 0.712 secs)
[1A[2KChrome 148.0.0.0 (Windows 10): Executed 213 of 236[31m (4 FAILED)[39m (0 secs / 0.713 secs)
[1A[2KChrome 148.0.0.0 (Windows 10): Executed 214 of 236[31m (4 FAILED)[39m (0 secs / 0.713 secs)
[1A[2KChrome 148.0.0.0 (Windows 10): Executed 215 of 236[31m (4 FAILED)[39m (0 secs / 0.714 secs)
[1A[2KChrome 148.0.0.0 (Windows 10): Executed 216 of 236[31m (4 FAILED)[39m (0 secs / 0.715 secs)
[1A[2KChrome 148.0.0.0 (Windows 10): Executed 217 of 236[31m (4 FAILED)[39m (0 secs / 0.715 secs)
[1A[2KChrome 148.0.0.0 (Windows 10): Executed 218 of 236[31m (4 FAILED)[39m (0 secs / 0.715 secs)
[1A[2KChrome 148.0.0.0 (Windows 10): Executed 219 of 236[31m (4 FAILED)[39m (0 secs / 0.715 secs)
[1A[2KChrome 148.0.0.0 (Windows 10): Executed 220 of 236[31m (4 FAILED)[39m (0 secs / 0.716 secs)
[1A[2KChrome 148.0.0.0 (Windows 10): Executed 221 of 236[31m (4 FAILED)[39m (0 secs / 0.717 secs)
[1A[2KChrome 148.0.0.0 (Windows 10): Executed 222 of 236[31m (4 FAILED)[39m (0 secs / 0.717 secs)
[1A[2KERROR: [36m'[Presupuesto] error cargando', Error: boom
Error: boom
    at http://localhost:9877/base/src/app/features/presupuesto/presenter/presupuesto.presenter.spec.ts:146:9
    at Generator.next (<anonymous>)
    at http://localhost:9877/base/chunk-TTULUY32.js:48:61
    at new ZoneAwarePromise (http://localhost:9877/base/node_modules/zone.js/fesm2015/zone.js:2701:25)
    at __async (http://localhost:9877/base/chunk-TTULUY32.js:32:10)
    at UserContext.<anonymous> (http://localhost:9877/base/src/app/features/presupuesto/presenter/presupuesto.presenter.spec.ts:144:66)
    at _ZoneDelegate.invoke (http://localhost:9877/base/node_modules/zone.js/fesm2015/zone.js:398:28)
    at _ProxyZoneSpec.onInvoke (http://localhost:9877/base/node_modules/zone.js/fesm2015/zone-testing.js:2132:39)
    at _ZoneDelegate.invoke (http://localhost:9877/base/node_modules/zone.js/fesm2015/zone.js:397:34)
    at ZoneImpl.run (http://localhost:9877/base/node_modules/zone.js/fesm2015/zone.js:113:43)[39m
Chrome 148.0.0.0 (Windows 10): Executed 222 of 236[31m (4 FAILED)[39m (0 secs / 0.717 secs)
ERROR: '[Presupuesto] error cargando', Error: boom
Error: boom
    at http://localhost:9877/base/src/app/features/presupuesto/presenter/presupuesto.presenter.spec.ts:146:9
    at Generator.next (<anonymous>)
    at http://localhost:9877/base/chunk-TTULUY32.js:48:61
    at new ZoneAwarePromise (http://localhost:9877/base/node_modules/zone.js/fesm2015/zone.js:2701:25)
    at __async (http://localhost:9877/base/chunk-TTULUY32.js:32:10)
    at UserContext.<anonymous> (http://localhost:9877/base/src/app/features/presupuesto/presenter/presupuesto.presenter.spec.ts:144:66)
    at _ZoneDelegate.invoke (http://localhost:9877/base/node_modules/zone.js/fesm2015/zone.js:398:28)
    at _ProxyZoneSpec.onInvoke (http://localhost:9877/base/node_modules/zone.js/fesm2015/zone-testing.js:2132:39)
    at _ZoneDelegate.invoke (http://localhost:9877/base/node_modules/zone.js/fesm2015/zone.js:397:34)
    at ZoneImpl.run (http://localhost:9877/base/node_modules/zone.js/fesm2015/zone.js:113:43)
[1A[2KChrome 148.0.0.0 (Windows 10): Executed 223 of 236[31m (4 FAILED)[39m (0 secs / 0.718 secs)
[1A[2KChrome 148.0.0.0 (Windows 10): Executed 224 of 236[31m (4 FAILED)[39m (0 secs / 0.719 secs)
[1A[2KChrome 148.0.0.0 (Windows 10): Executed 225 of 236[31m (4 FAILED)[39m (0 secs / 0.719 secs)
[1A[2KChrome 148.0.0.0 (Windows 10): Executed 226 of 236[31m (4 FAILED)[39m (0 secs / 0.719 secs)
[1A[2KChrome 148.0.0.0 (Windows 10): Executed 227 of 236[31m (4 FAILED)[39m (0 secs / 0.72 secs)
[1A[2KChrome 148.0.0.0 (Windows 10): Executed 228 of 236[31m (4 FAILED)[39m (0 secs / 0.72 secs)
[1A[2KChrome 148.0.0.0 (Windows 10): Executed 229 of 236[31m (4 FAILED)[39m (0 secs / 0.721 secs)
[1A[2KChrome 148.0.0.0 (Windows 10): Executed 230 of 236[31m (4 FAILED)[39m (0 secs / 0.722 secs)
[1A[2KChrome 148.0.0.0 (Windows 10): Executed 231 of 236[31m (4 FAILED)[39m (0 secs / 0.723 secs)
[1A[2KChrome 148.0.0.0 (Windows 10): Executed 232 of 236[31m (4 FAILED)[39m (0 secs / 0.725 secs)
[1A[2KChrome 148.0.0.0 (Windows 10): Executed 233 of 236[31m (4 FAILED)[39m (0 secs / 0.727 secs)
[1A[2KChrome 148.0.0.0 (Windows 10): Executed 234 of 236[31m (4 FAILED)[39m (0 secs / 0.73 secs)
[1A[2KChrome 148.0.0.0 (Windows 10): Executed 235 of 236[31m (4 FAILED)[39m (0 secs / 0.733 secs)
[1A[2KChrome 148.0.0.0 (Windows 10): Executed 236 of 236[31m (4 FAILED)[39m (0 secs / 0.735 secs)
[1A[2KChrome 148.0.0.0 (Windows 10): Executed 236 of 236[31m (4 FAILED)[39m (0.834 secs / 0.735 secs)
[31mTOTAL: 4 FAILED, 232 SUCCESS[39m
