
> recreopago@0.0.0 start
> node set-env.js --development && ng serve --host 127.0.0.1 --port 4202

◇ injected env (15) from .env // tip: ⌘ enable debugging { debug: true }
Generando archivos de entorno (DEV) en C:\Users\patri\Desktop\Mate\tpi\recred-frontend\src\environments: environment.ts, environment.development.ts
✅ Archivo environment.ts generado correctamente.
✅ Archivo environment.development.ts generado correctamente.
[33m>[39m Building...
[32m√[39m Building...
[1mInitial chunk files[22m[2m | [22m[1mNames[22m                     [2m | [22m [1mRaw size[22m
[32mmain.js[39m            [2m | [22m[2mmain[22m                      [2m | [22m[36m141.56 kB[39m[2m | [22m
[32mchunk-WRMO3FSP.js[39m  [2m | [22m[2m-[22m                         [2m | [22m [36m11.20 kB[39m[2m | [22m
[32mstyles.css[39m         [2m | [22m[2mstyles[22m                    [2m | [22m  [36m2.69 kB[39m[2m | [22m
[32mchunk-Y5RQAIA6.js[39m  [2m | [22m[2m-[22m                         [2m | [22m  [36m1.50 kB[39m[2m | [22m
[32mchunk-XXTWWX23.js[39m  [2m | [22m[2m-[22m                         [2m | [22m  [36m1.19 kB[39m[2m | [22m
[32mpolyfills.js[39m       [2m | [22m[2mpolyfills[22m                 [2m | [22m [36m95 bytes[39m[2m | [22m

[1m [22m                  [2m | [22m[1mInitial total[22m             [2m | [22m[1m158.23 kB[22m

[1mLazy chunk files[22m   [2m | [22m[1mNames[22m                     [2m | [22m [1mRaw size[22m
[32mchunk-ZQKF7GKV.js[39m  [2m | [22m[2mbuffet-page[22m               [2m | [22m[36m130.48 kB[39m[2m | [22m
[32mchunk-J6XTZJM7.js[39m  [2m | [22m[2mupdated-inventory-routes[22m  [2m | [22m[36m118.57 kB[39m[2m | [22m
[32mchunk-LMJTIK6U.js[39m  [2m | [22m[2mmovimientos-page[22m          [2m | [22m [36m93.21 kB[39m[2m | [22m
[32mchunk-T7CJEZDG.js[39m  [2m | [22m[2mai-product-upload-routes[22m  [2m | [22m [36m77.60 kB[39m[2m | [22m
[32mchunk-FJJNVB5I.js[39m  [2m | [22m[2mhome-alumno-page[22m          [2m | [22m [36m73.51 kB[39m[2m | [22m
[32mchunk-PEYOJGYH.js[39m  [2m | [22m[2mspending-prediction-routes[22m[2m | [22m [36m71.72 kB[39m[2m | [22m
[32mchunk-BDMZ25EU.js[39m  [2m | [22m[2mpresupuesto-page[22m          [2m | [22m [36m65.83 kB[39m[2m | [22m
[32mchunk-KRZ3XEK6.js[39m  [2m | [22m[2mhome-tutor-page[22m           [2m | [22m [36m65.39 kB[39m[2m | [22m
[32mchunk-E77O5T6E.js[39m  [2m | [22m[2mcarrito-page[22m              [2m | [22m [36m64.52 kB[39m[2m | [22m
[32mchunk-KVNKVO4A.js[39m  [2m | [22m[2mseasonal-page-component[22m   [2m | [22m [36m48.57 kB[39m[2m | [22m
[32mchunk-BKVSC7LZ.js[39m  [2m | [22m[2mestadistica-page[22m          [2m | [22m [36m47.13 kB[39m[2m | [22m
[32mchunk-7PJKMMMF.js[39m  [2m | [22m[2mhome-kiosquero-page[22m       [2m | [22m [36m46.40 kB[39m[2m | [22m
[32mchunk-SVL2ZOM3.js[39m  [2m | [22m[2mperfil-usuario-page[22m       [2m | [22m [36m43.98 kB[39m[2m | [22m
[32mchunk-H6H5IAXO.js[39m  [2m | [22m[2msugerencias-page[22m          [2m | [22m [36m40.66 kB[39m[2m | [22m
[32mchunk-7Y66IXQC.js[39m  [2m | [22m[2m-[22m                         [2m | [22m [36m35.00 kB[39m[2m | [22m
[2m...and 19 more lazy chunks files. Use "--verbose" to show all the files.[22m

Application bundle generation complete. [4.156 seconds] - 2026-06-08T12:34:04.331Z

Watch mode enabled. Watching for file changes...
NOTE: Raw file sizes do not reflect development server per-request transformations.
  [32m➜[39m  [1mLocal[22m:   [36mhttp://127.0.0.1:[1m4202[22m/[39m
